[Sat Aug 01 15:33:26 2026] You have entered The Plane of Hate - Solo 4 (Refined).
[Sat Aug 01 16:09:29 2026] Lord of Ire's brain begins to melt.
[Sat Aug 01 16:09:29 2026] You claw Lord of Ire for 17 points of damage.
[Sat Aug 01 16:09:29 2026] You try to claw Lord of Ire, but miss!
[Sat Aug 01 16:09:29 2026] Your faction standing with Inhabitants of Hate could not possibly get any worse.
[Sat Aug 01 16:09:29 2026] You gain experience!
[Sat Aug 01 16:09:29 2026] You receive 6 platinum and 3 gold from the corpse.
[Sat Aug 01 16:09:29 2026] You hit Lord of Ire for 196 points of magic damage by Condemnation of Nife.
[Sat Aug 01 16:09:29 2026] Lord of Ire is tortured by the condemnation of Rodcet Nife.
[Sat Aug 01 16:09:29 2026] You have slain Lord of Ire!
[Sat Aug 01 16:09:29 2026] You looted a Crystallized Sulfur from Lord of Ire's corpse and sold it for 1 gold, 1 silver and 8 copper.
[Sat Aug 01 16:09:30 2026] The roots fall from your feet.
[Sat Aug 01 16:09:32 2026] Innoruuk`s Chosen judges you amiably -- looks like he would wipe the floor with you! (Lvl: 55)
[Mon Aug 03 22:45:48 2026] You have entered The Plane of Hate.
[Mon Aug 03 23:02:43 2026] You healed Primitive over time for 102 hit points by Ethereal Cleansing.
[Mon Aug 03 23:02:43 2026] You slash Lord of Ire for 155 points of damage.
[Mon Aug 03 23:02:44 2026] Lord of Ire has taken 70 damage from your Blood Draw Strike.
[Mon Aug 03 23:02:44 2026] You healed Primitive for 70 hit points by Blood Draw Strike.
[Mon Aug 03 23:02:44 2026] Your faction standing with Inhabitants of Hate could not possibly get any worse.
[Mon Aug 03 23:02:44 2026] You gain experience! (2.080%)
[Mon Aug 03 23:02:44 2026] You receive 6 platinum, 1 gold, 6 silver and 2 copper from the corpse.
[Mon Aug 03 23:02:44 2026] You have slain Lord of Ire!
[Mon Aug 03 23:02:44 2026] Cleric of Innoruuk punches YOU for 125 points of damage.
[Mon Aug 03 23:02:44 2026] Cleric of Innoruuk punches YOU for 70 points of damage.
[Mon Aug 03 23:02:44 2026] You try to frenzy on Cleric of Innoruuk, but miss!
[Mon Aug 03 23:02:44 2026] You hurt yourself for 3 points.
[Mon Aug 03 23:02:44 2026] You frenzy on Cleric of Innoruuk for 57 points of damage.
[Mon Aug 03 23:02:44 2026] You hurt yourself for 3 points.
