[Wed Aug 05 20:26:06 2026] A fire giant wizard tries to pierce Lord Nagafen, but misses!
[Wed Aug 05 20:26:06 2026] A fire giant wizard crushes Lord Nagafen for 107 points of damage.
[Wed Aug 05 20:26:06 2026] A fire giant wizard tries to crush Lord Nagafen, but misses!
[Wed Aug 05 20:26:06 2026] You try to slash Lord Nagafen, but miss!
[Wed Aug 05 20:26:06 2026] You slash Lord Nagafen for 125 points of damage.
[Wed Aug 05 20:26:06 2026] You strike Lord Nagafen for 14 points of damage.
[Wed Aug 05 20:26:07 2026] You try to claw Lord Nagafen, but miss!
[Wed Aug 05 20:26:07 2026] You claw Lord Nagafen for 59 points of damage. (Critical)
[Wed Aug 05 20:26:07 2026] A fire giant wizard pierces Lord Nagafen for 56 points of damage.
[Wed Aug 05 20:26:07 2026] A fire giant wizard crushes Lord Nagafen for 33 points of damage.
[Wed Aug 05 20:26:07 2026] You slash Lord Nagafen for 75 points of damage.
[Wed Aug 05 20:26:07 2026] You try to slash Lord Nagafen, but miss!
[Wed Aug 05 20:26:08 2026] You claw Lord Nagafen for 6 points of damage.
[Wed Aug 05 20:26:08 2026] You hear the barking of Tashania.
[Wed Aug 05 20:26:08 2026] Lord Nagafen tries to crush YOU, but misses!
[Wed Aug 05 20:26:08 2026] Lord Nagafen crushes YOU for 212 points of damage.
[Wed Aug 05 20:26:08 2026] You try to bash Lord Nagafen, but miss!
[Wed Aug 05 20:26:08 2026] You bash Lord Nagafen for 67 points of damage.
[Wed Aug 05 20:26:09 2026] A fire giant wizard pierces Lord Nagafen for 75 points of damage.
[Wed Aug 05 20:26:09 2026] You try to kick Lord Nagafen, but miss!
[Wed Aug 05 20:26:09 2026] You slash Lord Nagafen for 50 points of damage.
[Wed Aug 05 20:26:10 2026] You claw Lord Nagafen for 24 points of damage.
[Wed Aug 05 20:26:10 2026] You claw Lord Nagafen for 68 points of damage.
[Wed Aug 05 20:26:10 2026] A fire giant wizard tries to pierce Lord Nagafen, but misses!
[Wed Aug 05 20:26:10 2026] A fire giant wizard pierces Lord Nagafen for 98 points of damage.
[Wed Aug 05 20:26:10 2026] A fire giant wizard crushes Lord Nagafen for 89 points of damage.
[Wed Aug 05 20:26:10 2026] A fire giant wizard tries to crush Lord Nagafen, but misses!
[Wed Aug 05 20:26:10 2026] You try to strike Lord Nagafen, but miss!
[Wed Aug 05 20:26:10 2026] You strike Lord Nagafen for 124 points of damage.
[Wed Aug 05 20:26:10 2026] You smite Lord Nagafen for 86 points of damage.
[Wed Aug 05 20:26:10 2026] You hit Lord Nagafen for 259 points of magic damage by Smiting Strike.
[Wed Aug 05 20:26:10 2026] Lord Nagafen staggers.
[Wed Aug 05 20:26:10 2026] You try to slash Lord Nagafen, but miss!
[Wed Aug 05 20:26:10 2026] You try to slash Lord Nagafen, but miss!
[Wed Aug 05 20:26:11 2026] You try to claw Lord Nagafen, but miss!
[Wed Aug 05 20:26:11 2026] A fire giant wizard tries to pierce Lord Nagafen, but misses!
[Wed Aug 05 20:26:11 2026] A fire giant wizard pierces Lord Nagafen for 47 points of damage.
[Wed Aug 05 20:26:11 2026] Lord Nagafen tries to crush YOU, but misses!
[Wed Aug 05 20:26:11 2026] Lord Nagafen tries to crush YOU, but YOU block!
[Wed Aug 05 20:26:12 2026] You slash Lord Nagafen for 38 points of damage.
[Wed Aug 05 20:26:12 2026] You try to slash Lord Nagafen, but miss!
[Wed Aug 05 20:26:12 2026] A fire giant wizard tries to pierce Lord Nagafen, but misses!
[Wed Aug 05 20:26:12 2026] A fire giant wizard pierces Lord Nagafen for 52 points of damage.
[Wed Aug 05 20:26:12 2026] A fire giant wizard tries to crush Lord Nagafen, but misses!
[Wed Aug 05 20:26:13 2026] You try to claw Lord Nagafen, but Lord Nagafen blocks!
[Wed Aug 05 20:26:13 2026] You claw Lord Nagafen for 43 points of damage.
[Wed Aug 05 20:26:13 2026] You bash Lord Nagafen for 91 points of damage.
[Wed Aug 05 20:26:13 2026] You slash Lord Nagafen for 113 points of damage.
[Wed Aug 05 20:26:13 2026] You strike Lord Nagafen for 8 points of damage.
[Wed Aug 05 20:26:14 2026] Lord Nagafen cleaves YOU for 101 points of damage.
[Wed Aug 05 20:26:14 2026] Lord Nagafen tries to cleave YOU, but misses!
[Wed Aug 05 20:26:14 2026] You try to kick Lord Nagafen, but miss!
[Wed Aug 05 20:26:14 2026] A fire giant wizard pierces Lord Nagafen for 70 points of damage.
[Wed Aug 05 20:26:14 2026] A fire giant wizard tries to pierce Lord Nagafen, but misses!
[Wed Aug 05 20:26:14 2026] A fire giant wizard crushes Lord Nagafen for 52 points of damage.
[Wed Aug 05 20:26:14 2026] Lord Nagafen crushes YOU for 212 points of damage.
[Wed Aug 05 20:26:14 2026] Lord Nagafen crushes YOU for 146 points of damage.
[Wed Aug 05 20:26:14 2026] You claw Lord Nagafen for 43 points of damage.
[Wed Aug 05 20:26:15 2026] You slash Lord Nagafen for 167 points of damage.
[Wed Aug 05 20:26:15 2026] You try to slash Lord Nagafen, but miss!
[Wed Aug 05 20:26:15 2026] A fire giant wizard tries to pierce Lord Nagafen, but misses!
[Wed Aug 05 20:26:16 2026] You try to claw Lord Nagafen, but Lord Nagafen parries!
[Wed Aug 05 20:26:16 2026] You claw Lord Nagafen for 72 points of damage.
[Wed Aug 05 20:26:16 2026] You try to slash Lord Nagafen, but miss!
[Wed Aug 05 20:26:16 2026] You slash Lord Nagafen for 62 points of damage. (Critical)
[Wed Aug 05 20:26:16 2026] Your faction standing with Nagafen could not possibly get any worse.
[Wed Aug 05 20:26:16 2026] Your faction standing with Solusek Mining Co. has been adjusted by 75.
[Wed Aug 05 20:26:16 2026] Your faction standing with Vox could not possibly get any worse.
[Wed Aug 05 20:26:16 2026] Your task 'Potential of the Void - Lord Nagafen - Weekly' has been updated.
[Wed Aug 05 20:26:16 2026] You have been given: Void-Touched Potential
[Wed Aug 05 20:26:16 2026] You gain experience!
[Wed Aug 05 20:26:16 2026] You receive 23 platinum, 6 gold, 5 silver and 1 copper from the corpse.
[Wed Aug 05 20:26:16 2026] You have slain Lord Nagafen!
[Wed Aug 05 20:26:16 2026] --You have looted a Ruby from Lord Nagafen's corpse.--
[Wed Aug 05 20:26:16 2026] You looted a Red Dragon Scales from Lord Nagafen's corpse and sold it for 17 platinum, 8 gold, 5 silver and 7 copper.
[Wed Aug 05 20:26:16 2026] You looted a Gauntlets of Fiery Might +3 from Lord Nagafen's corpse to create a Gauntlets of Fiery Might +5
[Wed Aug 05 20:26:21 2026] The barking fades.
[Wed Aug 05 20:26:21 2026] The vortex of shadows fades.
[Wed Aug 05 20:26:22 2026] You looted a Selo`s Drums of the March +3 from Lord Nagafen's corpse to create a Selo`s Drums of the March +4
[Wed Aug 05 20:26:23 2026] --You have looted a Prayers of Life from Lord Nagafen's corpse.--
[Wed Aug 05 20:26:26 2026] You looted a Gold Plated Koshigatana +3 from Lord Nagafen's corpse to create a Gold Plated Koshigatana +4
[Wed Aug 05 20:27:04 2026] Your divine strength fades.
[Wed Aug 05 20:27:07 2026] You have successfully merged two items together to create a new item: Thelvorn, Blade of Light +8
[Wed Aug 05 20:27:15 2026] Primitive has been removed from Nagafen's Lair - Solo.
[Wed Aug 05 20:27:17 2026] LOADING, PLEASE WAIT...
[Wed Aug 05 20:27:25 2026] You have entered Nagafen's Lair.
[Wed Aug 05 20:27:25 2026] A greater kobold shaman tries to hit Chakito, but misses!
[Wed Aug 05 20:27:25 2026] A greater kobold shaman tries to hit Chakito, but misses!
[Wed Aug 05 20:27:26 2026] A lava duct crawler bites Chakito for 18 points of damage.
[Wed Aug 05 20:27:26 2026] A lava duct crawler tries to bite Chakito, but Chakito dodges!
[Wed Aug 05 20:27:26 2026] Gobab slashes a lava duct crawler for 118 points of damage.
[Wed Aug 05 20:27:26 2026] Gobab slashes a lava duct crawler for 118 points of damage.
[Wed Aug 05 20:27:27 2026] A lava duct crawler tries to cleave Chakito, but Chakito dodges!
[Wed Aug 05 20:27:27 2026] A lava duct crawler cleaves Chakito for 18 points of damage.
[Wed Aug 05 20:27:27 2026] Chakito begins casting Togor's Insects V.
[Wed Aug 05 20:27:27 2026] A greater kobold tries to hit Chakito, but Chakito ripostes!
[Wed Aug 05 20:27:27 2026] A greater kobold hits Chakito for 50 points of damage.
[Wed Aug 05 20:27:27 2026] Chakito's Togor's Insects spell is interrupted.
[Wed Aug 05 20:27:27 2026] A greater kobold bashes Chakito for 7 points of damage.
[Wed Aug 05 20:27:27 2026] Prestochangeo tries to cast a spell on you, but you are protected.
[Wed Aug 05 20:27:27 2026] Prestochangeo tries to cast a spell on you, but you are protected.
[Wed Aug 05 20:27:27 2026] A greater kobold cleaves Chakito for 54 points of damage.
[Wed Aug 05 20:27:28 2026] Gobab slashes a lava duct crawler for 118 points of damage.
[Wed Aug 05 20:27:28 2026] Gobab slashes a lava duct crawler for 118 points of damage.
[Wed Aug 05 20:27:28 2026] A greater kobold tries to kick Chakito, but misses!
[Wed Aug 05 20:27:28 2026] Chakito begins casting Togor's Insects V.
[Wed Aug 05 20:27:28 2026] A greater kobold shaman hits Chakito for 9 points of damage.
[Wed Aug 05 20:27:28 2026] A greater kobold shaman tries to hit Chakito, but Chakito parries!
[Wed Aug 05 20:27:28 2026] Fishtank begins casting Toxxulia Gate.
[Wed Aug 05 20:27:29 2026] Chakito's Togor's Insects spell is interrupted.
[Wed Aug 05 20:27:29 2026] Chakito slashes a greater kobold for 174 points of damage.
[Wed Aug 05 20:27:29 2026] Chakito slashes a greater kobold for 118 points of damage.
[Wed Aug 05 20:27:29 2026] A lava duct crawler tries to bite Gobab, but misses!
[Wed Aug 05 20:27:29 2026] Chakito bashes a greater kobold for 124 points of damage.
[Wed Aug 05 20:27:29 2026] Chakito tries to bash a greater kobold, but misses!
[Wed Aug 05 20:27:29 2026] Gobab tries to slash a lava duct crawler, but a lava duct crawler parries!
[Wed Aug 05 20:27:29 2026] Gobab tries to slash a lava duct crawler, but misses!
[Wed Aug 05 20:27:29 2026] Chakito slashes a greater kobold for 58 points of damage.
[Wed Aug 05 20:27:29 2026] A greater kobold tries to hit Chakito, but misses! (Riposte)
[Wed Aug 05 20:27:30 2026] Chakito has taken 32 damage from Boiling Blood by a lava duct crawler.
[Wed Aug 05 20:27:30 2026] A greater kobold hits Chakito for 10 points of damage.
[Wed Aug 05 20:27:30 2026] A greater kobold tries to hit Chakito, but misses!
[Wed Aug 05 20:27:30 2026] A greater kobold shaman hits Chakito for 23 points of damage.
[Wed Aug 05 20:27:30 2026] A greater kobold shaman hits Chakito for 9 points of damage.
[Wed Aug 05 20:27:31 2026] Gobab slashes a lava duct crawler for 118 points of damage.
[Wed Aug 05 20:27:31 2026] Gobab begins casting Water Elemental Attack.
[Wed Aug 05 20:27:31 2026] Gobab hit a lava duct crawler for 50 points of cold damage by Water Elemental Attack.
[Wed Aug 05 20:27:31 2026] A lava duct crawler is slashed by shards of ice.
[Wed Aug 05 20:27:32 2026] Chakito slashes a lava duct crawler for 114 points of damage.
[Wed Aug 05 20:27:32 2026] Chakito slashes a lava duct crawler for 212 points of damage.
[Wed Aug 05 20:27:32 2026] Gobab cleaves a lava duct crawler for 118 points of damage.
[Wed Aug 05 20:27:32 2026] Gobab cleaves a lava duct crawler for 118 points of damage.
[Wed Aug 05 20:27:32 2026] A lava duct crawler tries to bite Chakito, but misses!
[Wed Aug 05 20:27:32 2026] Gobab slashes a lava duct crawler for 97 points of damage.
[Wed Aug 05 20:27:32 2026] Gobab slashes a lava duct crawler for 146 points of damage. (Critical)
[Wed Aug 05 20:27:33 2026] A greater kobold tries to hit Chakito, but Chakito dodges!
[Wed Aug 05 20:27:33 2026] A greater kobold shaman hits Chakito for 60 points of damage.
[Wed Aug 05 20:27:33 2026] Prestochangeo tries to cast a spell on you, but you are protected.
[Wed Aug 05 20:27:33 2026] Prestochangeo tries to cast a spell on you, but you are protected.
[Wed Aug 05 20:27:33 2026] Chakito slashes a lava duct crawler for 140 points of damage.
[Wed Aug 05 20:27:33 2026] Chakito slashes a lava duct crawler for 118 points of damage.
[Wed Aug 05 20:27:34 2026] Chakito bashes a lava duct crawler for 234 points of damage. (Critical)
[Wed Aug 05 20:27:34 2026] Chakito bashes a lava duct crawler for 52 points of damage.
[Wed Aug 05 20:27:34 2026] Gobab tries to slash a lava duct crawler, but misses!
[Wed Aug 05 20:27:35 2026] A greater kobold tries to hit Chakito, but misses!
[Wed Aug 05 20:27:35 2026] A greater kobold tries to bash Chakito, but misses!
[Wed Aug 05 20:27:35 2026] A greater kobold bashes Chakito for 7 points of damage.
[Wed Aug 05 20:27:35 2026] Chakito slashes a lava duct crawler for 118 points of damage.
[Wed Aug 05 20:27:35 2026] Chakito tries to slash a lava duct crawler, but misses!
[Wed Aug 05 20:27:35 2026] A greater kobold shaman hits Chakito for 9 points of damage.
[Wed Aug 05 20:27:36 2026] Gobab tries to slash a lava duct crawler, but misses!
[Wed Aug 05 20:27:36 2026] A greater kobold tries to kick Chakito, but misses!
[Wed Aug 05 20:27:36 2026] Chakito has taken 32 damage from Boiling Blood by a lava duct crawler.
[Wed Aug 05 20:27:37 2026] A greater kobold shaman begins casting Healing.
[Wed Aug 05 20:27:37 2026] Chakito slashes a lava duct crawler for 56 points of damage.
[Wed Aug 05 20:27:37 2026] Chakito slashes a lava duct crawler for 111 points of damage. (Critical)
[Wed Aug 05 20:27:37 2026] A lava duct crawler tries to bite Gobab, but misses!
[Wed Aug 05 20:27:37 2026] A lava duct crawler is burned by Gobab's flames for 25 points of non-melee damage.
[Wed Aug 05 20:27:37 2026] A lava duct crawler bashes Gobab for 14 points of damage.
[Wed Aug 05 20:27:37 2026] A lava duct crawler is burned by Gobab's flames for 25 points of non-melee damage.
[Wed Aug 05 20:27:37 2026] A lava duct crawler bashes Gobab for 14 points of damage.
[Wed Aug 05 20:27:37 2026] Gobab slashes a lava duct crawler for 118 points of damage.
[Wed Aug 05 20:27:37 2026] Gobab slashes a lava duct crawler for 113 points of damage.
[Wed Aug 05 20:27:38 2026] Gobab begins casting Water Elemental Attack.
[Wed Aug 05 20:27:38 2026] Gobab hit a lava duct crawler for 50 points of cold damage by Water Elemental Attack.
[Wed Aug 05 20:27:38 2026] A lava duct crawler is slashed by shards of ice.
[Wed Aug 05 20:27:38 2026] A greater kobold tries to hit Chakito, but misses!
[Wed Aug 05 20:27:38 2026] A greater kobold tries to hit Chakito, but misses!
[Wed Aug 05 20:27:38 2026] A lava duct crawler bites Chakito for 48 points of damage.
[Wed Aug 05 20:27:38 2026] A lava duct crawler tries to bite Chakito, but misses!
[Wed Aug 05 20:27:39 2026] Chakito begins casting Lava Bolt V.
[Wed Aug 05 20:27:39 2026] Gobab cleaves a lava duct crawler for 102 points of damage.
[Wed Aug 05 20:27:39 2026] Gobab cleaves a lava duct crawler for 118 points of damage.
[Wed Aug 05 20:27:39 2026] Gobab cleaves a lava duct crawler for 118 points of damage.
[Wed Aug 05 20:27:39 2026] Gobab tries to slash a lava duct crawler, but misses!
[Wed Aug 05 20:27:39 2026] A lava duct crawler tries to bite Gobab, but misses! (Riposte)
[Wed Aug 05 20:27:39 2026] Prestochangeo tries to cast a spell on you, but you are protected.
[Wed Aug 05 20:27:39 2026] Prestochangeo tries to cast a spell on you, but you are protected.
[Wed Aug 05 20:27:40 2026] a lava duct crawler feels much better.
[Wed Aug 05 20:27:40 2026] a greater kobold shaman healed a lava duct crawler for 175 hit points by Healing.
[Wed Aug 05 20:27:40 2026] A greater kobold shaman tries to hit Chakito, but Chakito ripostes!
[Wed Aug 05 20:27:40 2026] Chakito slashes a lava duct crawler for 118 points of damage.
[Wed Aug 05 20:27:40 2026] A greater kobold tries to cleave Chakito, but misses!
[Wed Aug 05 20:27:40 2026] A greater kobold tries to cleave Chakito, but misses!
[Wed Aug 05 20:27:40 2026] A greater kobold hits Chakito for 10 points of damage.
[Wed Aug 05 20:27:40 2026] A greater kobold tries to hit Chakito, but misses!
[Wed Aug 05 20:27:40 2026] Chakito bashes a lava duct crawler for 92 points of damage.
[Wed Aug 05 20:27:40 2026] Chakito bashes a lava duct crawler for 18 points of damage.
[Wed Aug 05 20:27:40 2026] Chakito hit a lava duct crawler for 1664 points of fire damage by Lava Bolt. (Critical)
[Wed Aug 05 20:27:40 2026] A lava duct crawler is bathed in fire.
[Wed Aug 05 20:27:40 2026] A lava duct crawler has been slain by Chakito!
[Wed Aug 05 20:27:41 2026] A greater kobold shaman hits Chakito for 9 points of damage.
[Wed Aug 05 20:27:41 2026] Chakito slashes a greater kobold shaman for 212 points of damage.
[Wed Aug 05 20:27:41 2026] Chakito tries to slash a greater kobold shaman, but misses!
[Wed Aug 05 20:27:42 2026] Chakito has taken 32 damage from Boiling Blood by a lava duct crawler.
[Wed Aug 05 20:27:43 2026] Player Primitive creating instance Nagafen's Lair 2508.
[Wed Aug 05 20:27:43 2026] Gobab has captured a greater kobold's attention with an unparalleled approach!
[Wed Aug 05 20:27:43 2026] Gobab slashes a greater kobold for 118 points of damage.
[Wed Aug 05 20:27:43 2026] A lava duct crawler tries to bash Chakito, but misses!
[Wed Aug 05 20:27:43 2026] A lava duct crawler tries to bash Chakito, but misses!
[Wed Aug 05 20:27:43 2026] Nagafen's Lair - Solo is now available to you.
[Wed Aug 05 20:27:51 2026] LOADING, PLEASE WAIT...
[Wed Aug 05 20:28:23 2026] You have entered Nagafen's Lair - Solo 4 (Refined).
[Wed Aug 05 20:28:32 2026] Voidling pet begins casting Inner Fire.
[Wed Aug 05 20:28:36 2026] voidling pet's body pulses with energy.
[Wed Aug 05 20:28:36 2026] voidling pet healed itself for 20 hit points by Inner Fire.
[Wed Aug 05 20:30:26 2026] Your Djarn's Amethyst Ring (Exaltation) shimmers briefly.
[Wed Aug 05 20:30:26 2026] You begin casting Pacify.
[Wed Aug 05 20:30:28 2026] a fire giant warrior looks less aggressive.
[Wed Aug 05 20:30:34 2026] You no longer have a target.
[Wed Aug 05 20:30:39 2026] Your Djarn's Amethyst Ring (Exaltation) shimmers briefly.
[Wed Aug 05 20:30:39 2026] You begin casting Pacify.
[Wed Aug 05 20:30:42 2026] a fire giant warrior looks less aggressive.
[Wed Aug 05 20:30:56 2026] Your Djarn's Amethyst Ring (Exaltation) shimmers briefly.
[Wed Aug 05 20:30:56 2026] You begin casting Pacify.
[Wed Aug 05 20:30:58 2026] a fire giant warrior looks less aggressive.
[Wed Aug 05 20:31:05 2026] Your Djarn's Amethyst Ring (Exaltation) shimmers briefly.
[Wed Aug 05 20:31:05 2026] You begin casting Pacify.
[Wed Aug 05 20:31:07 2026] a fire giant warrior looks less aggressive.
[Wed Aug 05 20:31:15 2026] Your Pacify spell has worn off of a fire giant warrior.
[Wed Aug 05 20:31:16 2026] Your Djarn's Amethyst Ring (Exaltation) shimmers briefly.
[Wed Aug 05 20:31:16 2026] You begin casting Pacify.
[Wed Aug 05 20:31:19 2026] a fire giant wizard looks less aggressive.
[Wed Aug 05 20:31:21 2026] You begin to change your invocation.
[Wed Aug 05 20:31:22 2026] You begin reciting the overchannel invocation.
[Wed Aug 05 20:31:25 2026] Your Djarn's Amethyst Ring (Exaltation) shimmers briefly.
[Wed Aug 05 20:31:25 2026] You begin casting Pacify.
[Wed Aug 05 20:31:27 2026] Your Pacify spell has worn off of a fire giant warrior.
[Wed Aug 05 20:31:28 2026] King Tranix resisted your Pacify!
[Wed Aug 05 20:31:29 2026] King Tranix hits YOU for 135 points of damage.
[Wed Aug 05 20:31:33 2026] King Tranix hits YOU for 174 points of damage.
[Wed Aug 05 20:31:34 2026] A fire giant warrior begins casting Plague.
[Wed Aug 05 20:31:35 2026] King Tranix tries to hit YOU, but misses!
[Wed Aug 05 20:31:37 2026] You resist a fire giant warrior's Plague!
[Wed Aug 05 20:31:39 2026] Your Pacify spell has worn off of a fire giant warrior.
[Wed Aug 05 20:31:44 2026] A fire giant warrior begins casting Shock of Swords.
[Wed Aug 05 20:31:49 2026] A fire giant warrior pet begins casting Skin like Rock.
[Wed Aug 05 20:31:49 2026] King Tranix begins casting Skin like Nature.
[Wed Aug 05 20:31:49 2026] A fire giant warrior begins casting Quickness.
[Wed Aug 05 20:31:49 2026] You are no longer feigning death, because a spell hit you.
[Wed Aug 05 20:31:49 2026] You resist a fire giant warrior's Shock of Swords!
[Wed Aug 05 20:31:51 2026] Your Pacify spell has worn off of a fire giant warrior.
[Wed Aug 05 20:31:52 2026] A fire giant wizard tries to hit YOU, but misses!
[Wed Aug 05 20:31:52 2026] A fire giant wizard hits YOU for 164 points of damage.
[Wed Aug 05 20:31:52 2026] A fire giant wizard tries to strike YOU, but misses!
[Wed Aug 05 20:31:52 2026] a fire giant warrior pet feels much faster.
[Wed Aug 05 20:31:53 2026] a fire giant warrior pet's skin shimmers with divine power.
[Wed Aug 05 20:31:53 2026] King Tranix healed a fire giant warrior pet for 187 (250) hit points by Skin like Nature.
[Wed Aug 05 20:31:54 2026] A fire giant warrior begins casting Shock of Swords.
[Wed Aug 05 20:31:54 2026] a fire giant warrior's skin turns hard as stone.
[Wed Aug 05 20:31:54 2026] a fire giant warrior pet healed a fire giant warrior for 43 (63) hit points by Skin like Rock.
[Wed Aug 05 20:31:54 2026] A fire giant wizard tries to hit YOU, but misses!
[Wed Aug 05 20:31:56 2026] You have become better at Feign Death! (116)
[Wed Aug 05 20:31:59 2026] You are no longer feigning death, because a spell hit you.
[Wed Aug 05 20:31:59 2026] a fire giant warrior hit you for 700 points of magic damage by Shock of Swords.
[Wed Aug 05 20:31:59 2026] You have been lacerated.
[Wed Aug 05 20:31:59 2026] A fire giant warrior tries to hit YOU, but misses!
[Wed Aug 05 20:31:59 2026] A fire giant warrior tries to hit YOU, but misses!
[Wed Aug 05 20:31:59 2026] A fire giant warrior tries to cleave YOU, but YOU parry!
[Wed Aug 05 20:31:59 2026] A fire giant warrior bashes YOU for 28 points of damage.
[Wed Aug 05 20:31:59 2026] A fire giant warrior tries to bash YOU, but misses!
[Wed Aug 05 20:31:59 2026] A fire giant wizard hits YOU for 100 points of damage.
[Wed Aug 05 20:31:59 2026] A fire giant wizard tries to hit YOU, but misses!
[Wed Aug 05 20:31:59 2026] A fire giant wizard strikes YOU for 66 points of damage.
[Wed Aug 05 20:31:59 2026] A fire giant warrior pet begins casting Spirit of Wolf.
[Wed Aug 05 20:31:59 2026] A fire giant wizard begins casting Immobilize.
[Wed Aug 05 20:31:59 2026] A fire giant warrior tries to hit YOU, but misses!
[Wed Aug 05 20:31:59 2026] A fire giant warrior tries to hit YOU, but YOU parry!
[Wed Aug 05 20:31:59 2026] A fire giant warrior tries to cleave YOU, but misses!
[Wed Aug 05 20:31:59 2026] A fire giant warrior tries to bash YOU, but misses!
[Wed Aug 05 20:31:59 2026] A fire giant warrior tries to bash YOU, but misses!
[Wed Aug 05 20:31:59 2026] A fire giant warrior kicks YOU for 60 points of damage.
[Wed Aug 05 20:32:00 2026] King Tranix hits YOU for 79 points of damage.
[Wed Aug 05 20:32:00 2026] King Tranix hits YOU for 142 points of damage.
[Wed Aug 05 20:32:00 2026] A fire giant warrior kicks YOU for 55 points of damage.
[Wed Aug 05 20:32:00 2026] A fire giant warrior kicks YOU for 62 points of damage.
[Wed Aug 05 20:32:00 2026] King Tranix begins casting Harm Touch.
[Wed Aug 05 20:32:00 2026] King Tranix hit you for 914 points of magic damage by Harm Touch.
[Wed Aug 05 20:32:00 2026] You writhe in the grip of agony.
[Wed Aug 05 20:32:01 2026] You resist a fire giant wizard's Immobilize!
[Wed Aug 05 20:32:01 2026] A fire giant wizard tries to hit YOU, but misses!
[Wed Aug 05 20:32:01 2026] A fire giant wizard hits YOU for 37 points of damage.
[Wed Aug 05 20:32:01 2026] A fire giant warrior tries to hit YOU, but YOU block!
[Wed Aug 05 20:32:01 2026] King Tranix hits YOU for 116 points of damage.
[Wed Aug 05 20:32:01 2026] A fire giant warrior tries to hit YOU, but misses!
[Wed Aug 05 20:32:02 2026] You mend your wounds and heal some damage.
[Wed Aug 05 20:32:02 2026] A fire giant wizard tries to hit YOU, but YOU block!
[Wed Aug 05 20:32:02 2026] A fire giant wizard tries to hit YOU, but misses!
[Wed Aug 05 20:32:02 2026] A fire giant warrior begins casting Shock of Swords.
[Wed Aug 05 20:32:03 2026] King Tranix tries to hit YOU, but misses!
[Wed Aug 05 20:32:03 2026] A fire giant wizard begins casting Elnerick's Entombment of Ice.
[Wed Aug 05 20:32:03 2026] A fire giant warrior tries to hit YOU, but misses!
[Wed Aug 05 20:32:03 2026] A fire giant warrior tries to hit YOU, but misses!
[Wed Aug 05 20:32:04 2026] a fire giant warrior is surrounded by a brief lupine aura.
[Wed Aug 05 20:32:04 2026] King Tranix hits YOU for 123 points of damage.
[Wed Aug 05 20:32:05 2026] Your Pacify spell has worn off of a fire giant wizard.
[Wed Aug 05 20:32:05 2026] A fire giant warrior bashes YOU for 28 points of damage.
[Wed Aug 05 20:32:05 2026] You begin to change your stance.
[Wed Aug 05 20:32:05 2026] You assume an evasive stance.
[Wed Aug 05 20:32:05 2026] A fire giant warrior tries to kick YOU, but misses!
[Wed Aug 05 20:32:05 2026] A fire giant warrior tries to kick YOU, but misses!
[Wed Aug 05 20:32:05 2026] A fire giant warrior tries to hit YOU, but misses!
[Wed Aug 05 20:32:05 2026] A fire giant warrior tries to hit YOU, but YOU dodge!
[Wed Aug 05 20:32:06 2026] King Tranix tries to hit YOU, but YOU dodge!
[Wed Aug 05 20:32:06 2026] King Tranix begins casting Engulfing Roots.
[Wed Aug 05 20:32:06 2026] A fire giant warrior begins casting Malosi.
[Wed Aug 05 20:32:07 2026] a fire giant warrior hit you for 700 points of magic damage by Shock of Swords.
[Wed Aug 05 20:32:07 2026] You have been lacerated.
[Wed Aug 05 20:32:07 2026] A fire giant warrior begins casting Shock of Swords.
[Wed Aug 05 20:32:08 2026] You resist King Tranix's Engulfing Roots!
[Wed Aug 05 20:32:08 2026] King Tranix tries to hit YOU, but YOU dodge!
[Wed Aug 05 20:32:08 2026] King Tranix tries to hit YOU, but misses!
[Wed Aug 05 20:32:08 2026] a fire giant wizard hit you for 366 points of cold damage by Elnerick's Entombment of Ice.
[Wed Aug 05 20:32:08 2026] You are entombed in elemental ice.
[Wed Aug 05 20:32:08 2026] A fire giant wizard begins casting Immobilize.
[Wed Aug 05 20:32:09 2026] A fire giant warrior pet begins casting Spirit of Wolf.
[Wed Aug 05 20:32:09 2026] King Tranix tries to hit YOU, but misses!
[Wed Aug 05 20:32:09 2026] King Tranix tries to hit YOU, but misses!
[Wed Aug 05 20:32:10 2026] Your feet adhere to the ground.
[Wed Aug 05 20:32:10 2026] A fire giant wizard tries to hit YOU, but YOU dodge!
[Wed Aug 05 20:32:10 2026] A fire giant wizard tries to hit YOU, but YOU dodge!
[Wed Aug 05 20:32:10 2026] A fire giant wizard tries to strike YOU, but YOU dodge!
[Wed Aug 05 20:32:10 2026] A fire giant wizard tries to strike YOU, but YOU riposte!
[Wed Aug 05 20:32:10 2026] You cannot see your target.
[Wed Aug 05 20:32:10 2026] King Tranix begins casting Ensnare.
[Wed Aug 05 20:32:11 2026] You are ensnared.
[Wed Aug 05 20:32:11 2026] King Tranix tries to hit YOU, but YOU dodge!
[Wed Aug 05 20:32:11 2026] King Tranix tries to hit YOU, but YOU dodge!
[Wed Aug 05 20:32:11 2026] You feel very vulnerable.
[Wed Aug 05 20:32:11 2026] A fire giant warrior tries to hit YOU, but YOU dodge!
[Wed Aug 05 20:32:11 2026] A fire giant warrior tries to hit YOU, but YOU dodge!
[Wed Aug 05 20:32:11 2026] A fire giant warrior tries to cleave YOU, but misses!
[Wed Aug 05 20:32:11 2026] A fire giant warrior tries to kick YOU, but YOU block!
[Wed Aug 05 20:32:11 2026] A fire giant warrior tries to bash YOU, but YOU dodge!
[Wed Aug 05 20:32:11 2026] A fire giant warrior tries to bash YOU, but misses!
[Wed Aug 05 20:32:12 2026] A fire giant wizard begins casting Tishan's Clash.
[Wed Aug 05 20:32:12 2026] a fire giant warrior hit you for 700 points of magic damage by Shock of Swords.
[Wed Aug 05 20:32:12 2026] You have been lacerated.
[Wed Aug 05 20:32:12 2026] A fire giant warrior tries to hit YOU, but misses!
