[Fri Jul 31 23:48:53 2026] [50 PAL/MNK/ENC] Primitive (Dark Elf)  ZONE: East Freeport (freporte)  
[Tue Aug 04 00:23:00 2026] You gain experience! (1.880%)
[Tue Aug 04 00:23:00 2026] You have slain Mistress of Scorn!
[Tue Aug 04 00:25:26 2026] You have gained the ability "Burst of Power" at a cost of 3 ability points.
[Tue Aug 04 00:25:26 2026] You have improved Burst of Power 2 at a cost of 6 ability points.
[Tue Aug 04 00:25:52 2026] You gain experience! (1.880%)
[Tue Aug 04 00:25:52 2026] You have slain Master of Spite!
[Tue Aug 04 00:28:07 2026] You gain experience! (1.880%)
[Tue Aug 04 00:28:07 2026] You have slain Grandmaster R`tal!
[Tue Aug 04 00:28:27 2026] You gain experience! (0.315%)
[Tue Aug 04 00:28:27 2026] You have slain an evil little imp!
[Tue Aug 04 15:44:14 2026] You have entered The Plane of Hate.
[Tue Aug 04 15:44:43 2026] An abhorrent has been slain by Raretricky!
[Tue Aug 04 15:45:21 2026] A kiraikuei has been slain by Raretricky!
[Tue Aug 04 15:46:13 2026] A kiraikuei has been slain by Raretricky!
[Tue Aug 04 15:46:44 2026] An abhorrent has been slain by Raretricky!
[Tue Aug 04 15:47:25 2026] You gain experience! (1.748%)
[Tue Aug 04 15:47:25 2026] You have slain a Champion of Innoruuk!
[Tue Aug 04 15:47:38 2026] A haunted chest has been slain by Raretricky!
[Tue Aug 04 15:48:13 2026] A kiraikuei has been slain by Spamdapickler!
[Tue Aug 04 15:48:35 2026] You gain experience! (1.880%)
[Tue Aug 04 15:48:35 2026] You have slain a Disciple of Innoruuk!
[Tue Aug 04 15:49:03 2026] An abhorrent has been slain by Sikahn!
[Tue Aug 04 15:49:18 2026] An ashenbone drake has been slain by Raamil!
[Tue Aug 04 15:49:30 2026] You have gained 2 ability point(s)!  You now have 2 ability point(s).
[Tue Aug 04 15:49:30 2026] You gain experience! (1.748%)
[Tue Aug 04 15:49:30 2026] You have slain a Disciple of Innoruuk!
[Tue Aug 04 15:49:34 2026] An abhorrent has been slain by Raretricky!
[Tue Aug 04 15:50:53 2026] An ashenbone drake has been slain by Raamil!
[Tue Aug 04 15:50:53 2026] A spite golem has been slain by Crzed!
[Tue Aug 04 15:51:10 2026] You gain experience! (1.684%)
[Tue Aug 04 15:51:10 2026] You have slain a Knight of Innoruuk!
[Tue Aug 04 15:52:45 2026] You gain experience! (1.813%)
[Tue Aug 04 15:52:45 2026] You have slain an Agent of Innoruuk!
[Tue Aug 04 15:52:46 2026] An ire ghast has been slain by Raretricky!
[Tue Aug 04 15:53:33 2026] Cleric of Innoruuk has been slain by Raretricky!
[Tue Aug 04 15:54:33 2026] A spite golem has been slain by Raretricky!
[Tue Aug 04 15:54:57 2026] Raretricky has been slain by Cleric of Innoruuk!
[Tue Aug 04 15:55:52 2026] You have gained a level! Welcome to level 48!
[Tue Aug 04 15:55:52 2026] You gain experience! (1.738%)
[Tue Aug 04 15:55:52 2026] You have slain a Sage of Innoruuk!
[Tue Aug 04 15:57:50 2026] A revultant rat has been slain by Rexx!
[Tue Aug 04 15:58:53 2026] An abhorrent has been slain by Rexx!
[Tue Aug 04 15:59:31 2026] You gain experience! (1.497%)
[Tue Aug 04 15:59:31 2026] You have slain an Agent of Innoruuk!
[Tue Aug 04 16:00:17 2026] You gain experience! (1.655%)
[Tue Aug 04 16:00:17 2026] You have slain an elite dragoon!
[Tue Aug 04 16:01:23 2026] Rexx has been slain by Cleric of Innoruuk!
[Tue Aug 04 16:02:43 2026] You gain experience! (1.405%)
[Tue Aug 04 16:02:43 2026] You have slain a Knight of Innoruuk!
[Tue Aug 04 16:05:15 2026] Lord of Loathing has been slain by Spamdapickler!
[Tue Aug 04 16:06:30 2026] A forsaken revenant has been slain by Spamdapickler!
[Tue Aug 04 16:06:49 2026] You gain experience! (1.655%)
[Tue Aug 04 16:06:49 2026] You have slain an elite dragoon!
[Tue Aug 04 16:07:31 2026] A loathling lich has been slain by Spamdapickler!
[Tue Aug 04 16:08:22 2026] An abhorrent has been slain by Spamdapickler!
[Tue Aug 04 16:10:57 2026] A scorn banshee has been slain by Elcaro!
[Tue Aug 04 16:12:19 2026] A scorn banshee has been slain by Elcaro!
[Tue Aug 04 16:13:16 2026] A kiraikuei has been slain by Elcaro!
[Tue Aug 04 16:14:47 2026] You gain experience! (1.655%)
[Tue Aug 04 16:14:47 2026] You have slain a Knight of Innoruuk!
[Tue Aug 04 16:16:12 2026] A haunted chest has been slain by Elcaro!
[Tue Aug 04 16:25:11 2026] You gain experience! (1.497%)
[Tue Aug 04 16:25:11 2026] You have slain an Agent of Innoruuk!
[Tue Aug 04 16:29:42 2026] You gain experience! (1.497%)
[Tue Aug 04 16:29:42 2026] You have slain an Agent of Innoruuk!
[Tue Aug 04 16:37:21 2026] Vonartik has been slain by a Champion of Innoruuk!
[Tue Aug 04 16:39:22 2026] An Agent of Innoruuk has been slain by Grymloq!
[Tue Aug 04 16:40:04 2026] A Disciple of Innoruuk has been slain by Grymloq!
[Tue Aug 04 16:40:53 2026] You gain experience! (1.595%)
[Tue Aug 04 16:40:53 2026] You have slain a Disciple of Innoruuk!
[Tue Aug 04 16:41:43 2026] You gain experience! (1.595%)
[Tue Aug 04 16:41:43 2026] You have slain an Agent of Innoruuk!
[Tue Aug 04 16:42:17 2026] You gain experience! (1.497%)
[Tue Aug 04 16:42:17 2026] You have slain an Agent of Innoruuk!
[Tue Aug 04 16:44:24 2026] You gain experience! (1.316%)
[Tue Aug 04 16:44:24 2026] You have slain a Knight of Innoruuk!
[Tue Aug 04 16:45:10 2026] You gain experience! (1.595%)
[Tue Aug 04 16:45:10 2026] You have slain a Disciple of Innoruuk!
[Tue Aug 04 16:48:12 2026] You gain experience! (1.655%)
[Tue Aug 04 16:48:12 2026] You have slain a Sage of Innoruuk!
[Tue Aug 04 16:48:59 2026] You gain experience! (1.715%)
[Tue Aug 04 16:48:59 2026] You have slain a Sage of Innoruuk!
[Tue Aug 04 16:50:13 2026] A scorn banshee has been slain by Slippie!
[Tue Aug 04 16:50:24 2026] A forsaken revenant has been slain by Slippie!
[Tue Aug 04 16:51:01 2026] Xarn has been slain by a spite golem!
[Tue Aug 04 17:01:39 2026] You gain experience! (1.595%)
[Tue Aug 04 17:01:39 2026] You have slain a Disciple of Innoruuk!
[Tue Aug 04 17:03:09 2026] You gain experience! (1.655%)
[Tue Aug 04 17:03:09 2026] You have slain a Champion of Innoruuk!
[Tue Aug 04 17:05:08 2026] You gain experience! (1.595%)
[Tue Aug 04 17:05:08 2026] You have slain a Champion of Innoruuk!
[Tue Aug 04 17:09:57 2026] You gain experience! (1.655%)
[Tue Aug 04 17:09:57 2026] You have slain a Knight of Innoruuk!
[Tue Aug 04 17:10:55 2026] You gain experience! (1.595%)
[Tue Aug 04 17:10:55 2026] You have slain a Sage of Innoruuk!
[Tue Aug 04 17:20:40 2026] You gain experience! (1.405%)
[Tue Aug 04 17:20:40 2026] You have slain a Knight of Innoruuk!
[Tue Aug 04 17:24:11 2026] You gain experience! (1.497%)
[Tue Aug 04 17:24:11 2026] You have slain an Agent of Innoruuk!
[Tue Aug 04 17:27:39 2026] You gain experience! (1.595%)
[Tue Aug 04 17:27:39 2026] You have slain an elite dragoon!
[Tue Aug 04 17:28:45 2026] You have gained 2 ability point(s)!  You now have 4 ability point(s).
[Tue Aug 04 17:28:45 2026] You gain experience! (1.595%)
[Tue Aug 04 17:28:45 2026] You have slain a Champion of Innoruuk!
[Tue Aug 04 17:48:55 2026] You gain experience! (1.655%)
[Tue Aug 04 17:48:55 2026] You have slain a Champion of Innoruuk!
[Tue Aug 04 17:56:18 2026] You gain experience! (1.655%)
[Tue Aug 04 17:56:18 2026] You have slain a Disciple of Innoruuk!
[Tue Aug 04 17:57:12 2026] You gain experience! (1.316%)
[Tue Aug 04 17:57:12 2026] You have slain a Knight of Innoruuk!
[Tue Aug 04 17:58:25 2026] You gain experience! (1.497%)
[Tue Aug 04 17:58:25 2026] You have slain an Agent of Innoruuk!
[Tue Aug 04 17:59:20 2026] You have entered The Plane of Hate.
[Tue Aug 04 18:00:10 2026] You gain experience! (1.151%)
[Tue Aug 04 18:00:10 2026] You have slain an abhorrent!
[Tue Aug 04 18:00:30 2026] You gain experience! (1.151%)
[Tue Aug 04 18:00:30 2026] You have slain a revultant rat!
[Tue Aug 04 18:00:50 2026] You gain experience! (1.151%)
[Tue Aug 04 18:00:50 2026] You have slain a revultant rat!
[Tue Aug 04 18:01:29 2026] You gain experience! (1.316%)
[Tue Aug 04 18:01:29 2026] You have slain a loathling lich!
[Tue Aug 04 18:01:48 2026] You gain experience! (1.151%)
[Tue Aug 04 18:01:48 2026] You have slain a revultant rat!
[Tue Aug 04 18:02:06 2026] You gain experience! (1.232%)
[Tue Aug 04 18:02:06 2026] You have slain an ire ghast!
[Tue Aug 04 18:02:42 2026] You gain experience! (1.151%)
[Tue Aug 04 18:02:42 2026] You have slain a revultant rat!
[Tue Aug 04 18:03:26 2026] You gain experience! (1.232%)
[Tue Aug 04 18:03:26 2026] You have slain an ire ghast!
[Tue Aug 04 18:03:50 2026] You gain experience! (1.151%)
[Tue Aug 04 18:03:50 2026] You have slain an ire ghast!
[Tue Aug 04 18:04:42 2026] You gain experience! (1.316%)
[Tue Aug 04 18:04:42 2026] You have slain a loathling lich!
[Tue Aug 04 18:05:29 2026] You gain experience! (1.232%)
[Tue Aug 04 18:05:29 2026] You have slain a haunted chest!
[Tue Aug 04 18:07:18 2026] You gain experience! (1.232%)
[Tue Aug 04 18:07:18 2026] You have slain an ire ghast!
[Tue Aug 04 18:08:17 2026] You gain experience! (1.232%)
[Tue Aug 04 18:08:17 2026] You have slain an ire ghast!
[Tue Aug 04 18:09:02 2026] You gain experience! (1.316%)
[Tue Aug 04 18:09:02 2026] You have slain an ire ghast!
[Tue Aug 04 18:10:08 2026] You gain experience! (1.316%)
[Tue Aug 04 18:10:08 2026] You have slain a loathling lich!
[Tue Aug 04 18:10:38 2026] You gain experience! (1.316%)
[Tue Aug 04 18:10:38 2026] You have slain a loathling lich!
[Tue Aug 04 18:11:12 2026] You gain experience! (1.316%)
[Tue Aug 04 18:11:12 2026] You have slain Cleric of Innoruuk!
[Tue Aug 04 18:11:43 2026] You gain experience! (1.073%)
[Tue Aug 04 18:11:43 2026] You have slain a haunted chest!
[Tue Aug 04 18:12:21 2026] You gain experience! (1.316%)
[Tue Aug 04 18:12:21 2026] You have slain a spite golem!
[Tue Aug 04 18:12:45 2026] You gain experience! (1.151%)
[Tue Aug 04 18:12:45 2026] You have slain an abhorrent!
[Tue Aug 04 18:13:29 2026] You gain experience! (1.316%)
[Tue Aug 04 18:13:29 2026] You have slain a spite golem!
[Tue Aug 04 18:13:46 2026] You gain experience! (1.232%)
[Tue Aug 04 18:13:46 2026] You have slain an ire ghast!
[Tue Aug 04 18:14:12 2026] You gain experience! (1.405%)
[Tue Aug 04 18:14:12 2026] You have slain a haunted chest!
[Tue Aug 04 18:14:43 2026] You gain experience! (1.316%)
[Tue Aug 04 18:14:43 2026] You have slain a kiraikuei!
[Tue Aug 04 18:15:15 2026] You gain experience! (1.151%)
[Tue Aug 04 18:15:15 2026] You have slain a kiraikuei!
[Tue Aug 04 18:16:14 2026] You gain experience! (1.316%)
[Tue Aug 04 18:16:14 2026] You have slain a loathling lich!
[Tue Aug 04 18:16:40 2026] You have gained an ability point!  You now have 5 ability points.
[Tue Aug 04 18:16:40 2026] You gain experience! (1.232%)
[Tue Aug 04 18:16:40 2026] You have slain an ire ghast!
[Tue Aug 04 18:17:38 2026] You gain experience! (1.316%)
[Tue Aug 04 18:17:38 2026] You have slain a loathling lich!
[Tue Aug 04 18:18:09 2026] You gain experience! (1.151%)
[Tue Aug 04 18:18:09 2026] You have slain a revultant rat!
[Tue Aug 04 18:18:32 2026] You gain experience! (1.151%)
[Tue Aug 04 18:18:32 2026] You have slain an abhorrent!
[Tue Aug 04 18:18:56 2026] You gain experience! (1.151%)
[Tue Aug 04 18:18:56 2026] You have slain Cleric of Innoruuk!
[Tue Aug 04 18:19:20 2026] You gain experience! (1.316%)
[Tue Aug 04 18:19:20 2026] You have slain an ire ghast!
[Tue Aug 04 18:20:07 2026] You gain experience! (1.316%)
[Tue Aug 04 18:20:07 2026] You have slain a loathling lich!
[Tue Aug 04 19:13:29 2026] You have entered The Plane of Hate.
[Tue Aug 04 19:27:57 2026] You gain experience! (1.151%)
[Tue Aug 04 19:27:57 2026] You have slain Cleric of Innoruuk!
[Tue Aug 04 19:28:32 2026] You gain experience! (1.316%)
[Tue Aug 04 19:28:32 2026] You have slain a forsaken revenant!
[Tue Aug 04 19:28:47 2026] You gain experience! (1.151%)
[Tue Aug 04 19:28:47 2026] You have slain a forsaken revenant!
[Tue Aug 04 19:30:32 2026] You gain experience! (1.715%)
[Tue Aug 04 19:30:32 2026] You have slain Coercer T`vala!
[Tue Aug 04 19:31:03 2026] You gain experience! (1.232%)
[Tue Aug 04 19:31:03 2026] You have slain a forsaken revenant!
[Tue Aug 04 19:31:28 2026] You gain experience! (1.232%)
[Tue Aug 04 19:31:28 2026] You have slain a forsaken revenant!
[Tue Aug 04 19:31:41 2026] You have gained the ability "Healing Boon" at a cost of 3 ability points.
[Tue Aug 04 19:32:09 2026] You gain experience! (1.232%)
[Tue Aug 04 19:32:09 2026] You have slain a forsaken revenant!
[Tue Aug 04 19:32:41 2026] You gain experience! (1.232%)
[Tue Aug 04 19:32:41 2026] You have slain a forsaken revenant!
[Tue Aug 04 19:33:17 2026] You gain experience! (1.405%)
[Tue Aug 04 19:33:17 2026] You have slain a haunted chest!
[Tue Aug 04 19:34:06 2026] You gain experience! (1.151%)
[Tue Aug 04 19:34:06 2026] You have slain a revultant rat!
[Tue Aug 04 19:34:29 2026] You gain experience! (1.151%)
[Tue Aug 04 19:34:29 2026] You have slain Cleric of Innoruuk!
[Tue Aug 04 19:34:55 2026] You gain experience! (1.316%)
[Tue Aug 04 19:34:55 2026] You have slain a forsaken revenant!
[Tue Aug 04 19:35:31 2026] You gain experience! (1.151%)
[Tue Aug 04 19:35:31 2026] You have slain a forsaken revenant!
[Tue Aug 04 19:35:52 2026] You have gained a level! Welcome to level 49!
[Tue Aug 04 19:35:52 2026] You gain experience! (1.263%)
[Tue Aug 04 19:35:52 2026] You have slain a forsaken revenant!
[Tue Aug 04 19:36:16 2026] You gain experience! (1.092%)
[Tue Aug 04 19:36:16 2026] You have slain a haunted chest!
[Tue Aug 04 19:37:22 2026] You gain experience! (1.019%)
[Tue Aug 04 19:37:22 2026] You have slain a kiraikuei!
[Tue Aug 04 19:38:14 2026] You gain experience! (1.168%)
[Tue Aug 04 19:38:14 2026] You have slain a spite golem!
[Tue Aug 04 19:40:25 2026] You gain experience! (1.168%)
[Tue Aug 04 19:40:25 2026] You have slain a forsaken revenant!
[Tue Aug 04 19:40:43 2026] You gain experience! (1.019%)
[Tue Aug 04 19:40:43 2026] You have slain a forsaken revenant!
[Tue Aug 04 19:42:12 2026] You gain experience! (1.508%)
[Tue Aug 04 19:42:12 2026] You have slain an elite dragoon!
[Tue Aug 04 19:43:11 2026] You gain experience! (1.168%)
[Tue Aug 04 19:43:11 2026] You have slain a haunted chest!
[Tue Aug 04 19:43:29 2026] You gain experience! (1.092%)
[Tue Aug 04 19:43:29 2026] You have slain a forsaken revenant!
[Tue Aug 04 19:44:28 2026] You gain experience! (1.019%)
[Tue Aug 04 19:44:28 2026] You have slain a forsaken revenant!
[Tue Aug 04 19:44:57 2026] You gain experience! (0.247%)
[Tue Aug 04 19:44:57 2026] You have slain an evil little imp!
[Tue Aug 04 19:45:32 2026] You gain experience! (1.092%)
[Tue Aug 04 19:45:32 2026] You have slain a forsaken revenant!
[Tue Aug 04 19:45:55 2026] You gain experience! (1.092%)
[Tue Aug 04 19:45:55 2026] You have slain a forsaken revenant!
[Tue Aug 04 19:46:20 2026] You have gained 2 ability point(s)!  You now have 4 ability point(s).
[Tue Aug 04 19:46:20 2026] You gain experience! (1.019%)
[Tue Aug 04 19:46:20 2026] You have slain a forsaken revenant!
[Tue Aug 04 19:48:13 2026] You gain experience! (1.092%)
[Tue Aug 04 19:48:13 2026] You have slain a scorn banshee!
[Tue Aug 04 19:48:29 2026] You gain experience! (1.019%)
[Tue Aug 04 19:48:29 2026] You have slain a forsaken revenant!
[Tue Aug 04 19:49:31 2026] You gain experience! (1.168%)
[Tue Aug 04 19:49:31 2026] You have slain a spite golem!
[Tue Aug 04 19:49:58 2026] You gain experience! (1.168%)
[Tue Aug 04 19:49:58 2026] You have slain Cleric of Innoruuk!
[Tue Aug 04 19:50:43 2026] You gain experience! (1.092%)
[Tue Aug 04 19:50:43 2026] You have slain a scorn banshee!
[Tue Aug 04 19:51:02 2026] You gain experience! (1.092%)
[Tue Aug 04 19:51:02 2026] You have slain a forsaken revenant!
[Tue Aug 04 19:51:35 2026] You gain experience! (0.950%)
[Tue Aug 04 19:51:35 2026] You have slain a kiraikuei!
[Tue Aug 04 19:52:26 2026] You gain experience! (1.168%)
[Tue Aug 04 19:52:26 2026] You have slain a scorn banshee!
[Tue Aug 04 19:53:02 2026] You gain experience! (0.950%)
[Tue Aug 04 19:53:02 2026] You have slain a kiraikuei!
[Tue Aug 04 19:53:30 2026] You gain experience! (1.019%)
[Tue Aug 04 19:53:30 2026] You have slain a kiraikuei!
[Tue Aug 04 19:54:00 2026] You gain experience! (1.019%)
[Tue Aug 04 19:54:00 2026] You have slain a haunted chest!
[Tue Aug 04 19:54:28 2026] You gain experience! (1.168%)
[Tue Aug 04 19:54:28 2026] You have slain a kiraikuei!
[Tue Aug 04 19:54:43 2026] You gain experience! (1.019%)
[Tue Aug 04 19:54:43 2026] You have slain a kiraikuei!
[Tue Aug 04 19:55:08 2026] You gain experience! (1.092%)
[Tue Aug 04 19:55:08 2026] You have slain a scorn banshee!
[Tue Aug 04 19:55:42 2026] You gain experience! (1.168%)
[Tue Aug 04 19:55:42 2026] You have slain Cleric of Innoruuk!
[Tue Aug 04 19:56:06 2026] You gain experience! (1.092%)
[Tue Aug 04 19:56:06 2026] You have slain Cleric of Innoruuk!
[Tue Aug 04 19:56:34 2026] You gain experience! (1.168%)
[Tue Aug 04 19:56:34 2026] You have slain a loathling lich!
[Tue Aug 04 19:57:13 2026] You gain experience! (1.168%)
[Tue Aug 04 19:57:13 2026] You have slain a spite golem!
[Tue Aug 04 19:57:28 2026] You gain experience! (1.092%)
[Tue Aug 04 19:57:28 2026] You have slain a forsaken revenant!
[Tue Aug 04 19:59:05 2026] You gain experience! (1.168%)
[Tue Aug 04 19:59:05 2026] You have slain a loathling lich!
[Tue Aug 04 19:59:36 2026] You gain experience! (1.092%)
[Tue Aug 04 19:59:36 2026] You have slain Cleric of Innoruuk!
[Tue Aug 04 19:59:40 2026] You gain experience! (0.247%)
[Tue Aug 04 19:59:40 2026] You have slain an evil little imp!
[Tue Aug 04 20:02:45 2026] You gain experience! (1.563%)
[Tue Aug 04 20:02:45 2026] You have slain Lord of Ire!
[Tue Aug 04 20:03:14 2026] You gain experience! (1.168%)
[Tue Aug 04 20:03:14 2026] You have slain Cleric of Innoruuk!
[Tue Aug 04 20:03:36 2026] You gain experience! (1.019%)
[Tue Aug 04 20:03:36 2026] You have slain Cleric of Innoruuk!
[Tue Aug 04 20:04:07 2026] You gain experience! (1.092%)
[Tue Aug 04 20:04:07 2026] You have slain Cleric of Innoruuk!
[Tue Aug 04 20:04:25 2026] You gain experience! (1.019%)
[Tue Aug 04 20:04:25 2026] You have slain a kiraikuei!
[Tue Aug 04 20:04:49 2026] You gain experience! (1.092%)
[Tue Aug 04 20:04:49 2026] You have slain Cleric of Innoruuk!
[Tue Aug 04 20:05:12 2026] You gain experience! (1.019%)
[Tue Aug 04 20:05:12 2026] You have slain a haunted chest!
[Tue Aug 04 20:05:43 2026] You gain experience! (0.950%)
[Tue Aug 04 20:05:43 2026] You have slain a kiraikuei!
[Tue Aug 04 20:06:34 2026] You gain experience! (1.168%)
[Tue Aug 04 20:06:34 2026] You have slain Cleric of Innoruuk!
[Tue Aug 04 20:07:11 2026] You gain experience! (1.019%)
[Tue Aug 04 20:07:11 2026] You have slain an abhorrent!
[Tue Aug 04 20:07:36 2026] You gain experience! (1.019%)
[Tue Aug 04 20:07:36 2026] You have slain an abhorrent!
[Tue Aug 04 20:10:16 2026] You gain experience! (1.019%)
[Tue Aug 04 20:10:16 2026] You have slain Cleric of Innoruuk!
[Tue Aug 04 20:10:39 2026] You gain experience! (1.168%)
[Tue Aug 04 20:10:39 2026] You have slain Cleric of Innoruuk!
[Tue Aug 04 20:11:06 2026] You gain experience! (1.168%)
[Tue Aug 04 20:11:06 2026] You have slain a loathling lich!
[Tue Aug 04 20:11:18 2026] You gain experience! (1.092%)
[Tue Aug 04 20:11:18 2026] You have slain a forsaken revenant!
[Tue Aug 04 20:11:43 2026] You have gained 2 ability point(s)!  You now have 6 ability point(s).
[Tue Aug 04 20:11:43 2026] You gain experience! (1.019%)
[Tue Aug 04 20:11:43 2026] You have slain a scorn banshee!
[Tue Aug 04 20:12:06 2026] You gain experience! (0.950%)
[Tue Aug 04 20:12:06 2026] You have slain a kiraikuei!
[Tue Aug 04 20:13:52 2026] You gain experience! (1.563%)
[Tue Aug 04 20:13:52 2026] You have slain Lord of Loathing!
[Tue Aug 04 20:14:20 2026] You gain experience! (1.168%)
[Tue Aug 04 20:14:20 2026] You have slain Cleric of Innoruuk!
[Tue Aug 04 20:14:48 2026] You gain experience! (1.092%)
[Tue Aug 04 20:14:48 2026] You have slain Cleric of Innoruuk!
[Tue Aug 04 20:15:57 2026] You gain experience! (1.019%)
[Tue Aug 04 20:15:57 2026] You have slain a revultant rat!
[Tue Aug 04 20:16:18 2026] You gain experience! (1.092%)
[Tue Aug 04 20:16:18 2026] You have slain a forsaken revenant!
[Tue Aug 04 20:16:44 2026] You gain experience! (1.092%)
[Tue Aug 04 20:16:44 2026] You have slain Cleric of Innoruuk!
[Tue Aug 04 20:17:16 2026] You gain experience! (1.019%)
[Tue Aug 04 20:17:16 2026] You have slain a revultant rat!
[Tue Aug 04 20:19:56 2026] You have entered The Plane of Hate.
[Tue Aug 04 20:22:00 2026] You gain experience! (1.092%)
[Tue Aug 04 20:22:00 2026] You have slain a forsaken revenant!
[Tue Aug 04 20:23:00 2026] You gain experience! (1.019%)
[Tue Aug 04 20:23:00 2026] You have slain a kiraikuei!
[Tue Aug 04 20:23:19 2026] You gain experience! (1.019%)
[Tue Aug 04 20:23:19 2026] You have slain a revultant rat!
[Tue Aug 04 20:23:49 2026] You gain experience! (1.168%)
[Tue Aug 04 20:23:49 2026] You have slain a forsaken revenant!
[Tue Aug 04 20:24:16 2026] You gain experience! (1.019%)
[Tue Aug 04 20:24:16 2026] You have slain an abhorrent!
[Tue Aug 04 20:24:36 2026] You gain experience! (1.092%)
[Tue Aug 04 20:24:36 2026] You have slain a forsaken revenant!
[Tue Aug 04 20:25:06 2026] You gain experience! (1.168%)
[Tue Aug 04 20:25:06 2026] You have slain a forsaken revenant!
[Tue Aug 04 20:25:32 2026] You gain experience! (1.019%)
[Tue Aug 04 20:25:32 2026] You have slain a revultant rat!
[Tue Aug 04 20:27:35 2026] You gain experience! (1.563%)
[Tue Aug 04 20:27:35 2026] You have slain High Priest M`kari!
[Tue Aug 04 20:29:46 2026] You gain experience! (1.168%)
[Tue Aug 04 20:29:46 2026] You have slain an ire ghast!
[Tue Aug 04 20:30:59 2026] You gain experience! (1.019%)
[Tue Aug 04 20:30:59 2026] You have slain an abhorrent!
[Tue Aug 04 20:32:16 2026] You gain experience! (1.019%)
[Tue Aug 04 20:32:16 2026] You have slain an abhorrent!
[Tue Aug 04 20:32:29 2026] You gain experience! (1.019%)
[Tue Aug 04 20:32:29 2026] You have slain a kiraikuei!
[Tue Aug 04 20:32:49 2026] You gain experience! (1.019%)
[Tue Aug 04 20:32:49 2026] You have slain an abhorrent!
[Tue Aug 04 20:33:11 2026] You gain experience! (1.247%)
[Tue Aug 04 20:33:11 2026] You have slain a kiraikuei!
[Tue Aug 04 20:33:33 2026] You gain experience! (0.247%)
[Tue Aug 04 20:33:33 2026] You have slain an evil little imp!
[Tue Aug 04 20:35:51 2026] You gain experience! (1.092%)
[Tue Aug 04 20:35:51 2026] You have slain a forsaken revenant!
[Tue Aug 04 20:36:10 2026] You gain experience! (1.092%)
[Tue Aug 04 20:36:10 2026] You have slain a forsaken revenant!
[Tue Aug 04 20:36:20 2026] You gain experience! (1.019%)
[Tue Aug 04 20:36:20 2026] You have slain a forsaken revenant!
[Tue Aug 04 20:37:46 2026] You gain experience! (1.168%)
[Tue Aug 04 20:37:46 2026] You have slain a forsaken revenant!
[Tue Aug 04 20:38:26 2026] You gain experience! (1.019%)
[Tue Aug 04 20:38:26 2026] You have slain an ire ghast!
[Tue Aug 04 20:40:46 2026] You gain experience! (1.168%)
[Tue Aug 04 20:40:46 2026] You have slain an ashenbone drake!
[Tue Aug 04 20:41:19 2026] You gain experience! (1.168%)
[Tue Aug 04 20:41:19 2026] You have slain an ashenbone drake!
[Tue Aug 04 20:42:10 2026] You gain experience! (1.092%)
[Tue Aug 04 20:42:10 2026] You have slain an ire ghast!
[Tue Aug 04 20:42:32 2026] You gain experience! (1.168%)
[Tue Aug 04 20:42:32 2026] You have slain a kiraikuei!
[Tue Aug 04 20:44:38 2026] You gain experience! (1.563%)
[Tue Aug 04 20:44:38 2026] You have slain Master of Spite!
[Tue Aug 04 20:45:46 2026] You gain experience! (1.508%)
[Tue Aug 04 20:45:46 2026] You have slain Innoruuk`s Chosen!
[Tue Aug 04 20:46:45 2026] You have gained 2 ability point(s)!  You now have 8 ability point(s).
[Tue Aug 04 20:46:45 2026] You gain experience! (1.330%)
[Tue Aug 04 20:46:45 2026] You have slain Innoruuk`s Chosen!
[Tue Aug 04 20:49:22 2026] You gain experience! (1.563%)
[Tue Aug 04 20:49:22 2026] You have slain Mistress of Scorn!
[Tue Aug 04 20:55:28 2026] You gain experience! (1.563%)
[Tue Aug 04 20:55:28 2026] You have slain Grandmaster R`tal!
[Tue Aug 04 20:56:49 2026] You gain experience! (1.508%)
[Tue Aug 04 20:56:49 2026] You have slain an elite dragoon!
[Tue Aug 04 20:57:35 2026] You have improved Unbound Fury 3 at a cost of 0 ability points.
[Tue Aug 04 20:57:35 2026] You have improved Unbound Lethality 3 at a cost of 0 ability points.
[Tue Aug 04 20:57:35 2026] You have gained a level! Welcome to level 50!
[Tue Aug 04 20:57:35 2026] You gain experience! (1.448%)
[Tue Aug 04 20:57:35 2026] You have slain an elite dragoon!
[Tue Aug 04 20:59:15 2026] You have entered The Plane of Hate.
[Tue Aug 04 21:00:07 2026] An abhorrent has been slain by Hurtsbad!
[Tue Aug 04 21:01:08 2026] You have entered Innothule Swamp.
[Tue Aug 04 21:02:26 2026] You have entered The Southern Desert of Ro.
[Tue Aug 04 21:03:48 2026] You have entered The Oasis of Marr.
[Tue Aug 04 21:05:24 2026] You have entered The Northern Desert of Ro.
[Tue Aug 04 21:08:04 2026] You have entered East Commonlands.
[Tue Aug 04 21:12:25 2026] You have entered Nektulos Forest.
[Tue Aug 04 21:15:58 2026] You have entered The Lavastorm Mountains.
[Tue Aug 04 21:17:13 2026] You have entered Nagafen's Lair.
[Tue Aug 04 21:19:19 2026] You have entered Nagafen's Lair - Solo.
[Tue Aug 04 21:20:25 2026] You gain experience! (0.711%)
[Tue Aug 04 21:20:25 2026] You have slain a fire giant warrior!
[Tue Aug 04 21:20:58 2026] You gain experience! (0.765%)
[Tue Aug 04 21:20:58 2026] You have slain a fire giant warrior!
[Tue Aug 04 21:21:39 2026] You gain experience! (0.711%)
[Tue Aug 04 21:21:39 2026] You have slain a fire giant warrior!
[Tue Aug 04 21:22:16 2026] You gain experience! (0.765%)
[Tue Aug 04 21:22:16 2026] You have slain a fire giant warrior!
[Tue Aug 04 21:23:00 2026] You gain experience! (0.881%)
[Tue Aug 04 21:23:00 2026] You have slain a fire giant warrior!
[Tue Aug 04 21:23:02 2026] You have slain King Tranix pet!
[Tue Aug 04 21:23:51 2026] You gain experience! (1.008%)
[Tue Aug 04 21:23:51 2026] You have slain King Tranix!
[Tue Aug 04 21:24:56 2026] You gain experience! (0.943%)
[Tue Aug 04 21:24:56 2026] You have slain a fire giant wizard!
[Tue Aug 04 21:26:19 2026] You gain experience! (1.075%)
[Tue Aug 04 21:26:19 2026] You have slain Warlord Skarlon!
[Tue Aug 04 21:27:38 2026] You gain experience! (0.765%)
[Tue Aug 04 21:27:38 2026] You have slain a fire giant warrior!
[Tue Aug 04 21:28:39 2026] You gain experience! (0.943%)
[Tue Aug 04 21:28:39 2026] You have slain a fire giant warrior!
[Tue Aug 04 21:29:25 2026] You gain experience! (0.881%)
[Tue Aug 04 21:29:25 2026] You have slain a fire giant warrior!
[Tue Aug 04 21:30:23 2026] You gain experience! (0.765%)
[Tue Aug 04 21:30:23 2026] You have slain a fire giant warrior!
[Tue Aug 04 21:31:05 2026] You gain experience! (0.943%)
[Tue Aug 04 21:31:05 2026] You have slain Magus Rokyl!
[Tue Aug 04 21:31:40 2026] You gain experience! (0.711%)
[Tue Aug 04 21:31:40 2026] You have slain a fire giant warrior!
[Tue Aug 04 21:35:53 2026] You gain experience! (1.219%)
[Tue Aug 04 21:35:53 2026] You have slain Lord Nagafen!
[Tue Aug 04 21:37:05 2026] You have entered Nagafen's Lair.
[Tue Aug 04 21:37:11 2026] A lava duct crawler has been slain by Sulevan!
[Tue Aug 04 21:38:15 2026] You have entered Nagafen's Lair - Solo 1 (Awakened).
[Tue Aug 04 21:38:56 2026] You gain experience! (0.842%)
[Tue Aug 04 21:38:56 2026] You have slain a fire giant warrior!
[Tue Aug 04 21:39:47 2026] You gain experience! (0.969%)
[Tue Aug 04 21:39:47 2026] You have slain a fire giant warrior!
[Tue Aug 04 21:40:40 2026] You have gained 2 ability point(s)!  You now have 10 ability point(s).
[Tue Aug 04 21:40:40 2026] You gain experience! (0.842%)
[Tue Aug 04 21:40:40 2026] You have slain a fire giant warrior!
[Tue Aug 04 21:41:06 2026] You gain experience! (0.842%)
[Tue Aug 04 21:41:06 2026] You have slain a fire giant wizard!
[Tue Aug 04 21:42:08 2026] You gain experience! (0.782%)
[Tue Aug 04 21:42:08 2026] You have slain a fire giant warrior!
[Tue Aug 04 21:42:11 2026] You have slain King Tranix pet!
[Tue Aug 04 21:42:29 2026] You have improved Burst of Power 3 at a cost of 9 ability points.
[Tue Aug 04 21:42:57 2026] You gain experience! (1.108%)
[Tue Aug 04 21:42:57 2026] You have slain King Tranix!
[Tue Aug 04 21:44:14 2026] You gain experience! (1.183%)
[Tue Aug 04 21:44:14 2026] You have slain Warlord Skarlon!
[Tue Aug 04 21:44:47 2026] You gain experience! (0.904%)
[Tue Aug 04 21:44:47 2026] You have slain a fire giant warrior!
[Tue Aug 04 21:46:01 2026] You gain experience! (0.904%)
[Tue Aug 04 21:46:01 2026] You have slain a fire giant warrior!
[Tue Aug 04 21:47:19 2026] You gain experience! (0.782%)
[Tue Aug 04 21:47:19 2026] You have slain a fire giant warrior!
[Tue Aug 04 21:48:19 2026] You gain experience! (0.782%)
[Tue Aug 04 21:48:19 2026] You have slain a fire giant warrior!
[Tue Aug 04 21:49:43 2026] You gain experience! (1.037%)
[Tue Aug 04 21:49:43 2026] You have slain a fire giant wizard!
[Tue Aug 04 21:50:04 2026] You gain experience! (0.842%)
[Tue Aug 04 21:50:04 2026] You have slain a fire giant warrior!
[Tue Aug 04 21:50:40 2026] You gain experience! (1.037%)
[Tue Aug 04 21:50:40 2026] You have slain Magus Rokyl!
[Tue Aug 04 21:54:16 2026] You gain experience! (1.341%)
[Tue Aug 04 21:54:16 2026] You have slain Lord Nagafen!
[Tue Aug 04 21:55:30 2026] You have entered Nagafen's Lair.
[Tue Aug 04 21:56:39 2026] You have entered Nagafen's Lair - Solo 2 (Adaptive).
[Tue Aug 04 21:58:18 2026] You gain experience! (1.131%)
[Tue Aug 04 21:58:18 2026] You have slain a fire giant wizard!
[Tue Aug 04 21:58:50 2026] You gain experience! (0.986%)
[Tue Aug 04 21:58:50 2026] You have slain a fire giant warrior!
[Tue Aug 04 22:00:19 2026] You gain experience! (1.209%)
[Tue Aug 04 22:00:19 2026] You have slain King Tranix!
[Tue Aug 04 22:01:53 2026] You gain experience! (0.986%)
[Tue Aug 04 22:01:53 2026] You have slain a fire giant warrior!
[Tue Aug 04 22:03:38 2026] You gain experience! (1.131%)
[Tue Aug 04 22:03:38 2026] You have slain a fire giant warrior!
[Tue Aug 04 22:04:20 2026] You have gained 2 ability point(s)!  You now have 3 ability point(s).
[Tue Aug 04 22:04:20 2026] You gain experience! (1.131%)
[Tue Aug 04 22:04:20 2026] You have slain Magus Rokyl!
[Tue Aug 04 22:12:00 2026] You gain experience! (1.463%)
[Tue Aug 04 22:12:00 2026] You have slain Lord Nagafen!
[Tue Aug 04 22:14:36 2026] You have entered Nagafen's Lair.
[Tue Aug 04 22:27:35 2026] A lava duct crawler has been slain by Housepoor!
[Tue Aug 04 22:29:31 2026] You have entered Nagafen's Lair - Solo 3 (Fused).
[Tue Aug 04 22:33:56 2026] You have entered Nagafen's Lair.
[Tue Aug 04 22:34:31 2026] You have entered Innothule Swamp.
[Tue Aug 04 22:41:51 2026] You have entered The Southern Desert of Ro.
[Tue Aug 04 22:42:26 2026] An orc warrior has been slain by Ethne!
[Tue Aug 04 22:43:32 2026] You have entered The Oasis of Marr.
[Tue Aug 04 22:44:48 2026] You have entered The Northern Desert of Ro.
[Tue Aug 04 22:46:46 2026] You have entered East Freeport.
[Tue Aug 04 22:47:31 2026] You have entered The Plane of Sky.
[Tue Aug 04 22:47:31 2026] You have entered an area where levitation effects do not function.
[Tue Aug 04 22:48:11 2026] You have entered The Plane of Sky.
[Tue Aug 04 22:48:11 2026] You have entered an area where levitation effects do not function.
[Tue Aug 04 22:49:08 2026] You gain experience!
[Tue Aug 04 22:49:08 2026] You have slain a thunder spirit!
[Tue Aug 04 22:50:32 2026] You gain experience!
[Tue Aug 04 22:50:32 2026] You have slain a thunder spirit!
[Tue Aug 04 22:52:15 2026] You gain experience!
[Tue Aug 04 22:52:15 2026] You have slain a thunder spirit!
[Tue Aug 04 22:52:45 2026] You gain experience!
[Tue Aug 04 22:52:45 2026] You have slain a thunder spirit!
[Tue Aug 04 22:53:11 2026] You gain experience!
[Tue Aug 04 22:53:11 2026] You have slain a thunder spirit!
[Tue Aug 04 22:53:33 2026] You gain experience!
[Tue Aug 04 22:53:33 2026] A thunder spirit has been slain by a thunder spirit!
[Tue Aug 04 22:54:02 2026] You gain experience!
[Tue Aug 04 22:54:02 2026] A thunder spirit has been slain by a thunder spirit!
[Tue Aug 04 22:55:08 2026] You gain experience!
[Tue Aug 04 22:55:08 2026] You have slain a thunder spirit princess!
[Tue Aug 04 22:56:02 2026] You gain experience!
[Tue Aug 04 22:56:02 2026] An azarack has been slain by a thunder spirit!
[Tue Aug 04 22:56:34 2026] You gain experience!
[Tue Aug 04 22:56:34 2026] You have slain an azarack!
[Tue Aug 04 22:56:50 2026] You gain experience!
[Tue Aug 04 22:56:50 2026] You have slain an azarack!
[Tue Aug 04 22:57:14 2026] You gain experience!
[Tue Aug 04 22:57:37 2026] You gain experience!
[Tue Aug 04 22:57:37 2026] You have slain an azarack!
[Tue Aug 04 22:57:56 2026] You gain experience!
[Tue Aug 04 22:57:56 2026] You have slain an azarack!
[Tue Aug 04 22:58:49 2026] You gain experience!
[Tue Aug 04 22:58:49 2026] You have slain an azarack!
[Tue Aug 04 23:00:05 2026] You have gained an ability point!  You now have 4 ability points.
[Tue Aug 04 23:00:05 2026] You gain experience!
[Tue Aug 04 23:00:05 2026] An azarack has been slain by a thunder spirit!
[Tue Aug 04 23:00:07 2026] A thunder spirit has been slain by an azarack!
[Tue Aug 04 23:00:50 2026] You gain experience!
[Tue Aug 04 23:00:50 2026] You have slain an azarack!
[Tue Aug 04 23:03:46 2026] You gain experience!
[Tue Aug 04 23:03:46 2026] You have slain Protector of Sky!
[Tue Aug 04 23:09:23 2026] You gain experience!
[Tue Aug 04 23:09:23 2026] Gorgalosk has been slain by a gust of wind!
[Tue Aug 04 23:10:20 2026] You gain experience!
[Tue Aug 04 23:10:20 2026] Heart harpie has been slain by a gust of wind!
[Tue Aug 04 23:11:16 2026] You gain experience!
[Tue Aug 04 23:11:16 2026] An essence carrier has been slain by a gust of wind!
[Tue Aug 04 23:11:59 2026] You gain experience!
[Tue Aug 04 23:11:59 2026] An essence tamer has been slain by a gust of wind!
[Tue Aug 04 23:12:30 2026] You gain experience!
[Tue Aug 04 23:12:30 2026] A soul carrier has been slain by a gust of wind!
[Tue Aug 04 23:16:07 2026] You gain experience!
[Tue Aug 04 23:16:07 2026] Keeper of Souls has been slain by a gust of wind!
[Tue Aug 04 23:16:38 2026] You gain experience!
[Tue Aug 04 23:16:38 2026] A soul carrier has been slain by a gust of wind!
[Tue Aug 04 23:17:20 2026] You gain experience!
[Tue Aug 04 23:17:20 2026] You have slain a soul carrier!
[Tue Aug 04 23:17:56 2026] You gain experience!
[Tue Aug 04 23:17:56 2026] An essence harvester has been slain by a gust of wind!
[Tue Aug 04 23:18:33 2026] You gain experience!
[Tue Aug 04 23:18:33 2026] A soul harvester has been slain by a gust of wind!
[Tue Aug 04 23:19:12 2026] You gain experience!
[Tue Aug 04 23:19:12 2026] You have slain a soul tamer!
[Tue Aug 04 23:19:40 2026] You gain experience!
[Tue Aug 04 23:19:40 2026] You have slain a soul harvester!
[Tue Aug 04 23:20:23 2026] You have gained an ability point!  You now have 5 ability points.
[Tue Aug 04 23:20:23 2026] You gain experience!
[Tue Aug 04 23:20:23 2026] A soul tamer has been slain by a gust of wind!
[Tue Aug 04 23:22:32 2026] You gain experience!
[Tue Aug 04 23:22:32 2026] An essence carrier has been slain by a gust of wind!
[Tue Aug 04 23:23:06 2026] You gain experience!
[Tue Aug 04 23:23:06 2026] An essence tamer has been slain by a gust of wind!
[Tue Aug 04 23:23:36 2026] You gain experience!
[Tue Aug 04 23:23:36 2026] You have slain an essence harvester!
[Tue Aug 04 23:24:19 2026] You gain experience!
[Tue Aug 04 23:24:19 2026] A soul harvester has been slain by a gust of wind!
[Tue Aug 04 23:24:57 2026] You gain experience!
[Tue Aug 04 23:24:57 2026] A soul tamer has been slain by a gust of wind!
[Tue Aug 04 23:25:23 2026] You gain experience!
[Tue Aug 04 23:25:23 2026] You have slain a soul harvester!
[Tue Aug 04 23:26:06 2026] You gain experience!
[Tue Aug 04 23:26:06 2026] A soul tamer has been slain by a gust of wind!
[Tue Aug 04 23:27:04 2026] You gain experience!
[Tue Aug 04 23:27:04 2026] You have slain a spiroc banisher!
[Tue Aug 04 23:27:43 2026] You gain experience!
[Tue Aug 04 23:27:43 2026] A spiroc arbiter has been slain by a gust of wind!
[Tue Aug 04 23:29:04 2026] You gain experience!
[Tue Aug 04 23:29:04 2026] The Spiroc Guardian has been slain by a gust of wind!
[Tue Aug 04 23:31:15 2026] You gain experience!
[Tue Aug 04 23:31:15 2026] The Spiroc Lord has been slain by a gust of wind!
[Tue Aug 04 23:32:13 2026] A gust of wind has been slain by Bzzazzt!
[Tue Aug 04 23:39:08 2026] You gain experience!
[Tue Aug 04 23:39:08 2026] Bzzazzt has been slain by Bzzazzt!
[Tue Aug 04 23:39:38 2026] You gain experience!
[Tue Aug 04 23:39:38 2026] Bazzzazzt has been slain by Bzzazzt!
[Tue Aug 04 23:40:16 2026] You have gained an ability point!  You now have 6 ability points.
[Tue Aug 04 23:40:16 2026] You gain experience!
[Tue Aug 04 23:40:16 2026] Bzzzt has been slain by Bzzazzt!
[Tue Aug 04 23:40:57 2026] You gain experience!
[Tue Aug 04 23:40:57 2026] Bazzt Zzzt has been slain by Bzzazzt!
[Tue Aug 04 23:41:50 2026] You gain experience!
[Tue Aug 04 23:41:50 2026] Sister of the Spire has been slain by Bzzazzt!
[Tue Aug 04 23:41:57 2026] You gain experience!
[Tue Aug 04 23:41:57 2026] An undine spirit has been slain by Bzzazzt!
[Tue Aug 04 23:43:13 2026] You gain experience!
[Tue Aug 04 23:43:13 2026] Eye of Veeshan has been slain by Bzzazzt!
[Tue Aug 04 23:44:24 2026] You gain experience!
[Tue Aug 04 23:44:24 2026] Noble Dojorn has been slain by Bzzazzt!
[Tue Aug 04 23:44:33 2026] You gain experience!
[Tue Aug 04 23:44:33 2026] You have slain a blade storm!
[Tue Aug 04 23:46:46 2026] You gain experience!
[Tue Aug 04 23:46:46 2026] Overseer of Air has been slain by Bzzazzt!
[Tue Aug 04 23:49:51 2026] You gain experience!
[Tue Aug 04 23:49:51 2026] The Hand of Veeshan has been slain by Bzzazzt!
[Tue Aug 04 23:58:10 2026] You have entered The Plane of Sky.
[Tue Aug 04 23:58:10 2026] You have entered an area where levitation effects do not function.
[Wed Aug 05 00:33:45 2026] A thunder spirit princess has been slain by Pesmerga!
[Wed Aug 05 00:38:04 2026] Froger has been slain by Wizard Schrock!
[Wed Aug 05 15:46:10 2026] You have entered The Plane of Sky.
[Wed Aug 05 15:46:10 2026] You have entered an area where levitation effects do not function.
[Wed Aug 05 16:06:35 2026] You have entered The Plane of Sky.
[Wed Aug 05 16:06:35 2026] You have entered an area where levitation effects do not function.
[Wed Aug 05 16:12:40 2026] You gain experience!
[Wed Aug 05 16:12:40 2026] You have slain a thunder spirit!
[Wed Aug 05 16:13:05 2026] You gain experience!
[Wed Aug 05 16:13:05 2026] You have slain a thunder spirit!
[Wed Aug 05 16:13:31 2026] You gain experience!
[Wed Aug 05 16:13:31 2026] You have slain a thunder spirit!
[Wed Aug 05 16:13:57 2026] You gain experience!
[Wed Aug 05 16:13:57 2026] You have slain a thunder spirit!
[Wed Aug 05 16:16:18 2026] You have gained an ability point!  You now have 7 ability points.
[Wed Aug 05 16:16:18 2026] You gain experience!
[Wed Aug 05 16:16:18 2026] You have slain a thunder spirit!
[Wed Aug 05 16:16:50 2026] You gain experience!
[Wed Aug 05 16:16:50 2026] A thunder spirit has been slain by a thunder spirit!
[Wed Aug 05 16:17:22 2026] You gain experience!
[Wed Aug 05 16:17:22 2026] You have slain a thunder spirit!
[Wed Aug 05 16:18:49 2026] You gain experience!
[Wed Aug 05 16:18:49 2026] A thunder spirit princess has been slain by a thunder spirit!
[Wed Aug 05 16:19:41 2026] You gain experience!
[Wed Aug 05 16:19:41 2026] You have slain an azarack!
[Wed Aug 05 16:21:36 2026] You gain experience!
[Wed Aug 05 16:21:36 2026] An azarack has been slain by a thunder spirit!
[Wed Aug 05 16:22:07 2026] You gain experience!
[Wed Aug 05 16:22:07 2026] An azarack has been slain by a thunder spirit!
[Wed Aug 05 16:22:40 2026] You gain experience!
[Wed Aug 05 16:22:40 2026] You have slain an azarack!
[Wed Aug 05 16:23:05 2026] You gain experience!
[Wed Aug 05 16:23:05 2026] An azarack has been slain by a thunder spirit!
[Wed Aug 05 16:23:54 2026] You gain experience!
[Wed Aug 05 16:23:54 2026] You have slain an azarack!
[Wed Aug 05 16:24:28 2026] You gain experience!
[Wed Aug 05 16:24:28 2026] You have slain an azarack!
[Wed Aug 05 16:25:00 2026] You gain experience!
[Wed Aug 05 16:25:00 2026] You have slain an azarack!
[Wed Aug 05 16:25:48 2026] You gain experience!
[Wed Aug 05 16:25:48 2026] An azarack has been slain by a thunder spirit!
[Wed Aug 05 16:28:09 2026] You gain experience!
[Wed Aug 05 16:28:09 2026] You have slain Protector of Sky!
[Wed Aug 05 16:30:53 2026] A thunder spirit has been slain by a sprited harpie!
[Wed Aug 05 16:33:02 2026] You gain experience!
[Wed Aug 05 16:33:02 2026] Gorgalosk has been slain by a gust of wind!
[Wed Aug 05 16:33:53 2026] You gain experience!
[Wed Aug 05 16:33:53 2026] You have slain a watchful guard!
[Wed Aug 05 16:34:37 2026] You have gained an ability point!  You now have 8 ability points.
[Wed Aug 05 16:34:37 2026] You gain experience!
[Wed Aug 05 16:34:37 2026] Heart harpie has been slain by a gust of wind!
[Wed Aug 05 16:35:22 2026] You gain experience!
[Wed Aug 05 16:35:22 2026] A sprited harpie has been slain by a gust of wind!
[Wed Aug 05 16:42:30 2026] You gain experience!
[Wed Aug 05 16:42:30 2026] An essence carrier has been slain by a gust of wind!
[Wed Aug 05 16:43:24 2026] You gain experience!
[Wed Aug 05 16:43:24 2026] You have slain an essence tamer!
[Wed Aug 05 16:46:17 2026] You gain experience!
[Wed Aug 05 16:46:17 2026] You have slain an essence harvester!
[Wed Aug 05 16:47:01 2026] You gain experience!
[Wed Aug 05 16:47:01 2026] A soul harvester has been slain by a gust of wind!
[Wed Aug 05 16:47:40 2026] You gain experience!
[Wed Aug 05 16:47:40 2026] A soul tamer has been slain by a gust of wind!
[Wed Aug 05 16:48:02 2026] You gain experience!
[Wed Aug 05 16:48:02 2026] You have slain a soul harvester!
[Wed Aug 05 16:48:59 2026] You gain experience!
[Wed Aug 05 16:48:59 2026] A soul tamer has been slain by a gust of wind!
[Wed Aug 05 16:51:13 2026] You gain experience!
[Wed Aug 05 16:51:13 2026] Keeper of Souls has been slain by a gust of wind!
[Wed Aug 05 16:51:56 2026] You gain experience!
[Wed Aug 05 16:51:56 2026] A windrider drake has been slain by a gust of wind!
[Wed Aug 05 16:52:35 2026] You gain experience!
[Wed Aug 05 16:52:35 2026] A soul carrier has been slain by a gust of wind!
[Wed Aug 05 16:53:02 2026] You gain experience!
[Wed Aug 05 16:53:02 2026] A soul carrier has been slain by a gust of wind!
[Wed Aug 05 16:54:24 2026] You gain experience!
[Wed Aug 05 16:54:24 2026] You have slain an essence carrier!
[Wed Aug 05 16:55:19 2026] You have gained an ability point!  You now have 9 ability points.
[Wed Aug 05 16:55:19 2026] You gain experience!
[Wed Aug 05 16:55:19 2026] An essence tamer has been slain by a gust of wind!
[Wed Aug 05 16:56:52 2026] You gain experience!
[Wed Aug 05 16:56:52 2026] You have slain an essence carrier!
[Wed Aug 05 16:57:25 2026] You gain experience!
[Wed Aug 05 16:57:25 2026] An essence tamer has been slain by a gust of wind!
[Wed Aug 05 16:58:22 2026] You gain experience!
[Wed Aug 05 16:58:22 2026] An essence carrier has been slain by a gust of wind!
[Wed Aug 05 16:59:00 2026] You gain experience!
[Wed Aug 05 16:59:00 2026] An essence tamer has been slain by a gust of wind!
[Wed Aug 05 16:59:50 2026] You gain experience!
[Wed Aug 05 16:59:50 2026] A soul carrier has been slain by a gust of wind!
[Wed Aug 05 17:00:54 2026] You gain experience!
[Wed Aug 05 17:00:54 2026] An essence harvester has been slain by a gust of wind!
[Wed Aug 05 17:01:27 2026] You gain experience!
[Wed Aug 05 17:01:27 2026] A soul harvester has been slain by a gust of wind!
[Wed Aug 05 17:02:34 2026] You gain experience!
[Wed Aug 05 17:02:34 2026] A soul tamer has been slain by a gust of wind!
[Wed Aug 05 17:02:45 2026] You gain experience!
[Wed Aug 05 17:02:45 2026] An essence carrier has been slain by a gust of wind!
[Wed Aug 05 17:03:04 2026] You gain experience!
[Wed Aug 05 17:03:04 2026] A soul harvester has been slain by a gust of wind!
[Wed Aug 05 17:03:32 2026] You gain experience!
[Wed Aug 05 17:03:32 2026] A soul tamer has been slain by a gust of wind!
[Wed Aug 05 17:04:14 2026] You gain experience!
[Wed Aug 05 17:04:14 2026] You have slain an essence tamer!
[Wed Aug 05 17:04:47 2026] You gain experience!
[Wed Aug 05 17:04:47 2026] An essence carrier has been slain by a gust of wind!
[Wed Aug 05 17:05:08 2026] You gain experience!
[Wed Aug 05 17:05:08 2026] You have slain an essence carrier!
[Wed Aug 05 17:05:44 2026] You have gained an ability point!  You now have 10 ability points.
[Wed Aug 05 17:05:44 2026] You gain experience!
[Wed Aug 05 17:05:44 2026] You have slain an essence tamer!
[Wed Aug 05 17:06:35 2026] You gain experience!
[Wed Aug 05 17:06:35 2026] You have slain an essence tamer!
[Wed Aug 05 17:06:42 2026] You have improved Rapid Feign 2 at a cost of 6 ability points.
[Wed Aug 05 17:08:03 2026] You gain experience!
[Wed Aug 05 17:08:03 2026] An essence carrier has been slain by a gust of wind!
[Wed Aug 05 17:08:54 2026] You gain experience!
[Wed Aug 05 17:08:54 2026] You have slain an essence tamer!
[Wed Aug 05 17:17:00 2026] You gain experience!
[Wed Aug 05 17:17:00 2026] A spiroc arbiter has been slain by a gust of wind!
[Wed Aug 05 17:17:37 2026] You gain experience!
[Wed Aug 05 17:17:37 2026] A spiroc banisher has been slain by a gust of wind!
[Wed Aug 05 17:18:55 2026] You gain experience!
[Wed Aug 05 17:18:55 2026] The Spiroc Guardian has been slain by a gust of wind!
[Wed Aug 05 17:21:11 2026] You gain experience!
[Wed Aug 05 17:21:11 2026] The Spiroc Lord has been slain by a gust of wind!
[Wed Aug 05 17:25:58 2026] You gain experience!
[Wed Aug 05 17:25:58 2026] Bzzazzt has been slain by Bzzazzt!
[Wed Aug 05 17:26:27 2026] You gain experience!
[Wed Aug 05 17:26:27 2026] Bazzzazzt has been slain by Bzzazzt!
[Wed Aug 05 17:27:03 2026] You gain experience!
[Wed Aug 05 17:27:03 2026] Bzzzt has been slain by Bzzazzt!
[Wed Aug 05 17:27:48 2026] You gain experience!
[Wed Aug 05 17:27:48 2026] Bazzt Zzzt has been slain by Bzzazzt!
[Wed Aug 05 17:28:41 2026] You gain experience!
[Wed Aug 05 17:28:42 2026] Sister of the Spire has been slain by Bzzazzt!
[Wed Aug 05 17:30:09 2026] You have gained an ability point!  You now have 5 ability points.
[Wed Aug 05 17:30:09 2026] You gain experience!
[Wed Aug 05 17:30:09 2026] Eye of Veeshan has been slain by Bzzazzt!
[Wed Aug 05 17:54:30 2026] You gain experience!
[Wed Aug 05 17:54:30 2026] You have slain an essence carrier!
[Wed Aug 05 17:54:50 2026] You gain experience!
[Wed Aug 05 17:54:50 2026] An essence tamer has been slain by Bzzazzt!
[Wed Aug 05 17:55:06 2026] You gain experience!
[Wed Aug 05 17:55:06 2026] An essence carrier has been slain by Bzzazzt!
[Wed Aug 05 17:55:50 2026] You gain experience!
[Wed Aug 05 17:55:50 2026] You have slain an essence tamer!
[Wed Aug 05 17:59:27 2026] You gain experience!
[Wed Aug 05 17:59:27 2026] Noble Dojorn has been slain by Bzzazzt!
[Wed Aug 05 17:59:43 2026] You gain experience!
[Wed Aug 05 17:59:43 2026] A blade storm has been slain by Bzzazzt!
[Wed Aug 05 18:03:23 2026] You gain experience!
[Wed Aug 05 18:03:23 2026] Overseer of Air has been slain by Bzzazzt!
[Wed Aug 05 18:05:19 2026] You gain experience!
[Wed Aug 05 18:05:19 2026] Bzzazzt has been slain by Bzzazzt!
[Wed Aug 05 18:06:08 2026] You gain experience!
[Wed Aug 05 18:06:08 2026] Bazzzazzt has been slain by Bzzazzt!
[Wed Aug 05 18:06:56 2026] You gain experience!
[Wed Aug 05 18:06:56 2026] Bizazzzt has been slain by Bzzazzt!
[Wed Aug 05 18:07:53 2026] You gain experience!
[Wed Aug 05 18:07:53 2026] Bazzzazzt has been slain by Bzzazzt!
[Wed Aug 05 18:08:42 2026] You gain experience!
[Wed Aug 05 18:08:42 2026] Bizazzzt has been slain by Bzzazzt!
[Wed Aug 05 18:12:10 2026] You have gained an ability point!  You now have 6 ability points.
[Wed Aug 05 18:12:10 2026] You gain experience!
[Wed Aug 05 18:12:11 2026] The Hand of Veeshan has been slain by Bzzazzt!
[Wed Aug 05 18:47:13 2026] You have entered The Plane of Sky.
[Wed Aug 05 18:47:13 2026] You have entered an area where levitation effects do not function.
[Wed Aug 05 18:51:06 2026] A thunder spirit has been slain by Lizarddood!
[Wed Aug 05 19:04:21 2026] A thunder spirit has been slain by Xebarer!
[Wed Aug 05 19:06:55 2026] You have entered Innothule Swamp.
[Wed Aug 05 19:14:31 2026] You have entered The Southern Desert of Ro.
[Wed Aug 05 19:15:56 2026] You have entered The Oasis of Marr.
[Wed Aug 05 19:17:09 2026] You have entered The Northern Desert of Ro.
[Wed Aug 05 19:18:49 2026] You have entered East Commonlands.
[Wed Aug 05 19:22:42 2026] You have entered Nektulos Forest.
[Wed Aug 05 19:30:23 2026] You have entered The Lavastorm Mountains.
[Wed Aug 05 19:32:20 2026] You have entered Nagafen's Lair.
[Wed Aug 05 19:32:29 2026] A greater kobold has been slain by Kreljnok!
[Wed Aug 05 19:36:38 2026] You have entered Nagafen's Lair.
