[Wed Aug 05 20:47:04 2026] A fire giant warrior slashes Lord Nagafen for 89 points of damage.
[Wed Aug 05 20:47:04 2026] You try to smite Lord Nagafen, but miss!
[Wed Aug 05 20:47:04 2026] You smite Lord Nagafen for 106 points of damage.
[Wed Aug 05 20:47:04 2026] You hit Lord Nagafen for 259 points of magic damage by Smiting Strike.
[Wed Aug 05 20:47:04 2026] Lord Nagafen staggers.
[Wed Aug 05 20:47:05 2026] A fire giant warrior tries to frenzy on Lord Nagafen, but misses!
[Wed Aug 05 20:47:05 2026] You hit Lord Nagafen for 31 points of magic damage by Lifetap Strike.
[Wed Aug 05 20:47:05 2026] Lord Nagafen staggers.
[Wed Aug 05 20:47:05 2026] You healed Primitive for 32 hit points by Lifetap Strike.
[Wed Aug 05 20:47:05 2026] You try to slash Lord Nagafen, but miss!
[Wed Aug 05 20:47:05 2026] You claw Lord Nagafen for 116 points of damage.
[Wed Aug 05 20:47:05 2026] A fire giant warrior kicks Lord Nagafen for 17 points of damage.
[Wed Aug 05 20:47:05 2026] A fire giant warrior tries to kick Lord Nagafen, but misses!
[Wed Aug 05 20:47:05 2026] You strike Lord Nagafen for 86 points of damage.
[Wed Aug 05 20:47:05 2026] A fire giant warrior slashes Lord Nagafen for 107 points of damage.
[Wed Aug 05 20:47:05 2026] A fire giant warrior tries to slash Lord Nagafen, but misses!
[Wed Aug 05 20:47:05 2026] A fire giant warrior crushes Lord Nagafen for 24 points of damage.
[Wed Aug 05 20:47:06 2026] A fire giant warrior bashes Lord Nagafen for 16 points of damage.
[Wed Aug 05 20:47:06 2026] A fire giant warrior bashes Lord Nagafen for 16 points of damage.
[Wed Aug 05 20:47:07 2026] Lord Nagafen crushes YOU for 222 points of damage.
[Wed Aug 05 20:47:07 2026] Lord Nagafen tries to crush YOU, but YOU dodge!
[Wed Aug 05 20:47:07 2026] You try to slash Lord Nagafen, but miss!
[Wed Aug 05 20:47:07 2026] You slash Lord Nagafen for 158 points of damage.
[Wed Aug 05 20:47:07 2026] You claw Lord Nagafen for 178 points of damage.
[Wed Aug 05 20:47:07 2026] You try to claw Lord Nagafen, but miss!
[Wed Aug 05 20:47:07 2026] A fire giant warrior slashes Lord Nagafen for 61 points of damage.
[Wed Aug 05 20:47:07 2026] A fire giant warrior tries to slash Lord Nagafen, but misses!
[Wed Aug 05 20:47:07 2026] You kick Lord Nagafen for 106 points of damage.
[Wed Aug 05 20:47:07 2026] You try to kick Lord Nagafen, but miss!
[Wed Aug 05 20:47:08 2026] You try to slash Lord Nagafen, but Lord Nagafen dodges!
[Wed Aug 05 20:47:08 2026] You slash Lord Nagafen for 136 points of damage.
[Wed Aug 05 20:47:08 2026] A fire giant warrior slashes Lord Nagafen for 29 points of damage.
[Wed Aug 05 20:47:08 2026] A fire giant warrior tries to crush Lord Nagafen, but misses!
[Wed Aug 05 20:47:08 2026] A fire giant warrior crushes Lord Nagafen for 70 points of damage.
[Wed Aug 05 20:47:08 2026] You claw Lord Nagafen for 86 points of damage.
[Wed Aug 05 20:47:08 2026] You claw Lord Nagafen for 16 points of damage.
[Wed Aug 05 20:47:09 2026] A fire giant warrior tries to cleave Lord Nagafen, but misses!
[Wed Aug 05 20:47:09 2026] A fire giant warrior cleaves Lord Nagafen for 107 points of damage.
[Wed Aug 05 20:47:09 2026] You try to bash Lord Nagafen, but miss!
[Wed Aug 05 20:47:09 2026] You bash Lord Nagafen for 85 points of damage. (Critical)
[Wed Aug 05 20:47:09 2026] You try to strike Lord Nagafen, but miss!
[Wed Aug 05 20:47:09 2026] Lord Nagafen hit you for 295 points of magic damage by Earthquake.
[Wed Aug 05 20:47:09 2026] You feel the ground shake.
[Wed Aug 05 20:47:09 2026] Lord Nagafen crushes YOU for 222 points of damage.
[Wed Aug 05 20:47:09 2026] Lord Nagafen tries to crush YOU, but YOU block!
[Wed Aug 05 20:47:09 2026] You slash Lord Nagafen for 157 points of damage. (Critical)
[Wed Aug 05 20:47:09 2026] A fire giant warrior slashes Lord Nagafen for 107 points of damage.
[Wed Aug 05 20:47:10 2026] You claw Lord Nagafen for 4 points of damage.
[Wed Aug 05 20:47:10 2026] You claw Lord Nagafen for 80 points of damage.
[Wed Aug 05 20:47:10 2026] A fire giant warrior kicks Lord Nagafen for 33 points of damage.
[Wed Aug 05 20:47:11 2026] A fire giant warrior tries to bash Lord Nagafen, but misses!
[Wed Aug 05 20:47:11 2026] A fire giant warrior bashes Lord Nagafen for 16 points of damage.
[Wed Aug 05 20:47:11 2026] A fire giant warrior tries to slash Lord Nagafen, but misses!
[Wed Aug 05 20:47:11 2026] A fire giant warrior tries to slash Lord Nagafen, but misses!
[Wed Aug 05 20:47:11 2026] A fire giant warrior crushes Lord Nagafen for 20 points of damage.
[Wed Aug 05 20:47:11 2026] A fire giant warrior crushes Lord Nagafen for 33 points of damage.
[Wed Aug 05 20:47:11 2026] You slash Lord Nagafen for 186 points of damage.
[Wed Aug 05 20:47:11 2026] You claw Lord Nagafen for 80 points of damage.
[Wed Aug 05 20:47:12 2026] A fire giant warrior slashes Lord Nagafen for 52 points of damage.
[Wed Aug 05 20:47:12 2026] Lord Nagafen crushes YOU for 222 points of damage.
[Wed Aug 05 20:47:12 2026] Lord Nagafen crushes YOU for 222 points of damage.
[Wed Aug 05 20:47:12 2026] You kick Lord Nagafen for 70 points of damage.
[Wed Aug 05 20:47:12 2026] You try to slash Lord Nagafen, but miss!
[Wed Aug 05 20:47:13 2026] You smite Lord Nagafen for 46 points of damage.
[Wed Aug 05 20:47:13 2026] You hit Lord Nagafen for 259 points of magic damage by Smiting Strike.
[Wed Aug 05 20:47:13 2026] Lord Nagafen staggers.
[Wed Aug 05 20:47:13 2026] You try to smite Lord Nagafen, but miss!
[Wed Aug 05 20:47:13 2026] You strike Lord Nagafen for 147 points of damage. (Critical)
[Wed Aug 05 20:47:13 2026] You try to claw Lord Nagafen, but miss!
[Wed Aug 05 20:47:13 2026] A fire giant warrior frenzies on Lord Nagafen for 27 points of damage.
[Wed Aug 05 20:47:13 2026] A fire giant warrior frenzies on Lord Nagafen for 20 points of damage.
[Wed Aug 05 20:47:13 2026] You try to bash Lord Nagafen, but miss!
[Wed Aug 05 20:47:13 2026] You bash Lord Nagafen for 76 points of damage.
[Wed Aug 05 20:47:13 2026] A fire giant warrior slashes Lord Nagafen for 102 points of damage.
[Wed Aug 05 20:47:13 2026] A fire giant warrior tries to crush Lord Nagafen, but misses!
[Wed Aug 05 20:47:13 2026] A fire giant warrior tries to crush Lord Nagafen, but misses!
[Wed Aug 05 20:47:14 2026] You slash Lord Nagafen for 120 points of damage.
[Wed Aug 05 20:47:14 2026] You slash Lord Nagafen for 365 points of damage. (Critical)
[Wed Aug 05 20:47:14 2026] You hit Lord Nagafen for 31 points of magic damage by Lifetap Strike.
[Wed Aug 05 20:47:14 2026] Lord Nagafen staggers.
[Wed Aug 05 20:47:14 2026] You healed Primitive for 32 hit points by Lifetap Strike.
[Wed Aug 05 20:47:14 2026] You claw Lord Nagafen for 76 points of damage.
[Wed Aug 05 20:47:14 2026] You try to claw Lord Nagafen, but miss!
[Wed Aug 05 20:47:14 2026] A fire giant warrior tries to kick Lord Nagafen, but misses!
[Wed Aug 05 20:47:14 2026] A fire giant warrior kicks Lord Nagafen for 47 points of damage.
[Wed Aug 05 20:47:15 2026] A fire giant warrior slashes Lord Nagafen for 93 points of damage.
[Wed Aug 05 20:47:15 2026] A fire giant warrior crushes Lord Nagafen for 98 points of damage.
[Wed Aug 05 20:47:15 2026] A fire giant warrior crushes Lord Nagafen for 29 points of damage.
[Wed Aug 05 20:47:15 2026] Lord Nagafen tries to crush YOU, but misses!
[Wed Aug 05 20:47:15 2026] Lord Nagafen crushes YOU for 168 points of damage.
[Wed Aug 05 20:47:15 2026] You try to slash Lord Nagafen, but Lord Nagafen blocks!
[Wed Aug 05 20:47:15 2026] You try to slash Lord Nagafen, but miss!
[Wed Aug 05 20:47:15 2026] A fire giant warrior bashes Lord Nagafen for 16 points of damage.
[Wed Aug 05 20:47:15 2026] A fire giant warrior cleaves Lord Nagafen for 107 points of damage.
[Wed Aug 05 20:47:15 2026] A fire giant warrior cleaves Lord Nagafen for 84 points of damage.
[Wed Aug 05 20:47:15 2026] Lord Nagafen hit you for 600 points of fire damage by Lava Breath.
[Wed Aug 05 20:47:15 2026] Your body combusts as the lava hits you.
[Wed Aug 05 20:47:15 2026] Lord Nagafen hit a fire giant warrior for 600 points of fire damage by Lava Breath.
[Wed Aug 05 20:47:15 2026] A fire giant warrior's body combusts as the lava hits them.
[Wed Aug 05 20:47:16 2026] You try to claw Lord Nagafen, but miss!
[Wed Aug 05 20:47:16 2026] A fire giant warrior slashes Lord Nagafen for 107 points of damage.
[Wed Aug 05 20:47:16 2026] A fire giant warrior tries to slash Lord Nagafen, but misses!
[Wed Aug 05 20:47:16 2026] A fire giant warrior tries to crush Lord Nagafen, but misses!
[Wed Aug 05 20:47:16 2026] You try to strike Lord Nagafen, but miss!
[Wed Aug 05 20:47:16 2026] You slash Lord Nagafen for 112 points of damage.
[Wed Aug 05 20:47:16 2026] You slash Lord Nagafen for 167 points of damage. (Critical)
[Wed Aug 05 20:47:16 2026] You slash Lord Nagafen for 374 points of damage. (Critical)
[Wed Aug 05 20:47:17 2026] You try to kick Lord Nagafen, but Lord Nagafen blocks!
[Wed Aug 05 20:47:17 2026] A fire giant warrior tries to slash Lord Nagafen, but misses!
[Wed Aug 05 20:47:17 2026] A fire giant warrior crushes Lord Nagafen for 66 points of damage.
[Wed Aug 05 20:47:17 2026] You claw Lord Nagafen for 4 points of damage.
[Wed Aug 05 20:47:17 2026] You claw Lord Nagafen for 43 points of damage. (Critical)
[Wed Aug 05 20:47:18 2026] Lord Nagafen crushes YOU for 222 points of damage.
[Wed Aug 05 20:47:18 2026] Lord Nagafen crushes YOU for 199 points of damage.
[Wed Aug 05 20:47:18 2026] You try to bash Lord Nagafen, but miss!
[Wed Aug 05 20:47:18 2026] You bash Lord Nagafen for 6 points of damage.
[Wed Aug 05 20:47:18 2026] You slash Lord Nagafen for 34 points of damage.
[Wed Aug 05 20:47:18 2026] You slash Lord Nagafen for 96 points of damage.
[Wed Aug 05 20:47:18 2026] You slash Lord Nagafen for 40 points of damage.
[Wed Aug 05 20:47:19 2026] A fire giant warrior tries to slash Lord Nagafen, but misses!
[Wed Aug 05 20:47:19 2026] You claw Lord Nagafen for 12 points of damage.
[Wed Aug 05 20:47:19 2026] You try to claw Lord Nagafen, but miss!
[Wed Aug 05 20:47:19 2026] You try to slash Lord Nagafen, but miss!
[Wed Aug 05 20:47:19 2026] You try to slash Lord Nagafen, but miss!
[Wed Aug 05 20:47:19 2026] A fire giant warrior tries to kick Lord Nagafen, but misses!
[Wed Aug 05 20:47:19 2026] A fire giant warrior kicks Lord Nagafen for 29 points of damage.
[Wed Aug 05 20:47:20 2026] A fire giant warrior bashes Lord Nagafen for 16 points of damage.
[Wed Aug 05 20:47:20 2026] A fire giant warrior tries to bash Lord Nagafen, but misses!
[Wed Aug 05 20:47:20 2026] Lord Nagafen tries to cleave YOU, but misses!
[Wed Aug 05 20:47:20 2026] A fire giant warrior tries to slash Lord Nagafen, but misses!
[Wed Aug 05 20:47:20 2026] A fire giant warrior slashes Lord Nagafen for 70 points of damage.
[Wed Aug 05 20:47:20 2026] A fire giant warrior crushes Lord Nagafen for 20 points of damage.
[Wed Aug 05 20:47:20 2026] You try to strike Lord Nagafen, but miss!
[Wed Aug 05 20:47:20 2026] Lord Nagafen crushes YOU for 168 points of damage.
[Wed Aug 05 20:47:20 2026] Lord Nagafen tries to crush YOU, but misses!
[Wed Aug 05 20:47:20 2026] You claw Lord Nagafen for 150 points of damage. (Critical)
[Wed Aug 05 20:47:20 2026] You try to claw Lord Nagafen, but miss!
[Wed Aug 05 20:47:21 2026] You slash Lord Nagafen for 76 points of damage.
[Wed Aug 05 20:47:21 2026] You slash Lord Nagafen for 329 points of damage. (Critical)
[Wed Aug 05 20:47:21 2026] You can't use that command right now...
[Wed Aug 05 20:47:21 2026] Your Djarn's Amethyst Ring (Exaltation) shimmers briefly.
[Wed Aug 05 20:47:21 2026] You begin casting Superior Healing IV.
[Wed Aug 05 20:47:21 2026] A fire giant warrior slashes Lord Nagafen for 20 points of damage.
[Wed Aug 05 20:47:21 2026] You can't use that command right now...
[Wed Aug 05 20:47:21 2026] A fire giant warrior frenzies on Lord Nagafen for 38 points of damage.
[Wed Aug 05 20:47:21 2026] A fire giant warrior frenzies on Lord Nagafen for 17 points of damage.
[Wed Aug 05 20:47:21 2026] You can't use that command right now...
[Wed Aug 05 20:47:22 2026] A fire giant warrior cleaves Lord Nagafen for 61 points of damage.
[Wed Aug 05 20:47:22 2026] Your Idol of the Underking (Exaltation) feels alive with power.
[Wed Aug 05 20:47:22 2026] You feel much better.
[Wed Aug 05 20:47:22 2026] You healed Primitive for 878 hit points by Superior Healing.
[Wed Aug 05 20:47:22 2026] You claw Lord Nagafen for 32 points of damage.
[Wed Aug 05 20:47:22 2026] You try to claw Lord Nagafen, but miss!
[Wed Aug 05 20:47:22 2026] You smite Lord Nagafen for 72 points of damage.
[Wed Aug 05 20:47:22 2026] You hit Lord Nagafen for 259 points of magic damage by Smiting Strike.
[Wed Aug 05 20:47:22 2026] Lord Nagafen staggers.
[Wed Aug 05 20:47:22 2026] You kick Lord Nagafen for 82 points of damage.
[Wed Aug 05 20:47:22 2026] You slash Lord Nagafen for 130 points of damage.
[Wed Aug 05 20:47:22 2026] You bash Lord Nagafen for 44 points of damage.
[Wed Aug 05 20:47:22 2026] You bash Lord Nagafen for 96 points of damage.
[Wed Aug 05 20:47:22 2026] A fire giant warrior slashes Lord Nagafen for 43 points of damage.
[Wed Aug 05 20:47:22 2026] A fire giant warrior slashes Lord Nagafen for 38 points of damage.
[Wed Aug 05 20:47:22 2026] A fire giant warrior crushes Lord Nagafen for 89 points of damage.
[Wed Aug 05 20:47:23 2026] Lord Nagafen tries to crush YOU, but misses!
[Wed Aug 05 20:47:23 2026] You claw Lord Nagafen for 52 points of damage.
[Wed Aug 05 20:47:23 2026] You slash Lord Nagafen for 172 points of damage.
[Wed Aug 05 20:47:23 2026] You strike Lord Nagafen for 66 points of damage.
[Wed Aug 05 20:47:24 2026] A fire giant warrior tries to slash Lord Nagafen, but misses!
[Wed Aug 05 20:47:24 2026] A fire giant warrior tries to kick Lord Nagafen, but misses!
[Wed Aug 05 20:47:24 2026] A fire giant warrior tries to kick Lord Nagafen, but misses!
[Wed Aug 05 20:47:24 2026] A fire giant warrior bashes Lord Nagafen for 16 points of damage.
[Wed Aug 05 20:47:24 2026] A fire giant warrior tries to bash Lord Nagafen, but misses!
[Wed Aug 05 20:47:25 2026] You slash Lord Nagafen for 168 points of damage.
[Wed Aug 05 20:47:25 2026] You try to slash Lord Nagafen, but miss!
[Wed Aug 05 20:47:25 2026] You slash Lord Nagafen for 34 points of damage.
[Wed Aug 05 20:47:25 2026] You claw Lord Nagafen for 48 points of damage.
[Wed Aug 05 20:47:25 2026] You claw Lord Nagafen for 38 points of damage.
[Wed Aug 05 20:47:25 2026] A fire giant warrior tries to slash Lord Nagafen, but misses!
[Wed Aug 05 20:47:25 2026] A fire giant warrior crushes Lord Nagafen for 89 points of damage.
[Wed Aug 05 20:47:25 2026] You can't use that command right now...
[Wed Aug 05 20:47:25 2026] Your Djarn's Amethyst Ring (Exaltation) shimmers briefly.
[Wed Aug 05 20:47:25 2026] You begin casting Superior Healing IV.
[Wed Aug 05 20:47:25 2026] You can't use that command right now...
[Wed Aug 05 20:47:25 2026] You can't use that command right now...
[Wed Aug 05 20:47:26 2026] You can't use that command right now...
[Wed Aug 05 20:47:26 2026] You can't use that command right now...
[Wed Aug 05 20:47:26 2026] Lord Nagafen crushes YOU for 105 points of damage.
[Wed Aug 05 20:47:26 2026] Lord Nagafen tries to crush YOU, but YOU block!
[Wed Aug 05 20:47:26 2026] You regain your concentration and continue your casting.
[Wed Aug 05 20:47:26 2026] Your Idol of the Underking (Exaltation) feels alive with power.
[Wed Aug 05 20:47:26 2026] You feel much better.
[Wed Aug 05 20:47:26 2026] You healed Primitive for 943 hit points by Superior Healing.
[Wed Aug 05 20:47:26 2026] Lord Nagafen begins casting Shadow Vortex.
[Wed Aug 05 20:47:26 2026] You try to slash Lord Nagafen, but miss!
[Wed Aug 05 20:47:26 2026] You try to slash Lord Nagafen, but Lord Nagafen parries!
[Wed Aug 05 20:47:26 2026] A fire giant warrior tries to slash Lord Nagafen, but misses!
[Wed Aug 05 20:47:27 2026] You try to claw Lord Nagafen, but Lord Nagafen blocks!
[Wed Aug 05 20:47:27 2026] You claw Lord Nagafen for 8 points of damage.
[Wed Aug 05 20:47:27 2026] Lord Nagafen regains concentration and continues casting.
[Wed Aug 05 20:47:27 2026] You resist Lord Nagafen's Shadow Vortex!
[Wed Aug 05 20:47:27 2026] You try to kick Lord Nagafen, but Lord Nagafen parries!
[Wed Aug 05 20:47:27 2026] You try to kick Lord Nagafen, but miss!
[Wed Aug 05 20:47:27 2026] You try to bash Lord Nagafen, but miss!
[Wed Aug 05 20:47:27 2026] You bash Lord Nagafen for 106 points of damage.
[Wed Aug 05 20:47:27 2026] You strike Lord Nagafen for 26 points of damage.
[Wed Aug 05 20:47:27 2026] A fire giant warrior slashes Lord Nagafen for 75 points of damage.
[Wed Aug 05 20:47:28 2026] This spell only works on constructs or elementals.
[Wed Aug 05 20:47:28 2026] You slash Lord Nagafen for 143 points of damage. (Critical)
[Wed Aug 05 20:47:28 2026] You try to slash Lord Nagafen, but miss!
[Wed Aug 05 20:47:28 2026] You claw Lord Nagafen for 134 points of damage.
[Wed Aug 05 20:47:28 2026] Lord Nagafen hit you for 600 points of fire damage by Lava Breath.
[Wed Aug 05 20:47:28 2026] Your body combusts as the lava hits you.
[Wed Aug 05 20:47:28 2026] Lord Nagafen hit a fire giant warrior for 600 points of fire damage by Lava Breath.
[Wed Aug 05 20:47:28 2026] A fire giant warrior's body combusts as the lava hits them.
[Wed Aug 05 20:47:28 2026] A fire giant warrior tries to cleave Lord Nagafen, but misses!
[Wed Aug 05 20:47:28 2026] A fire giant warrior tries to kick Lord Nagafen, but misses!
[Wed Aug 05 20:47:28 2026] A fire giant warrior bashes Lord Nagafen for 16 points of damage.
[Wed Aug 05 20:47:28 2026] A fire giant warrior tries to bash Lord Nagafen, but misses!
[Wed Aug 05 20:47:28 2026] Lord Nagafen crushes YOU for 222 points of damage.
[Wed Aug 05 20:47:28 2026] Lord Nagafen tries to crush YOU, but YOU riposte!
[Wed Aug 05 20:47:28 2026] You slash Lord Nagafen for 54 points of damage. (Riposte)
[Wed Aug 05 20:47:29 2026] A fire giant warrior slashes Lord Nagafen for 107 points of damage.
[Wed Aug 05 20:47:29 2026] You try to slash Lord Nagafen, but miss!
[Wed Aug 05 20:47:29 2026] Your Djarn's Amethyst Ring (Exaltation) shimmers briefly.
[Wed Aug 05 20:47:29 2026] You begin casting Superior Healing IV.
[Wed Aug 05 20:47:29 2026] You can't use that command right now...
[Wed Aug 05 20:47:29 2026] You can't use that command right now...
[Wed Aug 05 20:47:30 2026] A fire giant warrior frenzies on Lord Nagafen for 33 points of damage.
[Wed Aug 05 20:47:30 2026] You can't use that command right now...
[Wed Aug 05 20:47:30 2026] You regain your concentration and continue your casting.
[Wed Aug 05 20:47:30 2026] Your Idol of the Underking (Exaltation) feels alive with power.
[Wed Aug 05 20:47:30 2026] You feel much better.
[Wed Aug 05 20:47:30 2026] You healed Primitive for 834 hit points by Superior Healing.
[Wed Aug 05 20:47:30 2026] You claw Lord Nagafen for 4 points of damage.
[Wed Aug 05 20:47:30 2026] A fire giant warrior tries to slash Lord Nagafen, but misses!
[Wed Aug 05 20:47:30 2026] You try to smite Lord Nagafen, but miss!
[Wed Aug 05 20:47:30 2026] You slash Lord Nagafen for 154 points of damage. (Critical)
[Wed Aug 05 20:47:30 2026] Lord Nagafen crushes YOU for 39 points of damage. (Riposte)
[Wed Aug 05 20:47:31 2026] You try to strike Lord Nagafen, but miss!
[Wed Aug 05 20:47:31 2026] You strike Lord Nagafen for 92 points of damage.
[Wed Aug 05 20:47:31 2026] You try to claw Lord Nagafen, but miss!
[Wed Aug 05 20:47:31 2026] You claw Lord Nagafen for 70 points of damage.
[Wed Aug 05 20:47:31 2026] You bash Lord Nagafen for 110 points of damage.
[Wed Aug 05 20:47:31 2026] You bash Lord Nagafen for 178 points of damage.
[Wed Aug 05 20:47:31 2026] Lord Nagafen tries to crush YOU, but misses!
[Wed Aug 05 20:47:31 2026] A fire giant warrior tries to slash Lord Nagafen, but misses!
[Wed Aug 05 20:47:31 2026] A fire giant warrior tries to slash Lord Nagafen, but misses!
[Wed Aug 05 20:47:32 2026] You try to kick Lord Nagafen, but miss!
[Wed Aug 05 20:47:32 2026] You try to kick Lord Nagafen, but Lord Nagafen blocks!
[Wed Aug 05 20:47:32 2026] You slash Lord Nagafen for 236 points of damage.
[Wed Aug 05 20:47:32 2026] You slash Lord Nagafen for 186 points of damage.
[Wed Aug 05 20:47:33 2026] You try to claw Lord Nagafen, but Lord Nagafen blocks!
[Wed Aug 05 20:47:33 2026] You claw Lord Nagafen for 4 points of damage.
[Wed Aug 05 20:47:33 2026] A fire giant warrior tries to slash Lord Nagafen, but misses!
[Wed Aug 05 20:47:33 2026] A fire giant warrior tries to bash Lord Nagafen, but misses!
[Wed Aug 05 20:47:33 2026] A fire giant warrior tries to bash Lord Nagafen, but misses!
[Wed Aug 05 20:47:33 2026] A fire giant warrior tries to kick Lord Nagafen, but misses!
[Wed Aug 05 20:47:33 2026] A fire giant warrior tries to kick Lord Nagafen, but misses!
[Wed Aug 05 20:47:33 2026] You slash Lord Nagafen for 174 points of damage. (Critical)
[Wed Aug 05 20:47:33 2026] You slash Lord Nagafen for 90 points of damage.
[Wed Aug 05 20:47:33 2026] You can't use that command right now...
[Wed Aug 05 20:47:33 2026] You can't use that command right now...
[Wed Aug 05 20:47:33 2026] Your Djarn's Amethyst Ring (Exaltation) shimmers briefly.
[Wed Aug 05 20:47:33 2026] You begin casting Superior Healing IV.
[Wed Aug 05 20:47:34 2026] You can't use that command right now...
[Wed Aug 05 20:47:34 2026] A fire giant warrior tries to slash Lord Nagafen, but misses!
[Wed Aug 05 20:47:34 2026] A fire giant warrior tries to crush Lord Nagafen, but misses!
[Wed Aug 05 20:47:34 2026] Your Idol of the Underking (Exaltation) feels alive with power.
[Wed Aug 05 20:47:34 2026] You feel much better.
[Wed Aug 05 20:47:34 2026] You healed Primitive for 870 hit points by Superior Healing.
[Wed Aug 05 20:47:34 2026] You claw Lord Nagafen for 16 points of damage.
[Wed Aug 05 20:47:34 2026] You claw Lord Nagafen for 68 points of damage.
[Wed Aug 05 20:47:34 2026] Lord Nagafen tries to crush YOU, but YOU dodge!
[Wed Aug 05 20:47:34 2026] Lord Nagafen crushes YOU for 222 points of damage.
[Wed Aug 05 20:47:34 2026] You try to strike Lord Nagafen, but miss!
[Wed Aug 05 20:47:34 2026] You strike Lord Nagafen for 92 points of damage.
[Wed Aug 05 20:47:35 2026] You slash Lord Nagafen for 164 points of damage.
[Wed Aug 05 20:47:35 2026] You slash Lord Nagafen for 34 points of damage.
[Wed Aug 05 20:47:35 2026] A fire giant warrior cleaves Lord Nagafen for 107 points of damage.
[Wed Aug 05 20:47:35 2026] A fire giant warrior slashes Lord Nagafen for 107 points of damage.
[Wed Aug 05 20:47:35 2026] You claw Lord Nagafen for 55 points of damage. (Critical)
[Wed Aug 05 20:47:36 2026] You bash Lord Nagafen for 46 points of damage.
[Wed Aug 05 20:47:36 2026] You try to slash Lord Nagafen, but miss!
[Wed Aug 05 20:47:37 2026] You kick Lord Nagafen for 102 points of damage.
[Wed Aug 05 20:47:37 2026] You kick Lord Nagafen for 92 points of damage.
[Wed Aug 05 20:47:37 2026] You kick Lord Nagafen for 154 points of damage.
[Wed Aug 05 20:47:37 2026] A fire giant warrior slashes Lord Nagafen for 33 points of damage.
[Wed Aug 05 20:47:37 2026] A fire giant warrior slashes Lord Nagafen for 33 points of damage.
[Wed Aug 05 20:47:37 2026] A fire giant warrior crushes Lord Nagafen for 56 points of damage.
[Wed Aug 05 20:47:37 2026] Lord Nagafen crushes YOU for 81 points of damage.
[Wed Aug 05 20:47:37 2026] You claw Lord Nagafen for 45 points of damage. (Critical)
[Wed Aug 05 20:47:37 2026] You try to claw Lord Nagafen, but miss!
[Wed Aug 05 20:47:37 2026] A fire giant warrior tries to bash Lord Nagafen, but misses!
[Wed Aug 05 20:47:37 2026] A fire giant warrior bashes Lord Nagafen for 16 points of damage.
[Wed Aug 05 20:47:37 2026] You try to slash Lord Nagafen, but miss!
[Wed Aug 05 20:47:37 2026] You slash Lord Nagafen for 132 points of damage.
[Wed Aug 05 20:47:37 2026] You try to slash Lord Nagafen, but miss!
[Wed Aug 05 20:47:37 2026] You can't use that command right now...
[Wed Aug 05 20:47:38 2026] Your Djarn's Amethyst Ring (Exaltation) shimmers briefly.
[Wed Aug 05 20:47:38 2026] You begin casting Superior Healing IV.
[Wed Aug 05 20:47:38 2026] A fire giant warrior frenzies on Lord Nagafen for 43 points of damage.
[Wed Aug 05 20:47:38 2026] You can't use that command right now...
[Wed Aug 05 20:47:38 2026] You can't use that command right now...
[Wed Aug 05 20:47:38 2026] A fire giant warrior slashes Lord Nagafen for 20 points of damage.
[Wed Aug 05 20:47:38 2026] A fire giant warrior tries to slash Lord Nagafen, but misses!
[Wed Aug 05 20:47:38 2026] A fire giant warrior tries to crush Lord Nagafen, but misses!
[Wed Aug 05 20:47:38 2026] Your Idol of the Underking (Exaltation) feels alive with power.
[Wed Aug 05 20:47:38 2026] You feel much better.
[Wed Aug 05 20:47:38 2026] You healed Primitive for 848 hit points by Superior Healing.
[Wed Aug 05 20:47:38 2026] A fire giant warrior tries to kick Lord Nagafen, but misses!
[Wed Aug 05 20:47:38 2026] A fire giant warrior kicks Lord Nagafen for 55 points of damage.
[Wed Aug 05 20:47:38 2026] Lord Nagafen cleaves YOU for 74 points of damage.
[Wed Aug 05 20:47:38 2026] You try to strike Lord Nagafen, but miss!
[Wed Aug 05 20:47:38 2026] You strike Lord Nagafen for 64 points of damage.
[Wed Aug 05 20:47:38 2026] You try to claw Lord Nagafen, but miss!
[Wed Aug 05 20:47:38 2026] You claw Lord Nagafen for 174 points of damage.
[Wed Aug 05 20:47:39 2026] You try to smite Lord Nagafen, but miss!
[Wed Aug 05 20:47:39 2026] You slash Lord Nagafen for 213 points of damage. (Critical)
[Wed Aug 05 20:47:39 2026] You try to slash Lord Nagafen, but miss!
[Wed Aug 05 20:47:39 2026] A fire giant warrior tries to slash Lord Nagafen, but misses!
[Wed Aug 05 20:47:39 2026] A fire giant warrior tries to slash Lord Nagafen, but misses!
[Wed Aug 05 20:47:40 2026] Lord Nagafen hit you for 66 points of magic damage by Earthquake.
[Wed Aug 05 20:47:40 2026] You feel the ground shake.
[Wed Aug 05 20:47:40 2026] Lord Nagafen crushes YOU for 199 points of damage.
[Wed Aug 05 20:47:40 2026] Lord Nagafen crushes YOU for 206 points of damage.
[Wed Aug 05 20:47:40 2026] This spell only works on constructs or elementals.
[Wed Aug 05 20:47:40 2026] You slash Lord Nagafen for 158 points of damage.
[Wed Aug 05 20:47:40 2026] You slash Lord Nagafen for 124 points of damage. (Critical)
[Wed Aug 05 20:47:40 2026] You try to slash Lord Nagafen, but Lord Nagafen parries!
[Wed Aug 05 20:47:41 2026] You bash Lord Nagafen for 22 points of damage.
[Wed Aug 05 20:47:41 2026] You try to bash Lord Nagafen, but miss!
[Wed Aug 05 20:47:41 2026] A fire giant warrior tries to slash Lord Nagafen, but misses!
[Wed Aug 05 20:47:41 2026] You kick Lord Nagafen for 120 points of damage.
[Wed Aug 05 20:47:42 2026] You try to claw Lord Nagafen, but miss!
[Wed Aug 05 20:47:42 2026] You try to slash Lord Nagafen, but miss!
[Wed Aug 05 20:47:42 2026] You try to slash Lord Nagafen, but Lord Nagafen blocks!
[Wed Aug 05 20:47:42 2026] A fire giant warrior cleaves Lord Nagafen for 107 points of damage.
[Wed Aug 05 20:47:42 2026] A fire giant warrior tries to cleave Lord Nagafen, but misses!
[Wed Aug 05 20:47:42 2026] A fire giant warrior bashes Lord Nagafen for 16 points of damage.
[Wed Aug 05 20:47:42 2026] A fire giant warrior tries to bash Lord Nagafen, but misses!
[Wed Aug 05 20:47:42 2026] A fire giant warrior slashes Lord Nagafen for 79 points of damage.
[Wed Aug 05 20:47:42 2026] A fire giant warrior tries to crush Lord Nagafen, but misses!
[Wed Aug 05 20:47:42 2026] A fire giant warrior tries to crush Lord Nagafen, but misses!
[Wed Aug 05 20:47:42 2026] You can't use that command right now...
[Wed Aug 05 20:47:42 2026] You can't use that command right now...
[Wed Aug 05 20:47:42 2026] Your Djarn's Amethyst Ring (Exaltation) shimmers briefly.
[Wed Aug 05 20:47:42 2026] You begin casting Superior Healing IV.
[Wed Aug 05 20:47:42 2026] Lord Nagafen crushes YOU for 199 points of damage.
[Wed Aug 05 20:47:42 2026] Lord Nagafen tries to crush YOU, but misses!
[Wed Aug 05 20:47:43 2026] Lord Nagafen hit you for 600 points of fire damage by Lava Breath.
[Wed Aug 05 20:47:43 2026] Your body combusts as the lava hits you.
[Wed Aug 05 20:47:43 2026] Lord Nagafen hit a fire giant warrior for 42 points of fire damage by Lava Breath.
[Wed Aug 05 20:47:43 2026] A fire giant warrior's body combusts as the lava hits them.
[Wed Aug 05 20:47:43 2026] You regain your concentration and continue your casting.
[Wed Aug 05 20:47:43 2026] Your Idol of the Underking (Exaltation) feels alive with power.
[Wed Aug 05 20:47:43 2026] You feel much better.
[Wed Aug 05 20:47:43 2026] You healed Primitive for 805 hit points by Superior Healing.
[Wed Aug 05 20:47:43 2026] You try to strike Lord Nagafen, but miss!
[Wed Aug 05 20:47:43 2026] You claw Lord Nagafen for 170 points of damage.
[Wed Aug 05 20:47:43 2026] You try to slash Lord Nagafen, but miss!
[Wed Aug 05 20:47:43 2026] You slash Lord Nagafen for 172 points of damage.
[Wed Aug 05 20:47:43 2026] A fire giant warrior slashes Lord Nagafen for 107 points of damage.
[Wed Aug 05 20:47:44 2026] A fire giant warrior tries to kick Lord Nagafen, but misses!
[Wed Aug 05 20:47:44 2026] A fire giant warrior tries to kick Lord Nagafen, but misses!
[Wed Aug 05 20:47:44 2026] You try to slash Lord Nagafen, but miss!
[Wed Aug 05 20:47:44 2026] You slash Lord Nagafen for 34 points of damage.
[Wed Aug 05 20:47:44 2026] A fire giant warrior slashes Lord Nagafen for 38 points of damage.
[Wed Aug 05 20:47:44 2026] A fire giant warrior tries to slash Lord Nagafen, but misses!
[Wed Aug 05 20:47:44 2026] A fire giant warrior tries to crush Lord Nagafen, but misses!
[Wed Aug 05 20:47:44 2026] A fire giant warrior tries to crush Lord Nagafen, but misses!
[Wed Aug 05 20:47:45 2026] You try to claw Lord Nagafen, but miss!
[Wed Aug 05 20:47:45 2026] You bash Lord Nagafen for 112 points of damage.
[Wed Aug 05 20:47:45 2026] You bash Lord Nagafen for 154 points of damage.
[Wed Aug 05 20:47:45 2026] Lord Nagafen hit you for 295 points of magic damage by Earthquake.
[Wed Aug 05 20:47:45 2026] You feel the ground shake.
[Wed Aug 05 20:47:45 2026] Lord Nagafen tries to crush YOU, but misses!
[Wed Aug 05 20:47:45 2026] Lord Nagafen tries to crush YOU, but misses!
[Wed Aug 05 20:47:46 2026] A fire giant warrior tries to slash Lord Nagafen, but misses!
[Wed Aug 05 20:47:46 2026] A fire giant warrior slashes Lord Nagafen for 29 points of damage.
[Wed Aug 05 20:47:46 2026] You slash Lord Nagafen for 174 points of damage.
[Wed Aug 05 20:47:46 2026] A fire giant warrior frenzies on Lord Nagafen for 43 points of damage.
[Wed Aug 05 20:47:46 2026] A fire giant warrior frenzies on Lord Nagafen for 31 points of damage.
[Wed Aug 05 20:47:46 2026] You can't use that command right now...
[Wed Aug 05 20:47:46 2026] You try to kick Lord Nagafen, but miss!
[Wed Aug 05 20:47:46 2026] You claw Lord Nagafen for 80 points of damage.
[Wed Aug 05 20:47:46 2026] You claw Lord Nagafen for 48 points of damage.
[Wed Aug 05 20:47:46 2026] Your Djarn's Amethyst Ring (Exaltation) shimmers briefly.
[Wed Aug 05 20:47:46 2026] You begin casting Shiftless Deeds IV.
[Wed Aug 05 20:47:46 2026] A fire giant warrior bashes Lord Nagafen for 16 points of damage.
[Wed Aug 05 20:47:46 2026] A fire giant warrior bashes Lord Nagafen for 16 points of damage.
[Wed Aug 05 20:47:46 2026] You can't use that command right now...
[Wed Aug 05 20:47:47 2026] A fire giant warrior slashes Lord Nagafen for 52 points of damage.
[Wed Aug 05 20:47:47 2026] A fire giant warrior tries to crush Lord Nagafen, but misses!
[Wed Aug 05 20:47:47 2026] A fire giant warrior crushes Lord Nagafen for 107 points of damage.
[Wed Aug 05 20:47:48 2026] Lord Nagafen slows down.
[Wed Aug 05 20:47:48 2026] You claw Lord Nagafen for 8 points of damage.
[Wed Aug 05 20:47:48 2026] You try to slash Lord Nagafen, but Lord Nagafen parries!
[Wed Aug 05 20:47:48 2026] You slash Lord Nagafen for 76 points of damage.
[Wed Aug 05 20:47:48 2026] You smite Lord Nagafen for 16 points of damage.
[Wed Aug 05 20:47:48 2026] You hit Lord Nagafen for 259 points of magic damage by Smiting Strike.
[Wed Aug 05 20:47:48 2026] Lord Nagafen staggers.
[Wed Aug 05 20:47:48 2026] You smite Lord Nagafen for 102 points of damage.
[Wed Aug 05 20:47:48 2026] You hit Lord Nagafen for 259 points of magic damage by Smiting Strike.
[Wed Aug 05 20:47:48 2026] Lord Nagafen staggers.
[Wed Aug 05 20:47:48 2026] You try to strike Lord Nagafen, but miss!
[Wed Aug 05 20:47:48 2026] You strike Lord Nagafen for 4 points of damage.
[Wed Aug 05 20:47:48 2026] A fire giant warrior kicks Lord Nagafen for 43 points of damage.
[Wed Aug 05 20:47:48 2026] A fire giant warrior tries to kick Lord Nagafen, but misses!
[Wed Aug 05 20:47:48 2026] You resist Lord Nagafen's Earthquake!
[Wed Aug 05 20:47:48 2026] Lord Nagafen crushes YOU for 112 points of damage.
[Wed Aug 05 20:47:48 2026] A fire giant warrior tries to cleave Lord Nagafen, but misses!
[Wed Aug 05 20:47:48 2026] A fire giant warrior slashes Lord Nagafen for 56 points of damage.
[Wed Aug 05 20:47:48 2026] A fire giant warrior crushes Lord Nagafen for 20 points of damage.
[Wed Aug 05 20:47:49 2026] You try to slash Lord Nagafen, but miss!
[Wed Aug 05 20:47:49 2026] You slash Lord Nagafen for 164 points of damage.
[Wed Aug 05 20:47:49 2026] You claw Lord Nagafen for 43 points of damage. (Critical)
[Wed Aug 05 20:47:49 2026] You claw Lord Nagafen for 158 points of damage.
[Wed Aug 05 20:47:50 2026] You bash Lord Nagafen for 50 points of damage.
[Wed Aug 05 20:47:50 2026] You bash Lord Nagafen for 48 points of damage.
[Wed Aug 05 20:47:50 2026] A fire giant warrior slashes Lord Nagafen for 75 points of damage.
[Wed Aug 05 20:47:50 2026] A fire giant warrior slashes Lord Nagafen for 20 points of damage.
[Wed Aug 05 20:47:50 2026] A fire giant warrior crushes Lord Nagafen for 79 points of damage.
[Wed Aug 05 20:47:50 2026] A fire giant warrior crushes Lord Nagafen for 56 points of damage.
[Wed Aug 05 20:47:50 2026] You slash Lord Nagafen for 158 points of damage.
[Wed Aug 05 20:47:51 2026] You claw Lord Nagafen for 52 points of damage.
[Wed Aug 05 20:47:51 2026] Lord Nagafen hit you for 292 points of magic damage by Earthquake.
[Wed Aug 05 20:47:51 2026] You feel the ground shake.
[Wed Aug 05 20:47:51 2026] Lord Nagafen crushes YOU for 222 points of damage.
[Wed Aug 05 20:47:51 2026] You kick Lord Nagafen for 118 points of damage.
[Wed Aug 05 20:47:51 2026] A fire giant warrior tries to bash Lord Nagafen, but misses!
[Wed Aug 05 20:47:51 2026] A fire giant warrior tries to slash Lord Nagafen, but misses!
[Wed Aug 05 20:47:51 2026] A fire giant warrior crushes Lord Nagafen for 66 points of damage.
[Wed Aug 05 20:47:51 2026] A fire giant warrior crushes Lord Nagafen for 84 points of damage.
[Wed Aug 05 20:47:52 2026] You try to strike Lord Nagafen, but miss!
[Wed Aug 05 20:47:52 2026] You strike Lord Nagafen for 26 points of damage.
[Wed Aug 05 20:47:52 2026] You slash Lord Nagafen for 136 points of damage.
[Wed Aug 05 20:47:52 2026] You claw Lord Nagafen for 98 points of damage.
[Wed Aug 05 20:47:52 2026] A fire giant warrior tries to slash Lord Nagafen, but misses!
[Wed Aug 05 20:47:52 2026] You can't use that command right now...
[Wed Aug 05 20:47:53 2026] Your Djarn's Amethyst Ring (Exaltation) shimmers briefly.
[Wed Aug 05 20:47:53 2026] You begin casting Superior Healing IV.
[Wed Aug 05 20:47:53 2026] A fire giant warrior kicks Lord Nagafen for 31 points of damage.
[Wed Aug 05 20:47:53 2026] A fire giant warrior kicks Lord Nagafen for 49 points of damage.
[Wed Aug 05 20:47:53 2026] You can't use that command right now...
[Wed Aug 05 20:47:53 2026] You can't use that command right now...
[Wed Aug 05 20:47:53 2026] Your Idol of the Underking (Exaltation) feels alive with power.
[Wed Aug 05 20:47:53 2026] You feel much better.
[Wed Aug 05 20:47:53 2026] You healed Primitive for 920 hit points by Superior Healing.
[Wed Aug 05 20:47:53 2026] You try to slash Lord Nagafen, but Lord Nagafen parries!
[Wed Aug 05 20:47:54 2026] Lord Nagafen crushes YOU for 222 points of damage.
[Wed Aug 05 20:47:54 2026] You claw Lord Nagafen for 32 points of damage.
[Wed Aug 05 20:47:54 2026] A fire giant warrior slashes Lord Nagafen for 20 points of damage.
[Wed Aug 05 20:47:54 2026] A fire giant warrior tries to slash Lord Nagafen, but misses!
[Wed Aug 05 20:47:54 2026] A fire giant warrior tries to crush Lord Nagafen, but misses!
[Wed Aug 05 20:47:54 2026] A fire giant warrior tries to crush Lord Nagafen, but misses!
[Wed Aug 05 20:47:54 2026] A fire giant warrior frenzies on Lord Nagafen for 61 points of damage.
[Wed Aug 05 20:47:54 2026] A fire giant warrior frenzies on Lord Nagafen for 17 points of damage.
[Wed Aug 05 20:47:54 2026] You bash Lord Nagafen for 96 points of damage.
[Wed Aug 05 20:47:54 2026] You slash Lord Nagafen for 152 points of damage.
[Wed Aug 05 20:47:54 2026] You slash Lord Nagafen for 172 points of damage.
[Wed Aug 05 20:47:55 2026] A fire giant warrior cleaves Lord Nagafen for 24 points of damage.
[Wed Aug 05 20:47:55 2026] A fire giant warrior tries to cleave Lord Nagafen, but misses!
[Wed Aug 05 20:47:55 2026] A fire giant warrior slashes Lord Nagafen for 61 points of damage.
[Wed Aug 05 20:47:55 2026] A fire giant warrior slashes Lord Nagafen for 47 points of damage.
[Wed Aug 05 20:47:55 2026] A fire giant warrior crushes Lord Nagafen for 33 points of damage.
[Wed Aug 05 20:47:55 2026] A fire giant warrior crushes Lord Nagafen for 20 points of damage.
[Wed Aug 05 20:47:55 2026] You strike Lord Nagafen for 106 points of damage.
[Wed Aug 05 20:47:55 2026] You try to strike Lord Nagafen, but miss!
[Wed Aug 05 20:47:55 2026] You claw Lord Nagafen for 162 points of damage.
[Wed Aug 05 20:47:55 2026] You try to claw Lord Nagafen, but miss!
[Wed Aug 05 20:47:55 2026] A fire giant warrior tries to bash Lord Nagafen, but misses!
[Wed Aug 05 20:47:56 2026] You kick Lord Nagafen for 58 points of damage.
[Wed Aug 05 20:47:56 2026] You slash Lord Nagafen for 226 points of damage.
[Wed Aug 05 20:47:56 2026] You smite Lord Nagafen for 2 points of damage.
[Wed Aug 05 20:47:56 2026] You hit Lord Nagafen for 259 points of magic damage by Smiting Strike.
[Wed Aug 05 20:47:56 2026] Lord Nagafen staggers.
[Wed Aug 05 20:47:56 2026] You smite Lord Nagafen for 10 points of damage.
[Wed Aug 05 20:47:56 2026] You hit Lord Nagafen for 259 points of magic damage by Smiting Strike.
[Wed Aug 05 20:47:56 2026] Lord Nagafen staggers.
[Wed Aug 05 20:47:56 2026] A fire giant warrior slashes Lord Nagafen for 20 points of damage.
[Wed Aug 05 20:47:56 2026] A fire giant warrior slashes Lord Nagafen for 47 points of damage.
[Wed Aug 05 20:47:56 2026] Lord Nagafen tries to crush YOU, but YOU dodge!
[Wed Aug 05 20:47:56 2026] Lord Nagafen tries to crush YOU, but misses!
[Wed Aug 05 20:47:56 2026] You can't use that command right now...
[Wed Aug 05 20:47:57 2026] You can't use that command right now...
[Wed Aug 05 20:47:57 2026] Your Djarn's Amethyst Ring (Exaltation) shimmers briefly.
[Wed Aug 05 20:47:57 2026] You begin casting Superior Healing IV.
[Wed Aug 05 20:47:57 2026] A fire giant warrior tries to kick Lord Nagafen, but misses!
[Wed Aug 05 20:47:57 2026] A fire giant warrior tries to kick Lord Nagafen, but misses!
[Wed Aug 05 20:47:57 2026] Your Idol of the Underking (Exaltation) feels alive with power.
[Wed Aug 05 20:47:57 2026] You feel much better.
[Wed Aug 05 20:47:57 2026] You healed Primitive for 913 hit points by Superior Healing.
[Wed Aug 05 20:47:57 2026] You claw Lord Nagafen for 148 points of damage.
[Wed Aug 05 20:47:57 2026] You try to claw Lord Nagafen, but miss!
[Wed Aug 05 20:47:57 2026] You try to slash Lord Nagafen, but miss!
[Wed Aug 05 20:47:57 2026] A fire giant warrior tries to slash Lord Nagafen, but misses!
[Wed Aug 05 20:47:57 2026] A fire giant warrior slashes Lord Nagafen for 98 points of damage.
[Wed Aug 05 20:47:57 2026] A fire giant warrior crushes Lord Nagafen for 70 points of damage.
[Wed Aug 05 20:47:57 2026] A fire giant warrior crushes Lord Nagafen for 20 points of damage.
[Wed Aug 05 20:47:57 2026] Lord Nagafen tries to cleave YOU, but misses!
[Wed Aug 05 20:47:58 2026] You try to claw Lord Nagafen, but Lord Nagafen dodges!
[Wed Aug 05 20:47:58 2026] You claw Lord Nagafen for 102 points of damage.
[Wed Aug 05 20:47:59 2026] You slash Lord Nagafen for 320 points of damage.
[Wed Aug 05 20:47:59 2026] You strike Lord Nagafen for 64 points of damage.
[Wed Aug 05 20:47:59 2026] You strike Lord Nagafen for 50 points of damage. (Critical)
[Wed Aug 05 20:47:59 2026] You try to bash Lord Nagafen, but miss!
[Wed Aug 05 20:47:59 2026] A fire giant warrior tries to slash Lord Nagafen, but misses!
[Wed Aug 05 20:47:59 2026] Lord Nagafen crushes YOU for 222 points of damage.
[Wed Aug 05 20:47:59 2026] Lord Nagafen tries to crush YOU, but misses!
[Wed Aug 05 20:47:59 2026] Lord Nagafen hit you for 600 points of fire damage by Lava Breath.
[Wed Aug 05 20:47:59 2026] Your body combusts as the lava hits you.
[Wed Aug 05 20:47:59 2026] Lord Nagafen hit a fire giant warrior for 186 points of fire damage by Lava Breath.
[Wed Aug 05 20:47:59 2026] A fire giant warrior's body combusts as the lava hits them.
[Wed Aug 05 20:48:00 2026] You try to claw Lord Nagafen, but miss!
[Wed Aug 05 20:48:00 2026] A fire giant warrior tries to bash Lord Nagafen, but misses!
[Wed Aug 05 20:48:00 2026] You slash Lord Nagafen for 172 points of damage.
[Wed Aug 05 20:48:00 2026] You slash Lord Nagafen for 42 points of damage.
[Wed Aug 05 20:48:00 2026] A fire giant warrior slashes Lord Nagafen for 75 points of damage.
[Wed Aug 05 20:48:00 2026] A fire giant warrior tries to slash Lord Nagafen, but misses!
[Wed Aug 05 20:48:00 2026] You kick Lord Nagafen for 76 points of damage.
[Wed Aug 05 20:48:00 2026] You try to kick Lord Nagafen, but miss!
[Wed Aug 05 20:48:01 2026] You try to claw Lord Nagafen, but miss!
[Wed Aug 05 20:48:01 2026] You claw Lord Nagafen for 20 points of damage.
[Wed Aug 05 20:48:01 2026] You slash Lord Nagafen for 136 points of damage.
[Wed Aug 05 20:48:01 2026] You slash Lord Nagafen for 194 points of damage.
[Wed Aug 05 20:48:01 2026] A fire giant warrior tries to slash Lord Nagafen, but misses!
[Wed Aug 05 20:48:01 2026] A fire giant warrior tries to crush Lord Nagafen, but misses!
[Wed Aug 05 20:48:01 2026] A fire giant warrior crushes Lord Nagafen for 47 points of damage.
[Wed Aug 05 20:48:01 2026] A fire giant warrior tries to cleave Lord Nagafen, but misses!
[Wed Aug 05 20:48:01 2026] A fire giant warrior tries to cleave Lord Nagafen, but misses!
[Wed Aug 05 20:48:01 2026] A fire giant warrior tries to kick Lord Nagafen, but misses!
[Wed Aug 05 20:48:01 2026] A fire giant warrior kicks Lord Nagafen for 43 points of damage.
[Wed Aug 05 20:48:02 2026] Lord Nagafen tries to crush YOU, but YOU riposte!
[Wed Aug 05 20:48:02 2026] You slash Lord Nagafen for 172 points of damage. (Riposte)
[Wed Aug 05 20:48:02 2026] Lord Nagafen crushes YOU for 128 points of damage.
[Wed Aug 05 20:48:02 2026] You strike Lord Nagafen for 32 points of damage.
[Wed Aug 05 20:48:02 2026] A fire giant warrior frenzies on Lord Nagafen for 43 points of damage.
[Wed Aug 05 20:48:02 2026] A fire giant warrior tries to frenzy on Lord Nagafen, but misses!
[Wed Aug 05 20:48:03 2026] A fire giant warrior tries to slash Lord Nagafen, but misses!
[Wed Aug 05 20:48:03 2026] A fire giant warrior tries to slash Lord Nagafen, but misses!
[Wed Aug 05 20:48:03 2026] A fire giant warrior crushes Lord Nagafen for 61 points of damage.
[Wed Aug 05 20:48:03 2026] You claw Lord Nagafen for 114 points of damage.
[Wed Aug 05 20:48:03 2026] You slash Lord Nagafen for 164 points of damage.
[Wed Aug 05 20:48:03 2026] You slash Lord Nagafen for 164 points of damage.
[Wed Aug 05 20:48:03 2026] You bash Lord Nagafen for 92 points of damage.
[Wed Aug 05 20:48:03 2026] You bash Lord Nagafen for 96 points of damage.
[Wed Aug 05 20:48:04 2026] A fire giant warrior slashes Lord Nagafen for 20 points of damage.
[Wed Aug 05 20:48:04 2026] You claw Lord Nagafen for 124 points of damage.
[Wed Aug 05 20:48:04 2026] You claw Lord Nagafen for 4 points of damage.
[Wed Aug 05 20:48:04 2026] You try to slash Lord Nagafen, but miss!
[Wed Aug 05 20:48:04 2026] You slash Lord Nagafen for 54 points of damage.
[Wed Aug 05 20:48:04 2026] A fire giant warrior bashes Lord Nagafen for 16 points of damage.
[Wed Aug 05 20:48:04 2026] A fire giant warrior tries to bash Lord Nagafen, but misses!
[Wed Aug 05 20:48:04 2026] You try to smite Lord Nagafen, but miss!
[Wed Aug 05 20:48:04 2026] You try to smite Lord Nagafen, but miss!
[Wed Aug 05 20:48:04 2026] You smite Lord Nagafen for 88 points of damage.
[Wed Aug 05 20:48:04 2026] You hit Lord Nagafen for 259 points of magic damage by Smiting Strike.
[Wed Aug 05 20:48:04 2026] Lord Nagafen staggers.
[Wed Aug 05 20:48:05 2026] Lord Nagafen tries to crush YOU, but misses!
[Wed Aug 05 20:48:05 2026] You kick Lord Nagafen for 140 points of damage.
[Wed Aug 05 20:48:05 2026] You kick Lord Nagafen for 134 points of damage. (Critical)
[Wed Aug 05 20:48:05 2026] A fire giant warrior slashes Lord Nagafen for 84 points of damage.
[Wed Aug 05 20:48:05 2026] A fire giant warrior slashes Lord Nagafen for 56 points of damage.
[Wed Aug 05 20:48:05 2026] A fire giant warrior crushes Lord Nagafen for 20 points of damage.
[Wed Aug 05 20:48:06 2026] You try to slash Lord Nagafen, but miss!
[Wed Aug 05 20:48:06 2026] You try to claw Lord Nagafen, but miss!
[Wed Aug 05 20:48:06 2026] You claw Lord Nagafen for 88 points of damage. (Critical)
[Wed Aug 05 20:48:06 2026] You strike Lord Nagafen for 138 points of damage.
[Wed Aug 05 20:48:06 2026] You strike Lord Nagafen for 22 points of damage.
[Wed Aug 05 20:48:06 2026] A fire giant warrior kicks Lord Nagafen for 17 points of damage.
[Wed Aug 05 20:48:06 2026] A fire giant warrior kicks Lord Nagafen for 31 points of damage.
[Wed Aug 05 20:48:07 2026] A fire giant warrior slashes Lord Nagafen for 56 points of damage.
[Wed Aug 05 20:48:07 2026] A fire giant warrior slashes Lord Nagafen for 29 points of damage.
[Wed Aug 05 20:48:07 2026] A fire giant warrior crushes Lord Nagafen for 20 points of damage.
[Wed Aug 05 20:48:07 2026] You slash Lord Nagafen for 112 points of damage.
[Wed Aug 05 20:48:07 2026] You try to slash Lord Nagafen, but Lord Nagafen blocks!
[Wed Aug 05 20:48:07 2026] You try to claw Lord Nagafen, but Lord Nagafen parries!
[Wed Aug 05 20:48:07 2026] Lord Nagafen tries to crush YOU, but misses!
[Wed Aug 05 20:48:07 2026] Lord Nagafen tries to crush YOU, but misses!
[Wed Aug 05 20:48:08 2026] You try to bash Lord Nagafen, but miss!
[Wed Aug 05 20:48:08 2026] A fire giant warrior slashes Lord Nagafen for 98 points of damage.
[Wed Aug 05 20:48:08 2026] A fire giant warrior slashes Lord Nagafen for 84 points of damage.
[Wed Aug 05 20:48:08 2026] A fire giant warrior crushes Lord Nagafen for 29 points of damage.
[Wed Aug 05 20:48:08 2026] A fire giant warrior tries to cleave Lord Nagafen, but misses!
[Wed Aug 05 20:48:08 2026] A fire giant warrior tries to cleave Lord Nagafen, but misses!
[Wed Aug 05 20:48:08 2026] You try to slash Lord Nagafen, but miss!
[Wed Aug 05 20:48:09 2026] A fire giant warrior tries to bash Lord Nagafen, but misses!
[Wed Aug 05 20:48:09 2026] You try to claw Lord Nagafen, but Lord Nagafen blocks!
[Wed Aug 05 20:48:09 2026] You claw Lord Nagafen for 80 points of damage.
[Wed Aug 05 20:48:09 2026] A fire giant warrior tries to slash Lord Nagafen, but misses!
[Wed Aug 05 20:48:09 2026] A fire giant warrior tries to crush Lord Nagafen, but misses!
[Wed Aug 05 20:48:09 2026] A fire giant warrior tries to crush Lord Nagafen, but misses!
[Wed Aug 05 20:48:10 2026] You strike Lord Nagafen for 6 points of damage.
[Wed Aug 05 20:48:10 2026] You slash Lord Nagafen for 76 points of damage.
[Wed Aug 05 20:48:10 2026] You slash Lord Nagafen for 70 points of damage.
[Wed Aug 05 20:48:10 2026] You kick Lord Nagafen for 26 points of damage.
[Wed Aug 05 20:48:10 2026] You kick Lord Nagafen for 244 points of damage.
[Wed Aug 05 20:48:10 2026] Lord Nagafen hit you for 295 points of magic damage by Earthquake.
[Wed Aug 05 20:48:10 2026] You feel the ground shake.
[Wed Aug 05 20:48:10 2026] Lord Nagafen crushes YOU for 152 points of damage.
[Wed Aug 05 20:48:10 2026] You claw Lord Nagafen for 44 points of damage.
[Wed Aug 05 20:48:10 2026] A fire giant warrior slashes Lord Nagafen for 20 points of damage.
[Wed Aug 05 20:48:10 2026] A fire giant warrior crushes Lord Nagafen for 20 points of damage.
[Wed Aug 05 20:48:10 2026] A fire giant warrior crushes Lord Nagafen for 20 points of damage.
[Wed Aug 05 20:48:11 2026] A fire giant warrior tries to frenzy on Lord Nagafen, but misses!
[Wed Aug 05 20:48:11 2026] A fire giant warrior tries to kick Lord Nagafen, but misses!
[Wed Aug 05 20:48:11 2026] A fire giant warrior tries to kick Lord Nagafen, but misses!
[Wed Aug 05 20:48:11 2026] You try to slash Lord Nagafen, but miss!
[Wed Aug 05 20:48:11 2026] You slash Lord Nagafen for 98 points of damage.
[Wed Aug 05 20:48:12 2026] You resist Lord Nagafen's Lava Breath!
[Wed Aug 05 20:48:12 2026] A fire giant warrior tries to slash Lord Nagafen, but misses!
[Wed Aug 05 20:48:12 2026] A fire giant warrior tries to crush Lord Nagafen, but misses!
[Wed Aug 05 20:48:12 2026] You claw Lord Nagafen for 42 points of damage.
[Wed Aug 05 20:48:12 2026] You claw Lord Nagafen for 72 points of damage.
[Wed Aug 05 20:48:13 2026] You bash Lord Nagafen for 68 points of damage.
[Wed Aug 05 20:48:13 2026] You try to slash Lord Nagafen, but miss!
[Wed Aug 05 20:48:13 2026] You slash Lord Nagafen for 42 points of damage.
[Wed Aug 05 20:48:13 2026] You smite Lord Nagafen for 2 points of damage.
[Wed Aug 05 20:48:13 2026] You hit Lord Nagafen for 259 points of magic damage by Smiting Strike.
[Wed Aug 05 20:48:13 2026] Lord Nagafen staggers.
[Wed Aug 05 20:48:13 2026] You smite Lord Nagafen for 40 points of damage.
[Wed Aug 05 20:48:13 2026] You hit Lord Nagafen for 259 points of magic damage by Smiting Strike.
[Wed Aug 05 20:48:13 2026] Lord Nagafen staggers.
[Wed Aug 05 20:48:13 2026] Lord Nagafen crushes YOU for 168 points of damage.
[Wed Aug 05 20:48:13 2026] A fire giant warrior bashes Lord Nagafen for 16 points of damage.
[Wed Aug 05 20:48:13 2026] A fire giant warrior tries to bash Lord Nagafen, but misses!
[Wed Aug 05 20:48:13 2026] A fire giant warrior tries to slash Lord Nagafen, but misses!
[Wed Aug 05 20:48:13 2026] A fire giant warrior tries to slash Lord Nagafen, but misses!
[Wed Aug 05 20:48:13 2026] A fire giant warrior tries to crush Lord Nagafen, but misses!
[Wed Aug 05 20:48:13 2026] You strike Lord Nagafen for 8 points of damage.
[Wed Aug 05 20:48:13 2026] You try to strike Lord Nagafen, but miss!
[Wed Aug 05 20:48:14 2026] You try to slash Lord Nagafen, but miss!
[Wed Aug 05 20:48:14 2026] You try to slash Lord Nagafen, but miss!
[Wed Aug 05 20:48:14 2026] A fire giant warrior slashes Lord Nagafen for 89 points of damage.
[Wed Aug 05 20:48:14 2026] A fire giant warrior tries to crush Lord Nagafen, but misses!
[Wed Aug 05 20:48:14 2026] A fire giant warrior crushes Lord Nagafen for 61 points of damage.
[Wed Aug 05 20:48:15 2026] A fire giant warrior cleaves Lord Nagafen for 52 points of damage.
[Wed Aug 05 20:48:15 2026] You claw Lord Nagafen for 72 points of damage.
[Wed Aug 05 20:48:15 2026] You try to kick Lord Nagafen, but miss!
[Wed Aug 05 20:48:15 2026] You try to slash Lord Nagafen, but miss!
[Wed Aug 05 20:48:15 2026] You slash Lord Nagafen for 348 points of damage.
[Wed Aug 05 20:48:15 2026] A fire giant warrior kicks Lord Nagafen for 23 points of damage.
[Wed Aug 05 20:48:15 2026] A fire giant warrior tries to kick Lord Nagafen, but misses!
[Wed Aug 05 20:48:16 2026] A fire giant warrior slashes Lord Nagafen for 43 points of damage.
[Wed Aug 05 20:48:16 2026] A fire giant warrior tries to slash Lord Nagafen, but misses!
[Wed Aug 05 20:48:16 2026] A fire giant warrior crushes Lord Nagafen for 20 points of damage.
[Wed Aug 05 20:48:16 2026] Lord Nagafen hit you for 86 points of magic damage by Earthquake.
[Wed Aug 05 20:48:16 2026] You feel the ground shake.
[Wed Aug 05 20:48:16 2026] Lord Nagafen tries to crush YOU, but misses!
[Wed Aug 05 20:48:16 2026] Lord Nagafen tries to crush YOU, but YOU block!
[Wed Aug 05 20:48:16 2026] Lord Nagafen tries to cleave YOU, but misses!
[Wed Aug 05 20:48:16 2026] Lord Nagafen cleaves YOU for 214 points of damage.
[Wed Aug 05 20:48:16 2026] You claw Lord Nagafen for 106 points of damage.
[Wed Aug 05 20:48:16 2026] You claw Lord Nagafen for 116 points of damage.
[Wed Aug 05 20:48:17 2026] You strike Lord Nagafen for 58 points of damage.
[Wed Aug 05 20:48:17 2026] You slash Lord Nagafen for 34 points of damage.
[Wed Aug 05 20:48:17 2026] A fire giant warrior slashes Lord Nagafen for 43 points of damage.
[Wed Aug 05 20:48:17 2026] A fire giant warrior tries to crush Lord Nagafen, but misses!
[Wed Aug 05 20:48:17 2026] A fire giant warrior tries to crush Lord Nagafen, but misses!
[Wed Aug 05 20:48:17 2026] You bash Lord Nagafen for 58 points of damage.
[Wed Aug 05 20:48:18 2026] A fire giant warrior bashes Lord Nagafen for 16 points of damage.
[Wed Aug 05 20:48:18 2026] A fire giant warrior tries to bash Lord Nagafen, but misses!
[Wed Aug 05 20:48:18 2026] You claw Lord Nagafen for 86 points of damage.
[Wed Aug 05 20:48:18 2026] You claw Lord Nagafen for 122 points of damage.
[Wed Aug 05 20:48:18 2026] You slash Lord Nagafen for 334 points of damage.
[Wed Aug 05 20:48:18 2026] You slash Lord Nagafen for 224 points of damage. (Critical)
[Wed Aug 05 20:48:18 2026] A fire giant warrior slashes Lord Nagafen for 20 points of damage.
[Wed Aug 05 20:48:18 2026] A fire giant warrior crushes Lord Nagafen for 47 points of damage.
[Wed Aug 05 20:48:18 2026] A fire giant warrior tries to crush Lord Nagafen, but misses!
[Wed Aug 05 20:48:18 2026] Lord Nagafen tries to crush YOU, but misses!
[Wed Aug 05 20:48:19 2026] A fire giant warrior frenzies on Lord Nagafen for 61 points of damage.
[Wed Aug 05 20:48:19 2026] A fire giant warrior frenzies on Lord Nagafen for 27 points of damage.
[Wed Aug 05 20:48:19 2026] You try to claw Lord Nagafen, but miss!
[Wed Aug 05 20:48:19 2026] You try to claw Lord Nagafen, but miss!
[Wed Aug 05 20:48:20 2026] A fire giant warrior tries to slash Lord Nagafen, but misses!
[Wed Aug 05 20:48:20 2026] A fire giant warrior tries to crush Lord Nagafen, but misses!
[Wed Aug 05 20:48:20 2026] A fire giant warrior crushes Lord Nagafen for 20 points of damage.
[Wed Aug 05 20:48:20 2026] You try to kick Lord Nagafen, but Lord Nagafen dodges!
[Wed Aug 05 20:48:20 2026] You kick Lord Nagafen for 92 points of damage.
[Wed Aug 05 20:48:20 2026] This spell only works on constructs or elementals.
[Wed Aug 05 20:48:20 2026] You slash Lord Nagafen for 55 points of damage.
[Wed Aug 05 20:48:20 2026] Your faction standing with Nagafen could not possibly get any worse.
[Wed Aug 05 20:48:20 2026] Your faction standing with Solusek Mining Co. has been adjusted by 75.
[Wed Aug 05 20:48:20 2026] Your faction standing with Vox could not possibly get any worse.
[Wed Aug 05 20:48:20 2026] You gain experience!
[Wed Aug 05 20:48:20 2026] You receive 22 platinum, 1 gold, 1 silver and 4 copper from the corpse.
[Wed Aug 05 20:48:20 2026] You have slain Lord Nagafen!
[Wed Aug 05 20:48:20 2026] --You have looted a Jacinth from Lord Nagafen's corpse.--
[Wed Aug 05 20:48:20 2026] You looted a Crystallized Sulfur from Lord Nagafen's corpse and sold it for 1 gold, 1 silver and 8 copper.
[Wed Aug 05 20:48:20 2026] You looted a Hierophant`s Crook +4 from Lord Nagafen's corpse to create a Hierophant`s Crook +5
[Wed Aug 05 20:48:20 2026] --You have looted a Mote of Major Potential from Lord Nagafen's corpse.--
[Wed Aug 05 20:48:22 2026] You begin casting Lay on Hands X.
[Wed Aug 05 20:48:22 2026] You feel a healing touch.
[Wed Aug 05 20:48:22 2026] You healed Primitive for 3221 (17226) hit points by Lay on Hands X.
[Wed Aug 05 20:48:32 2026] You looted a Bladestopper +4 from Lord Nagafen's corpse to create a Bladestopper +4
[Wed Aug 05 20:48:34 2026] You looted a Gold Plated Koshigatana +4 from Lord Nagafen's corpse to create a Gold Plated Koshigatana +5
[Wed Aug 05 20:48:35 2026] You looted a Selo`s Drums of the March +4 from Lord Nagafen's corpse to create a Selo`s Drums of the March +5
[Wed Aug 05 20:48:42 2026] Primitive has been removed from Nagafen's Lair - Solo.
[Wed Aug 05 20:48:43 2026] LOADING, PLEASE WAIT...
[Wed Aug 05 20:48:49 2026] You have entered Nagafen's Lair.
[Wed Aug 05 20:48:51 2026] Shadyshan tries to cast a spell on you, but you are protected.
[Wed Aug 05 20:48:54 2026] Raelizer summons a guardian spirit.
[Wed Aug 05 20:48:55 2026] Genobtik begins casting Inner Fire.
[Wed Aug 05 20:48:55 2026] Raelizer's image shimmers.
[Wed Aug 05 20:48:57 2026] Zeldrath begins casting Swift Like the Wind.
[Wed Aug 05 20:48:57 2026] Shadyshan tries to cast a spell on you, but you are protected.
[Wed Aug 05 20:48:58 2026] Genobtik's body pulses with energy.
[Wed Aug 05 20:48:58 2026] Genobtik healed itself for 20 hit points by Inner Fire.
[Wed Aug 05 20:48:58 2026] Fizle begins casting Gather Shadows.
[Wed Aug 05 20:48:59 2026] Konantik feels much faster.
[Wed Aug 05 20:48:59 2026] Genobtik begins casting Spirit of Wolf.
[Wed Aug 05 20:49:02 2026] Fizle steps into the shadows and disappears.
[Wed Aug 05 20:49:03 2026] Shadyshan tries to cast a spell on you, but you are protected.
[Wed Aug 05 20:49:04 2026] Genobtik is surrounded by a brief lupine aura.
[Wed Aug 05 20:49:07 2026] Zeldrath begins casting Swift Like the Wind.
[Wed Aug 05 20:49:09 2026] Appollonius feels much faster.
[Wed Aug 05 20:49:10 2026] You begin casting Gate.
[Wed Aug 05 20:49:10 2026] Shadyshan tries to cast a spell on you, but you are protected.
[Wed Aug 05 20:49:16 2026] Shadyshan tries to cast a spell on you, but you are protected.
[Wed Aug 05 20:49:17 2026] Zeldrath begins casting Swift Like the Wind.
[Wed Aug 05 20:49:19 2026] Shadyshan feels much faster.
[Wed Aug 05 20:49:22 2026] Shadyshan tries to cast a spell on you, but you are protected.
[Wed Aug 05 20:49:28 2026] Zeldrath begins casting Swift Like the Wind.
[Wed Aug 05 20:49:28 2026] Shadyshan tries to cast a spell on you, but you are protected.
[Wed Aug 05 20:49:30 2026] LOADING, PLEASE WAIT...
[Wed Aug 05 20:49:37 2026] You have entered Innothule Swamp.
[Wed Aug 05 20:50:13 2026] Your illusion fades.
[Wed Aug 05 20:50:17 2026] You begin casting Illusion: Dark Elf.
[Wed Aug 05 20:50:23 2026] You feel different.
[Wed Aug 05 20:50:34 2026] You begin casting Holy Steed.
[Wed Aug 05 20:50:47 2026] Your illusion fades.
[Wed Aug 05 20:50:49 2026] Spell set buff loaded.
[Wed Aug 05 20:50:49 2026] You forget Discordant Mind.
[Wed Aug 05 20:50:49 2026] You forget Superior Healing.
[Wed Aug 05 20:50:49 2026] You forget Pillage Enchantment.
[Wed Aug 05 20:50:49 2026] You forget Mesmerization.
[Wed Aug 05 20:50:49 2026] You forget Tashani.
[Wed Aug 05 20:50:49 2026] You forget Allure.
