[Thu Aug 06 12:34:49 2026] Fynger has taken 50 damage from Burrowing Scarab by a death beetle.
[Thu Aug 06 12:34:49 2026] Player Primitive creating instance Nagafen's Lair 3681.
[Thu Aug 06 12:34:49 2026] Nagafen's Lair is now available to you.
[Thu Aug 06 12:34:57 2026] LOADING, PLEASE WAIT...
[Thu Aug 06 12:35:28 2026] You have entered Nagafen's Lair.
[Thu Aug 06 12:35:30 2026] a kobold priest looks brave.
[Thu Aug 06 12:35:30 2026] a kobold priest healed itself for 118 hit points by Bravery.
[Thu Aug 06 12:35:30 2026] a greater kobold shaman's body pulses with energy.
[Thu Aug 06 12:35:30 2026] a greater kobold shaman healed itself for 20 hit points by Inner Fire.
[Thu Aug 06 12:35:30 2026] A kobold priest begins casting Symbol of Ryltan.
[Thu Aug 06 12:35:30 2026] A greater kobold shaman begins casting Spirit of Wolf.
[Thu Aug 06 12:35:34 2026] a kobold priest is cloaked in a shimmer of glowing symbols.
[Thu Aug 06 12:35:34 2026] a kobold priest healed itself for 134 hit points by Symbol of Ryltan.
[Thu Aug 06 12:35:35 2026] a greater kobold shaman is surrounded by a brief lupine aura.
[Thu Aug 06 12:35:37 2026] A kobold noble pet begins casting Center.
[Thu Aug 06 12:35:37 2026] A kobold priest begins casting Bravery.
[Thu Aug 06 12:35:37 2026] A kobold noble begins casting Alacrity.
[Thu Aug 06 12:35:37 2026] A greater kobold shaman begins casting Inner Fire.
[Thu Aug 06 12:35:39 2026] a kobold noble pet is surrounded by a divine aura.
[Thu Aug 06 12:35:39 2026] a kobold noble pet healed himself for 57 hit points by Center.
[Thu Aug 06 12:35:40 2026] a kobold king pet looks brave.
[Thu Aug 06 12:35:40 2026] a kobold priest healed a kobold king pet for 118 hit points by Bravery.
[Thu Aug 06 12:35:40 2026] a greater kobold's body pulses with energy.
[Thu Aug 06 12:35:40 2026] a greater kobold shaman healed a greater kobold for 20 hit points by Inner Fire.
[Thu Aug 06 12:35:40 2026] A kobold noble pet begins casting Center.
[Thu Aug 06 12:35:40 2026] A kobold priest begins casting Symbol of Ryltan.
[Thu Aug 06 12:35:40 2026] A greater kobold shaman begins casting Root.
[Thu Aug 06 12:35:41 2026] A greater kobold tries to hit YOU, but misses!
[Thu Aug 06 12:35:41 2026] A greater kobold hits YOU for 10 points of damage.
[Thu Aug 06 12:35:41 2026] A greater kobold tries to cleave YOU, but misses!
[Thu Aug 06 12:35:41 2026] A greater kobold cleaves YOU for 45 points of damage.
[Thu Aug 06 12:35:41 2026] A greater kobold tries to kick YOU, but misses!
[Thu Aug 06 12:35:41 2026] Your Kintaz's Animation spell fizzles!
[Thu Aug 06 12:35:41 2026] A greater kobold tries to bash YOU, but misses!
[Thu Aug 06 12:35:41 2026] A greater kobold tries to bash YOU, but misses!
[Thu Aug 06 12:35:42 2026] You resist a greater kobold shaman's Root!
[Thu Aug 06 12:35:42 2026] A greater kobold shaman tries to hit YOU, but YOU parry!
[Thu Aug 06 12:35:42 2026] A greater kobold shaman tries to hit YOU, but misses!
[Thu Aug 06 12:35:43 2026] a kobold noble is surrounded by a divine aura.
[Thu Aug 06 12:35:43 2026] a kobold noble pet healed a kobold noble for 57 hit points by Center.
[Thu Aug 06 12:35:43 2026] Your Brell's Girdle (Exaltation) shimmers briefly.
[Thu Aug 06 12:35:43 2026] You begin casting Kintaz's Animation.
[Thu Aug 06 12:35:43 2026] A greater kobold shaman begins casting Malaise.
[Thu Aug 06 12:35:44 2026] A kobold noble pet begins casting Center.
[Thu Aug 06 12:35:44 2026] A kobold noble begins casting Alacrity.
[Thu Aug 06 12:35:44 2026] A greater kobold tries to hit YOU, but misses!
[Thu Aug 06 12:35:44 2026] a kobold king pet is cloaked in a shimmer of glowing symbols.
[Thu Aug 06 12:35:44 2026] a kobold priest healed a kobold king pet for 134 hit points by Symbol of Ryltan.
[Thu Aug 06 12:35:46 2026] a greater kobold is surrounded by a divine aura.
[Thu Aug 06 12:35:46 2026] a kobold noble pet healed a greater kobold for 57 hit points by Center.
[Thu Aug 06 12:35:46 2026] A greater kobold hits YOU for 10 points of damage.
[Thu Aug 06 12:35:46 2026] You feel somewhat vulnerable.
[Thu Aug 06 12:35:46 2026] A greater kobold shaman tries to hit YOU, but misses!
[Thu Aug 06 12:35:46 2026] A greater kobold shaman hits YOU for 14 points of damage.
[Thu Aug 06 12:35:47 2026] Jaber begins casting Wrath.
[Thu Aug 06 12:35:47 2026] A kobold priest begins casting Bravery.
[Thu Aug 06 12:35:48 2026] A greater kobold shaman begins casting Affliction.
[Thu Aug 06 12:35:48 2026] Auto attack is on.
[Thu Aug 06 12:35:48 2026] You bash a greater kobold for 124 points of damage.
[Thu Aug 06 12:35:48 2026] Your target has been stunned too recently for your stun to have full effect.
[Thu Aug 06 12:35:48 2026] You bash a greater kobold for 66 points of damage.
[Thu Aug 06 12:35:48 2026] You smite a greater kobold for 72 points of damage. (Critical)
[Thu Aug 06 12:35:48 2026] You hit a greater kobold for 259 points of magic damage by Smiting Strike.
[Thu Aug 06 12:35:48 2026] A greater kobold staggers.
[Thu Aug 06 12:35:48 2026] You smite a greater kobold for 56 points of damage.
[Thu Aug 06 12:35:48 2026] You hit a greater kobold for 259 points of magic damage by Smiting Strike.
[Thu Aug 06 12:35:48 2026] A greater kobold staggers.
[Thu Aug 06 12:35:48 2026] Your target has been stunned too recently for your stun to have full effect.
[Thu Aug 06 12:35:48 2026] You kick a greater kobold for 118 points of damage.
[Thu Aug 06 12:35:48 2026] You kick a greater kobold for 240 points of damage.
[Thu Aug 06 12:35:48 2026] You strike a greater kobold for 64 points of damage.
[Thu Aug 06 12:35:48 2026] You strike a greater kobold for 78 points of damage.
[Thu Aug 06 12:35:48 2026] You try to claw a greater kobold, but miss!
[Thu Aug 06 12:35:48 2026] You try to slash a greater kobold, but a greater kobold dodges!
[Thu Aug 06 12:35:48 2026] You try to slash a greater kobold, but miss!
[Thu Aug 06 12:35:50 2026] Jaber hit a greater kobold for 168 points of magic damage by Wrath.
[Thu Aug 06 12:35:50 2026] A greater kobold has been struck down by wrath.
[Thu Aug 06 12:35:50 2026] Jaber slashes a greater kobold for 21 points of damage.
[Thu Aug 06 12:35:50 2026] Jaber tries to cleave a greater kobold, but misses!
[Thu Aug 06 12:35:50 2026] Jaber cleaves a greater kobold for 52 points of damage.
[Thu Aug 06 12:35:50 2026] Jaber bashes a greater kobold for 11 points of damage.
[Thu Aug 06 12:35:50 2026] Jaber bashes a greater kobold for 11 points of damage.
[Thu Aug 06 12:35:50 2026] Jaber kicks a greater kobold for 21 points of damage.
[Thu Aug 06 12:35:50 2026] a kobold king looks brave.
[Thu Aug 06 12:35:50 2026] a kobold priest healed a kobold king for 118 hit points by Bravery.
[Thu Aug 06 12:35:50 2026] You slash a greater kobold for 283 points of damage. (Critical)
[Thu Aug 06 12:35:50 2026] Your faction standing with Kobolds of Fire Pit has been adjusted by -3.
[Thu Aug 06 12:35:50 2026] Your faction standing with Solusek Mining Co. has been adjusted by 5.
[Thu Aug 06 12:35:50 2026] You gain experience!
[Thu Aug 06 12:35:50 2026] You receive 4 platinum, 7 gold, 8 silver and 1 copper from the corpse.
[Thu Aug 06 12:35:50 2026] You have slain a greater kobold!
[Thu Aug 06 12:35:50 2026] You looted 2 Black Henbane from a greater kobold's corpse and sold it for 2 platinum, 1 gold, 4 silver and 2 copper.
[Thu Aug 06 12:35:50 2026] A kobold noble pet begins casting Center.
[Thu Aug 06 12:35:50 2026] A kobold priest begins casting Bravery.
[Thu Aug 06 12:35:50 2026] A kobold noble begins casting Alacrity.
[Thu Aug 06 12:35:50 2026] Jaber begins casting Wrath.
[Thu Aug 06 12:35:51 2026] You resist a greater kobold shaman's Affliction!
[Thu Aug 06 12:35:51 2026] A greater kobold shaman hits YOU for 21 points of damage.
[Thu Aug 06 12:35:51 2026] A greater kobold shaman hits YOU for 82 points of damage.
[Thu Aug 06 12:35:51 2026] You claw a greater kobold shaman for 112 points of damage.
[Thu Aug 06 12:35:51 2026] You claw a greater kobold shaman for 183 points of damage. (Critical)
[Thu Aug 06 12:35:52 2026] A greater kobold shaman begins casting Root.
[Thu Aug 06 12:35:52 2026] You try to slash a greater kobold shaman, but miss!
[Thu Aug 06 12:35:52 2026] You slash a greater kobold shaman for 298 points of damage.
[Thu Aug 06 12:35:52 2026] You try to claw a greater kobold shaman, but a greater kobold shaman dodges!
[Thu Aug 06 12:35:52 2026] You try to claw a greater kobold shaman, but miss!
[Thu Aug 06 12:35:53 2026] a greater kobold is surrounded by a divine aura.
[Thu Aug 06 12:35:53 2026] a kobold noble pet healed a greater kobold for 57 hit points by Center.
[Thu Aug 06 12:35:53 2026] You try to strike a greater kobold shaman, but miss!
[Thu Aug 06 12:35:53 2026] You strike a greater kobold shaman for 54 points of damage.
[Thu Aug 06 12:35:53 2026] a greater kobold looks brave.
[Thu Aug 06 12:35:53 2026] a kobold priest healed a greater kobold for 118 hit points by Bravery.
[Thu Aug 06 12:35:53 2026] A kobold priest begins casting Bravery.
[Thu Aug 06 12:35:53 2026] You resist a greater kobold shaman's Root!
[Thu Aug 06 12:35:53 2026] You slash a greater kobold shaman for 348 points of damage.
[Thu Aug 06 12:35:53 2026] You slash a greater kobold shaman for 128 points of damage.
[Thu Aug 06 12:35:53 2026] Jaber hit a greater kobold shaman for 168 points of magic damage by Wrath.
[Thu Aug 06 12:35:53 2026] A greater kobold shaman has been struck down by wrath.
[Thu Aug 06 12:35:53 2026] Jaber slashes a greater kobold shaman for 39 points of damage.
[Thu Aug 06 12:35:53 2026] Jaber slashes a greater kobold shaman for 46 points of damage.
[Thu Aug 06 12:35:54 2026] A greater kobold shaman hits YOU for 21 points of damage.
[Thu Aug 06 12:35:54 2026] A greater kobold shaman hits YOU for 10 points of damage.
[Thu Aug 06 12:35:54 2026] You try to bash a greater kobold shaman, but a greater kobold shaman dodges!
[Thu Aug 06 12:35:54 2026] You bash a greater kobold shaman for 78 points of damage.
[Thu Aug 06 12:35:54 2026] Your target has been stunned too recently for your stun to have full effect.
[Thu Aug 06 12:35:54 2026] You bash a greater kobold shaman for 4 points of damage.
[Thu Aug 06 12:35:54 2026] You claw a greater kobold shaman for 104 points of damage. (Critical)
[Thu Aug 06 12:35:54 2026] You claw a greater kobold shaman for 80 points of damage.
[Thu Aug 06 12:35:54 2026] Auto attack is off.
[Thu Aug 06 12:35:54 2026] A greater kobold shaman tries to hit YOU, but misses! (Riposte)
[Thu Aug 06 12:35:54 2026] You try to claw a greater kobold shaman, but miss!
[Thu Aug 06 12:35:54 2026] Jaber tries to slash a greater kobold shaman, but misses!
[Thu Aug 06 12:35:54 2026] Jaber slashes a greater kobold shaman for 50 points of damage.
[Thu Aug 06 12:35:54 2026] Jaber crushes a greater kobold shaman for 12 points of damage.
[Thu Aug 06 12:35:54 2026] Jaber crushes a greater kobold shaman for 44 points of damage.
[Thu Aug 06 12:35:54 2026] Jaber begins casting Stun.
[Thu Aug 06 12:35:56 2026] Auto attack is on.
[Thu Aug 06 12:35:56 2026] A greater kobold shaman begins casting Regeneration.
[Thu Aug 06 12:35:56 2026] a greater kobold shaman's Regeneration spell is interrupted.
[Thu Aug 06 12:35:56 2026] a greater kobold shaman is struck by a sudden force.
[Thu Aug 06 12:35:56 2026] A greater kobold shaman tries to hit YOU, but misses!
[Thu Aug 06 12:35:56 2026] You try to claw a greater kobold shaman, but a greater kobold shaman parries!
[Thu Aug 06 12:35:56 2026] You try to claw a greater kobold shaman, but a greater kobold shaman dodges!
[Thu Aug 06 12:35:56 2026] You slash a greater kobold shaman for 68 points of damage.
[Thu Aug 06 12:35:56 2026] Your faction standing with Kobolds of Fire Pit has been adjusted by -3.
[Thu Aug 06 12:35:56 2026] Your faction standing with Solusek Mining Co. has been adjusted by 5.
[Thu Aug 06 12:35:56 2026] You gain experience!
[Thu Aug 06 12:35:56 2026] You receive 1 platinum, 1 gold and 8 copper from the corpse.
[Thu Aug 06 12:35:56 2026] You have slain a greater kobold shaman!
[Thu Aug 06 12:35:56 2026] a greater kobold looks brave.
[Thu Aug 06 12:35:56 2026] a kobold priest healed a greater kobold for 118 hit points by Bravery.
[Thu Aug 06 12:35:57 2026] Jaber begins casting Daring.
[Thu Aug 06 12:35:57 2026] A kobold priest begins casting Symbol of Ryltan.
[Thu Aug 06 12:35:57 2026] A kobold noble begins casting Alacrity.
[Thu Aug 06 12:35:58 2026] Your vulnerability fades.
[Thu Aug 06 12:35:59 2026] Jaber looks daring.
[Thu Aug 06 12:35:59 2026] Jaber healed himself for 104 hit points by Daring.
[Thu Aug 06 12:36:00 2026] Jaber begins casting Symbol of Ryltan.
[Thu Aug 06 12:36:01 2026] a kobold king is cloaked in a shimmer of glowing symbols.
[Thu Aug 06 12:36:01 2026] a kobold priest healed a kobold king for 134 hit points by Symbol of Ryltan.
[Thu Aug 06 12:36:01 2026] a greater kobold feels much faster.
[Thu Aug 06 12:36:03 2026] A kobold priest begins casting Symbol of Ryltan.
[Thu Aug 06 12:36:03 2026] A kobold noble begins casting Major Shielding.
[Thu Aug 06 12:36:04 2026] Jaber is cloaked in a shimmer of glowing symbols.
[Thu Aug 06 12:36:04 2026] Jaber healed himself for 158 hit points by Symbol of Ryltan.
[Thu Aug 06 12:36:07 2026] a greater kobold is cloaked in a shimmer of glowing symbols.
[Thu Aug 06 12:36:07 2026] a kobold priest healed a greater kobold for 134 hit points by Symbol of Ryltan.
[Thu Aug 06 12:36:10 2026] A kobold priest begins casting Symbol of Ryltan.
[Thu Aug 06 12:36:10 2026] A kobold noble begins casting Feedback.
[Thu Aug 06 12:36:11 2026] A greater kobold tries to hit YOU, but misses!
[Thu Aug 06 12:36:11 2026] A greater kobold tries to hit YOU, but misses!
[Thu Aug 06 12:36:11 2026] A greater kobold tries to cleave YOU, but misses!
[Thu Aug 06 12:36:11 2026] A greater kobold tries to bash YOU, but misses!
[Thu Aug 06 12:36:11 2026] A greater kobold tries to kick YOU, but misses!
[Thu Aug 06 12:36:12 2026] Jaber tries to slash a greater kobold, but misses!
[Thu Aug 06 12:36:12 2026] Jaber crushes a greater kobold for 52 points of damage.
[Thu Aug 06 12:36:12 2026] Jaber tries to crush a greater kobold, but a greater kobold dodges!
[Thu Aug 06 12:36:12 2026] Jaber cleaves a greater kobold for 44 points of damage.
[Thu Aug 06 12:36:12 2026] Jaber tries to kick a greater kobold, but misses!
[Thu Aug 06 12:36:12 2026] Jaber kicks a greater kobold for 40 points of damage.
[Thu Aug 06 12:36:12 2026] Jaber bashes a greater kobold for 11 points of damage.
[Thu Aug 06 12:36:13 2026] A greater kobold tries to hit Jaber, but misses!
[Thu Aug 06 12:36:14 2026] a greater kobold is cloaked in a shimmer of glowing symbols.
[Thu Aug 06 12:36:14 2026] a kobold priest healed a greater kobold for 134 hit points by Symbol of Ryltan.
[Thu Aug 06 12:36:14 2026] a kobold noble is enveloped in blazing energy.
[Thu Aug 06 12:36:15 2026] Jaber begins casting Stun.
[Thu Aug 06 12:36:16 2026] A greater kobold hits Jaber for 39 points of damage.
[Thu Aug 06 12:36:16 2026] A greater kobold hits Jaber for 13 points of damage.
[Thu Aug 06 12:36:16 2026] a greater kobold is struck by a sudden force.
[Thu Aug 06 12:36:16 2026] Jaber slashes a greater kobold for 27 points of damage.
[Thu Aug 06 12:36:16 2026] Jaber tries to crush a greater kobold, but misses!
[Thu Aug 06 12:36:17 2026] Jaber slashes a greater kobold for 52 points of damage.
[Thu Aug 06 12:36:17 2026] Jaber slashes a greater kobold for 52 points of damage.
[Thu Aug 06 12:36:17 2026] Jaber tries to crush a greater kobold, but a greater kobold parries!
[Thu Aug 06 12:36:17 2026] Jaber crushes a greater kobold for 37 points of damage.
[Thu Aug 06 12:36:19 2026] Jaber kicks a greater kobold for 20 points of damage.
[Thu Aug 06 12:36:19 2026] Jaber bashes a greater kobold for 11 points of damage.
[Thu Aug 06 12:36:19 2026] Jaber slashes a greater kobold for 16 points of damage.
[Thu Aug 06 12:36:19 2026] Jaber tries to crush a greater kobold, but misses!
[Thu Aug 06 12:36:19 2026] Jaber crushes a greater kobold for 44 points of damage.
[Thu Aug 06 12:36:20 2026] A kobold noble begins casting Feedback.
[Thu Aug 06 12:36:21 2026] A greater kobold hits Jaber for 13 points of damage.
[Thu Aug 06 12:36:21 2026] A greater kobold bashes Jaber for 7 points of damage.
[Thu Aug 06 12:36:21 2026] A greater kobold tries to bash Jaber, but misses!
[Thu Aug 06 12:36:21 2026] A greater kobold kicks Jaber for 34 points of damage.
[Thu Aug 06 12:36:21 2026] A greater kobold tries to hit Jaber, but misses!
[Thu Aug 06 12:36:21 2026] Jaber slashes a greater kobold for 52 points of damage.
[Thu Aug 06 12:36:21 2026] Jaber crushes a greater kobold for 46 points of damage.
[Thu Aug 06 12:36:21 2026] Jaber crushes a greater kobold for 50 points of damage.
[Thu Aug 06 12:36:22 2026] Jaber cleaves a greater kobold for 42 points of damage.
[Thu Aug 06 12:36:23 2026] Jaber begins casting Wrath.
[Thu Aug 06 12:36:24 2026] A greater kobold tries to hit Jaber, but misses!
[Thu Aug 06 12:36:24 2026] a kobold noble pet is enveloped in blazing energy.
[Thu Aug 06 12:36:25 2026] Jaber hit a greater kobold for 168 points of magic damage by Wrath.
[Thu Aug 06 12:36:25 2026] A greater kobold has been struck down by wrath.
[Thu Aug 06 12:36:25 2026] Jaber tries to slash a greater kobold, but misses!
[Thu Aug 06 12:36:25 2026] Jaber tries to crush a greater kobold, but misses!
[Thu Aug 06 12:36:25 2026] A greater kobold cleaves Jaber for 39 points of damage.
[Thu Aug 06 12:36:25 2026] A greater kobold tries to cleave Jaber, but misses!
[Thu Aug 06 12:36:26 2026] Jaber bashes a greater kobold for 11 points of damage.
[Thu Aug 06 12:36:26 2026] Jaber tries to bash a greater kobold, but a greater kobold parries!
[Thu Aug 06 12:36:26 2026] Jaber kicks a greater kobold for 27 points of damage.
[Thu Aug 06 12:36:26 2026] Jaber kicks a greater kobold for 44 points of damage.
[Thu Aug 06 12:36:26 2026] Jaber tries to slash a greater kobold, but misses!
[Thu Aug 06 12:36:26 2026] Jaber tries to slash a greater kobold, but misses!
[Thu Aug 06 12:36:27 2026] Jaber begins casting Wrath.
[Thu Aug 06 12:36:28 2026] A greater kobold tries to hit Jaber, but misses!
[Thu Aug 06 12:36:29 2026] A greater kobold tries to kick Jaber, but misses!
[Thu Aug 06 12:36:29 2026] A greater kobold tries to kick Jaber, but misses!
[Thu Aug 06 12:36:29 2026] A greater kobold tries to hit Jaber, but Jaber blocks!
[Thu Aug 06 12:36:29 2026] A greater kobold tries to hit Jaber, but misses!
[Thu Aug 06 12:36:29 2026] Jaber hit a greater kobold for 168 points of magic damage by Wrath.
[Thu Aug 06 12:36:29 2026] A greater kobold has been struck down by wrath.
[Thu Aug 06 12:36:29 2026] Jaber tries to slash a greater kobold, but misses!
[Thu Aug 06 12:36:29 2026] Jaber slashes a greater kobold for 52 points of damage.
[Thu Aug 06 12:36:30 2026] A kobold noble begins casting Feedback.
[Thu Aug 06 12:36:31 2026] Jaber tries to slash a greater kobold, but misses!
[Thu Aug 06 12:36:31 2026] Jaber slashes a greater kobold for 42 points of damage.
[Thu Aug 06 12:36:31 2026] Jaber crushes a greater kobold for 39 points of damage.
[Thu Aug 06 12:36:32 2026] A greater kobold tries to hit Jaber, but Jaber blocks!
[Thu Aug 06 12:36:32 2026] Jaber cleaves a greater kobold for 52 points of damage.
[Thu Aug 06 12:36:32 2026] Jaber bashes a greater kobold for 11 points of damage.
[Thu Aug 06 12:36:32 2026] Jaber bashes a greater kobold for 11 points of damage.
[Thu Aug 06 12:36:32 2026] Jaber kicks a greater kobold for 40 points of damage.
[Thu Aug 06 12:36:32 2026] Jaber kicks a greater kobold for 12 points of damage.
[Thu Aug 06 12:36:33 2026] Jaber slashes a greater kobold for 48 points of damage.
[Thu Aug 06 12:36:33 2026] Auto attack is on.
[Thu Aug 06 12:36:34 2026] Your target has been stunned too recently for your stun to have full effect.
[Thu Aug 06 12:36:34 2026] You bash a greater kobold for 96 points of damage.
[Thu Aug 06 12:36:34 2026] You try to bash a greater kobold, but miss!
[Thu Aug 06 12:36:34 2026] You try to smite a greater kobold, but miss!
[Thu Aug 06 12:36:34 2026] You try to smite a greater kobold, but miss!
[Thu Aug 06 12:36:34 2026] You kick a greater kobold for 118 points of damage.
[Thu Aug 06 12:36:34 2026] You try to kick a greater kobold, but miss!
[Thu Aug 06 12:36:34 2026] You strike a greater kobold for 81 points of damage. (Critical)
[Thu Aug 06 12:36:34 2026] You strike a greater kobold for 82 points of damage.
[Thu Aug 06 12:36:34 2026] A greater kobold tries to hit YOU, but YOU parry!
[Thu Aug 06 12:36:34 2026] A greater kobold tries to hit YOU, but YOU block!
[Thu Aug 06 12:36:34 2026] You slash a greater kobold for 172 points of damage.
[Thu Aug 06 12:36:34 2026] a greater kobold is enveloped in blazing energy.
[Thu Aug 06 12:36:34 2026] A greater kobold hits Jaber for 39 points of damage.
[Thu Aug 06 12:36:35 2026] Jaber slashes a greater kobold for 52 points of damage.
[Thu Aug 06 12:36:35 2026] You slash a greater kobold for 42 points of damage.
[Thu Aug 06 12:36:35 2026] Your faction standing with Kobolds of Fire Pit has been adjusted by -3.
[Thu Aug 06 12:36:36 2026] Your faction standing with Solusek Mining Co. has been adjusted by 5.
[Thu Aug 06 12:36:36 2026] You gain experience!
[Thu Aug 06 12:36:36 2026] You receive 4 platinum, 7 gold and 6 silver from the corpse.
[Thu Aug 06 12:36:36 2026] You have slain a greater kobold!
[Thu Aug 06 12:36:36 2026] You looted a Fine Steel Long Sword +1 from a greater kobold's corpse and sold it for 4 platinum, 2 gold, 8 silver and 6 copper.
[Thu Aug 06 12:36:40 2026] A kobold noble begins casting Feedback.
[Thu Aug 06 12:36:44 2026] a greater kobold is enveloped in blazing energy.
[Thu Aug 06 12:37:16 2026] A guano harvester begins casting Air Elemental Invisibility.
[Thu Aug 06 12:42:00 2026] A kobold noble begins casting Alacrity.
[Thu Aug 06 12:42:10 2026] A kobold noble begins casting Alacrity.
[Thu Aug 06 12:42:17 2026] A kobold noble begins casting Alacrity.
[Thu Aug 06 12:42:23 2026] A kobold noble begins casting Alacrity.
[Thu Aug 06 12:43:04 2026] Jaber judges you amiably -- looks kind of dangerous. (Lvl: 39)
[Thu Aug 06 12:43:06 2026] A kobold priest begins casting Bravery.
[Thu Aug 06 12:43:12 2026] Jaber told you, 'Attacking a greater kobold Master.'
[Thu Aug 06 12:43:13 2026] Jaber begins casting Wrath.
[Thu Aug 06 12:43:13 2026] A greater kobold hits YOU for 20 points of damage.
[Thu Aug 06 12:43:13 2026] A greater kobold hits YOU for 52 points of damage.
[Thu Aug 06 12:43:13 2026] A greater kobold tries to cleave YOU, but misses!
[Thu Aug 06 12:43:13 2026] A greater kobold cleaves YOU for 45 points of damage.
[Thu Aug 06 12:43:13 2026] A greater kobold tries to kick YOU, but misses!
[Thu Aug 06 12:43:14 2026] A greater kobold tries to bash YOU, but misses!
[Thu Aug 06 12:43:16 2026] A greater kobold hits YOU for 10 points of damage.
[Thu Aug 06 12:43:17 2026] Jaber hit a greater kobold for 168 points of magic damage by Wrath.
[Thu Aug 06 12:43:17 2026] A greater kobold has been struck down by wrath.
[Thu Aug 06 12:43:17 2026] Jaber tries to slash a greater kobold, but misses!
[Thu Aug 06 12:43:17 2026] Jaber tries to crush a greater kobold, but misses!
[Thu Aug 06 12:43:17 2026] Jaber tries to crush a greater kobold, but misses!
[Thu Aug 06 12:43:17 2026] Jaber tries to cleave a greater kobold, but misses!
[Thu Aug 06 12:43:17 2026] Jaber tries to bash a greater kobold, but misses!
[Thu Aug 06 12:43:18 2026] Jaber tries to kick a greater kobold, but misses!
[Thu Aug 06 12:43:18 2026] Jaber kicks a greater kobold for 46 points of damage.
[Thu Aug 06 12:43:19 2026] A greater kobold tries to hit Jaber, but misses!
[Thu Aug 06 12:43:19 2026] Jaber slashes a greater kobold for 52 points of damage.
[Thu Aug 06 12:43:19 2026] A greater kobold hits Jaber for 4 points of damage. (Riposte)
[Thu Aug 06 12:43:19 2026] Jaber tries to crush a greater kobold, but misses!
[Thu Aug 06 12:43:19 2026] Jaber tries to crush a greater kobold, but misses!
[Thu Aug 06 12:43:19 2026] Auto attack is on.
[Thu Aug 06 12:43:20 2026] You bash a greater kobold for 68 points of damage.
[Thu Aug 06 12:43:20 2026] You bash a greater kobold for 96 points of damage.
[Thu Aug 06 12:43:20 2026] You smite a greater kobold for 48 points of damage.
[Thu Aug 06 12:43:20 2026] You hit a greater kobold for 259 points of magic damage by Smiting Strike.
[Thu Aug 06 12:43:20 2026] A greater kobold staggers.
[Thu Aug 06 12:43:20 2026] You smite a greater kobold for 48 points of damage.
[Thu Aug 06 12:43:20 2026] You hit a greater kobold for 259 points of magic damage by Smiting Strike.
[Thu Aug 06 12:43:20 2026] A greater kobold staggers.
[Thu Aug 06 12:43:20 2026] You try to kick a greater kobold, but miss!
[Thu Aug 06 12:43:20 2026] Your target has been stunned too recently for your stun to have full effect.
[Thu Aug 06 12:43:20 2026] You kick a greater kobold for 176 points of damage.
[Thu Aug 06 12:43:20 2026] You strike a greater kobold for 52 points of damage.
[Thu Aug 06 12:43:20 2026] You try to strike a greater kobold, but miss!
[Thu Aug 06 12:43:20 2026] You try to slash a greater kobold, but miss!
[Thu Aug 06 12:43:20 2026] You slash a greater kobold for 164 points of damage.
[Thu Aug 06 12:43:21 2026] Jaber begins casting Wrath.
[Thu Aug 06 12:43:21 2026] You try to slash a greater kobold, but miss!
[Thu Aug 06 12:43:22 2026] You try to claw a greater kobold, but a greater kobold dodges!
[Thu Aug 06 12:43:22 2026] A greater kobold hits YOU for 10 points of damage.
[Thu Aug 06 12:43:22 2026] A greater kobold hits YOU for 10 points of damage.
[Thu Aug 06 12:43:22 2026] A greater kobold bashes YOU for 7 points of damage.
[Thu Aug 06 12:43:22 2026] A greater kobold tries to kick YOU, but misses!
[Thu Aug 06 12:43:23 2026] You slash a greater kobold for 106 points of damage.
[Thu Aug 06 12:43:23 2026] You try to claw a greater kobold, but miss!
[Thu Aug 06 12:43:23 2026] You claw a greater kobold for 36 points of damage.
[Thu Aug 06 12:43:23 2026] Jaber hit a greater kobold for 168 points of magic damage by Wrath.
[Thu Aug 06 12:43:23 2026] A greater kobold has been struck down by wrath.
[Thu Aug 06 12:43:23 2026] Jaber slashes a greater kobold for 52 points of damage.
[Thu Aug 06 12:43:23 2026] Jaber bashes a greater kobold for 11 points of damage.
[Thu Aug 06 12:43:24 2026] Jaber slashes a greater kobold for 50 points of damage.
[Thu Aug 06 12:43:24 2026] Jaber slashes a greater kobold for 52 points of damage.
[Thu Aug 06 12:43:24 2026] You strike a greater kobold for 6 points of damage.
[Thu Aug 06 12:43:24 2026] Your faction standing with Kobolds of Fire Pit has been adjusted by -3.
[Thu Aug 06 12:43:24 2026] Your faction standing with Solusek Mining Co. has been adjusted by 5.
[Thu Aug 06 12:43:24 2026] You gain experience!
[Thu Aug 06 12:43:24 2026] You receive 9 gold, 7 silver and 5 copper from the corpse.
[Thu Aug 06 12:43:24 2026] You have slain a greater kobold!
[Thu Aug 06 12:43:39 2026] Jaber says, 'Now regrouping, master.'
[Thu Aug 06 12:44:12 2026] I have 100 percent of my hit points left.
[Thu Aug 06 12:44:12 2026] Daring
[Thu Aug 06 12:44:12 2026] Symbol of Ryltan
[Thu Aug 06 12:44:20 2026] Jaber says, 'My leader is Primitive.'
[Thu Aug 06 12:44:40 2026] Jaber says, 'As you wish, oh great one.'
[Thu Aug 06 12:44:42 2026] Your Kintaz's Animation spell fizzles!
[Thu Aug 06 12:44:43 2026] Your Kintaz's Animation spell fizzles!
[Thu Aug 06 12:44:43 2026] Your Kintaz's Animation spell fizzles!
[Thu Aug 06 12:44:44 2026] Your Kintaz's Animation spell fizzles!
[Thu Aug 06 12:44:45 2026] Your Brell's Girdle (Exaltation) shimmers briefly.
[Thu Aug 06 12:44:45 2026] You begin casting Kintaz's Animation.
[Thu Aug 06 12:44:49 2026] Gonekn begins casting Daring.
[Thu Aug 06 12:44:51 2026] Gonekn told you, 'Attacking a greater kobold Master.'
[Thu Aug 06 12:44:51 2026] Gonekn looks daring.
[Thu Aug 06 12:44:51 2026] Gonekn healed himself for 104 hit points by Daring.
[Thu Aug 06 12:44:52 2026] Gonekn slashes a greater kobold for 37 points of damage.
[Thu Aug 06 12:44:52 2026] Gonekn tries to slash a greater kobold, but misses!
[Thu Aug 06 12:44:52 2026] Gonekn cleaves a greater kobold for 52 points of damage.
[Thu Aug 06 12:44:52 2026] Gonekn tries to bash a greater kobold, but a greater kobold parries!
[Thu Aug 06 12:44:52 2026] Gonekn bashes a greater kobold for 11 points of damage.
[Thu Aug 06 12:44:53 2026] Gonekn kicks a greater kobold for 48 points of damage.
[Thu Aug 06 12:44:54 2026] A greater kobold hits Gonekn for 67 points of damage.
[Thu Aug 06 12:44:54 2026] A greater kobold tries to cleave Gonekn, but misses!
[Thu Aug 06 12:44:54 2026] A greater kobold tries to cleave Gonekn, but misses!
[Thu Aug 06 12:44:54 2026] A greater kobold tries to bash Gonekn, but misses!
[Thu Aug 06 12:44:54 2026] A greater kobold bashes Gonekn for 7 points of damage.
[Thu Aug 06 12:44:54 2026] A greater kobold tries to kick Gonekn, but misses!
[Thu Aug 06 12:44:54 2026] A greater kobold tries to kick Gonekn, but misses!
[Thu Aug 06 12:44:55 2026] A greater kobold hits Gonekn for 78 points of damage.
[Thu Aug 06 12:44:55 2026] A greater kobold tries to hit Gonekn, but misses!
[Thu Aug 06 12:44:55 2026] A greater kobold tries to cleave Gonekn, but misses!
[Thu Aug 06 12:44:55 2026] A greater kobold kicks Gonekn for 7 points of damage.
[Thu Aug 06 12:44:55 2026] A greater kobold tries to kick Gonekn, but misses!
[Thu Aug 06 12:44:55 2026] A greater kobold tries to bash Gonekn, but misses!
[Thu Aug 06 12:44:55 2026] Gonekn tries to slash a greater kobold, but misses!
[Thu Aug 06 12:44:55 2026] Gonekn tries to slash a greater kobold, but misses!
[Thu Aug 06 12:44:56 2026] A greater kobold tries to hit Gonekn, but misses!
[Thu Aug 06 12:44:57 2026] Gonekn slashes a greater kobold for 52 points of damage.
[Thu Aug 06 12:44:57 2026] Gonekn crushes a greater kobold for 25 points of damage.
[Thu Aug 06 12:44:57 2026] A greater kobold hits Gonekn for 71 points of damage.
[Thu Aug 06 12:44:57 2026] A greater kobold hits Gonekn for 24 points of damage.
[Thu Aug 06 12:44:58 2026] A greater kobold hits Gonekn for 52 points of damage.
[Thu Aug 06 12:44:59 2026] Gonekn tries to bash a greater kobold, but misses!
[Thu Aug 06 12:44:59 2026] Gonekn bashes a greater kobold for 11 points of damage.
[Thu Aug 06 12:44:59 2026] Gonekn tries to kick a greater kobold, but misses!
[Thu Aug 06 12:44:59 2026] Gonekn tries to kick a greater kobold, but misses!
[Thu Aug 06 12:44:59 2026] Gonekn slashes a greater kobold for 12 points of damage.
[Thu Aug 06 12:44:59 2026] Gonekn tries to crush a greater kobold, but misses!
[Thu Aug 06 12:44:59 2026] Gonekn tries to crush a greater kobold, but misses!
[Thu Aug 06 12:45:00 2026] A greater kobold hits Gonekn for 33 points of damage.
[Thu Aug 06 12:45:00 2026] A greater kobold tries to kick Gonekn, but Gonekn dodges!
[Thu Aug 06 12:45:00 2026] A greater kobold tries to kick Gonekn, but Gonekn blocks!
[Thu Aug 06 12:45:00 2026] A greater kobold tries to bash Gonekn, but Gonekn blocks!
[Thu Aug 06 12:45:00 2026] A greater kobold bashes Gonekn for 7 points of damage.
[Thu Aug 06 12:45:00 2026] A greater kobold hits Gonekn for 46 points of damage.
[Thu Aug 06 12:45:01 2026] Gonekn is burned by a greater kobold's flames for 10 points of non-melee damage.
[Thu Aug 06 12:45:01 2026] Gonekn slashes a greater kobold for 52 points of damage. (Riposte)
[Thu Aug 06 12:45:01 2026] A greater kobold tries to hit Gonekn, but misses!
[Thu Aug 06 12:45:02 2026] Gonekn slashes a greater kobold for 25 points of damage.
[Thu Aug 06 12:45:02 2026] Gonekn cleaves a greater kobold for 52 points of damage.
[Thu Aug 06 12:45:02 2026] Gonekn is burned by a greater kobold's flames for 10 points of non-melee damage.
[Thu Aug 06 12:45:02 2026] Gonekn cleaves a greater kobold for 44 points of damage.
[Thu Aug 06 12:45:03 2026] A greater kobold tries to hit Gonekn, but misses!
[Thu Aug 06 12:45:03 2026] A greater kobold cleaves Gonekn for 71 points of damage.
[Thu Aug 06 12:45:03 2026] A greater kobold tries to bash Gonekn, but misses!
[Thu Aug 06 12:45:03 2026] A greater kobold tries to bash Gonekn, but misses!
[Thu Aug 06 12:45:03 2026] A greater kobold tries to kick Gonekn, but misses!
[Thu Aug 06 12:45:03 2026] A greater kobold tries to hit Gonekn, but misses!
[Thu Aug 06 12:45:04 2026] Gonekn slashes a greater kobold for 12 points of damage.
[Thu Aug 06 12:45:04 2026] Gonekn tries to slash a greater kobold, but misses!
[Thu Aug 06 12:45:05 2026] A greater kobold tries to hit Gonekn, but misses!
[Thu Aug 06 12:45:05 2026] A greater kobold tries to hit Gonekn, but misses!
[Thu Aug 06 12:45:05 2026] A greater kobold hits Gonekn for 67 points of damage.
[Thu Aug 06 12:45:05 2026] A greater kobold hits Gonekn for 44 points of damage.
[Thu Aug 06 12:45:06 2026] A greater kobold tries to bash Gonekn, but misses!
[Thu Aug 06 12:45:06 2026] A greater kobold tries to bash Gonekn, but misses!
[Thu Aug 06 12:45:06 2026] Gonekn bashes a greater kobold for 11 points of damage.
[Thu Aug 06 12:45:06 2026] Gonekn tries to bash a greater kobold, but misses!
[Thu Aug 06 12:45:06 2026] A greater kobold hits Gonekn for 31 points of damage. (Riposte)
[Thu Aug 06 12:45:06 2026] Gonekn slashes a greater kobold for 52 points of damage.
[Thu Aug 06 12:45:06 2026] Gonekn slashes a greater kobold for 52 points of damage.
[Thu Aug 06 12:45:06 2026] A greater kobold tries to kick Gonekn, but misses!
[Thu Aug 06 12:45:06 2026] A greater kobold tries to kick Gonekn, but misses!
[Thu Aug 06 12:45:07 2026] A greater kobold cleaves Gonekn for 64 points of damage.
[Thu Aug 06 12:45:07 2026] A greater kobold tries to hit Gonekn, but misses!
[Thu Aug 06 12:45:07 2026] A greater kobold hits Gonekn for 67 points of damage.
[Thu Aug 06 12:45:08 2026] A greater kobold tries to hit Gonekn, but Gonekn dodges!
[Thu Aug 06 12:45:08 2026] A greater kobold hits Gonekn for 60 points of damage.
[Thu Aug 06 12:45:09 2026] Gonekn tries to slash a greater kobold, but misses!
[Thu Aug 06 12:45:09 2026] Gonekn tries to crush a greater kobold, but misses!
[Thu Aug 06 12:45:09 2026] A greater kobold tries to hit Gonekn, but misses!
[Thu Aug 06 12:45:09 2026] A greater kobold tries to hit Gonekn, but Gonekn parries!
[Thu Aug 06 12:45:10 2026] A greater kobold tries to hit Gonekn, but misses!
[Thu Aug 06 12:45:11 2026] Gonekn begins casting Wrath.
[Thu Aug 06 12:45:11 2026] Gonekn's Wrath spell is interrupted.
[Thu Aug 06 12:45:11 2026] A greater kobold bashes Gonekn for 7 points of damage.
[Thu Aug 06 12:45:11 2026] Gonekn slashes a greater kobold for 52 points of damage.
[Thu Aug 06 12:45:11 2026] Gonekn tries to slash a greater kobold, but misses!
[Thu Aug 06 12:45:11 2026] Gonekn crushes a greater kobold for 52 points of damage.
[Thu Aug 06 12:45:11 2026] Gonekn tries to crush a greater kobold, but misses!
[Thu Aug 06 12:45:11 2026] A greater kobold tries to hit Gonekn, but misses!
[Thu Aug 06 12:45:11 2026] A greater kobold hits Gonekn for 52 points of damage.
[Thu Aug 06 12:45:12 2026] A greater kobold tries to cleave Gonekn, but misses!
[Thu Aug 06 12:45:12 2026] A greater kobold kicks Gonekn for 16 points of damage.
[Thu Aug 06 12:45:12 2026] A greater kobold bashes Gonekn for 7 points of damage.
[Thu Aug 06 12:45:12 2026] A greater kobold tries to bash Gonekn, but misses!
[Thu Aug 06 12:45:12 2026] Gonekn cleaves a greater kobold for 25 points of damage.
[Thu Aug 06 12:45:12 2026] Gonekn cleaves a greater kobold for 39 points of damage.
[Thu Aug 06 12:45:12 2026] Gonekn is burned by a greater kobold's flames for 10 points of non-melee damage.
[Thu Aug 06 12:45:12 2026] Gonekn cleaves a greater kobold for 46 points of damage.
[Thu Aug 06 12:45:12 2026] A greater kobold kicks Gonekn for 21 points of damage.
[Thu Aug 06 12:45:12 2026] Gonekn tries to bash a greater kobold, but a greater kobold dodges!
[Thu Aug 06 12:45:13 2026] Gonekn tries to kick a greater kobold, but misses!
[Thu Aug 06 12:45:13 2026] Gonekn tries to kick a greater kobold, but misses!
[Thu Aug 06 12:45:13 2026] A greater kobold hits Gonekn for 20 points of damage.
[Thu Aug 06 12:45:13 2026] A greater kobold hits Gonekn for 63 points of damage.
[Thu Aug 06 12:45:13 2026] Gonekn slashes a greater kobold for 27 points of damage.
[Thu Aug 06 12:45:13 2026] Gonekn slashes a greater kobold for 52 points of damage.
[Thu Aug 06 12:45:13 2026] Gonekn crushes a greater kobold for 52 points of damage.
[Thu Aug 06 12:45:13 2026] Gonekn crushes a greater kobold for 52 points of damage.
[Thu Aug 06 12:45:15 2026] Gonekn begins casting Stun.
[Thu Aug 06 12:45:15 2026] A greater kobold hits Gonekn for 74 points of damage.
[Thu Aug 06 12:45:15 2026] A greater kobold tries to hit Gonekn, but misses!
[Thu Aug 06 12:45:15 2026] A kobold noble begins casting Feedback.
[Thu Aug 06 12:45:16 2026] A greater kobold tries to hit Gonekn, but misses!
[Thu Aug 06 12:45:16 2026] a greater kobold is struck by a sudden force.
[Thu Aug 06 12:45:16 2026] Gonekn tries to slash a greater kobold, but misses!
[Thu Aug 06 12:45:16 2026] Gonekn slashes a greater kobold for 37 points of damage.
[Thu Aug 06 12:45:16 2026] Gonekn crushes a greater kobold for 52 points of damage.
[Thu Aug 06 12:45:17 2026] A greater kobold hits Gonekn for 10 points of damage.
[Thu Aug 06 12:45:18 2026] Gonekn slashes a greater kobold for 12 points of damage.
[Thu Aug 06 12:45:18 2026] Gonekn tries to crush a greater kobold, but misses!
[Thu Aug 06 12:45:18 2026] A greater kobold bashes Gonekn for 7 points of damage.
[Thu Aug 06 12:45:18 2026] A greater kobold kicks Gonekn for 11 points of damage.
[Thu Aug 06 12:45:19 2026] Gonekn begins casting Wrath.
[Thu Aug 06 12:45:19 2026] A greater kobold hits Gonekn for 10 points of damage.
[Thu Aug 06 12:45:19 2026] A greater kobold tries to hit Gonekn, but misses!
[Thu Aug 06 12:45:19 2026] a kobold noble is enveloped in blazing energy.
[Thu Aug 06 12:45:20 2026] A greater kobold hits Gonekn for 67 points of damage.
[Thu Aug 06 12:45:20 2026] A greater kobold tries to hit Gonekn, but misses!
[Thu Aug 06 12:45:20 2026] A greater kobold tries to bash Gonekn, but misses!
[Thu Aug 06 12:45:20 2026] A greater kobold bashes Gonekn for 7 points of damage.
[Thu Aug 06 12:45:21 2026] A greater kobold tries to kick Gonekn, but misses!
[Thu Aug 06 12:45:21 2026] A greater kobold tries to hit Gonekn, but misses!
[Thu Aug 06 12:45:21 2026] A greater kobold hits Gonekn for 48 points of damage.
[Thu Aug 06 12:45:21 2026] A greater kobold hits Gonekn for 67 points of damage.
[Thu Aug 06 12:45:21 2026] Gonekn hit a greater kobold for 168 points of magic damage by Wrath.
[Thu Aug 06 12:45:21 2026] A greater kobold has been struck down by wrath.
[Thu Aug 06 12:45:21 2026] Gonekn tries to slash a greater kobold, but misses!
[Thu Aug 06 12:45:21 2026] A greater kobold tries to hit Gonekn, but misses! (Riposte)
[Thu Aug 06 12:45:21 2026] Gonekn bashes a greater kobold for 11 points of damage.
[Thu Aug 06 12:45:21 2026] A greater kobold cleaves Gonekn for 78 points of damage.
[Thu Aug 06 12:45:21 2026] A greater kobold cleaves Gonekn for 67 points of damage.
[Thu Aug 06 12:45:21 2026] A greater kobold cleaves Gonekn for 74 points of damage.
[Thu Aug 06 12:45:22 2026] Gonekn kicks a greater kobold for 14 points of damage.
[Thu Aug 06 12:45:22 2026] Gonekn kicks a greater kobold for 48 points of damage.
[Thu Aug 06 12:45:22 2026] Gonekn cleaves a greater kobold for 44 points of damage.
[Thu Aug 06 12:45:22 2026] Gonekn is burned by a greater kobold's flames for 10 points of non-melee damage.
[Thu Aug 06 12:45:22 2026] Gonekn cleaves a greater kobold for 39 points of damage.
[Thu Aug 06 12:45:22 2026] A greater kobold tries to hit Gonekn, but misses! (Riposte)
[Thu Aug 06 12:45:22 2026] Gonekn tries to slash a greater kobold, but misses!
[Thu Aug 06 12:45:22 2026] Gonekn crushes a greater kobold for 23 points of damage.
[Thu Aug 06 12:45:22 2026] Gonekn begins casting Root.
[Thu Aug 06 12:45:22 2026] A greater kobold hits Gonekn for 14 points of damage.
[Thu Aug 06 12:45:23 2026] A greater kobold tries to hit Gonekn, but misses!
[Thu Aug 06 12:45:24 2026] Gonekn's Root spell is interrupted.
[Thu Aug 06 12:45:24 2026] A greater kobold bashes Gonekn for 7 points of damage.
[Thu Aug 06 12:45:24 2026] A greater kobold bashes Gonekn for 7 points of damage.
[Thu Aug 06 12:45:24 2026] Gonekn begins casting Lay on Hands.
[Thu Aug 06 12:45:24 2026] Gonekn feels a healing touch.
[Thu Aug 06 12:45:24 2026] Gonekn healed himself for 1565 (1873) hit points by Lay on Hands.
[Thu Aug 06 12:45:24 2026] A greater kobold tries to kick Gonekn, but misses!
[Thu Aug 06 12:45:24 2026] A greater kobold kicks Gonekn for 17 points of damage.
[Thu Aug 06 12:45:24 2026] A greater kobold tries to hit Gonekn, but misses!
[Thu Aug 06 12:45:24 2026] A greater kobold tries to hit Gonekn, but misses!
[Thu Aug 06 12:45:25 2026] Gonekn tries to slash a greater kobold, but misses!
[Thu Aug 06 12:45:25 2026] A kobold noble begins casting Feedback.
[Thu Aug 06 12:45:26 2026] A greater kobold tries to hit Gonekn, but misses!
[Thu Aug 06 12:45:26 2026] A greater kobold tries to hit Gonekn, but misses!
[Thu Aug 06 12:45:27 2026] Gonekn tries to slash a greater kobold, but misses!
[Thu Aug 06 12:45:28 2026] Gonekn bashes a greater kobold for 11 points of damage.
[Thu Aug 06 12:45:28 2026] A greater kobold shaman begins casting Inner Fire.
[Thu Aug 06 12:45:28 2026] A greater kobold hits Gonekn for 71 points of damage.
[Thu Aug 06 12:45:28 2026] A greater kobold tries to hit Gonekn, but misses!
[Thu Aug 06 12:45:28 2026] A greater kobold tries to hit Gonekn, but misses! (Riposte)
[Thu Aug 06 12:45:28 2026] Gonekn slashes a greater kobold for 12 points of damage.
[Thu Aug 06 12:45:29 2026] Gonekn tries to slash a greater kobold, but a greater kobold dodges!
[Thu Aug 06 12:45:29 2026] Gonekn tries to crush a greater kobold, but a greater kobold parries!
[Thu Aug 06 12:45:29 2026] a kobold noble pet is enveloped in blazing energy.
[Thu Aug 06 12:45:30 2026] A greater kobold bashes Gonekn for 7 points of damage.
[Thu Aug 06 12:45:30 2026] A greater kobold bashes Gonekn for 7 points of damage.
[Thu Aug 06 12:45:30 2026] Auto attack is on.
[Thu Aug 06 12:45:30 2026] A greater kobold hits Gonekn for 71 points of damage.
[Thu Aug 06 12:45:30 2026] A greater kobold hits Gonekn for 17 points of damage.
[Thu Aug 06 12:45:30 2026] You try to bash a greater kobold, but a greater kobold parries!
[Thu Aug 06 12:45:30 2026] You smite a greater kobold for 72 points of damage.
[Thu Aug 06 12:45:30 2026] You hit a greater kobold for 259 points of magic damage by Smiting Strike.
[Thu Aug 06 12:45:30 2026] A greater kobold staggers.
[Thu Aug 06 12:45:30 2026] You try to kick a greater kobold, but miss!
[Thu Aug 06 12:45:30 2026] You try to kick a greater kobold, but miss!
[Thu Aug 06 12:45:30 2026] You strike a greater kobold for 86 points of damage.
[Thu Aug 06 12:45:30 2026] You strike a greater kobold for 16 points of damage.
[Thu Aug 06 12:45:30 2026] You try to strike a greater kobold, but a greater kobold parries!
[Thu Aug 06 12:45:30 2026] You claw a greater kobold for 48 points of damage.
[Thu Aug 06 12:45:30 2026] You claw a greater kobold for 80 points of damage.
[Thu Aug 06 12:45:30 2026] You slash a greater kobold for 169 points of damage. (Finishing Blow)
[Thu Aug 06 12:45:30 2026] Your faction standing with Kobolds of Fire Pit has been adjusted by -3.
[Thu Aug 06 12:45:30 2026] Your faction standing with Solusek Mining Co. has been adjusted by 5.
[Thu Aug 06 12:45:30 2026] You gain experience!
[Thu Aug 06 12:45:30 2026] You receive 9 gold, 9 silver and 6 copper from the corpse.
[Thu Aug 06 12:45:30 2026] You have slain a greater kobold!
[Thu Aug 06 12:45:30 2026] A greater kobold tries to kick YOU, but misses!
[Thu Aug 06 12:45:30 2026] A greater kobold tries to kick YOU, but misses!
[Thu Aug 06 12:45:30 2026] A greater kobold tries to cleave YOU, but YOU parry!
[Thu Aug 06 12:45:30 2026] A greater kobold tries to cleave Gonekn, but Gonekn parries!
[Thu Aug 06 12:45:30 2026] A greater kobold tries to cleave Gonekn, but Gonekn blocks!
[Thu Aug 06 12:45:31 2026] Gonekn tries to slash a greater kobold, but misses!
[Thu Aug 06 12:45:31 2026] a greater kobold shaman's body pulses with energy.
[Thu Aug 06 12:45:31 2026] a greater kobold shaman healed itself for 20 hit points by Inner Fire.
[Thu Aug 06 12:45:32 2026] A greater kobold shaman begins casting Spirit of Wolf.
[Thu Aug 06 12:45:32 2026] Gonekn tries to cleave a greater kobold, but misses!
[Thu Aug 06 12:45:32 2026] You try to slash a greater kobold, but miss!
[Thu Aug 06 12:45:32 2026] A greater kobold tries to hit YOU, but misses!
[Thu Aug 06 12:45:32 2026] A greater kobold hits YOU for 10 points of damage.
[Thu Aug 06 12:45:32 2026] YOU are burned by a greater kobold's flames for 10 points of non-melee damage!
[Thu Aug 06 12:45:32 2026] You claw a greater kobold for 20 points of damage.
[Thu Aug 06 12:45:33 2026] Gonekn is burned by a greater kobold's flames for 10 points of non-melee damage.
[Thu Aug 06 12:45:33 2026] Gonekn slashes a greater kobold for 39 points of damage.
[Thu Aug 06 12:45:34 2026] You try to slash a greater kobold, but miss!
[Thu Aug 06 12:45:34 2026] You hit a greater kobold for 31 points of magic damage by Lifetap Strike.
[Thu Aug 06 12:45:34 2026] A greater kobold staggers.
[Thu Aug 06 12:45:34 2026] You healed Primitive for 20 (32) hit points by Lifetap Strike.
[Thu Aug 06 12:45:34 2026] A greater kobold tries to hit YOU, but misses! (Riposte)
[Thu Aug 06 12:45:34 2026] A greater kobold tries to hit YOU, but misses!
[Thu Aug 06 12:45:35 2026] Gonekn tries to bash a greater kobold, but misses!
[Thu Aug 06 12:45:35 2026] Gonekn tries to bash a greater kobold, but a greater kobold dodges!
[Thu Aug 06 12:45:35 2026] YOU are burned by a greater kobold's flames for 10 points of non-melee damage!
[Thu Aug 06 12:45:35 2026] You strike a greater kobold for 64 points of damage.
[Thu Aug 06 12:45:35 2026] A kobold noble begins casting Feedback.
[Thu Aug 06 12:45:35 2026] Gonekn tries to kick a greater kobold, but misses!
[Thu Aug 06 12:45:35 2026] This spell only works on constructs or elementals.
[Thu Aug 06 12:45:35 2026] YOU are burned by a greater kobold's flames for 10 points of non-melee damage!
[Thu Aug 06 12:45:35 2026] You slash a greater kobold for 98 points of damage.
[Thu Aug 06 12:45:35 2026] YOU are burned by a greater kobold's flames for 10 points of non-melee damage!
[Thu Aug 06 12:45:35 2026] You slash a greater kobold for 172 points of damage.
[Thu Aug 06 12:45:36 2026] A greater kobold tries to bash YOU, but misses!
[Thu Aug 06 12:45:36 2026] Gonekn is burned by a greater kobold's flames for 10 points of non-melee damage.
[Thu Aug 06 12:45:36 2026] Gonekn slashes a greater kobold for 33 points of damage.
[Thu Aug 06 12:45:36 2026] Gonekn is burned by a greater kobold's flames for 10 points of non-melee damage.
[Thu Aug 06 12:45:36 2026] Gonekn slashes a greater kobold for 44 points of damage.
[Thu Aug 06 12:45:36 2026] Gonekn tries to crush a greater kobold, but misses!
[Thu Aug 06 12:45:36 2026] YOU are burned by a greater kobold's flames for 10 points of non-melee damage!
[Thu Aug 06 12:45:36 2026] You claw a greater kobold for 138 points of damage.
[Thu Aug 06 12:45:36 2026] A greater kobold tries to hit YOU, but misses!
[Thu Aug 06 12:45:36 2026] YOU are burned by a greater kobold's flames for 10 points of non-melee damage!
[Thu Aug 06 12:45:36 2026] You bash a greater kobold for 138 points of damage.
[Thu Aug 06 12:45:36 2026] YOU are burned by a greater kobold's flames for 10 points of non-melee damage!
[Thu Aug 06 12:45:36 2026] Your target has been stunned too recently for your stun to have full effect.
[Thu Aug 06 12:45:36 2026] You bash a greater kobold for 176 points of damage.
[Thu Aug 06 12:45:36 2026] You try to kick a greater kobold, but miss!
[Thu Aug 06 12:45:36 2026] YOU are burned by a greater kobold's flames for 10 points of non-melee damage!
[Thu Aug 06 12:45:36 2026] Your target has been stunned too recently for your stun to have full effect.
[Thu Aug 06 12:45:36 2026] You kick a greater kobold for 126 points of damage. (Critical)
[Thu Aug 06 12:45:36 2026] a greater kobold shaman is surrounded by a brief lupine aura.
[Thu Aug 06 12:45:37 2026] YOU are burned by a greater kobold's flames for 10 points of non-melee damage!
[Thu Aug 06 12:45:37 2026] You slash a greater kobold for 172 points of damage.
[Thu Aug 06 12:45:37 2026] YOU are burned by a greater kobold's flames for 10 points of non-melee damage!
[Thu Aug 06 12:45:37 2026] You slash a greater kobold for 186 points of damage.
[Thu Aug 06 12:45:38 2026] YOU are burned by a greater kobold's flames for 10 points of non-melee damage!
[Thu Aug 06 12:45:38 2026] You claw a greater kobold for 32 points of damage.
[Thu Aug 06 12:45:38 2026] YOU are burned by a greater kobold's flames for 10 points of non-melee damage!
[Thu Aug 06 12:45:38 2026] You claw a greater kobold for 68 points of damage.
[Thu Aug 06 12:45:38 2026] Gonekn tries to slash a greater kobold, but misses!
[Thu Aug 06 12:45:38 2026] A greater kobold hits YOU for 10 points of damage.
[Thu Aug 06 12:45:38 2026] A greater kobold kicks YOU for 35 points of damage.
[Thu Aug 06 12:45:39 2026] a greater kobold is enveloped in blazing energy.
[Thu Aug 06 12:45:39 2026] YOU are burned by a greater kobold's flames for 10 points of non-melee damage!
[Thu Aug 06 12:45:39 2026] You slash a greater kobold for 196 points of damage.
[Thu Aug 06 12:45:39 2026] YOU are burned by a greater kobold's flames for 10 points of non-melee damage!
[Thu Aug 06 12:45:39 2026] You strike a greater kobold for 148 points of damage. (Finishing Blow)
[Thu Aug 06 12:45:39 2026] Your faction standing with Kobolds of Fire Pit has been adjusted by -3.
[Thu Aug 06 12:45:39 2026] Your faction standing with Solusek Mining Co. has been adjusted by 5.
[Thu Aug 06 12:45:39 2026] You gain experience!
[Thu Aug 06 12:45:39 2026] You receive 5 gold, 6 silver and 4 copper from the corpse.
[Thu Aug 06 12:45:39 2026] You have slain a greater kobold!
[Thu Aug 06 12:45:39 2026] You looted a Fine Steel Great Staff from a greater kobold's corpse and sold it for 4 platinum, 6 gold, 4 silver and 3 copper.
[Thu Aug 06 12:45:41 2026] Gonekn begins casting Symbol of Ryltan.
[Thu Aug 06 12:45:43 2026] A greater kobold shaman hits YOU for 17 points of damage.
[Thu Aug 06 12:45:44 2026] A greater kobold shaman begins casting Root.
[Thu Aug 06 12:45:45 2026] Gonekn is cloaked in a shimmer of glowing symbols.
[Thu Aug 06 12:45:45 2026] Gonekn healed himself for 158 hit points by Symbol of Ryltan.
[Thu Aug 06 12:45:45 2026] Gonekn begins casting Wrath.
[Thu Aug 06 12:45:46 2026] Gonekn says, 'Sorry, Master... calming down.'
[Thu Aug 06 12:45:47 2026] You resist a greater kobold shaman's Root!
[Thu Aug 06 12:45:47 2026] A greater kobold shaman tries to hit YOU, but misses!
[Thu Aug 06 12:45:47 2026] Gonekn says, 'Now regrouping, master.'
[Thu Aug 06 12:45:49 2026] A greater kobold shaman tries to hit YOU, but misses!
[Thu Aug 06 12:45:49 2026] A greater kobold shaman tries to hit YOU, but misses!
[Thu Aug 06 12:45:49 2026] A greater kobold shaman begins casting Root.
[Thu Aug 06 12:45:49 2026] Gonekn hit a greater kobold shaman for 168 points of magic damage by Wrath.
[Thu Aug 06 12:45:49 2026] A greater kobold shaman has been struck down by wrath.
[Thu Aug 06 12:45:51 2026] You resist a greater kobold shaman's Root!
[Thu Aug 06 12:45:51 2026] A greater kobold shaman tries to hit Gonekn, but misses!
[Thu Aug 06 12:45:53 2026] Auto attack is on.
[Thu Aug 06 12:45:53 2026] You cannot see your target.
[Thu Aug 06 12:45:53 2026] You claw a greater kobold shaman for 78 points of damage.
[Thu Aug 06 12:45:53 2026] This spell only works on constructs or elementals.
[Thu Aug 06 12:45:53 2026] You slash a greater kobold shaman for 118 points of damage.
[Thu Aug 06 12:45:54 2026] A greater kobold shaman tries to hit Gonekn, but misses!
[Thu Aug 06 12:45:55 2026] You slash a greater kobold shaman for 128 points of damage.
[Thu Aug 06 12:45:55 2026] You try to slash a greater kobold shaman, but miss!
[Thu Aug 06 12:45:55 2026] You claw a greater kobold shaman for 166 points of damage.
[Thu Aug 06 12:45:56 2026] A greater kobold shaman hits YOU for 60 points of damage.
[Thu Aug 06 12:45:56 2026] You slash a greater kobold shaman for 358 points of damage. (Critical)
[Thu Aug 06 12:45:56 2026] You slash a greater kobold shaman for 120 points of damage.
[Thu Aug 06 12:45:57 2026] You try to claw a greater kobold shaman, but miss!
[Thu Aug 06 12:45:57 2026] You try to claw a greater kobold shaman, but miss!
[Thu Aug 06 12:45:57 2026] You strike a greater kobold shaman for 64 points of damage.
[Thu Aug 06 12:45:58 2026] You slash a greater kobold shaman for 272 points of damage. (Critical)
[Thu Aug 06 12:45:58 2026] You bash a greater kobold shaman for 52 points of damage.
[Thu Aug 06 12:45:58 2026] You claw a greater kobold shaman for 72 points of damage.
[Thu Aug 06 12:45:58 2026] You claw a greater kobold shaman for 178 points of damage.
[Thu Aug 06 12:45:59 2026] You kick a greater kobold shaman for 9 points of damage.
[Thu Aug 06 12:45:59 2026] Your faction standing with Kobolds of Fire Pit has been adjusted by -3.
[Thu Aug 06 12:45:59 2026] Your faction standing with Solusek Mining Co. has been adjusted by 5.
[Thu Aug 06 12:45:59 2026] You gain experience!
[Thu Aug 06 12:45:59 2026] You receive 7 gold and 1 copper from the corpse.
[Thu Aug 06 12:45:59 2026] You have slain a greater kobold shaman!
[Thu Aug 06 12:46:01 2026] Gonekn says, 'As you wish, oh great one.'
[Thu Aug 06 12:46:04 2026] A kobold noble begins casting Suffocate.
[Thu Aug 06 12:46:06 2026] A greater kobold hits YOU for 62 points of damage.
[Thu Aug 06 12:46:06 2026] A greater kobold tries to cleave YOU, but misses!
