[Tue Jul 28 16:47:14 2026] You forget Kilan's Animation.
[Tue Jul 28 16:47:18 2026] Beginning to memorize Charm...
[Tue Jul 28 16:47:22 2026] You have finished memorizing Charm.
[Tue Jul 28 16:47:31 2026] You begin to change your invocation.
[Tue Jul 28 16:47:31 2026] You begin reciting the overchannel invocation.
[Tue Jul 28 16:47:33 2026] You begin casting Charm.
[Tue Jul 28 16:47:35 2026] a kodiak has been charmed.
[Tue Jul 28 16:47:35 2026] You have become better at Alteration! (58)
[Tue Jul 28 16:47:41 2026] You begin to change your invocation.
[Tue Jul 28 16:47:41 2026] You begin reciting the inversion invocation.
[Tue Jul 28 16:47:41 2026] Your Charm spell has worn off of a kodiak.
[Tue Jul 28 16:47:42 2026] You can not cast this spell while in combat.
[Tue Jul 28 16:47:42 2026] You can not cast this spell while in combat.
[Tue Jul 28 16:47:44 2026] You can not cast this spell while in combat.
[Tue Jul 28 16:47:44 2026] You can not cast this spell while in combat.
[Tue Jul 28 16:47:47 2026] Rekt begins casting Minor Healing.
[Tue Jul 28 16:47:49 2026] Rekt feels a little better.
[Tue Jul 28 16:47:49 2026] Rekt healed himself for 20 hit points by Minor Healing.
[Tue Jul 28 16:47:51 2026] Rekt begins casting Minor Healing.
[Tue Jul 28 16:47:53 2026] Rekt feels a little better.
[Tue Jul 28 16:47:53 2026] Rekt healed himself for 20 hit points by Minor Healing.
[Tue Jul 28 16:47:53 2026] A Dervish Cutthroat punches Rekt for 17 points of damage.
[Tue Jul 28 16:47:53 2026] You begin casting Chaotic Feedback.
[Tue Jul 28 16:47:53 2026] You can't use that command right now...
[Tue Jul 28 16:47:53 2026] Rekt slashes a Dervish Cutthroat for 24 points of damage.
[Tue Jul 28 16:47:53 2026] You can't use that command right now...
[Tue Jul 28 16:47:54 2026] You hit a Dervish Cutthroat for 30 points of magic damage by Chaotic Feedback.
[Tue Jul 28 16:47:54 2026] A Dervish Cutthroat's brain begins to smolder.
[Tue Jul 28 16:47:54 2026] A kodiak mauls YOU for 12 points of damage.
[Tue Jul 28 16:47:54 2026] A kodiak tries to cleave YOU, but misses!
[Tue Jul 28 16:47:54 2026] A kodiak bashes YOU for 1 point of damage.
[Tue Jul 28 16:47:55 2026] Rekt begins casting Minor Healing.
[Tue Jul 28 16:47:56 2026] A Dervish Cutthroat punches Rekt for 17 points of damage.
[Tue Jul 28 16:47:56 2026] Rekt feels a little better.
[Tue Jul 28 16:47:56 2026] Rekt healed himself for 20 hit points by Minor Healing.
[Tue Jul 28 16:47:57 2026] A Dervish Cutthroat punches YOU for 1 point of damage.
[Tue Jul 28 16:47:57 2026] A Dervish Cutthroat tries to bash YOU, but misses!
[Tue Jul 28 16:47:57 2026] A Dervish Cutthroat bashes YOU for 1 point of damage.
[Tue Jul 28 16:47:57 2026] A Dervish Cutthroat bashes Rekt for 1 point of damage.
[Tue Jul 28 16:47:57 2026] A kodiak mauls YOU for 19 points of damage.
[Tue Jul 28 16:47:58 2026] You begin to change your invocation.
[Tue Jul 28 16:47:58 2026] You begin reciting the overchannel invocation.
[Tue Jul 28 16:47:59 2026] Your Charm spell fizzles!
[Tue Jul 28 16:47:59 2026] You have become better at Alteration! (59)
[Tue Jul 28 16:48:00 2026] Your Charm spell fizzles!
[Tue Jul 28 16:48:00 2026] A Dervish Cutthroat punches YOU for 8 points of damage.
[Tue Jul 28 16:48:00 2026] You begin casting Charm.
[Tue Jul 28 16:48:00 2026] A kodiak tries to maul YOU, but misses!
[Tue Jul 28 16:48:00 2026] A kodiak tries to maul YOU, but misses!
[Tue Jul 28 16:48:00 2026] Rekt slashes a Dervish Cutthroat for 8 points of damage.
[Tue Jul 28 16:48:02 2026] A kodiak bashes YOU for 1 point of damage.
[Tue Jul 28 16:48:03 2026] You regain your concentration and continue your casting.
[Tue Jul 28 16:48:03 2026] a kodiak has been charmed.
[Tue Jul 28 16:48:03 2026] A Dervish Cutthroat tries to punch YOU, but misses!
[Tue Jul 28 16:48:03 2026] A kodiak crushes a Dervish Cutthroat for 22 points of damage.
[Tue Jul 28 16:48:05 2026] A Dervish Cutthroat bashes YOU for 1 point of damage.
[Tue Jul 28 16:48:05 2026] Rekt tries to hit a Dervish Cutthroat, but misses!
[Tue Jul 28 16:48:05 2026] A kodiak told you, 'Attacking a Dervish Cutthroat Master.'
[Tue Jul 28 16:48:06 2026] A kodiak cleaves a Dervish Cutthroat for 6 points of damage.
[Tue Jul 28 16:48:06 2026] A kodiak tries to crush a Dervish Cutthroat, but misses!
[Tue Jul 28 16:48:06 2026] A kodiak tries to crush a Dervish Cutthroat, but misses!
[Tue Jul 28 16:48:06 2026] A Dervish Cutthroat tries to punch YOU, but YOU block!
[Tue Jul 28 16:48:07 2026] You begin to change your invocation.
[Tue Jul 28 16:48:07 2026] You begin reciting the recovery invocation.
[Tue Jul 28 16:48:08 2026] Auto attack is on.
[Tue Jul 28 16:48:08 2026] Rekt tries to hit a Dervish Cutthroat, but misses!
[Tue Jul 28 16:48:08 2026] You bash a Dervish Cutthroat for 5 points of damage.
[Tue Jul 28 16:48:08 2026] You have become better at Smite! (14)
[Tue Jul 28 16:48:08 2026] You try to smite a Dervish Cutthroat, but miss!
[Tue Jul 28 16:48:08 2026] You kick a Dervish Cutthroat for 65 points of damage.
[Tue Jul 28 16:48:08 2026] You have become better at Round Kick! (59)
[Tue Jul 28 16:48:08 2026] You try to strike a Dervish Cutthroat, but miss!
[Tue Jul 28 16:48:08 2026] You crush a Dervish Cutthroat for 25 points of damage. (Critical)
[Tue Jul 28 16:48:09 2026] Rekt tries to kick a Dervish Cutthroat, but misses!
[Tue Jul 28 16:48:09 2026] A kodiak crushes a Dervish Cutthroat for 3 points of damage.
[Tue Jul 28 16:48:09 2026] A Dervish Cutthroat punches YOU for 1 point of damage.
[Tue Jul 28 16:48:10 2026] A kodiak tries to bash a Dervish Cutthroat, but misses!
[Tue Jul 28 16:48:10 2026] Rekt tries to slash a Dervish Cutthroat, but misses!
[Tue Jul 28 16:48:11 2026] You try to crush a Dervish Cutthroat, but miss!
[Tue Jul 28 16:48:11 2026] You crush a Dervish Cutthroat for 10 points of damage.
[Tue Jul 28 16:48:12 2026] A Dervish Cutthroat punches YOU for 15 points of damage.
[Tue Jul 28 16:48:12 2026] A Dervish Cutthroat tries to punch YOU, but misses!
[Tue Jul 28 16:48:13 2026] A Dervish Cutthroat tries to bash YOU, but misses!
[Tue Jul 28 16:48:13 2026] Rekt begins casting Minor Healing.
[Tue Jul 28 16:48:14 2026] You strike a Dervish Cutthroat for 50 points of damage.
[Tue Jul 28 16:48:14 2026] You try to crush a Dervish Cutthroat, but a Dervish Cutthroat parries!
[Tue Jul 28 16:48:15 2026] A kodiak crushes a Dervish Cutthroat for 10 points of damage.
[Tue Jul 28 16:48:15 2026] Rekt feels a little better.
[Tue Jul 28 16:48:15 2026] Rekt healed himself for 20 hit points by Minor Healing.
[Tue Jul 28 16:48:15 2026] A Dervish Cutthroat punches YOU for 1 point of damage.
[Tue Jul 28 16:48:15 2026] A Dervish Cutthroat punches YOU for 22 points of damage.
[Tue Jul 28 16:48:16 2026] You bash a Dervish Cutthroat for 5 points of damage.
[Tue Jul 28 16:48:17 2026] You kick a Dervish Cutthroat for 40 points of damage.
[Tue Jul 28 16:48:17 2026] You have become better at Round Kick! (60)
[Tue Jul 28 16:48:17 2026] You crush a Dervish Cutthroat for 17 points of damage.
[Tue Jul 28 16:48:17 2026] A kodiak crushes a Dervish Cutthroat for 15 points of damage.
[Tue Jul 28 16:48:18 2026] A kodiak bashes a Dervish Cutthroat for 1 point of damage.
[Tue Jul 28 16:48:18 2026] A kodiak tries to cleave a Dervish Cutthroat, but misses!
[Tue Jul 28 16:48:18 2026] A Dervish Cutthroat punches YOU for 1 point of damage.
[Tue Jul 28 16:48:20 2026] You strike a Dervish Cutthroat for 50 points of damage.
[Tue Jul 28 16:48:20 2026] You try to crush a Dervish Cutthroat, but miss!
[Tue Jul 28 16:48:20 2026] You try to crush a Dervish Cutthroat, but miss!
[Tue Jul 28 16:48:20 2026] A kodiak crushes a Dervish Cutthroat for 9 points of damage.
[Tue Jul 28 16:48:23 2026] Your target is too far away, get closer!
[Tue Jul 28 16:48:23 2026] You crush a Dervish Cutthroat for 16 points of damage.
[Tue Jul 28 16:48:23 2026] You try to crush a Dervish Cutthroat, but miss!
[Tue Jul 28 16:48:23 2026] A kodiak crushes a Dervish Cutthroat for 1 point of damage.
[Tue Jul 28 16:48:23 2026] Your faction standing with Dervish Cutthroats has been adjusted by -2.
[Tue Jul 28 16:48:23 2026] You gain experience! (3.323%)
[Tue Jul 28 16:48:23 2026] You receive 7 silver from the corpse.
[Tue Jul 28 16:48:23 2026] A Dervish Cutthroat has been slain by a kodiak!
[Tue Jul 28 16:48:23 2026] You looted a Human Blood from a Dervish Cutthroat's corpse and sold it for 1 gold, 4 silver and 3 copper.
[Tue Jul 28 16:48:25 2026] --You have looted a Cutthroat Insignia Ring from a Dervish Cutthroat's corpse.--
[Tue Jul 28 16:48:28 2026] You feel a traveling spirit enter you.
[Tue Jul 28 16:48:38 2026] The spirit of travel leaves you.
[Tue Jul 28 16:48:38 2026] You begin casting Chaotic Feedback.
[Tue Jul 28 16:48:38 2026] You can't use that command right now...
[Tue Jul 28 16:48:38 2026] You can't use that command right now...
[Tue Jul 28 16:48:40 2026] Your Chaotic Feedback spell is interrupted.
[Tue Jul 28 16:48:42 2026] A kodiak told you, 'Attacking a black bear Master.'
[Tue Jul 28 16:48:44 2026] Auto attack is on.
[Tue Jul 28 16:48:44 2026] Your target is too far away, get closer!
[Tue Jul 28 16:48:44 2026] Your target is too far away, get closer!
[Tue Jul 28 16:48:45 2026] You bash an orc legionnaire for 5 points of damage.
[Tue Jul 28 16:48:45 2026] You have become better at Smite! (15)
[Tue Jul 28 16:48:45 2026] You try to smite an orc legionnaire, but miss!
[Tue Jul 28 16:48:45 2026] You kick an orc legionnaire for 60 points of damage.
[Tue Jul 28 16:48:45 2026] You strike an orc legionnaire for 20 points of damage.
[Tue Jul 28 16:48:45 2026] An orc legionnaire slashes YOU for 28 points of damage.
[Tue Jul 28 16:48:45 2026] An orc legionnaire cleaves YOU for 1 point of damage.
[Tue Jul 28 16:48:45 2026] An orc legionnaire bashes YOU for 1 point of damage.
[Tue Jul 28 16:48:45 2026] An orc legionnaire tries to kick YOU, but misses!
[Tue Jul 28 16:48:46 2026] A kodiak tries to crush a black bear, but misses!
[Tue Jul 28 16:48:46 2026] A kodiak cleaves a black bear for 22 points of damage.
[Tue Jul 28 16:48:46 2026] A kodiak bashes a black bear for 1 point of damage.
[Tue Jul 28 16:48:46 2026] You have become better at Athletics! (51)
[Tue Jul 28 16:48:47 2026] You crush an orc legionnaire for 18 points of damage.
[Tue Jul 28 16:48:47 2026] You try to crush an orc legionnaire, but miss!
[Tue Jul 28 16:48:48 2026] An orc legionnaire slashes YOU for 13 points of damage.
[Tue Jul 28 16:48:48 2026] A black bear tries to maul a kodiak, but misses!
[Tue Jul 28 16:48:49 2026] A kodiak tries to crush a black bear, but misses!
[Tue Jul 28 16:48:50 2026] You crush an orc legionnaire for 12 points of damage.
[Tue Jul 28 16:48:50 2026] A darkweed snake has taken 13 damage from Blood Siphon Strike by Fickle.
[Tue Jul 28 16:48:50 2026] You strike an orc legionnaire for 25 points of damage.
[Tue Jul 28 16:48:51 2026] An orc legionnaire slashes YOU for 20 points of damage.
[Tue Jul 28 16:48:51 2026] An orc legionnaire slashes YOU for 6 points of damage.
[Tue Jul 28 16:48:52 2026] A black bear tries to maul a kodiak, but misses!
[Tue Jul 28 16:48:52 2026] A kodiak crushes a black bear for 22 points of damage.
[Tue Jul 28 16:48:52 2026] A kodiak crushes a black bear for 10 points of damage.
[Tue Jul 28 16:48:52 2026] You have become better at Athletics! (52)
[Tue Jul 28 16:48:52 2026] Fickle hit a darkweed snake for 12 points of fire damage by Ignite.
[Tue Jul 28 16:48:52 2026] A darkweed snake's skin ignites.
[Tue Jul 28 16:48:52 2026] A darkweed snake has been slain by Fickle!
[Tue Jul 28 16:48:53 2026] An orc legionnaire tries to bash YOU, but misses!
[Tue Jul 28 16:48:53 2026] An orc legionnaire tries to bash YOU, but misses!
[Tue Jul 28 16:48:53 2026] You try to crush an orc legionnaire, but miss!
[Tue Jul 28 16:48:53 2026] An orc legionnaire kicks YOU for 7 points of damage.
[Tue Jul 28 16:48:53 2026] You try to bash an orc legionnaire, but miss!
[Tue Jul 28 16:48:53 2026] You begin to change your invocation.
[Tue Jul 28 16:48:53 2026] You try to kick an orc legionnaire, but miss!
[Tue Jul 28 16:48:53 2026] An orc legionnaire tries to slash YOU, but misses!
[Tue Jul 28 16:48:54 2026] You begin reciting the inversion invocation.
[Tue Jul 28 16:48:54 2026] You can't use that command right now...
[Tue Jul 28 16:48:54 2026] You can't use that command right now...
[Tue Jul 28 16:48:54 2026] You begin casting Light Healing.
[Tue Jul 28 16:48:54 2026] You can't use that command right now...
[Tue Jul 28 16:48:54 2026] A kodiak bashes a black bear for 1 point of damage.
[Tue Jul 28 16:48:55 2026] You feel better.
[Tue Jul 28 16:48:55 2026] You healed Primitive for 69 hit points by Light Healing.
[Tue Jul 28 16:48:55 2026] You have become better at Alteration! (60)
[Tue Jul 28 16:48:55 2026] A kodiak crushes a black bear for 22 points of damage.
[Tue Jul 28 16:48:55 2026] A kodiak crushes a black bear for 2 points of damage.
[Tue Jul 28 16:48:55 2026] A black bear has been slain by a kodiak!
[Tue Jul 28 16:48:56 2026] You crush an orc legionnaire for 19 points of damage.
[Tue Jul 28 16:48:56 2026] You crush an orc legionnaire for 19 points of damage.
[Tue Jul 28 16:48:56 2026] You try to strike an orc legionnaire, but miss!
[Tue Jul 28 16:48:56 2026] An orc legionnaire slashes YOU for 4 points of damage.
[Tue Jul 28 16:48:57 2026] An orc legionnaire cleaves YOU for 28 points of damage.
[Tue Jul 28 16:48:58 2026] A kodiak tries to crush an orc legionnaire, but misses!
[Tue Jul 28 16:48:58 2026] A kodiak tries to cleave an orc legionnaire, but misses!
[Tue Jul 28 16:48:59 2026] You crush an orc legionnaire for 6 points of damage.
[Tue Jul 28 16:48:59 2026] You begin casting Chaotic Feedback.
[Tue Jul 28 16:48:59 2026] You can't use that command right now...
[Tue Jul 28 16:48:59 2026] You can't use that command right now...
[Tue Jul 28 16:48:59 2026] An orc legionnaire tries to slash YOU, but misses!
[Tue Jul 28 16:49:00 2026] You hit a skeleton for 28 points of magic damage by Chaotic Feedback.
[Tue Jul 28 16:49:00 2026] A skeleton's brain begins to smolder.
[Tue Jul 28 16:49:00 2026] A kodiak crushes an orc legionnaire for 22 points of damage.
[Tue Jul 28 16:49:01 2026] An orc legionnaire bashes YOU for 1 point of damage.
[Tue Jul 28 16:49:01 2026] An orc legionnaire kicks YOU for 2 points of damage.
[Tue Jul 28 16:49:02 2026] Your target is too far away, get closer!
[Tue Jul 28 16:49:02 2026] Your target is too far away, get closer!
[Tue Jul 28 16:49:02 2026] A skeleton tries to punch YOU, but misses!
[Tue Jul 28 16:49:02 2026] A skeleton tries to kick YOU, but misses!
[Tue Jul 28 16:49:02 2026] A skeleton tries to bash YOU, but misses!
[Tue Jul 28 16:49:02 2026] A kodiak bashes an orc legionnaire for 1 point of damage.
[Tue Jul 28 16:49:02 2026] You bash an orc legionnaire for 5 points of damage.
[Tue Jul 28 16:49:02 2026] You try to smite an orc legionnaire, but miss!
[Tue Jul 28 16:49:02 2026] You kick an orc legionnaire for 55 points of damage.
[Tue Jul 28 16:49:02 2026] You strike an orc legionnaire for 15 points of damage.
[Tue Jul 28 16:49:03 2026] A kodiak crushes an orc legionnaire for 22 points of damage.
[Tue Jul 28 16:49:04 2026] An orc legionnaire slashes YOU for 1 point of damage.
[Tue Jul 28 16:49:05 2026] You crush an orc legionnaire for 16 points of damage.
[Tue Jul 28 16:49:05 2026] You crush an orc legionnaire for 16 points of damage.
[Tue Jul 28 16:49:05 2026] A skeleton tries to punch YOU, but misses!
[Tue Jul 28 16:49:05 2026] An orc legionnaire tries to slash YOU, but YOU block!
[Tue Jul 28 16:49:06 2026] A kodiak crushes an orc legionnaire for 15 points of damage.
[Tue Jul 28 16:49:06 2026] A kodiak crushes an orc legionnaire for 22 points of damage.
[Tue Jul 28 16:49:08 2026] You crush an orc legionnaire for 4 points of damage.
[Tue Jul 28 16:49:08 2026] A skeleton tries to punch YOU, but misses!
[Tue Jul 28 16:49:08 2026] You try to strike an orc legionnaire, but miss!
[Tue Jul 28 16:49:09 2026] A kodiak tries to crush an orc legionnaire, but misses!
[Tue Jul 28 16:49:10 2026] A skeleton tries to bash YOU, but misses!
[Tue Jul 28 16:49:10 2026] A skeleton tries to bash YOU, but misses!
[Tue Jul 28 16:49:10 2026] A kodiak cleaves an orc legionnaire for 20 points of damage.
[Tue Jul 28 16:49:10 2026] A kodiak bashes an orc legionnaire for 1 point of damage.
[Tue Jul 28 16:49:10 2026] Your faction standing with Death Fist Orcs has been adjusted by -8.
[Tue Jul 28 16:49:10 2026] Your faction standing with Knights of Truth has been adjusted by 5.
[Tue Jul 28 16:49:10 2026] Your faction standing with Guardians of the Vale has been adjusted by 5.
[Tue Jul 28 16:49:10 2026] Your faction standing with Ashen Order has been adjusted by 5.
[Tue Jul 28 16:49:10 2026] Your faction standing with Commons Residents has been adjusted by 5.
[Tue Jul 28 16:49:10 2026] You gain experience! (3.323%)
[Tue Jul 28 16:49:10 2026] An orc legionnaire has been slain by a kodiak!
[Tue Jul 28 16:49:10 2026] A skeleton tries to kick YOU, but misses!
[Tue Jul 28 16:49:11 2026] You cannot see your target.
[Tue Jul 28 16:49:11 2026] A skeleton tries to punch YOU, but misses!
[Tue Jul 28 16:49:11 2026] You kick a skeleton for 55 points of damage.
[Tue Jul 28 16:49:12 2026] A kodiak crushes a skeleton for 13 points of damage.
[Tue Jul 28 16:49:14 2026] You crush a skeleton for 15 points of damage.
[Tue Jul 28 16:49:14 2026] You gain experience! (0.481%)
[Tue Jul 28 16:49:14 2026] You receive 4 silver from the corpse.
[Tue Jul 28 16:49:14 2026] You have slain a skeleton!
[Tue Jul 28 16:49:14 2026] --You have looted 2 Bone Chips from a skeleton's corpse.--
[Tue Jul 28 16:49:16 2026] You looted a Deathfist Shoulderpads from an orc legionnaire's corpse and sold it for 3 silver and 6 copper.
[Tue Jul 28 16:49:19 2026] --You have looted a Raw-Hide Shoulderpads +1 from an orc legionnaire's corpse.--
