[Wed Jul 29 14:53:00 2026] You strike a zol ghoul knight for 14 points of damage.
[Wed Jul 29 14:53:00 2026] A wan ghoul knight crushes a zol ghoul knight for 48 points of damage.
[Wed Jul 29 14:53:00 2026] A wan ghoul knight crushes a zol ghoul knight for 59 points of damage.
[Wed Jul 29 14:53:00 2026] A wan ghoul knight cleaves a zol ghoul knight for 35 points of damage.
[Wed Jul 29 14:53:00 2026] a zol ghoul knight stumbles.
[Wed Jul 29 14:53:01 2026] A zol ghoul knight bashes YOU for 5 points of damage.
[Wed Jul 29 14:53:01 2026] A zol ghoul knight bashes YOU for 5 points of damage.
[Wed Jul 29 14:53:01 2026] You try to slash a zol ghoul knight, but miss!
[Wed Jul 29 14:53:01 2026] You try to slash a zol ghoul knight, but miss!
[Wed Jul 29 14:53:01 2026] A zol ghoul knight tries to kick YOU, but misses!
[Wed Jul 29 14:53:01 2026] A zol ghoul knight kicks YOU for 19 points of damage.
[Wed Jul 29 14:53:01 2026] A wan ghoul knight crushes a zol ghoul knight for 16 points of damage.
[Wed Jul 29 14:53:02 2026] A zol ghoul knight hits YOU for 45 points of damage.
[Wed Jul 29 14:53:02 2026] A zol ghoul knight hits YOU for 19 points of damage.
[Wed Jul 29 14:53:02 2026] A wan ghoul knight crushes a zol ghoul knight for 48 points of damage.
[Wed Jul 29 14:53:02 2026] A wan ghoul knight tries to bash a zol ghoul knight, but misses!
[Wed Jul 29 14:53:02 2026] A wan ghoul knight bashes a zol ghoul knight for 6 points of damage.
[Wed Jul 29 14:53:03 2026] You slash a zol ghoul knight for 14 points of damage.
[Wed Jul 29 14:53:03 2026] You crush a zol ghoul knight for 15 points of damage.
[Wed Jul 29 14:53:03 2026] A wan ghoul knight kicks a zol ghoul knight for 34 points of damage.
[Wed Jul 29 14:53:03 2026] A wan ghoul knight tries to kick a zol ghoul knight, but misses!
[Wed Jul 29 14:53:04 2026] You try to bash a zol ghoul knight, but a zol ghoul knight dodges!
[Wed Jul 29 14:53:04 2026] You try to strike a zol ghoul knight, but miss!
[Wed Jul 29 14:53:05 2026] A wan ghoul knight crushes a zol ghoul knight for 59 points of damage.
[Wed Jul 29 14:53:05 2026] You try to kick a zol ghoul knight, but miss!
[Wed Jul 29 14:53:06 2026] A zol ghoul knight hits YOU for 45 points of damage.
[Wed Jul 29 14:53:06 2026] You try to slash a zol ghoul knight, but miss!
[Wed Jul 29 14:53:06 2026] A wan ghoul knight crushes a zol ghoul knight for 59 points of damage.
[Wed Jul 29 14:53:06 2026] You begin casting Chaos Flux.
[Wed Jul 29 14:53:07 2026] You hit a zol ghoul knight for 169 points of magic damage by Chaos Flux.
[Wed Jul 29 14:53:07 2026] A zol ghoul knight is surrounded by fluxing strands of chaos.
[Wed Jul 29 14:53:08 2026] A wan ghoul knight crushes a zol ghoul knight for 59 points of damage.
[Wed Jul 29 14:53:08 2026] You try to crush a zol ghoul knight, but miss!
[Wed Jul 29 14:53:08 2026] You try to slash a zol ghoul knight, but miss!
[Wed Jul 29 14:53:09 2026] A wan ghoul knight crushes a zol ghoul knight for 13 points of damage.
[Wed Jul 29 14:53:09 2026] A wan ghoul knight tries to crush a zol ghoul knight, but misses!
[Wed Jul 29 14:53:09 2026] You try to strike a zol ghoul knight, but miss!
[Wed Jul 29 14:53:09 2026] You try to smite a zol ghoul knight, but miss!
[Wed Jul 29 14:53:09 2026] You smite a zol ghoul knight for 16 points of damage.
[Wed Jul 29 14:53:09 2026] Your faction standing with Undead Frogloks of Guk has been adjusted by -20.
[Wed Jul 29 14:53:09 2026] Your faction standing with Frogloks of Guk has been adjusted by 5.
[Wed Jul 29 14:53:09 2026] You have gained an ability point!  You now have 4 ability points.
[Wed Jul 29 14:53:09 2026] You gain experience! (4.083%)
[Wed Jul 29 14:53:09 2026] You receive 8 gold, 5 silver and 8 copper from the corpse.
[Wed Jul 29 14:53:09 2026] You hit a zol ghoul knight for 40 points of magic damage by Smiting Strike.
[Wed Jul 29 14:53:09 2026] A zol ghoul knight staggers.
[Wed Jul 29 14:53:09 2026] You have slain a zol ghoul knight!
[Wed Jul 29 14:53:09 2026] You looted 2 Phosphorous Powder from a zol ghoul knight's corpse and sold it for 2 platinum, 5 gold, 7 silver and 2 copper.
[Wed Jul 29 14:53:10 2026] You must first click on the being you wish to attack!
[Wed Jul 29 14:53:10 2026] Your target is too far away, get closer!
[Wed Jul 29 14:53:11 2026] Your target is too far away, get closer!
[Wed Jul 29 14:53:11 2026] You try to kick a kor ghoul wizard, but miss!
[Wed Jul 29 14:53:11 2026] You try to kick a kor ghoul wizard, but miss!
[Wed Jul 29 14:53:12 2026] You begin casting Tepid Deeds.
[Wed Jul 29 14:53:13 2026] a kor ghoul wizard slows down.
[Wed Jul 29 14:53:13 2026] You have become better at Specialize Alteration! (145)
[Wed Jul 29 14:53:13 2026] Your Enthrall spell has worn off of a kor ghoul wizard.
[Wed Jul 29 14:53:13 2026] A kor ghoul wizard has been awakened by Primitive.
[Wed Jul 29 14:53:13 2026] You hit a kor ghoul wizard for 106 points of magic damage by Condemnation of Nife.
[Wed Jul 29 14:53:13 2026] A kor ghoul wizard is tortured by the condemnation of Rodcet Nife.
[Wed Jul 29 14:53:13 2026] You have become better at Tiger Claw! (126)
[Wed Jul 29 14:53:13 2026] You try to crush a kor ghoul wizard, but miss!
[Wed Jul 29 14:53:13 2026] You slash a kor ghoul wizard for 54 points of damage.
[Wed Jul 29 14:53:13 2026] You try to slash a kor ghoul wizard, but miss!
[Wed Jul 29 14:53:13 2026] A kor ghoul wizard hits YOU for 42 points of damage.
[Wed Jul 29 14:53:13 2026] A wan ghoul knight tries to crush a kor ghoul wizard, but misses!
[Wed Jul 29 14:53:13 2026] A wan ghoul knight tries to crush a kor ghoul wizard, but misses!
[Wed Jul 29 14:53:13 2026] A wan ghoul knight crushes a kor ghoul wizard for 37 points of damage.
[Wed Jul 29 14:53:13 2026] A wan ghoul knight crushes a kor ghoul wizard for 59 points of damage.
[Wed Jul 29 14:53:13 2026] A wan ghoul knight cleaves a kor ghoul wizard for 46 points of damage.
[Wed Jul 29 14:53:13 2026] A wan ghoul knight tries to bash a kor ghoul wizard, but misses!
[Wed Jul 29 14:53:13 2026] A wan ghoul knight kicks a kor ghoul wizard for 35 points of damage.
[Wed Jul 29 14:53:14 2026] You try to strike a kor ghoul wizard, but miss!
[Wed Jul 29 14:53:14 2026] A wan ghoul knight crushes a kor ghoul wizard for 8 points of damage.
[Wed Jul 29 14:53:14 2026] A wan ghoul knight tries to crush a kor ghoul wizard, but misses!
[Wed Jul 29 14:53:15 2026] You try to slash a kor ghoul wizard, but miss!
[Wed Jul 29 14:53:16 2026] A wan ghoul knight crushes a kor ghoul wizard for 54 points of damage.
[Wed Jul 29 14:53:16 2026] A wan ghoul knight crushes a kor ghoul wizard for 24 points of damage.
[Wed Jul 29 14:53:16 2026] You crush a kor ghoul wizard for 119 points of damage. (Slay Undead)
[Wed Jul 29 14:53:17 2026] A kor ghoul wizard begins casting Lightning Bolt.
[Wed Jul 29 14:53:17 2026] You try to bash a kor ghoul wizard, but miss!
[Wed Jul 29 14:53:17 2026] You try to bash a kor ghoul wizard, but miss!
[Wed Jul 29 14:53:18 2026] You try to kick a kor ghoul wizard, but miss!
[Wed Jul 29 14:53:18 2026] You try to slash a kor ghoul wizard, but miss!
[Wed Jul 29 14:53:18 2026] You try to strike a kor ghoul wizard, but miss!
[Wed Jul 29 14:53:18 2026] A wan ghoul knight crushes a kor ghoul wizard for 21 points of damage.
[Wed Jul 29 14:53:18 2026] A wan ghoul knight crushes a kor ghoul wizard for 27 points of damage.
[Wed Jul 29 14:53:19 2026] You crush a kor ghoul wizard for 1 point of damage.
[Wed Jul 29 14:53:19 2026] a kor ghoul wizard hit you for 126 points of magic damage by Lightning Bolt.
[Wed Jul 29 14:53:19 2026] Your body spasms as the lightning bolt arcs through you.
[Wed Jul 29 14:53:19 2026] A kor ghoul wizard tries to hit YOU, but YOU parry!
[Wed Jul 29 14:53:19 2026] A wan ghoul knight crushes a kor ghoul wizard for 59 points of damage.
[Wed Jul 29 14:53:20 2026] You try to smite a kor ghoul wizard, but miss!
[Wed Jul 29 14:53:20 2026] You try to smite a kor ghoul wizard, but miss!
[Wed Jul 29 14:53:20 2026] You try to slash a kor ghoul wizard, but miss!
[Wed Jul 29 14:53:20 2026] You try to slash a kor ghoul wizard, but miss!
[Wed Jul 29 14:53:21 2026] You try to crush a kor ghoul wizard, but miss!
[Wed Jul 29 14:53:21 2026] A kor ghoul wizard tries to hit YOU, but misses!
[Wed Jul 29 14:53:21 2026] A wan ghoul knight crushes a kor ghoul wizard for 32 points of damage.
[Wed Jul 29 14:53:21 2026] A wan ghoul knight tries to crush a kor ghoul wizard, but misses!
[Wed Jul 29 14:53:21 2026] A wan ghoul knight tries to bash a kor ghoul wizard, but misses!
[Wed Jul 29 14:53:21 2026] A wan ghoul knight bashes a kor ghoul wizard for 6 points of damage.
[Wed Jul 29 14:53:21 2026] A wan ghoul knight kicks a kor ghoul wizard for 35 points of damage.
[Wed Jul 29 14:53:22 2026] You begin to change your stance.
[Wed Jul 29 14:53:23 2026] You assume a mage hunter stance.
[Wed Jul 29 14:53:23 2026] You strike a kor ghoul wizard for 14 points of damage.
[Wed Jul 29 14:53:23 2026] You crush a kor ghoul wizard for 7 points of damage.
[Wed Jul 29 14:53:23 2026] You slash a kor ghoul wizard for 16 points of damage.
[Wed Jul 29 14:53:23 2026] You try to bash a kor ghoul wizard, but miss!
[Wed Jul 29 14:53:24 2026] A wan ghoul knight crushes a kor ghoul wizard for 56 points of damage.
[Wed Jul 29 14:53:24 2026] You try to kick a kor ghoul wizard, but miss!
[Wed Jul 29 14:53:24 2026] A kor ghoul wizard tries to hit YOU, but YOU block!
[Wed Jul 29 14:53:25 2026] A kor ghoul wizard begins casting Instill.
[Wed Jul 29 14:53:25 2026] You try to crush a kor ghoul wizard, but miss!
[Wed Jul 29 14:53:25 2026] You have become better at Dual Wield! (201)
[Wed Jul 29 14:53:25 2026] You try to slash a kor ghoul wizard, but miss!
[Wed Jul 29 14:53:26 2026] You begin casting Color Shift.
[Wed Jul 29 14:53:26 2026] A wan ghoul knight tries to crush a kor ghoul wizard, but misses!
[Wed Jul 29 14:53:26 2026] A wan ghoul knight tries to crush a kor ghoul wizard, but misses!
[Wed Jul 29 14:53:26 2026] a kor ghoul wizard's Instill spell is interrupted.
[Wed Jul 29 14:53:26 2026] a kor ghoul wizard is stunned by scintillating colors.
[Wed Jul 29 14:53:26 2026] A wan ghoul knight cleaves a kor ghoul wizard for 59 points of damage.
[Wed Jul 29 14:53:27 2026] You strike a kor ghoul wizard for 15 points of damage.
[Wed Jul 29 14:53:27 2026] You crush a kor ghoul wizard for 22 points of damage.
[Wed Jul 29 14:53:28 2026] You slash a kor ghoul wizard for 9 points of damage.
[Wed Jul 29 14:53:28 2026] You try to slash a kor ghoul wizard, but a kor ghoul wizard parries!
[Wed Jul 29 14:53:29 2026] A wan ghoul knight tries to crush a kor ghoul wizard, but misses!
[Wed Jul 29 14:53:29 2026] A wan ghoul knight tries to crush a kor ghoul wizard, but misses!
[Wed Jul 29 14:53:29 2026] You bash a kor ghoul wizard for 1 point of damage.
[Wed Jul 29 14:53:29 2026] You crush a kor ghoul wizard for 18 points of damage.
[Wed Jul 29 14:53:29 2026] A wan ghoul knight tries to kick a kor ghoul wizard, but misses!
[Wed Jul 29 14:53:29 2026] A wan ghoul knight tries to kick a kor ghoul wizard, but misses!
[Wed Jul 29 14:53:29 2026] A wan ghoul knight tries to bash a kor ghoul wizard, but misses!
[Wed Jul 29 14:53:30 2026] A wan ghoul knight tries to crush a kor ghoul wizard, but misses!
[Wed Jul 29 14:53:30 2026] You try to slash a kor ghoul wizard, but miss!
[Wed Jul 29 14:53:30 2026] You try to kick a kor ghoul wizard, but miss!
[Wed Jul 29 14:53:30 2026] You try to kick a kor ghoul wizard, but miss!
[Wed Jul 29 14:53:31 2026] A wan ghoul knight tries to crush a kor ghoul wizard, but misses!
[Wed Jul 29 14:53:31 2026] A wan ghoul knight crushes a kor ghoul wizard for 48 points of damage.
[Wed Jul 29 14:53:31 2026] You try to smite a kor ghoul wizard, but miss!
[Wed Jul 29 14:53:31 2026] You try to crush a kor ghoul wizard, but miss!
[Wed Jul 29 14:53:32 2026] You try to strike a kor ghoul wizard, but miss!
[Wed Jul 29 14:53:32 2026] A wan ghoul knight crushes a kor ghoul wizard for 54 points of damage.
[Wed Jul 29 14:53:32 2026] A wan ghoul knight crushes a kor ghoul wizard for 59 points of damage.
[Wed Jul 29 14:53:33 2026] You try to slash a kor ghoul wizard, but miss!
[Wed Jul 29 14:53:33 2026] You try to slash a kor ghoul wizard, but miss!
[Wed Jul 29 14:53:33 2026] A kor ghoul wizard hits YOU for 71 points of damage.
[Wed Jul 29 14:53:33 2026] A kor ghoul wizard hits YOU for 67 points of damage.
[Wed Jul 29 14:53:34 2026] You crush a kor ghoul wizard for 17 points of damage.
[Wed Jul 29 14:53:34 2026] A wan ghoul knight tries to crush a kor ghoul wizard, but misses!
[Wed Jul 29 14:53:35 2026] A wan ghoul knight tries to crush a kor ghoul wizard, but misses!
[Wed Jul 29 14:53:35 2026] A wan ghoul knight tries to crush a kor ghoul wizard, but misses!
[Wed Jul 29 14:53:35 2026] You try to slash a kor ghoul wizard, but miss!
[Wed Jul 29 14:53:35 2026] You bash a kor ghoul wizard for 1 point of damage.
[Wed Jul 29 14:53:36 2026] You strike a kor ghoul wizard for 10 points of damage.
[Wed Jul 29 14:53:36 2026] You try to strike a kor ghoul wizard, but miss!
[Wed Jul 29 14:53:36 2026] A wan ghoul knight crushes a kor ghoul wizard for 59 points of damage.
[Wed Jul 29 14:53:37 2026] You kick a kor ghoul wizard for 11 points of damage.
[Wed Jul 29 14:53:37 2026] A kor ghoul wizard hits YOU for 24 points of damage.
[Wed Jul 29 14:53:37 2026] A wan ghoul knight tries to kick a kor ghoul wizard, but misses!
[Wed Jul 29 14:53:37 2026] A wan ghoul knight bashes a kor ghoul wizard for 6 points of damage.
[Wed Jul 29 14:53:37 2026] A wan ghoul knight tries to bash a kor ghoul wizard, but misses!
[Wed Jul 29 14:53:38 2026] You try to slash a kor ghoul wizard, but miss!
[Wed Jul 29 14:53:39 2026] A wan ghoul knight tries to cleave a kor ghoul wizard, but misses!
[Wed Jul 29 14:53:39 2026] A wan ghoul knight cleaves a kor ghoul wizard for 29 points of damage.
[Wed Jul 29 14:53:39 2026] A wan ghoul knight tries to crush a kor ghoul wizard, but misses!
[Wed Jul 29 14:53:40 2026] You slash a kor ghoul wizard for 540 points of damage. (Slay Undead)
[Wed Jul 29 14:53:40 2026] You crush a kor ghoul wizard for 7 points of damage.
[Wed Jul 29 14:53:41 2026] A kor ghoul wizard begins casting Lightning Bolt.
[Wed Jul 29 14:53:41 2026] You try to bash a kor ghoul wizard, but miss!
[Wed Jul 29 14:53:42 2026] A wan ghoul knight crushes a kor ghoul wizard for 8 points of damage.
[Wed Jul 29 14:53:42 2026] You begin casting Desist.
[Wed Jul 29 14:53:42 2026] a kor ghoul wizard's Lightning Bolt spell is interrupted.
[Wed Jul 29 14:53:42 2026] a kor ghoul wizard is struck by a sudden force.
[Wed Jul 29 14:53:42 2026] You slash a kor ghoul wizard for 41 points of damage.
[Wed Jul 29 14:53:42 2026] You try to slash a kor ghoul wizard, but a kor ghoul wizard dodges!
[Wed Jul 29 14:53:43 2026] A kor ghoul wizard tries to hit a wan ghoul knight, but misses! (Riposte)
[Wed Jul 29 14:53:43 2026] You try to smite a kor ghoul wizard, but miss!
[Wed Jul 29 14:53:43 2026] A kor ghoul wizard tries to hit YOU, but misses! (Riposte)
[Wed Jul 29 14:53:44 2026] A wan ghoul knight tries to crush a kor ghoul wizard, but misses!
[Wed Jul 29 14:53:45 2026] You hit a kor ghoul wizard for 217 points of magic damage by Condemnation of Nife.
[Wed Jul 29 14:53:45 2026] A kor ghoul wizard is tortured by the condemnation of Rodcet Nife.
[Wed Jul 29 14:53:45 2026] You have become better at Tiger Claw! (127)
[Wed Jul 29 14:53:45 2026] You slash a kor ghoul wizard for 41 points of damage.
[Wed Jul 29 14:53:45 2026] You slash a kor ghoul wizard for 12 points of damage.
[Wed Jul 29 14:53:45 2026] A wan ghoul knight crushes a kor ghoul wizard for 56 points of damage.
[Wed Jul 29 14:53:45 2026] A wan ghoul knight tries to crush a kor ghoul wizard, but misses!
[Wed Jul 29 14:53:45 2026] A kor ghoul wizard begins casting Instill.
[Wed Jul 29 14:53:45 2026] A wan ghoul knight bashes a kor ghoul wizard for 6 points of damage.
[Wed Jul 29 14:53:45 2026] A wan ghoul knight bashes a kor ghoul wizard for 6 points of damage.
[Wed Jul 29 14:53:45 2026] A wan ghoul knight tries to kick a kor ghoul wizard, but a kor ghoul wizard parries!
[Wed Jul 29 14:53:45 2026] A wan ghoul knight kicks a kor ghoul wizard for 35 points of damage.
[Wed Jul 29 14:53:45 2026] You try to strike a kor ghoul wizard, but a kor ghoul wizard parries!
[Wed Jul 29 14:53:45 2026] You strike a kor ghoul wizard for 12 points of damage.
[Wed Jul 29 14:53:47 2026] You try to crush a kor ghoul wizard, but miss!
[Wed Jul 29 14:53:47 2026] You begin casting Color Shift.
[Wed Jul 29 14:53:47 2026] A wan ghoul knight crushes a kor ghoul wizard for 43 points of damage.
[Wed Jul 29 14:53:47 2026] a kor ghoul wizard's Instill spell is interrupted.
[Wed Jul 29 14:53:47 2026] a kor ghoul wizard is stunned by scintillating colors.
[Wed Jul 29 14:53:47 2026] You try to slash a kor ghoul wizard, but miss!
[Wed Jul 29 14:53:47 2026] You try to bash a kor ghoul wizard, but miss!
[Wed Jul 29 14:53:47 2026] You try to bash a kor ghoul wizard, but miss!
[Wed Jul 29 14:53:49 2026] You try to crush a kor ghoul wizard, but a kor ghoul wizard parries!
[Wed Jul 29 14:53:49 2026] You try to kick a kor ghoul wizard, but a kor ghoul wizard dodges!
[Wed Jul 29 14:53:49 2026] A kor ghoul wizard hits YOU for 5 points of damage. (Riposte)
[Wed Jul 29 14:53:49 2026] A wan ghoul knight tries to crush a kor ghoul wizard, but misses!
[Wed Jul 29 14:53:49 2026] A wan ghoul knight tries to crush a kor ghoul wizard, but misses!
[Wed Jul 29 14:53:50 2026] You try to slash a kor ghoul wizard, but miss!
[Wed Jul 29 14:53:50 2026] You try to strike a kor ghoul wizard, but miss!
[Wed Jul 29 14:53:51 2026] A wan ghoul knight cleaves a kor ghoul wizard for 32 points of damage.
[Wed Jul 29 14:53:51 2026] A wan ghoul knight tries to cleave a kor ghoul wizard, but misses!
[Wed Jul 29 14:53:52 2026] A wan ghoul knight tries to crush a kor ghoul wizard, but misses!
[Wed Jul 29 14:53:52 2026] A wan ghoul knight tries to crush a kor ghoul wizard, but misses!
[Wed Jul 29 14:53:52 2026] You hit a kor ghoul wizard for 148 points of magic damage by Dismiss Undead.
[Wed Jul 29 14:53:52 2026] A kor ghoul wizard staggers.
[Wed Jul 29 14:53:52 2026] You slash a kor ghoul wizard for 41 points of damage.
[Wed Jul 29 14:53:53 2026] You try to crush a kor ghoul wizard, but miss!
[Wed Jul 29 14:53:53 2026] A wan ghoul knight tries to bash a kor ghoul wizard, but misses!
[Wed Jul 29 14:53:53 2026] A wan ghoul knight tries to bash a kor ghoul wizard, but misses!
[Wed Jul 29 14:53:53 2026] You bash a kor ghoul wizard for 1 point of damage.
[Wed Jul 29 14:53:53 2026] A wan ghoul knight kicks a kor ghoul wizard for 31 points of damage.
[Wed Jul 29 14:53:53 2026] a kor ghoul wizard stumbles.
[Wed Jul 29 14:53:54 2026] You try to smite a kor ghoul wizard, but a kor ghoul wizard parries!
[Wed Jul 29 14:53:54 2026] A kor ghoul wizard hits YOU for 81 points of damage.
[Wed Jul 29 14:53:55 2026] You strike a kor ghoul wizard for 12 points of damage.
[Wed Jul 29 14:53:55 2026] You try to strike a kor ghoul wizard, but miss!
[Wed Jul 29 14:53:55 2026] You try to slash a kor ghoul wizard, but miss!
[Wed Jul 29 14:53:55 2026] A wan ghoul knight crushes a kor ghoul wizard for 59 points of damage.
[Wed Jul 29 14:53:55 2026] You try to crush a kor ghoul wizard, but a kor ghoul wizard parries!
[Wed Jul 29 14:53:56 2026] You try to kick a kor ghoul wizard, but miss!
[Wed Jul 29 14:53:57 2026] You try to slash a kor ghoul wizard, but miss!
[Wed Jul 29 14:53:57 2026] A wan ghoul knight crushes a kor ghoul wizard for 3 points of damage.
[Wed Jul 29 14:53:57 2026] Your faction standing with Undead Frogloks of Guk has been adjusted by -15.
[Wed Jul 29 14:53:57 2026] Your faction standing with Frogloks of Guk has been adjusted by 5.
[Wed Jul 29 14:53:57 2026] You gain experience! (3.641%)
[Wed Jul 29 14:53:57 2026] You receive 3 platinum, 8 gold, 8 silver and 5 copper from the corpse.
[Wed Jul 29 14:53:57 2026] A kor ghoul wizard has been slain by a wan ghoul knight!
[Wed Jul 29 14:53:57 2026] You looted 2 Phosphorous Powder from a kor ghoul wizard's corpse and sold it for 2 platinum, 5 gold, 7 silver and 2 copper.
[Wed Jul 29 14:53:57 2026] --You have looted a Mote of Infinitesimal Potential from a kor ghoul wizard's corpse.--
[Wed Jul 29 14:54:00 2026] You begin to change your invocation.
[Wed Jul 29 14:54:00 2026] You begin reciting the recovery invocation.
[Wed Jul 29 14:54:14 2026] You will now use Dragon Punch instead of Eagle Strike while attacking.
[Wed Jul 29 14:54:58 2026] You forget Alacrity.
[Wed Jul 29 14:55:01 2026] Beginning to memorize Augmentation...
[Wed Jul 29 14:55:03 2026] You have finished memorizing Augmentation.
[Wed Jul 29 14:55:06 2026] You begin casting Augmentation.
[Wed Jul 29 14:55:11 2026] a wan ghoul knight's body pulses with energy.
[Wed Jul 29 14:55:15 2026] You begin casting Augmentation.
[Wed Jul 29 14:55:19 2026] Your Augmentation spell did not take hold. (Blocked by Alacrity.)
[Wed Jul 29 14:55:24 2026] Spell set primary saved.
[Wed Jul 29 14:55:43 2026] You forget Cure Disease.
[Wed Jul 29 14:55:50 2026] Beginning to memorize Feedback...
[Wed Jul 29 14:55:52 2026] You have finished memorizing Feedback.
[Wed Jul 29 14:55:59 2026] You begin casting Feedback.
[Wed Jul 29 14:56:03 2026] You are enveloped in blazing energy.
[Wed Jul 29 14:56:03 2026] You have become better at Abjuration! (137)
[Wed Jul 29 14:56:06 2026] You no longer have a target.
[Wed Jul 29 14:56:09 2026] You feel a traveling spirit enter you.
[Wed Jul 29 14:56:12 2026] A wan ghoul knight told you, 'Attacking a dar ghoul knight Master.'
[Wed Jul 29 14:56:14 2026] The spirit of travel leaves you.
[Wed Jul 29 14:56:14 2026] You begin casting Tashani.
[Wed Jul 29 14:56:15 2026] a dar ghoul knight glances nervously about.
[Wed Jul 29 14:56:16 2026] A wan ghoul knight crushes a dar ghoul knight for 59 points of damage.
[Wed Jul 29 14:56:16 2026] A wan ghoul knight crushes a dar ghoul knight for 59 points of damage.
[Wed Jul 29 14:56:16 2026] A wan ghoul knight tries to cleave a dar ghoul knight, but misses!
[Wed Jul 29 14:56:16 2026] A wan ghoul knight tries to bash a dar ghoul knight, but misses!
[Wed Jul 29 14:56:16 2026] A dar ghoul knight hits a wan ghoul knight for 63 points of damage.
[Wed Jul 29 14:56:16 2026] A dar ghoul knight tries to cleave a wan ghoul knight, but misses!
[Wed Jul 29 14:56:16 2026] A dar ghoul knight tries to kick a wan ghoul knight, but misses!
[Wed Jul 29 14:56:16 2026] A dar ghoul knight kicks a wan ghoul knight for 43 points of damage.
[Wed Jul 29 14:56:16 2026] A wan ghoul knight kicks a dar ghoul knight for 19 points of damage.
[Wed Jul 29 14:56:16 2026] A dar ghoul knight tries to bash a wan ghoul knight, but misses!
[Wed Jul 29 14:56:17 2026] Auto attack is on.
[Wed Jul 29 14:56:17 2026] You bash a dar ghoul knight for 1 point of damage.
[Wed Jul 29 14:56:17 2026] You try to bash a dar ghoul knight, but a dar ghoul knight dodges!
[Wed Jul 29 14:56:17 2026] You smite a dar ghoul knight for 1 point of damage.
[Wed Jul 29 14:56:17 2026] You hit a dar ghoul knight for 84 points of magic damage by Smiting Strike.
[Wed Jul 29 14:56:17 2026] A dar ghoul knight staggers.
[Wed Jul 29 14:56:17 2026] You try to kick a dar ghoul knight, but miss!
[Wed Jul 29 14:56:17 2026] You have become better at Dragon Punch! (2)
[Wed Jul 29 14:56:17 2026] You try to strike a dar ghoul knight, but miss!
[Wed Jul 29 14:56:17 2026] You slash a dar ghoul knight for 44 points of damage.
[Wed Jul 29 14:56:17 2026] You slash a dar ghoul knight for 37 points of damage.
[Wed Jul 29 14:56:18 2026] You can't use that command right now...
[Wed Jul 29 14:56:18 2026] A wan ghoul knight crushes a dar ghoul knight for 59 points of damage.
[Wed Jul 29 14:56:18 2026] A wan ghoul knight tries to crush a dar ghoul knight, but misses!
[Wed Jul 29 14:56:18 2026] You begin casting Tepid Deeds.
[Wed Jul 29 14:56:18 2026] You can't use that command right now...
[Wed Jul 29 14:56:18 2026] You can't use that command right now...
[Wed Jul 29 14:56:19 2026] A dar ghoul knight is burned by YOUR flames for 11 points of non-melee damage.
[Wed Jul 29 14:56:19 2026] A dar ghoul knight hits YOU for 64 points of damage.
[Wed Jul 29 14:56:20 2026] A wan ghoul knight crushes a dar ghoul knight for 48 points of damage.
[Wed Jul 29 14:56:21 2026] A dar ghoul knight is burned by YOUR flames for 11 points of non-melee damage.
[Wed Jul 29 14:56:21 2026] A dar ghoul knight hits YOU for 30 points of damage.
[Wed Jul 29 14:56:21 2026] A dar ghoul knight is burned by YOUR flames for 11 points of non-melee damage.
[Wed Jul 29 14:56:21 2026] A dar ghoul knight hits YOU for 57 points of damage.
[Wed Jul 29 14:56:22 2026] You regain your concentration and continue your casting.
[Wed Jul 29 14:56:22 2026] a dar ghoul knight slows down.
[Wed Jul 29 14:56:22 2026] You slash a dar ghoul knight for 63 points of damage.
[Wed Jul 29 14:56:22 2026] You have become better at Dragon Punch! (3)
[Wed Jul 29 14:56:22 2026] You try to strike a dar ghoul knight, but miss!
[Wed Jul 29 14:56:22 2026] You have become better at Dragon Punch! (4)
[Wed Jul 29 14:56:22 2026] You try to strike a dar ghoul knight, but miss!
[Wed Jul 29 14:56:22 2026] You begin to change your invocation.
[Wed Jul 29 14:56:22 2026] You begin reciting the inversion invocation.
[Wed Jul 29 14:56:22 2026] You slash a dar ghoul knight for 48 points of damage.
[Wed Jul 29 14:56:22 2026] You try to slash a dar ghoul knight, but miss!
[Wed Jul 29 14:56:22 2026] A wan ghoul knight tries to crush a dar ghoul knight, but misses!
[Wed Jul 29 14:56:22 2026] A wan ghoul knight tries to crush a dar ghoul knight, but misses!
[Wed Jul 29 14:56:22 2026] A wan ghoul knight tries to crush a dar ghoul knight, but misses!
[Wed Jul 29 14:56:23 2026] A wan ghoul knight bashes a dar ghoul knight for 6 points of damage.
[Wed Jul 29 14:56:23 2026] A wan ghoul knight kicks a dar ghoul knight for 22 points of damage.
[Wed Jul 29 14:56:23 2026] A wan ghoul knight kicks a dar ghoul knight for 29 points of damage.
[Wed Jul 29 14:56:23 2026] You bash a dar ghoul knight for 1 point of damage.
[Wed Jul 29 14:56:23 2026] A dar ghoul knight tries to hit YOU, but YOU parry!
[Wed Jul 29 14:56:23 2026] You punch a dar ghoul knight for 1 point of damage.
[Wed Jul 29 14:56:24 2026] You crush a dar ghoul knight for 10 points of damage.
[Wed Jul 29 14:56:24 2026] A dar ghoul knight tries to bash YOU, but misses!
[Wed Jul 29 14:56:24 2026] A dar ghoul knight tries to kick YOU, but misses!
[Wed Jul 29 14:56:24 2026] A dar ghoul knight is burned by YOUR flames for 11 points of non-melee damage.
[Wed Jul 29 14:56:24 2026] A dar ghoul knight kicks YOU for 35 points of damage.
[Wed Jul 29 14:56:24 2026] A wan ghoul knight crushes a dar ghoul knight for 48 points of damage.
[Wed Jul 29 14:56:24 2026] A wan ghoul knight tries to crush a dar ghoul knight, but misses!
[Wed Jul 29 14:56:25 2026] You hit a dar ghoul knight for 148 points of magic damage by Dismiss Undead.
[Wed Jul 29 14:56:25 2026] A dar ghoul knight staggers.
[Wed Jul 29 14:56:25 2026] You try to slash a dar ghoul knight, but miss!
[Wed Jul 29 14:56:25 2026] A dar ghoul knight tries to hit YOU, but misses!
[Wed Jul 29 14:56:26 2026] A wan ghoul knight tries to cleave a dar ghoul knight, but misses!
[Wed Jul 29 14:56:26 2026] A dar ghoul knight hits a wan ghoul knight for 16 points of damage. (Riposte)
[Wed Jul 29 14:56:27 2026] You strike a dar ghoul knight for 1 point of damage.
[Wed Jul 29 14:56:27 2026] You have become better at Dragon Punch! (5)
[Wed Jul 29 14:56:27 2026] A wan ghoul knight crushes a dar ghoul knight for 37 points of damage.
[Wed Jul 29 14:56:27 2026] You slash a dar ghoul knight for 30 points of damage.
[Wed Jul 29 14:56:28 2026] A dar ghoul knight tries to cleave YOU, but misses!
[Wed Jul 29 14:56:28 2026] A dar ghoul knight tries to cleave YOU, but misses!
[Wed Jul 29 14:56:28 2026] A dar ghoul knight tries to cleave a wan ghoul knight, but a wan ghoul knight parries!
[Wed Jul 29 14:56:28 2026] A dar ghoul knight cleaves a wan ghoul knight for 97 points of damage.
[Wed Jul 29 14:56:28 2026] You try to smite a dar ghoul knight, but miss!
[Wed Jul 29 14:56:28 2026] You try to crush a dar ghoul knight, but a dar ghoul knight dodges!
[Wed Jul 29 14:56:29 2026] A dar ghoul knight tries to hit YOU, but misses!
[Wed Jul 29 14:56:29 2026] A dar ghoul knight is burned by YOUR flames for 11 points of non-melee damage.
[Wed Jul 29 14:56:29 2026] A dar ghoul knight hits YOU for 38 points of damage.
[Wed Jul 29 14:56:29 2026] Your legs feel weak.
[Wed Jul 29 14:56:29 2026] A wan ghoul knight tries to crush a dar ghoul knight, but misses!
[Wed Jul 29 14:56:29 2026] A wan ghoul knight crushes a dar ghoul knight for 43 points of damage.
[Wed Jul 29 14:56:29 2026] A wan ghoul knight tries to crush a dar ghoul knight, but misses!
[Wed Jul 29 14:56:29 2026] You try to bash a dar ghoul knight, but miss!
[Wed Jul 29 14:56:29 2026] A wan ghoul knight tries to bash a dar ghoul knight, but misses!
[Wed Jul 29 14:56:29 2026] A wan ghoul knight tries to kick a dar ghoul knight, but misses!
[Wed Jul 29 14:56:29 2026] A wan ghoul knight tries to kick a dar ghoul knight, but misses!
[Wed Jul 29 14:56:30 2026] You slash a dar ghoul knight for 41 points of damage.
[Wed Jul 29 14:56:30 2026] You kick a dar ghoul knight for 13 points of damage.
[Wed Jul 29 14:56:30 2026] You crush a dar ghoul knight for 2 points of damage.
[Wed Jul 29 14:56:31 2026] A wan ghoul knight crushes a dar ghoul knight for 13 points of damage.
[Wed Jul 29 14:56:31 2026] You have become better at Dragon Punch! (6)
[Wed Jul 29 14:56:31 2026] You try to strike a dar ghoul knight, but miss!
[Wed Jul 29 14:56:32 2026] You try to slash a dar ghoul knight, but miss!
[Wed Jul 29 14:56:32 2026] A dar ghoul knight is burned by YOUR flames for 11 points of non-melee damage.
[Wed Jul 29 14:56:32 2026] A dar ghoul knight hits YOU for 71 points of damage.
[Wed Jul 29 14:56:32 2026] A dar ghoul knight is burned by YOUR flames for 11 points of non-melee damage.
[Wed Jul 29 14:56:32 2026] A dar ghoul knight hits YOU for 78 points of damage.
[Wed Jul 29 14:56:32 2026] You crush a dar ghoul knight for 21 points of damage.
[Wed Jul 29 14:56:33 2026] A wan ghoul knight crushes a dar ghoul knight for 59 points of damage.
[Wed Jul 29 14:56:33 2026] A wan ghoul knight crushes a dar ghoul knight for 27 points of damage.
[Wed Jul 29 14:56:33 2026] A wan ghoul knight tries to crush a dar ghoul knight, but misses!
[Wed Jul 29 14:56:34 2026] You try to slash a dar ghoul knight, but a dar ghoul knight dodges!
[Wed Jul 29 14:56:34 2026] You try to slash a dar ghoul knight, but miss!
[Wed Jul 29 14:56:35 2026] A wan ghoul knight tries to crush a dar ghoul knight, but misses!
[Wed Jul 29 14:56:35 2026] A wan ghoul knight crushes a dar ghoul knight for 59 points of damage.
[Wed Jul 29 14:56:35 2026] A wan ghoul knight crushes a dar ghoul knight for 10 points of damage.
[Wed Jul 29 14:56:35 2026] A wan ghoul knight crushes a dar ghoul knight for 59 points of damage.
[Wed Jul 29 14:56:35 2026] You try to bash a dar ghoul knight, but miss!
[Wed Jul 29 14:56:36 2026] A wan ghoul knight tries to cleave a dar ghoul knight, but misses!
[Wed Jul 29 14:56:36 2026] A dar ghoul knight tries to hit a wan ghoul knight, but misses! (Riposte)
[Wed Jul 29 14:56:36 2026] A wan ghoul knight bashes a dar ghoul knight for 6 points of damage.
[Wed Jul 29 14:56:36 2026] You have become better at Dragon Punch! (7)
[Wed Jul 29 14:56:36 2026] You try to strike a dar ghoul knight, but a dar ghoul knight dodges!
[Wed Jul 29 14:56:36 2026] You have become better at Dragon Punch! (8)
[Wed Jul 29 14:56:36 2026] You try to strike a dar ghoul knight, but miss!
[Wed Jul 29 14:56:36 2026] A dar ghoul knight tries to hit YOU, but misses!
[Wed Jul 29 14:56:36 2026] A wan ghoul knight tries to kick a dar ghoul knight, but misses!
[Wed Jul 29 14:56:36 2026] A wan ghoul knight kicks a dar ghoul knight for 16 points of damage.
[Wed Jul 29 14:56:36 2026] You kick a dar ghoul knight for 23 points of damage.
[Wed Jul 29 14:56:36 2026] You try to kick a dar ghoul knight, but miss!
[Wed Jul 29 14:56:36 2026] A dar ghoul knight is burned by YOUR flames for 11 points of non-melee damage.
[Wed Jul 29 14:56:36 2026] A dar ghoul knight bashes YOU for 10 points of damage.
[Wed Jul 29 14:56:37 2026] A dar ghoul knight tries to kick YOU, but misses!
[Wed Jul 29 14:56:37 2026] You try to crush a dar ghoul knight, but miss!
[Wed Jul 29 14:56:37 2026] You hit a dar ghoul knight for 148 points of magic damage by Dismiss Undead.
[Wed Jul 29 14:56:37 2026] A dar ghoul knight staggers.
[Wed Jul 29 14:56:37 2026] You slash a dar ghoul knight for 52 points of damage.
[Wed Jul 29 14:56:37 2026] You slash a dar ghoul knight for 76 points of damage. (Critical)
[Wed Jul 29 14:56:37 2026] A wan ghoul knight crushes a dar ghoul knight for 59 points of damage.
[Wed Jul 29 14:56:37 2026] A wan ghoul knight tries to crush a dar ghoul knight, but misses!
[Wed Jul 29 14:56:37 2026] A wan ghoul knight crushes a dar ghoul knight for 59 points of damage.
[Wed Jul 29 14:56:39 2026] You try to smite a dar ghoul knight, but a dar ghoul knight parries!
[Wed Jul 29 14:56:39 2026] You try to slash a dar ghoul knight, but miss!
[Wed Jul 29 14:56:39 2026] You try to slash a dar ghoul knight, but miss!
[Wed Jul 29 14:56:39 2026] A wan ghoul knight crushes a dar ghoul knight for 48 points of damage.
[Wed Jul 29 14:56:39 2026] A wan ghoul knight crushes a dar ghoul knight for 8 points of damage.
[Wed Jul 29 14:56:39 2026] A wan ghoul knight tries to crush a dar ghoul knight, but misses!
[Wed Jul 29 14:56:40 2026] A dar ghoul knight is burned by YOUR flames for 11 points of non-melee damage.
[Wed Jul 29 14:56:40 2026] A dar ghoul knight hits YOU for 30 points of damage.
[Wed Jul 29 14:56:40 2026] A dar ghoul knight tries to hit YOU, but YOU block!
[Wed Jul 29 14:56:41 2026] You have become better at Dragon Punch! (9)
[Wed Jul 29 14:56:41 2026] You try to strike a dar ghoul knight, but miss!
[Wed Jul 29 14:56:41 2026] You crush a dar ghoul knight for 8 points of damage.
[Wed Jul 29 14:56:41 2026] You bash a dar ghoul knight for 1 point of damage.
[Wed Jul 29 14:56:41 2026] A wan ghoul knight crushes a dar ghoul knight for 56 points of damage.
[Wed Jul 29 14:56:41 2026] A dar ghoul knight hits a wan ghoul knight for 21 points of damage. (Riposte)
[Wed Jul 29 14:56:42 2026] You slash a dar ghoul knight for 33 points of damage.
[Wed Jul 29 14:56:42 2026] A wan ghoul knight tries to bash a dar ghoul knight, but a dar ghoul knight dodges!
[Wed Jul 29 14:56:42 2026] A wan ghoul knight bashes a dar ghoul knight for 6 points of damage.
[Wed Jul 29 14:56:43 2026] You begin casting Chaos Flux.
[Wed Jul 29 14:56:43 2026] A wan ghoul knight tries to kick a dar ghoul knight, but misses!
[Wed Jul 29 14:56:44 2026] You hit a dar ghoul knight for 169 points of magic damage by Chaos Flux.
[Wed Jul 29 14:56:44 2026] A dar ghoul knight is surrounded by fluxing strands of chaos.
[Wed Jul 29 14:56:44 2026] A wan ghoul knight crushes a dar ghoul knight for 43 points of damage.
[Wed Jul 29 14:56:44 2026] A dar ghoul knight tries to hit YOU, but misses!
[Wed Jul 29 14:56:44 2026] A dar ghoul knight tries to hit YOU, but YOU dodge!
[Wed Jul 29 14:56:44 2026] You try to kick a dar ghoul knight, but miss!
[Wed Jul 29 14:56:44 2026] You try to kick a dar ghoul knight, but miss!
[Wed Jul 29 14:56:44 2026] You try to slash a dar ghoul knight, but miss!
[Wed Jul 29 14:56:44 2026] You try to slash a dar ghoul knight, but miss!
[Wed Jul 29 14:56:45 2026] You mend your wounds and heal some damage.
[Wed Jul 29 14:56:45 2026] You strike a dar ghoul knight for 30 points of damage. (Critical)
[Wed Jul 29 14:56:45 2026] You have become better at Dragon Punch! (10)
[Wed Jul 29 14:56:45 2026] You have become better at Dragon Punch! (11)
[Wed Jul 29 14:56:45 2026] You try to strike a dar ghoul knight, but miss!
[Wed Jul 29 14:56:46 2026] You crush a dar ghoul knight for 26 points of damage.
[Wed Jul 29 14:56:46 2026] A wan ghoul knight cleaves a dar ghoul knight for 29 points of damage.
[Wed Jul 29 14:56:46 2026] A wan ghoul knight tries to crush a dar ghoul knight, but a dar ghoul knight dodges!
[Wed Jul 29 14:56:46 2026] A dar ghoul knight is burned by YOUR flames for 11 points of non-melee damage.
[Wed Jul 29 14:56:46 2026] A dar ghoul knight cleaves YOU for 12 points of damage.
[Wed Jul 29 14:56:46 2026] A dar ghoul knight tries to cleave a wan ghoul knight, but misses!
[Wed Jul 29 14:56:47 2026] You try to slash a dar ghoul knight, but miss!
[Wed Jul 29 14:56:47 2026] You try to bash a dar ghoul knight, but miss!
[Wed Jul 29 14:56:47 2026] You try to bash a dar ghoul knight, but miss!
[Wed Jul 29 14:56:47 2026] A dar ghoul knight tries to hit YOU, but misses!
[Wed Jul 29 14:56:48 2026] You can't use that command right now...
[Wed Jul 29 14:56:48 2026] You begin casting Chaos Flux.
[Wed Jul 29 14:56:48 2026] A wan ghoul knight tries to crush a dar ghoul knight, but misses!
[Wed Jul 29 14:56:48 2026] A wan ghoul knight tries to crush a dar ghoul knight, but misses!
[Wed Jul 29 14:56:48 2026] A wan ghoul knight crushes a dar ghoul knight for 59 points of damage.
[Wed Jul 29 14:56:48 2026] A dar ghoul knight tries to bash YOU, but misses!
[Wed Jul 29 14:56:48 2026] You hit a dar ghoul knight for 169 points of magic damage by Chaos Flux.
[Wed Jul 29 14:56:48 2026] A dar ghoul knight is surrounded by fluxing strands of chaos.
[Wed Jul 29 14:56:48 2026] A dar ghoul knight is burned by YOUR flames for 11 points of non-melee damage.
[Wed Jul 29 14:56:48 2026] A dar ghoul knight hits YOU for 27 points of damage. (Riposte)
[Wed Jul 29 14:56:49 2026] A wan ghoul knight tries to bash a dar ghoul knight, but misses!
[Wed Jul 29 14:56:49 2026] A dar ghoul knight tries to kick YOU, but misses!
[Wed Jul 29 14:56:49 2026] A dar ghoul knight is burned by YOUR flames for 11 points of non-melee damage.
[Wed Jul 29 14:56:49 2026] A dar ghoul knight kicks YOU for 13 points of damage.
[Wed Jul 29 14:56:49 2026] You hit a dar ghoul knight for 148 points of magic damage by Dismiss Undead.
[Wed Jul 29 14:56:49 2026] A dar ghoul knight staggers.
[Wed Jul 29 14:56:49 2026] You try to slash a dar ghoul knight, but miss!
[Wed Jul 29 14:56:49 2026] You slash a dar ghoul knight for 44 points of damage.
[Wed Jul 29 14:56:50 2026] A wan ghoul knight kicks a dar ghoul knight for 19 points of damage.
[Wed Jul 29 14:56:50 2026] You crush a dar ghoul knight for 27 points of damage.
[Wed Jul 29 14:56:50 2026] A wan ghoul knight crushes a dar ghoul knight for 59 points of damage.
[Wed Jul 29 14:56:50 2026] A wan ghoul knight crushes a dar ghoul knight for 27 points of damage.
[Wed Jul 29 14:56:50 2026] A wan ghoul knight crushes a dar ghoul knight for 43 points of damage.
[Wed Jul 29 14:56:50 2026] You have become better at Dragon Punch! (12)
[Wed Jul 29 14:56:50 2026] You try to strike a dar ghoul knight, but miss!
[Wed Jul 29 14:56:50 2026] You try to smite a dar ghoul knight, but miss!
[Wed Jul 29 14:56:50 2026] You try to smite a dar ghoul knight, but miss!
[Wed Jul 29 14:56:50 2026] You kick a dar ghoul knight for 1 point of damage.
[Wed Jul 29 14:56:51 2026] A dar ghoul knight is burned by YOUR flames for 11 points of non-melee damage.
[Wed Jul 29 14:56:51 2026] A dar ghoul knight hits YOU for 64 points of damage.
[Wed Jul 29 14:56:52 2026] You slash a dar ghoul knight for 39 points of damage.
[Wed Jul 29 14:56:52 2026] A wan ghoul knight tries to crush a dar ghoul knight, but misses!
[Wed Jul 29 14:56:52 2026] A wan ghoul knight crushes a dar ghoul knight for 51 points of damage.
[Wed Jul 29 14:56:53 2026] You try to bash a dar ghoul knight, but miss!
[Wed Jul 29 14:56:53 2026] You bash a dar ghoul knight for 1 point of damage.
[Wed Jul 29 14:56:54 2026] You can't use that command right now...
[Wed Jul 29 14:56:54 2026] You begin casting Chaos Flux.
[Wed Jul 29 14:56:54 2026] You can't use that command right now...
[Wed Jul 29 14:56:54 2026] A wan ghoul knight tries to crush a dar ghoul knight, but misses!
[Wed Jul 29 14:56:54 2026] A wan ghoul knight tries to crush a dar ghoul knight, but misses!
[Wed Jul 29 14:56:54 2026] A wan ghoul knight tries to crush a dar ghoul knight, but misses!
[Wed Jul 29 14:56:54 2026] You can't use that command right now...
[Wed Jul 29 14:56:55 2026] You hit a dar ghoul knight for 169 points of magic damage by Chaos Flux.
[Wed Jul 29 14:56:55 2026] A dar ghoul knight is surrounded by fluxing strands of chaos.
[Wed Jul 29 14:56:55 2026] You crush a dar ghoul knight for 18 points of damage.
[Wed Jul 29 14:56:55 2026] You slash a dar ghoul knight for 19 points of damage.
[Wed Jul 29 14:56:55 2026] You have become better at Dragon Punch! (13)
[Wed Jul 29 14:56:55 2026] You try to strike a dar ghoul knight, but miss!
[Wed Jul 29 14:56:55 2026] You have become better at Dragon Punch! (14)
[Wed Jul 29 14:56:55 2026] You try to strike a dar ghoul knight, but miss!
[Wed Jul 29 14:56:55 2026] A dar ghoul knight is burned by YOUR flames for 11 points of non-melee damage.
[Wed Jul 29 14:56:55 2026] A dar ghoul knight hits YOU for 20 points of damage.
[Wed Jul 29 14:56:55 2026] A wan ghoul knight cleaves a dar ghoul knight for 35 points of damage.
[Wed Jul 29 14:56:56 2026] A wan ghoul knight tries to bash a dar ghoul knight, but misses!
[Wed Jul 29 14:56:56 2026] A wan ghoul knight tries to bash a dar ghoul knight, but misses!
[Wed Jul 29 14:56:56 2026] A wan ghoul knight kicks a dar ghoul knight for 35 points of damage.
[Wed Jul 29 14:56:56 2026] A wan ghoul knight kicks a dar ghoul knight for 34 points of damage.
[Wed Jul 29 14:56:56 2026] You crush a dar ghoul knight for 27 points of damage.
[Wed Jul 29 14:56:56 2026] A wan ghoul knight crushes a dar ghoul knight for 54 points of damage.
[Wed Jul 29 14:56:56 2026] A wan ghoul knight crushes a dar ghoul knight for 16 points of damage.
[Wed Jul 29 14:56:56 2026] A dar ghoul knight tries to hit a wan ghoul knight, but a wan ghoul knight dodges!
[Wed Jul 29 14:56:56 2026] You slash a dar ghoul knight for 31 points of damage.
[Wed Jul 29 14:56:57 2026] You try to kick a dar ghoul knight, but miss!
[Wed Jul 29 14:56:58 2026] You try to crush a dar ghoul knight, but miss!
[Wed Jul 29 14:56:58 2026] A wan ghoul knight tries to crush a dar ghoul knight, but misses!
[Wed Jul 29 14:56:58 2026] A wan ghoul knight tries to crush a dar ghoul knight, but misses!
[Wed Jul 29 14:56:58 2026] A wan ghoul knight tries to crush a dar ghoul knight, but a dar ghoul knight parries!
[Wed Jul 29 14:56:59 2026] You slash a dar ghoul knight for 64 points of damage.
[Wed Jul 29 14:56:59 2026] A dar ghoul knight tries to hit YOU, but misses! (Riposte)
[Wed Jul 29 14:56:59 2026] A dar ghoul knight is burned by YOUR flames for 11 points of non-melee damage.
[Wed Jul 29 14:56:59 2026] A dar ghoul knight hits YOU for 51 points of damage.
[Wed Jul 29 14:56:59 2026] You bash a dar ghoul knight for 10 points of damage. (Critical)
[Wed Jul 29 14:57:00 2026] Strength returns to your legs.
[Wed Jul 29 14:57:00 2026] You have become better at Dragon Punch! (15)
[Wed Jul 29 14:57:00 2026] You try to strike a dar ghoul knight, but miss!
[Wed Jul 29 14:57:00 2026] You have become better at Dragon Punch! (16)
[Wed Jul 29 14:57:00 2026] You try to strike a dar ghoul knight, but miss!
[Wed Jul 29 14:57:01 2026] A wan ghoul knight crushes a dar ghoul knight for 24 points of damage.
[Wed Jul 29 14:57:01 2026] You try to crush a dar ghoul knight, but miss!
[Wed Jul 29 14:57:01 2026] A dar ghoul knight tries to bash YOU, but misses!
[Wed Jul 29 14:57:01 2026] A dar ghoul knight is burned by YOUR flames for 11 points of non-melee damage.
[Wed Jul 29 14:57:01 2026] A dar ghoul knight kicks YOU for 32 points of damage.
[Wed Jul 29 14:57:01 2026] You slash a dar ghoul knight for 19 points of damage.
[Wed Jul 29 14:57:01 2026] You smite a dar ghoul knight for 24 points of damage.
[Wed Jul 29 14:57:01 2026] You hit a dar ghoul knight for 84 points of magic damage by Smiting Strike.
[Wed Jul 29 14:57:01 2026] A dar ghoul knight staggers.
[Wed Jul 29 14:57:02 2026] A wan ghoul knight tries to bash a dar ghoul knight, but a dar ghoul knight parries!
[Wed Jul 29 14:57:03 2026] A wan ghoul knight tries to crush a dar ghoul knight, but misses!
[Wed Jul 29 14:57:03 2026] A wan ghoul knight tries to crush a dar ghoul knight, but misses!
[Wed Jul 29 14:57:03 2026] A wan ghoul knight tries to crush a dar ghoul knight, but misses!
[Wed Jul 29 14:57:03 2026] A dar ghoul knight tries to hit YOU, but misses!
[Wed Jul 29 14:57:03 2026] You try to crush a dar ghoul knight, but miss!
[Wed Jul 29 14:57:03 2026] You kick a dar ghoul knight for 2 points of damage.
[Wed Jul 29 14:57:03 2026] Your faction standing with Undead Frogloks of Guk has been adjusted by -20.
[Wed Jul 29 14:57:03 2026] Your faction standing with Frogloks of Guk has been adjusted by 5.
[Wed Jul 29 14:57:03 2026] You gain experience! (4.524%)
[Wed Jul 29 14:57:03 2026] You receive 5 platinum, 9 gold, 8 silver and 8 copper from the corpse.
[Wed Jul 29 14:57:03 2026] You have slain a dar ghoul knight!
[Wed Jul 29 14:57:07 2026] A wan ghoul knight told you, 'Attacking a zol ghoul knight Master.'
[Wed Jul 29 14:57:10 2026] A wan ghoul knight crushes a zol ghoul knight for 54 points of damage.
[Wed Jul 29 14:57:10 2026] A zol ghoul knight hits a wan ghoul knight for 17 points of damage. (Riposte)
[Wed Jul 29 14:57:10 2026] A zol ghoul knight hits a wan ghoul knight for 23 points of damage. (Riposte)
[Wed Jul 29 14:57:10 2026] A wan ghoul knight kicks a zol ghoul knight for 26 points of damage.
[Wed Jul 29 14:57:10 2026] a zol ghoul knight stumbles.
[Wed Jul 29 14:57:10 2026] A wan ghoul knight tries to crush a zol ghoul knight, but misses! (Riposte)
[Wed Jul 29 14:57:10 2026] A zol ghoul knight hits a wan ghoul knight for 74 points of damage.
[Wed Jul 29 14:57:10 2026] A zol ghoul knight tries to cleave a wan ghoul knight, but misses!
[Wed Jul 29 14:57:10 2026] A zol ghoul knight kicks a wan ghoul knight for 20 points of damage.
[Wed Jul 29 14:57:10 2026] a wan ghoul knight stumbles.
[Wed Jul 29 14:57:10 2026] A zol ghoul knight tries to kick a wan ghoul knight, but misses!
[Wed Jul 29 14:57:10 2026] A zol ghoul knight bashes a wan ghoul knight for 10 points of damage.
[Wed Jul 29 14:57:10 2026] A zol ghoul knight tries to bash a wan ghoul knight, but misses!
[Wed Jul 29 14:57:10 2026] A zol ghoul knight tries to hit a wan ghoul knight, but misses!
[Wed Jul 29 14:57:10 2026] A zol ghoul knight cleaves a wan ghoul knight for 93 points of damage.
[Wed Jul 29 14:57:10 2026] A zol ghoul knight cleaves a wan ghoul knight for 93 points of damage.
[Wed Jul 29 14:57:10 2026] A zol ghoul knight kicks a wan ghoul knight for 15 points of damage.
[Wed Jul 29 14:57:10 2026] A zol ghoul knight kicks a wan ghoul knight for 19 points of damage.
[Wed Jul 29 14:57:10 2026] A wan ghoul knight tries to bash a zol ghoul knight, but misses!
[Wed Jul 29 14:57:10 2026] A zol ghoul knight tries to bash a wan ghoul knight, but misses!
[Wed Jul 29 14:57:12 2026] A wan ghoul knight tries to crush a zol ghoul knight, but misses!
[Wed Jul 29 14:57:12 2026] A wan ghoul knight tries to crush a zol ghoul knight, but misses!
[Wed Jul 29 14:57:12 2026] A wan ghoul knight tries to crush a zol ghoul knight, but misses!
[Wed Jul 29 14:57:12 2026] A wan ghoul knight crushes a zol ghoul knight for 27 points of damage.
[Wed Jul 29 14:57:12 2026] A zol ghoul knight tries to hit a wan ghoul knight, but misses!
[Wed Jul 29 14:57:12 2026] A zol ghoul knight hits a wan ghoul knight for 62 points of damage.
[Wed Jul 29 14:57:12 2026] A zol ghoul knight hits a wan ghoul knight for 68 points of damage.
[Wed Jul 29 14:57:12 2026] A zol ghoul knight tries to hit a wan ghoul knight, but misses!
[Wed Jul 29 14:57:13 2026] You begin casting Enthrall.
[Wed Jul 29 14:57:14 2026] a zol ghoul knight has been enthralled.
[Wed Jul 29 14:57:14 2026] A wan ghoul knight told you, 'I am unable to wake a zol ghoul knight, Master.'
[Wed Jul 29 14:57:14 2026] A wan ghoul knight tries to crush a zol ghoul knight, but misses!
[Wed Jul 29 14:57:14 2026] A wan ghoul knight tries to crush a zol ghoul knight, but misses!
[Wed Jul 29 14:57:14 2026] A wan ghoul knight tries to crush a zol ghoul knight, but a zol ghoul knight dodges!
[Wed Jul 29 14:57:14 2026] A wan ghoul knight crushes a zol ghoul knight for 46 points of damage.
[Wed Jul 29 14:57:15 2026] A zol ghoul knight hits a wan ghoul knight for 13 points of damage.
[Wed Jul 29 14:57:15 2026] A zol ghoul knight tries to hit a wan ghoul knight, but misses!
[Wed Jul 29 14:57:16 2026] Auto attack is on.
[Wed Jul 29 14:57:16 2026] You bash a zol ghoul knight for 1 point of damage.
[Wed Jul 29 14:57:16 2026] You try to smite a zol ghoul knight, but miss!
[Wed Jul 29 14:57:16 2026] You kick a zol ghoul knight for 12 points of damage.
[Wed Jul 29 14:57:16 2026] You kick a zol ghoul knight for 3 points of damage.
[Wed Jul 29 14:57:16 2026] You strike a zol ghoul knight for 20 points of damage.
[Wed Jul 29 14:57:16 2026] You have become better at Dragon Punch! (17)
[Wed Jul 29 14:57:16 2026] You slash a zol ghoul knight for 27 points of damage.
[Wed Jul 29 14:57:16 2026] A wan ghoul knight crushes a zol ghoul knight for 54 points of damage.
[Wed Jul 29 14:57:16 2026] A wan ghoul knight crushes a zol ghoul knight for 37 points of damage.
[Wed Jul 29 14:57:16 2026] a zol ghoul knight stumbles.
[Wed Jul 29 14:57:16 2026] A wan ghoul knight kicks a zol ghoul knight for 25 points of damage.
[Wed Jul 29 14:57:16 2026] A wan ghoul knight kicks a zol ghoul knight for 35 points of damage.
[Wed Jul 29 14:57:16 2026] A wan ghoul knight bashes a zol ghoul knight for 6 points of damage.
[Wed Jul 29 14:57:17 2026] You can't use that command right now...
[Wed Jul 29 14:57:18 2026] You begin casting Tepid Deeds.
[Wed Jul 29 14:57:18 2026] You can't use that command right now...
[Wed Jul 29 14:57:18 2026] You can't use that command right now...
[Wed Jul 29 14:57:18 2026] You can't use that command right now...
[Wed Jul 29 14:57:18 2026] You can't use that command right now...
[Wed Jul 29 14:57:18 2026] A wan ghoul knight tries to crush a zol ghoul knight, but misses!
[Wed Jul 29 14:57:18 2026] A wan ghoul knight crushes a zol ghoul knight for 13 points of damage.
[Wed Jul 29 14:57:18 2026] A wan ghoul knight tries to crush a zol ghoul knight, but misses!
[Wed Jul 29 14:57:19 2026] a zol ghoul knight slows down.
[Wed Jul 29 14:57:19 2026] You try to crush a zol ghoul knight, but miss!
[Wed Jul 29 14:57:19 2026] You slash a zol ghoul knight for 34 points of damage.
[Wed Jul 29 14:57:19 2026] You try to slash a zol ghoul knight, but miss!
[Wed Jul 29 14:57:19 2026] A zol ghoul knight tries to hit a wan ghoul knight, but misses!
[Wed Jul 29 14:57:19 2026] A zol ghoul knight tries to bash a wan ghoul knight, but misses!
[Wed Jul 29 14:57:19 2026] A zol ghoul knight bashes a wan ghoul knight for 10 points of damage.
[Wed Jul 29 14:57:19 2026] A zol ghoul knight tries to kick a wan ghoul knight, but misses!
[Wed Jul 29 14:57:19 2026] A zol ghoul knight kicks a wan ghoul knight for 31 points of damage.
[Wed Jul 29 14:57:20 2026] A wan ghoul knight tries to cleave a zol ghoul knight, but misses!
[Wed Jul 29 14:57:20 2026] A wan ghoul knight cleaves a zol ghoul knight for 48 points of damage.
[Wed Jul 29 14:57:20 2026] You crush a zol ghoul knight for 11 points of damage.
[Wed Jul 29 14:57:20 2026] A wan ghoul knight tries to crush a zol ghoul knight, but misses!
[Wed Jul 29 14:57:21 2026] You have become better at Dragon Punch! (18)
[Wed Jul 29 14:57:21 2026] You try to strike a zol ghoul knight, but miss!
[Wed Jul 29 14:57:21 2026] You slash a zol ghoul knight for 41 points of damage.
[Wed Jul 29 14:57:21 2026] You slash a zol ghoul knight for 41 points of damage.
[Wed Jul 29 14:57:22 2026] A zol ghoul knight tries to cleave a wan ghoul knight, but misses!
[Wed Jul 29 14:57:22 2026] You try to bash a zol ghoul knight, but miss!
[Wed Jul 29 14:57:22 2026] You try to bash a zol ghoul knight, but miss!
[Wed Jul 29 14:57:22 2026] You kick a zol ghoul knight for 2 points of damage.
[Wed Jul 29 14:57:23 2026] You try to crush a zol ghoul knight, but miss!
[Wed Jul 29 14:57:23 2026] A zol ghoul knight tries to hit a wan ghoul knight, but a wan ghoul knight dodges!
[Wed Jul 29 14:57:23 2026] A zol ghoul knight hits a wan ghoul knight for 85 points of damage.
[Wed Jul 29 14:57:23 2026] A zol ghoul knight hits a wan ghoul knight for 30 points of damage. (Riposte)
[Wed Jul 29 14:57:23 2026] A wan ghoul knight bashes a zol ghoul knight for 6 points of damage.
[Wed Jul 29 14:57:23 2026] A wan ghoul knight tries to bash a zol ghoul knight, but misses!
[Wed Jul 29 14:57:23 2026] You hit a zol ghoul knight for 148 points of magic damage by Dismiss Undead.
[Wed Jul 29 14:57:23 2026] A zol ghoul knight staggers.
[Wed Jul 29 14:57:23 2026] You slash a zol ghoul knight for 58 points of damage.
[Wed Jul 29 14:57:25 2026] You try to crush a zol ghoul knight, but miss!
[Wed Jul 29 14:57:25 2026] A wan ghoul knight crushes a zol ghoul knight for 29 points of damage.
[Wed Jul 29 14:57:25 2026] A wan ghoul knight crushes a zol ghoul knight for 54 points of damage.
[Wed Jul 29 14:57:25 2026] A wan ghoul knight tries to crush a zol ghoul knight, but misses!
[Wed Jul 29 14:57:25 2026] You have become better at Dragon Punch! (19)
[Wed Jul 29 14:57:25 2026] You try to strike a zol ghoul knight, but miss!
[Wed Jul 29 14:57:26 2026] You try to slash a zol ghoul knight, but miss!
[Wed Jul 29 14:57:26 2026] A zol ghoul knight tries to hit YOU, but YOU dodge!
[Wed Jul 29 14:57:26 2026] A zol ghoul knight is burned by YOUR flames for 11 points of non-melee damage.
[Wed Jul 29 14:57:26 2026] A zol ghoul knight hits YOU for 47 points of damage.
[Wed Jul 29 14:57:27 2026] A wan ghoul knight tries to crush a zol ghoul knight, but misses!
[Wed Jul 29 14:57:27 2026] A wan ghoul knight crushes a zol ghoul knight for 46 points of damage.
[Wed Jul 29 14:57:27 2026] You try to crush a zol ghoul knight, but miss!
[Wed Jul 29 14:57:27 2026] You smite a zol ghoul knight for 25 points of damage.
[Wed Jul 29 14:57:27 2026] You hit a zol ghoul knight for 84 points of magic damage by Smiting Strike.
[Wed Jul 29 14:57:27 2026] A zol ghoul knight staggers.
[Wed Jul 29 14:57:28 2026] You try to bash a zol ghoul knight, but a zol ghoul knight dodges!
[Wed Jul 29 14:57:28 2026] You try to slash a zol ghoul knight, but miss!
[Wed Jul 29 14:57:29 2026] You try to kick a zol ghoul knight, but miss!
[Wed Jul 29 14:57:29 2026] A wan ghoul knight crushes a zol ghoul knight for 59 points of damage.
[Wed Jul 29 14:57:30 2026] A wan ghoul knight cleaves a zol ghoul knight for 8 points of damage.
[Wed Jul 29 14:57:30 2026] A wan ghoul knight cleaves a zol ghoul knight for 16 points of damage.
[Wed Jul 29 14:57:30 2026] A wan ghoul knight tries to bash a zol ghoul knight, but misses!
[Wed Jul 29 14:57:30 2026] A wan ghoul knight tries to bash a zol ghoul knight, but misses!
[Wed Jul 29 14:57:30 2026] A wan ghoul knight tries to kick a zol ghoul knight, but a zol ghoul knight dodges!
[Wed Jul 29 14:57:30 2026] You strike a zol ghoul knight for 1 point of damage.
[Wed Jul 29 14:57:30 2026] You have become better at Dragon Punch! (20)
[Wed Jul 29 14:57:30 2026] A zol ghoul knight tries to hit YOU, but YOU block!
[Wed Jul 29 14:57:31 2026] You slash a zol ghoul knight for 33 points of damage.
[Wed Jul 29 14:57:31 2026] A zol ghoul knight is burned by YOUR flames for 11 points of non-melee damage.
[Wed Jul 29 14:57:31 2026] A zol ghoul knight bashes YOU for 8 points of damage.
[Wed Jul 29 14:57:31 2026] A wan ghoul knight crushes a zol ghoul knight for 40 points of damage.
[Wed Jul 29 14:57:31 2026] A wan ghoul knight tries to crush a zol ghoul knight, but misses!
[Wed Jul 29 14:57:31 2026] A wan ghoul knight tries to crush a zol ghoul knight, but misses!
[Wed Jul 29 14:57:31 2026] You crush a zol ghoul knight for 17 points of damage.
[Wed Jul 29 14:57:31 2026] A zol ghoul knight tries to kick YOU, but misses!
[Wed Jul 29 14:57:31 2026] A zol ghoul knight tries to kick YOU, but misses!
[Wed Jul 29 14:57:33 2026] You try to slash a zol ghoul knight, but miss!
[Wed Jul 29 14:57:33 2026] A wan ghoul knight crushes a zol ghoul knight for 56 points of damage.
[Wed Jul 29 14:57:33 2026] A wan ghoul knight tries to crush a zol ghoul knight, but misses!
[Wed Jul 29 14:57:33 2026] A wan ghoul knight crushes a zol ghoul knight for 59 points of damage.
[Wed Jul 29 14:57:33 2026] You crush a zol ghoul knight for 7 points of damage.
[Wed Jul 29 14:57:34 2026] You try to bash a zol ghoul knight, but miss!
[Wed Jul 29 14:57:34 2026] You bash a zol ghoul knight for 1 point of damage.
[Wed Jul 29 14:57:34 2026] A zol ghoul knight tries to hit YOU, but misses!
[Wed Jul 29 14:57:35 2026] You have become better at Dragon Punch! (21)
[Wed Jul 29 14:57:35 2026] You try to strike a zol ghoul knight, but miss!
[Wed Jul 29 14:57:35 2026] You have become better at Dragon Punch! (22)
[Wed Jul 29 14:57:35 2026] You try to strike a zol ghoul knight, but miss!
[Wed Jul 29 14:57:35 2026] You kick a zol ghoul knight for 16 points of damage.
[Wed Jul 29 14:57:35 2026] A zol ghoul knight hits a wan ghoul knight for 14 points of damage. (Riposte)
[Wed Jul 29 14:57:35 2026] A wan ghoul knight tries to crush a zol ghoul knight, but misses!
[Wed Jul 29 14:57:35 2026] A wan ghoul knight tries to crush a zol ghoul knight, but a zol ghoul knight parries!
[Wed Jul 29 14:57:35 2026] You crush a zol ghoul knight for 24 points of damage.
[Wed Jul 29 14:57:36 2026] You try to slash a zol ghoul knight, but miss!
[Wed Jul 29 14:57:36 2026] A wan ghoul knight tries to bash a zol ghoul knight, but misses!
[Wed Jul 29 14:57:37 2026] A wan ghoul knight tries to kick a zol ghoul knight, but misses!
[Wed Jul 29 14:57:37 2026] A wan ghoul knight crushes a zol ghoul knight for 54 points of damage.
[Wed Jul 29 14:57:38 2026] You try to crush a zol ghoul knight, but a zol ghoul knight parries!
[Wed Jul 29 14:57:38 2026] You try to smite a zol ghoul knight, but miss!
[Wed Jul 29 14:57:38 2026] You slash a zol ghoul knight for 52 points of damage.
[Wed Jul 29 14:57:38 2026] A zol ghoul knight tries to hit YOU, but misses!
[Wed Jul 29 14:57:38 2026] A zol ghoul knight is burned by YOUR flames for 11 points of non-melee damage.
[Wed Jul 29 14:57:38 2026] A zol ghoul knight hits YOU for 7 points of damage.
[Wed Jul 29 14:57:38 2026] Your legs feel weak.
[Wed Jul 29 14:57:39 2026] You can't use that command right now...
[Wed Jul 29 14:57:39 2026] You begin casting Chaos Flux.
[Wed Jul 29 14:57:39 2026] You can't use that command right now...
[Wed Jul 29 14:57:39 2026] A wan ghoul knight cleaves a zol ghoul knight for 29 points of damage.
[Wed Jul 29 14:57:40 2026] A wan ghoul knight crushes a zol ghoul knight for 19 points of damage.
[Wed Jul 29 14:57:40 2026] A wan ghoul knight crushes a zol ghoul knight for 59 points of damage.
[Wed Jul 29 14:57:40 2026] A wan ghoul knight tries to crush a zol ghoul knight, but misses!
[Wed Jul 29 14:57:40 2026] You hit a zol ghoul knight for 169 points of magic damage by Chaos Flux.
[Wed Jul 29 14:57:40 2026] A zol ghoul knight is surrounded by fluxing strands of chaos.
[Wed Jul 29 14:57:40 2026] You have become better at Evocation! (142)
[Wed Jul 29 14:57:40 2026] A zol ghoul knight tries to cleave YOU, but misses!
[Wed Jul 29 14:57:40 2026] A zol ghoul knight cleaves a wan ghoul knight for 13 points of damage.
[Wed Jul 29 14:57:40 2026] You bash a zol ghoul knight for 1 point of damage.
[Wed Jul 29 14:57:40 2026] You have become better at Dragon Punch! (23)
[Wed Jul 29 14:57:40 2026] You try to strike a zol ghoul knight, but miss!
[Wed Jul 29 14:57:40 2026] You slash a zol ghoul knight for 56 points of damage.
[Wed Jul 29 14:57:40 2026] You try to slash a zol ghoul knight, but miss!
[Wed Jul 29 14:57:41 2026] You try to kick a zol ghoul knight, but miss!
[Wed Jul 29 14:57:41 2026] You kick a zol ghoul knight for 3 points of damage.
[Wed Jul 29 14:57:41 2026] A wan ghoul knight crushes a zol ghoul knight for 59 points of damage.
[Wed Jul 29 14:57:41 2026] A wan ghoul knight crushes a zol ghoul knight for 59 points of damage.
[Wed Jul 29 14:57:42 2026] You try to crush a zol ghoul knight, but miss!
[Wed Jul 29 14:57:42 2026] A zol ghoul knight is burned by YOUR flames for 11 points of non-melee damage.
[Wed Jul 29 14:57:42 2026] A zol ghoul knight hits YOU for 56 points of damage.
[Wed Jul 29 14:57:42 2026] A zol ghoul knight is burned by YOUR flames for 11 points of non-melee damage.
[Wed Jul 29 14:57:42 2026] A zol ghoul knight hits YOU for 68 points of damage.
[Wed Jul 29 14:57:43 2026] You try to slash a zol ghoul knight, but miss!
[Wed Jul 29 14:57:43 2026] You begin to change your stance.
[Wed Jul 29 14:57:43 2026] A wan ghoul knight bashes a zol ghoul knight for 6 points of damage.
[Wed Jul 29 14:57:43 2026] A wan ghoul knight bashes a zol ghoul knight for 6 points of damage.
[Wed Jul 29 14:57:43 2026] A zol ghoul knight is burned by YOUR flames for 11 points of non-melee damage.
[Wed Jul 29 14:57:43 2026] A zol ghoul knight bashes YOU for 8 points of damage.
[Wed Jul 29 14:57:43 2026] A wan ghoul knight tries to kick a zol ghoul knight, but misses!
[Wed Jul 29 14:57:43 2026] A wan ghoul knight tries to kick a zol ghoul knight, but misses!
[Wed Jul 29 14:57:43 2026] You assume an offensive stance.
[Wed Jul 29 14:57:43 2026] A zol ghoul knight tries to kick YOU, but misses!
[Wed Jul 29 14:57:43 2026] A zol ghoul knight tries to kick YOU, but misses!
[Wed Jul 29 14:57:44 2026] A wan ghoul knight tries to crush a zol ghoul knight, but misses!
[Wed Jul 29 14:57:44 2026] A wan ghoul knight tries to crush a zol ghoul knight, but misses!
[Wed Jul 29 14:57:44 2026] You crush a zol ghoul knight for 34 points of damage.
[Wed Jul 29 14:57:45 2026] You can't use that command right now...
[Wed Jul 29 14:57:45 2026] You begin casting Chaos Flux.
[Wed Jul 29 14:57:45 2026] You can't use that command right now...
[Wed Jul 29 14:57:45 2026] You can't use that command right now...
[Wed Jul 29 14:57:46 2026] You hit a zol ghoul knight for 169 points of magic damage by Chaos Flux.
[Wed Jul 29 14:57:46 2026] A zol ghoul knight is surrounded by fluxing strands of chaos.
[Wed Jul 29 14:57:46 2026] You try to slash a zol ghoul knight, but a zol ghoul knight dodges!
[Wed Jul 29 14:57:46 2026] You try to slash a zol ghoul knight, but miss!
[Wed Jul 29 14:57:46 2026] You strike a zol ghoul knight for 28 points of damage.
[Wed Jul 29 14:57:46 2026] You have become better at Dragon Punch! (24)
[Wed Jul 29 14:57:46 2026] A zol ghoul knight is burned by YOUR flames for 11 points of non-melee damage.
[Wed Jul 29 14:57:46 2026] A zol ghoul knight hits YOU for 20 points of damage.
[Wed Jul 29 14:57:46 2026] A zol ghoul knight tries to hit YOU, but misses!
[Wed Jul 29 14:57:46 2026] A wan ghoul knight tries to crush a zol ghoul knight, but misses!
[Wed Jul 29 14:57:46 2026] A wan ghoul knight tries to crush a zol ghoul knight, but misses!
[Wed Jul 29 14:57:46 2026] You crush a zol ghoul knight for 60 points of damage.
[Wed Jul 29 14:57:46 2026] You bash a zol ghoul knight for 2 points of damage.
[Wed Jul 29 14:57:46 2026] You bash a zol ghoul knight for 2 points of damage.
[Wed Jul 29 14:57:48 2026] You try to kick a zol ghoul knight, but a zol ghoul knight dodges!
[Wed Jul 29 14:57:48 2026] You hit a zol ghoul knight for 217 points of magic damage by Condemnation of Nife.
[Wed Jul 29 14:57:48 2026] A zol ghoul knight is tortured by the condemnation of Rodcet Nife.
[Wed Jul 29 14:57:48 2026] You slash a zol ghoul knight for 24 points of damage.
[Wed Jul 29 14:57:48 2026] A wan ghoul knight tries to crush a zol ghoul knight, but misses!
[Wed Jul 29 14:57:48 2026] A wan ghoul knight crushes a zol ghoul knight for 26 points of damage.
[Wed Jul 29 14:57:48 2026] Your faction standing with Undead Frogloks of Guk has been adjusted by -20.
[Wed Jul 29 14:57:48 2026] Your faction standing with Frogloks of Guk has been adjusted by 5.
[Wed Jul 29 14:57:48 2026] You gain experience! (3.664%)
[Wed Jul 29 14:57:48 2026] You receive 1 gold and 9 copper from the corpse.
[Wed Jul 29 14:57:48 2026] A zol ghoul knight has been slain by a wan ghoul knight!
[Wed Jul 29 14:57:48 2026] You looted 2 Phosphorous Powder from a zol ghoul knight's corpse and sold it for 2 platinum, 5 gold, 7 silver and 2 copper.
[Wed Jul 29 14:57:48 2026] Strength returns to your legs.
[Wed Jul 29 14:57:48 2026] You must first click on the being you wish to attack!
[Wed Jul 29 14:57:49 2026] You try to smite a zol ghoul knight, but miss!
[Wed Jul 29 14:57:49 2026] Your Enthrall spell has worn off of a zol ghoul knight.
[Wed Jul 29 14:57:49 2026] A zol ghoul knight has been awakened by Primitive.
[Wed Jul 29 14:57:49 2026] You crush a zol ghoul knight for 22 points of damage.
[Wed Jul 29 14:57:49 2026] A zol ghoul knight tries to hit YOU, but misses!
[Wed Jul 29 14:57:49 2026] A zol ghoul knight is burned by YOUR flames for 11 points of non-melee damage.
[Wed Jul 29 14:57:49 2026] A zol ghoul knight cleaves YOU for 47 points of damage.
[Wed Jul 29 14:57:49 2026] A zol ghoul knight tries to cleave a wan ghoul knight, but a wan ghoul knight parries!
[Wed Jul 29 14:57:49 2026] A zol ghoul knight tries to cleave a wan ghoul knight, but misses!
[Wed Jul 29 14:57:49 2026] A zol ghoul knight is burned by YOUR flames for 11 points of non-melee damage.
[Wed Jul 29 14:57:49 2026] A zol ghoul knight bashes YOU for 10 points of damage.
[Wed Jul 29 14:57:49 2026] A wan ghoul knight tries to cleave a zol ghoul knight, but a zol ghoul knight dodges!
[Wed Jul 29 14:57:49 2026] A wan ghoul knight bashes a zol ghoul knight for 6 points of damage.
[Wed Jul 29 14:57:49 2026] A wan ghoul knight bashes a zol ghoul knight for 6 points of damage.
[Wed Jul 29 14:57:50 2026] A zol ghoul knight is burned by YOUR flames for 11 points of non-melee damage.
[Wed Jul 29 14:57:50 2026] A zol ghoul knight kicks YOU for 28 points of damage.
[Wed Jul 29 14:57:50 2026] A zol ghoul knight tries to kick YOU, but misses!
[Wed Jul 29 14:57:50 2026] A wan ghoul knight kicks a zol ghoul knight for 28 points of damage.
[Wed Jul 29 14:57:50 2026] A wan ghoul knight kicks a zol ghoul knight for 7 points of damage.
[Wed Jul 29 14:57:50 2026] You can't use that command right now...
[Wed Jul 29 14:57:50 2026] You begin casting Tepid Deeds.
[Wed Jul 29 14:57:50 2026] A wan ghoul knight crushes a zol ghoul knight for 21 points of damage.
[Wed Jul 29 14:57:50 2026] A wan ghoul knight tries to crush a zol ghoul knight, but misses!
[Wed Jul 29 14:57:50 2026] You can't use that command right now...
[Wed Jul 29 14:57:50 2026] You can't use that command right now...
[Wed Jul 29 14:57:51 2026] a zol ghoul knight slows down.
[Wed Jul 29 14:57:51 2026] You have become better at Alteration! (145)
[Wed Jul 29 14:57:51 2026] You try to crush a zol ghoul knight, but a zol ghoul knight parries!
[Wed Jul 29 14:57:51 2026] You try to slash a zol ghoul knight, but miss!
[Wed Jul 29 14:57:51 2026] You slash a zol ghoul knight for 60 points of damage.
[Wed Jul 29 14:57:51 2026] You have become better at Dragon Punch! (25)
[Wed Jul 29 14:57:51 2026] You try to strike a zol ghoul knight, but miss!
[Wed Jul 29 14:57:51 2026] You strike a zol ghoul knight for 48 points of damage.
[Wed Jul 29 14:57:52 2026] A wan ghoul knight crushes a zol ghoul knight for 59 points of damage.
[Wed Jul 29 14:57:52 2026] a zol ghoul knight stumbles.
[Wed Jul 29 14:57:52 2026] A wan ghoul knight crushes a zol ghoul knight for 51 points of damage.
[Wed Jul 29 14:57:52 2026] You try to bash a zol ghoul knight, but miss!
[Wed Jul 29 14:57:53 2026] You crush a zol ghoul knight for 36 points of damage.
[Wed Jul 29 14:57:53 2026] You try to slash a zol ghoul knight, but miss!
[Wed Jul 29 14:57:53 2026] A zol ghoul knight is burned by YOUR flames for 11 points of non-melee damage.
[Wed Jul 29 14:57:53 2026] A zol ghoul knight hits YOU for 93 points of damage.
[Wed Jul 29 14:57:53 2026] A zol ghoul knight is burned by YOUR flames for 11 points of non-melee damage.
[Wed Jul 29 14:57:53 2026] A zol ghoul knight hits YOU for 93 points of damage.
[Wed Jul 29 14:57:54 2026] You kick a zol ghoul knight for 36 points of damage.
[Wed Jul 29 14:57:54 2026] A wan ghoul knight crushes a zol ghoul knight for 29 points of damage.
[Wed Jul 29 14:57:54 2026] A wan ghoul knight tries to crush a zol ghoul knight, but misses!
[Wed Jul 29 14:57:55 2026] You crush a zol ghoul knight for 44 points of damage.
[Wed Jul 29 14:57:55 2026] You slash a zol ghoul knight for 102 points of damage.
[Wed Jul 29 14:57:55 2026] You try to slash a zol ghoul knight, but miss!
[Wed Jul 29 14:57:56 2026] You have become better at Dragon Punch! (26)
[Wed Jul 29 14:57:56 2026] You try to strike a zol ghoul knight, but miss!
[Wed Jul 29 14:57:56 2026] You have become better at Dragon Punch! (27)
[Wed Jul 29 14:57:56 2026] You try to strike a zol ghoul knight, but miss!
[Wed Jul 29 14:57:56 2026] A wan ghoul knight bashes a zol ghoul knight for 6 points of damage.
[Wed Jul 29 14:57:56 2026] A wan ghoul knight tries to crush a zol ghoul knight, but misses!
[Wed Jul 29 14:57:56 2026] A wan ghoul knight crushes a zol ghoul knight for 37 points of damage.
[Wed Jul 29 14:57:56 2026] A wan ghoul knight crushes a zol ghoul knight for 24 points of damage.
[Wed Jul 29 14:57:57 2026] A wan ghoul knight tries to kick a zol ghoul knight, but misses!
[Wed Jul 29 14:57:57 2026] Your speed returns to normal.
[Wed Jul 29 14:57:57 2026] You begin casting Augmentation.
[Wed Jul 29 14:57:57 2026] A zol ghoul knight is burned by YOUR flames for 11 points of non-melee damage.
[Wed Jul 29 14:57:57 2026] A zol ghoul knight hits YOU for 93 points of damage.
[Wed Jul 29 14:57:57 2026] A zol ghoul knight is burned by YOUR flames for 11 points of non-melee damage.
[Wed Jul 29 14:57:57 2026] A zol ghoul knight hits YOU for 93 points of damage.
[Wed Jul 29 14:57:58 2026] A zol ghoul knight is burned by YOUR flames for 11 points of non-melee damage.
[Wed Jul 29 14:57:58 2026] A zol ghoul knight bashes YOU for 10 points of damage.
[Wed Jul 29 14:57:58 2026] A zol ghoul knight is burned by YOUR flames for 11 points of non-melee damage.
[Wed Jul 29 14:57:58 2026] A zol ghoul knight bashes YOU for 10 points of damage.
[Wed Jul 29 14:57:58 2026] A zol ghoul knight is burned by YOUR flames for 11 points of non-melee damage.
[Wed Jul 29 14:57:58 2026] A zol ghoul knight kicks YOU for 41 points of damage.
[Wed Jul 29 14:57:58 2026] A zol ghoul knight is burned by YOUR flames for 11 points of non-melee damage.
[Wed Jul 29 14:57:58 2026] A zol ghoul knight kicks YOU for 25 points of damage.
[Wed Jul 29 14:57:59 2026] A wan ghoul knight crushes a zol ghoul knight for 40 points of damage.
[Wed Jul 29 14:57:59 2026] A wan ghoul knight tries to crush a zol ghoul knight, but misses!
[Wed Jul 29 14:57:59 2026] You regain your concentration and continue your casting.
[Wed Jul 29 14:57:59 2026] You feel your body pulse with energy.
[Wed Jul 29 14:57:59 2026] You try to crush a zol ghoul knight, but miss!
[Wed Jul 29 14:57:59 2026] You try to slash a zol ghoul knight, but miss!
[Wed Jul 29 14:57:59 2026] You try to slash a zol ghoul knight, but miss!
[Wed Jul 29 14:57:59 2026] You bash a zol ghoul knight for 2 points of damage.
[Wed Jul 29 14:57:59 2026] A wan ghoul knight tries to cleave a zol ghoul knight, but misses!
[Wed Jul 29 14:58:00 2026] You try to crush a zol ghoul knight, but miss!
