[Sun Aug 02 01:55:04 2026] You will now use Backstab while auto attacking.
[Sun Aug 02 01:55:06 2026] You will now use Bash while auto attacking.
[Sun Aug 02 01:55:08 2026] You will now use Frenzy while auto attacking.
[Sun Aug 02 01:55:09 2026] You will now use Kick while auto attacking.
[Sun Aug 02 01:55:12 2026] You will now use Slam instead of Bash while attacking.
[Sun Aug 02 01:55:13 2026] You will now use Smite while auto attacking.
[Sun Aug 02 01:55:20 2026] Auto attack is on.
[Sun Aug 02 01:55:20 2026] Your target is too far away, get closer!
[Sun Aug 02 01:55:20 2026] Your target is too far away, get closer!
[Sun Aug 02 01:55:21 2026] You slash a puma for 86 points of damage. (Critical)
[Sun Aug 02 01:55:21 2026] You gain experience! (0.404%)
[Sun Aug 02 01:55:21 2026] You have slain a puma!
[Sun Aug 02 01:55:21 2026] You looted a Ruined Cat Pelt from a puma's corpse and sold it for 7 copper.
[Sun Aug 02 01:55:21 2026] You looted a Chunk of Meat from a puma's corpse and sold it for 1 silver.
[Sun Aug 02 01:55:21 2026] You looted a Medium Quality Cat Pelt from a puma's corpse and sold it for 7 silver and 1 copper.
[Sun Aug 02 01:55:27 2026] Auto attack is on.
[Sun Aug 02 01:55:27 2026] You try to backstab a large spider, but miss!
[Sun Aug 02 01:55:27 2026] You bash a large spider for 1 point of damage.
[Sun Aug 02 01:55:27 2026] You hurt yourself for 2 points.
[Sun Aug 02 01:55:27 2026] You frenzy on a large spider for 33 points of damage.
[Sun Aug 02 01:55:27 2026] You kick a large spider for 5 points of damage.
[Sun Aug 02 01:55:27 2026] You try to smite a large spider, but miss!
[Sun Aug 02 01:55:27 2026] You slash a large spider for 35 points of damage. (Critical)
[Sun Aug 02 01:55:27 2026] You have slain a large spider!
[Sun Aug 02 01:55:27 2026] You looted a Spider Legs from a large spider's corpse and sold it for 7 copper.
[Sun Aug 02 01:55:59 2026] You are not currently assigned to an adventure.
[Sun Aug 02 01:56:07 2026] You are not currently assigned to an adventure.
[Sun Aug 02 01:56:35 2026] Adios hit a willowisp for 48 points of fire damage by Flame Bolt.
[Sun Aug 02 01:56:35 2026] A willowisp is bathed in fire.
[Sun Aug 02 01:56:40 2026] You are not currently assigned to an adventure.
[Sun Aug 02 01:56:51 2026] You feel different.
[Sun Aug 02 01:56:56 2026] Your illusion fades.
[Sun Aug 02 01:56:57 2026] You begin casting Illusion: Dark Elf.
[Sun Aug 02 01:57:03 2026] You feel different.
[Sun Aug 02 01:57:05 2026] You begin casting Yaulp.
[Sun Aug 02 01:57:05 2026] You feel a surge of strength as you let forth a mighty yaulp.
[Sun Aug 02 01:57:09 2026] Your Golden Efreeti Boots (Exaltation) shimmers briefly.
[Sun Aug 02 01:57:09 2026] You begin casting Courage.
[Sun Aug 02 01:57:09 2026] You feel a rush of courage.
[Sun Aug 02 01:57:09 2026] You healed Primitive for 20 hit points by Courage.
[Sun Aug 02 01:57:42 2026] You have become better at Backstab! (2)
[Sun Aug 02 01:57:42 2026] You try to backstab a puma, but miss!
[Sun Aug 02 01:57:42 2026] A puma tries to claw YOU, but misses!
[Sun Aug 02 01:57:42 2026] A puma tries to cleave YOU, but misses!
[Sun Aug 02 01:57:42 2026] A puma tries to bash YOU, but misses!
[Sun Aug 02 01:57:44 2026] A puma tries to claw YOU, but misses!
[Sun Aug 02 01:57:45 2026] Auto attack is on.
[Sun Aug 02 01:57:45 2026] You bash a puma for 1 point of damage.
[Sun Aug 02 01:57:45 2026] You hurt yourself for 1 points.
[Sun Aug 02 01:57:45 2026] You frenzy on a puma for 25 points of damage.
[Sun Aug 02 01:57:45 2026] You have become better at Frenzy! (32)
[Sun Aug 02 01:57:45 2026] You have become better at Kick! (21)
[Sun Aug 02 01:57:45 2026] You try to kick a puma, but miss!
[Sun Aug 02 01:57:45 2026] You try to smite a puma, but miss!
[Sun Aug 02 01:57:45 2026] You slash a puma for 100 points of damage. (Critical)
[Sun Aug 02 01:57:45 2026] You gain experience! (0.845%)
[Sun Aug 02 01:57:45 2026] You have slain a puma!
[Sun Aug 02 01:57:45 2026] You looted a Chunk of Meat from a puma's corpse and sold it for 1 silver.
[Sun Aug 02 01:57:53 2026] You feel a traveling spirit enter you.
[Sun Aug 02 01:58:21 2026] Auto attack is on.
[Sun Aug 02 01:58:21 2026] The spirit of travel leaves you.
[Sun Aug 02 01:58:21 2026] You have become better at Backstab! (3)
[Sun Aug 02 01:58:21 2026] You try to backstab a giant rattlesnake, but miss!
[Sun Aug 02 01:58:21 2026] You try to bash a giant rattlesnake, but miss!
[Sun Aug 02 01:58:21 2026] You hurt yourself for 2 points.
[Sun Aug 02 01:58:21 2026] You frenzy on a giant rattlesnake for 30 points of damage.
[Sun Aug 02 01:58:21 2026] You have become better at Frenzy! (33)
[Sun Aug 02 01:58:21 2026] You have become better at Kick! (22)
[Sun Aug 02 01:58:21 2026] You try to kick a giant rattlesnake, but miss!
[Sun Aug 02 01:58:21 2026] You smite a giant rattlesnake for 24 points of damage.
[Sun Aug 02 01:58:21 2026] You hit a giant rattlesnake for 39 points of magic damage by Smiting Strike.
[Sun Aug 02 01:58:21 2026] A giant rattlesnake staggers.
[Sun Aug 02 01:58:21 2026] You slash a giant rattlesnake for 71 points of damage.
[Sun Aug 02 01:58:21 2026] A giant rattlesnake tries to bite YOU, but misses!
[Sun Aug 02 01:58:21 2026] A giant rattlesnake tries to cleave YOU, but misses!
[Sun Aug 02 01:58:21 2026] A giant rattlesnake bashes YOU for 1 point of damage.
[Sun Aug 02 01:58:21 2026] a giant rattlesnake hit you for 12 points of poison damage by Poison.
[Sun Aug 02 01:58:21 2026] You have been poisoned.
[Sun Aug 02 01:58:22 2026] You cannot see your target.
[Sun Aug 02 01:58:23 2026] Your target is too far away, get closer!
[Sun Aug 02 01:58:23 2026] Your target is too far away, get closer!
[Sun Aug 02 01:58:24 2026] Your target is too far away, get closer!
[Sun Aug 02 01:58:25 2026] You have taken 10 damage from Poison by a giant rattlesnake.
[Sun Aug 02 01:58:25 2026] A giant rattlesnake tries to bite YOU, but misses!
[Sun Aug 02 01:58:25 2026] A giant rattlesnake tries to bite YOU, but misses! (Riposte)
[Sun Aug 02 01:58:25 2026] You have become better at Backstab! (4)
[Sun Aug 02 01:58:25 2026] You bash a giant rattlesnake for 10 points of damage. (Critical)
[Sun Aug 02 01:58:25 2026] You kick a giant rattlesnake for 5 points of damage.
[Sun Aug 02 01:58:25 2026] You have become better at Kick! (23)
[Sun Aug 02 01:58:26 2026] You cannot see your target.
[Sun Aug 02 01:58:26 2026] You slash a giant rattlesnake for 18 points of damage. (Finishing Blow)
[Sun Aug 02 01:58:26 2026] You gain experience! (1.485%)
[Sun Aug 02 01:58:26 2026] You have slain a giant rattlesnake!
[Sun Aug 02 01:58:26 2026] You looted a Snake Meat from a giant rattlesnake's corpse and sold it for 7 copper.
[Sun Aug 02 01:58:26 2026] You looted a Giant Snake Fang from a giant rattlesnake's corpse and sold it for 3 gold, 5 silver and 7 copper.
[Sun Aug 02 01:58:26 2026] --You have looted a Mote of Infinitesimal Potential from a giant rattlesnake's corpse.--
[Sun Aug 02 01:58:26 2026] The poison has run its course.
[Sun Aug 02 01:58:52 2026] LOADING, PLEASE WAIT...
[Sun Aug 02 01:58:57 2026] You have entered West Commonlands.
[Sun Aug 02 01:58:58 2026] Channels: 1=General2(180), 2=NewPlayers(389)
[Sun Aug 02 01:59:55 2026] Leannea healed herself over time for 31 hit points by Sprouting Heal.
[Sun Aug 02 01:59:55 2026] Leannea is healed from within.
[Sun Aug 02 01:59:55 2026] Leannea healed herself for 100 hit points by Sprouting Heal Trigger.
[Sun Aug 02 02:00:00 2026] Leannea's Bone Walk spell fizzles!
[Sun Aug 02 02:00:01 2026] Leannea tries to cast a spell on you, but you are protected.
[Sun Aug 02 02:00:02 2026] LOADING, PLEASE WAIT...
[Sun Aug 02 02:00:08 2026] You have entered Befallen.
[Sun Aug 02 02:00:09 2026] Salima has completed achievement: Befallen Traveler
[Sun Aug 02 02:00:15 2026] Kiian has fallen to the ground.
[Sun Aug 02 02:00:19 2026] Salima begins casting Spike of Disease.
[Sun Aug 02 02:00:31 2026] Salima begins casting Burst of Flame.
[Sun Aug 02 02:00:35 2026] Salima begins casting Lifetap.
[Sun Aug 02 02:00:36 2026] Salima healed herself for 6 hit points by Lifetap.
[Sun Aug 02 02:00:39 2026] Salima begins casting Burst of Flame.
[Sun Aug 02 02:00:40 2026] A putrid skeleton has been slain by Salima!
[Sun Aug 02 02:00:43 2026] Player Primitive creating instance Befallen 24786.
[Sun Aug 02 02:00:43 2026] Befallen is now available to you.
[Sun Aug 02 02:00:52 2026] LOADING, PLEASE WAIT...
[Sun Aug 02 02:01:12 2026] You have entered Befallen 4 (Refined).
[Sun Aug 02 02:01:15 2026] a large plague rat's body pulses with energy.
[Sun Aug 02 02:01:15 2026] a large plague rat healed itself for 19 hit points by Inner Fire.
[Sun Aug 02 02:01:15 2026] A large plague rat begins casting Spirit of Wolf.
[Sun Aug 02 02:01:18 2026] a necro neophyte animates an undead servant.
[Sun Aug 02 02:01:19 2026] A skeletal excavator begins casting Skin like Wood.
[Sun Aug 02 02:01:19 2026] A sturdy skeleton begins casting Leering Corpse.
[Sun Aug 02 02:01:19 2026] A sturdy skeleton begins casting Center.
[Sun Aug 02 02:01:19 2026] A large plague rat begins casting Kilan's Animation.
[Sun Aug 02 02:01:19 2026] A cracked skeleton begins casting Skin like Wood.
[Sun Aug 02 02:01:19 2026] A large plague rat pet begins casting Courage.
[Sun Aug 02 02:01:19 2026] A large plague rat begins casting Lesser Shielding.
[Sun Aug 02 02:01:19 2026] A cracked skeleton begins casting Lesser Shielding.
[Sun Aug 02 02:01:19 2026] A necro neophyte begins casting Courage.
[Sun Aug 02 02:01:19 2026] A necro neophyte begins casting Minor Shielding.
[Sun Aug 02 02:01:20 2026] a large plague rat is surrounded by a brief lupine aura.
[Sun Aug 02 02:01:21 2026] Auto attack is on.
[Sun Aug 02 02:01:21 2026] a large plague rat pet looks courageous.
[Sun Aug 02 02:01:21 2026] a large plague rat pet healed himself for 20 hit points by Courage.
[Sun Aug 02 02:01:21 2026] You hurt yourself for 5 points.
[Sun Aug 02 02:01:21 2026] You backstab a cracked skeleton for 77 points of damage.
[Sun Aug 02 02:01:21 2026] a cracked skeleton's Skin like Wood spell is interrupted.
[Sun Aug 02 02:01:21 2026] You bash a cracked skeleton for 1 point of damage.
[Sun Aug 02 02:01:21 2026] You hurt yourself for 1 points.
[Sun Aug 02 02:01:21 2026] You frenzy on a cracked skeleton for 25 points of damage.
[Sun Aug 02 02:01:21 2026] You try to kick a cracked skeleton, but miss!
[Sun Aug 02 02:01:21 2026] You smite a cracked skeleton for 19 points of damage.
[Sun Aug 02 02:01:21 2026] You gain experience! (0.565%)
[Sun Aug 02 02:01:21 2026] You receive 4 silver and 7 copper from the corpse.
[Sun Aug 02 02:01:21 2026] You hit a cracked skeleton for 38 points of magic damage by Smiting Strike.
[Sun Aug 02 02:01:21 2026] A cracked skeleton staggers.
[Sun Aug 02 02:01:21 2026] You have slain a cracked skeleton!
[Sun Aug 02 02:01:21 2026] --You have looted 2 Bone Chips from a cracked skeleton's corpse.--
[Sun Aug 02 02:01:21 2026] a sturdy skeleton is surrounded by a divine aura.
[Sun Aug 02 02:01:21 2026] a sturdy skeleton healed itself for 43 hit points by Center.
[Sun Aug 02 02:01:22 2026] You must first click on the being you wish to attack!
[Sun Aug 02 02:01:22 2026] a skeletal excavator's skin turns hard as wood.
[Sun Aug 02 02:01:22 2026] A sturdy skeleton begins casting Center.
[Sun Aug 02 02:01:22 2026] A large plague rat pet begins casting Courage.
[Sun Aug 02 02:01:22 2026] A large plague rat begins casting Inner Fire.
[Sun Aug 02 02:01:22 2026] A putrid skeleton begins casting Lesser Shielding.
[Sun Aug 02 02:01:23 2026] You slash a skeletal excavator for 61 points of damage.
[Sun Aug 02 02:01:23 2026] A skeletal excavator slashes YOU for 2 points of damage.
[Sun Aug 02 02:01:23 2026] A skeletal excavator cleaves YOU for 1 point of damage.
[Sun Aug 02 02:01:23 2026] A skeletal excavator tries to bash YOU, but misses!
[Sun Aug 02 02:01:23 2026] You are stunned!
[Sun Aug 02 02:01:23 2026] A skeletal excavator kicks YOU for 2 points of damage.
[Sun Aug 02 02:01:24 2026] a cracked skeleton pet looks courageous.
[Sun Aug 02 02:01:24 2026] a large plague rat pet healed a cracked skeleton pet for 20 hit points by Courage.
[Sun Aug 02 02:01:24 2026] a cracked skeleton is surrounded by a divine aura.
[Sun Aug 02 02:01:24 2026] a sturdy skeleton healed a cracked skeleton for 43 hit points by Center.
[Sun Aug 02 02:01:25 2026] A skeletal excavator tries to slash YOU, but misses!
[Sun Aug 02 02:01:25 2026] A large plague rat begins casting Inner Fire.
[Sun Aug 02 02:01:25 2026] A large plague rat pet slashes YOU for 13 points of damage.
[Sun Aug 02 02:01:25 2026] A large plague rat pet tries to bash YOU, but misses!
[Sun Aug 02 02:01:25 2026] A large plague rat pet kicks YOU for 1 point of damage.
[Sun Aug 02 02:01:25 2026] A skeletal excavator begins casting Burst of Fire.
[Sun Aug 02 02:01:26 2026] A large plague rat tries to bite YOU, but misses!
[Sun Aug 02 02:01:26 2026] A large plague rat cleaves YOU for 13 points of damage.
[Sun Aug 02 02:01:26 2026] A large plague rat tries to bash YOU, but misses!
[Sun Aug 02 02:01:26 2026] You are no longer stunned.
[Sun Aug 02 02:01:26 2026] Your target is too far away, get closer!
[Sun Aug 02 02:01:27 2026] A large plague rat pet begins casting Cease.
[Sun Aug 02 02:01:27 2026] A large plague rat begins casting Suffocating Sphere.
[Sun Aug 02 02:01:27 2026] You try to slash a skeletal excavator, but a skeletal excavator dodges!
[Sun Aug 02 02:01:27 2026] You cannot see your target.
[Sun Aug 02 02:01:27 2026] a skeletal excavator hit you for 16 points of fire damage by Burst of Fire.
[Sun Aug 02 02:01:27 2026] You feel your skin singe as the Burst of Fire hits you.
[Sun Aug 02 02:01:27 2026] A skeletal excavator tries to slash YOU, but misses!
[Sun Aug 02 02:01:28 2026] You try to slash a skeletal excavator, but miss!
[Sun Aug 02 02:01:28 2026] You overcome the stun!
[Sun Aug 02 02:01:28 2026] You are struck by a sudden force.
[Sun Aug 02 02:01:28 2026] A large plague rat pet tries to slash YOU, but misses!
[Sun Aug 02 02:01:29 2026] a large plague rat's body pulses with energy.
[Sun Aug 02 02:01:29 2026] a large plague rat healed a large plague rat for 19 hit points by Inner Fire.
[Sun Aug 02 02:01:29 2026] A large plague rat pet begins casting Courage.
[Sun Aug 02 02:01:29 2026] A large plague rat begins casting Spirit of Wolf.
[Sun Aug 02 02:01:29 2026] You slash a skeletal excavator for 141 points of damage. (Critical)
[Sun Aug 02 02:01:29 2026] You pierce a skeletal excavator for 89 points of damage. (Slay Undead)
[Sun Aug 02 02:01:29 2026] Your faction standing with Befallen Inhabitants has been adjusted by -2.
[Sun Aug 02 02:01:29 2026] You gain experience! (1.182%)
[Sun Aug 02 02:01:29 2026] You receive 1 silver and 2 copper from the corpse.
[Sun Aug 02 02:01:29 2026] You have slain a skeletal excavator!
[Sun Aug 02 02:01:29 2026] You looted a Rusty Mining Pick +4 from a skeletal excavator's corpse and sold it for 7 copper.
[Sun Aug 02 02:01:29 2026] You resist a large plague rat's Suffocating Sphere!
[Sun Aug 02 02:01:29 2026] A large plague rat bites YOU for 1 point of damage.
[Sun Aug 02 02:01:30 2026] You bash a large plague rat for 1 point of damage.
[Sun Aug 02 02:01:30 2026] You have become better at Kick! (24)
[Sun Aug 02 02:01:30 2026] You try to kick a large plague rat, but a large plague rat dodges!
[Sun Aug 02 02:01:30 2026] You slash a large plague rat for 61 points of damage.
[Sun Aug 02 02:01:31 2026] A large plague rat pet slashes YOU for 1 point of damage.
[Sun Aug 02 02:01:31 2026] You hurt yourself for 2 points.
[Sun Aug 02 02:01:31 2026] You backstab a large plague rat for 30 points of damage.
[Sun Aug 02 02:01:31 2026] You have become better at Backstab! (5)
[Sun Aug 02 02:01:31 2026] You slash a large plague rat for 48 points of damage.
[Sun Aug 02 02:01:31 2026] a large plague rat looks courageous.
[Sun Aug 02 02:01:31 2026] a large plague rat pet healed a large plague rat for 1 (20) hit points by Courage.
[Sun Aug 02 02:01:32 2026] You slash a large plague rat for 61 points of damage.
[Sun Aug 02 02:01:32 2026] A large plague rat begins casting Root.
[Sun Aug 02 02:01:32 2026] A large plague rat pet bashes YOU for 1 point of damage.
[Sun Aug 02 02:01:32 2026] You hurt yourself for 1 points.
[Sun Aug 02 02:01:32 2026] You frenzy on a large plague rat for 25 points of damage.
[Sun Aug 02 02:01:32 2026] You have become better at Frenzy! (34)
[Sun Aug 02 02:01:32 2026] You smite a large plague rat for 19 points of damage.
[Sun Aug 02 02:01:32 2026] You hit a large plague rat for 39 points of magic damage by Smiting Strike.
[Sun Aug 02 02:01:32 2026] A large plague rat staggers.
[Sun Aug 02 02:01:33 2026] A large plague rat pet tries to kick YOU, but misses!
[Sun Aug 02 02:01:33 2026] You try to slash a large plague rat, but miss!
[Sun Aug 02 02:01:33 2026] a large plague rat's Root spell is interrupted.
[Sun Aug 02 02:01:33 2026] You bash a large plague rat for 1 point of damage.
[Sun Aug 02 02:01:33 2026] You kick a large plague rat for 7 points of damage.
[Sun Aug 02 02:01:33 2026] You have become better at Kick! (25)
[Sun Aug 02 02:01:33 2026] A large plague rat bites YOU for 1 point of damage.
[Sun Aug 02 02:01:33 2026] a large plague rat hit you for 13 points of disease damage by Plague Rat Disease.
[Sun Aug 02 02:01:33 2026] You have been diseased.
[Sun Aug 02 02:01:33 2026] A large plague rat bites YOU for 1 point of damage.
[Sun Aug 02 02:01:33 2026] A large plague rat tries to bash YOU, but misses!
[Sun Aug 02 02:01:33 2026] A large plague rat pet tries to slash YOU, but misses!
[Sun Aug 02 02:01:33 2026] a cracked skeleton pet is surrounded by a brief lupine aura.
[Sun Aug 02 02:01:33 2026] You slash a large plague rat for 62 points of damage.
[Sun Aug 02 02:01:33 2026] You gain experience! (1.594%)
[Sun Aug 02 02:01:33 2026] You have slain a large plague rat!
[Sun Aug 02 02:01:33 2026] You looted a Rat Eye from a large plague rat's corpse and sold it for 1 gold, 7 silver and 9 copper.
[Sun Aug 02 02:01:34 2026] You are no longer diseased.
[Sun Aug 02 02:01:35 2026] A large plague rat pet begins casting Courage.
[Sun Aug 02 02:01:35 2026] A large plague rat begins casting Inner Fire.
[Sun Aug 02 02:01:37 2026] a large plague rat looks courageous.
[Sun Aug 02 02:01:37 2026] a large plague rat pet healed a large plague rat for 1 (20) hit points by Courage.
[Sun Aug 02 02:01:37 2026] Auto attack is on.
[Sun Aug 02 02:01:38 2026] You have become better at Backstab! (6)
[Sun Aug 02 02:01:38 2026] You try to backstab a skeletal excavator, but miss!
[Sun Aug 02 02:01:38 2026] You bash a skeletal excavator for 1 point of damage.
[Sun Aug 02 02:01:38 2026] You kick a skeletal excavator for 3 points of damage.
[Sun Aug 02 02:01:38 2026] You have become better at Kick! (26)
[Sun Aug 02 02:01:38 2026] You pierce a skeletal excavator for 32 points of damage.
[Sun Aug 02 02:01:38 2026] You have become better at 1H Piercing! (2)
[Sun Aug 02 02:01:38 2026] You try to slash a skeletal excavator, but miss!
[Sun Aug 02 02:01:38 2026] You hurt yourself for 1 points.
[Sun Aug 02 02:01:38 2026] You frenzy on a skeletal excavator for 25 points of damage.
[Sun Aug 02 02:01:38 2026] You try to smite a skeletal excavator, but miss!
[Sun Aug 02 02:01:38 2026] A large plague rat tries to bite YOU, but misses!
[Sun Aug 02 02:01:38 2026] A large plague rat tries to cleave YOU, but misses!
[Sun Aug 02 02:01:38 2026] A large plague rat tries to bash YOU, but misses!
[Sun Aug 02 02:01:38 2026] a cracked skeleton's body pulses with energy.
[Sun Aug 02 02:01:38 2026] a large plague rat healed a cracked skeleton for 19 hit points by Inner Fire.
[Sun Aug 02 02:01:39 2026] A large plague rat begins casting Spirit of Wolf.
[Sun Aug 02 02:01:39 2026] You slash a skeletal excavator for 30 points of damage.
[Sun Aug 02 02:01:40 2026] You slash a skeletal excavator for 71 points of damage.
[Sun Aug 02 02:01:40 2026] A skeletal excavator tries to pierce YOU, but misses!
[Sun Aug 02 02:01:40 2026] A skeletal excavator tries to cleave YOU, but YOU dodge!
[Sun Aug 02 02:01:40 2026] A skeletal excavator tries to cleave YOU, but YOU dodge!
[Sun Aug 02 02:01:40 2026] A skeletal excavator tries to bash YOU, but misses!
[Sun Aug 02 02:01:40 2026] A large plague rat bites YOU for 7 points of damage.
[Sun Aug 02 02:01:41 2026] A skeletal excavator kicks YOU for 1 point of damage.
[Sun Aug 02 02:01:41 2026] You slash a skeletal excavator for 61 points of damage.
[Sun Aug 02 02:01:41 2026] You try to bash a skeletal excavator, but miss!
[Sun Aug 02 02:01:41 2026] You kick a skeletal excavator for 19 points of damage. (Critical)
[Sun Aug 02 02:01:41 2026] You have become better at Kick! (27)
[Sun Aug 02 02:01:42 2026] You try to slash a skeletal excavator, but miss!
[Sun Aug 02 02:01:42 2026] You have become better at Backstab! (7)
[Sun Aug 02 02:01:42 2026] You try to backstab a skeletal excavator, but miss!
[Sun Aug 02 02:01:42 2026] A large plague rat pet begins casting Courage.
[Sun Aug 02 02:01:42 2026] A skeletal excavator tries to pierce YOU, but misses!
[Sun Aug 02 02:01:42 2026] A large plague rat bites YOU for 13 points of damage.
[Sun Aug 02 02:01:42 2026] You slash a skeletal excavator for 92 points of damage.
[Sun Aug 02 02:01:43 2026] a large plague rat pet is surrounded by a brief lupine aura.
[Sun Aug 02 02:01:43 2026] You slash a skeletal excavator for 32 points of damage.
[Sun Aug 02 02:01:43 2026] Your faction standing with Befallen Inhabitants has been adjusted by -2.
[Sun Aug 02 02:01:43 2026] You gain experience! (2.078%)
[Sun Aug 02 02:01:43 2026] You receive 4 silver and 3 copper from the corpse.
[Sun Aug 02 02:01:43 2026] You have slain a skeletal excavator!
[Sun Aug 02 02:01:43 2026] You looted a Belt Pouch from a skeletal excavator's corpse and sold it for 1 gold and 7 copper.
[Sun Aug 02 02:01:43 2026] You looted a Rusty Mining Pick +4 from a skeletal excavator's corpse and sold it for 7 copper.
[Sun Aug 02 02:01:44 2026] a cracked skeleton looks courageous.
[Sun Aug 02 02:01:44 2026] a large plague rat pet healed a cracked skeleton for 1 (20) hit points by Courage.
[Sun Aug 02 02:01:44 2026] You bash a large plague rat for 1 point of damage.
[Sun Aug 02 02:01:44 2026] You have become better at Kick! (28)
[Sun Aug 02 02:01:44 2026] You try to kick a large plague rat, but miss!
[Sun Aug 02 02:01:44 2026] You try to slash a large plague rat, but miss!
[Sun Aug 02 02:01:45 2026] A large plague rat begins casting Spirit of Wolf.
[Sun Aug 02 02:01:45 2026] You try to slash a large plague rat, but miss!
[Sun Aug 02 02:01:45 2026] You hurt yourself for 4 points.
[Sun Aug 02 02:01:45 2026] You backstab a large plague rat for 73 points of damage.
[Sun Aug 02 02:01:45 2026] You have become better at Backstab! (8)
[Sun Aug 02 02:01:46 2026] You pierce a large plague rat for 59 points of damage. (Critical)
[Sun Aug 02 02:01:46 2026] You have become better at 1H Piercing! (3)
[Sun Aug 02 02:01:46 2026] You slash a large plague rat for 86 points of damage.
[Sun Aug 02 02:01:46 2026] A large plague rat bites YOU for 1 point of damage.
[Sun Aug 02 02:01:46 2026] A large plague rat tries to bash YOU, but misses!
[Sun Aug 02 02:01:47 2026] A large plague rat bites YOU for 1 point of damage.
[Sun Aug 02 02:01:47 2026] You bash a large plague rat for 1 point of damage.
[Sun Aug 02 02:01:47 2026] You kick a large plague rat for 6 points of damage.
[Sun Aug 02 02:01:47 2026] You have become better at Kick! (29)
[Sun Aug 02 02:01:47 2026] You try to slash a large plague rat, but miss!
[Sun Aug 02 02:01:48 2026] A large plague rat tries to cleave YOU, but misses!
[Sun Aug 02 02:01:48 2026] You slash a large plague rat for 93 points of damage.
[Sun Aug 02 02:01:49 2026] You pierce a large plague rat for 33 points of damage.
[Sun Aug 02 02:01:49 2026] You have become better at 1H Piercing! (4)
[Sun Aug 02 02:01:49 2026] A large plague rat tries to bite YOU, but misses!
[Sun Aug 02 02:01:49 2026] You slash a large plague rat for 4 points of damage.
[Sun Aug 02 02:01:49 2026] You gain experience! (1.594%)
[Sun Aug 02 02:01:49 2026] You have slain a large plague rat!
[Sun Aug 02 02:01:50 2026] a large plague rat is surrounded by a brief lupine aura.
[Sun Aug 02 02:01:52 2026] A large plague rat begins casting Spirit of Wolf.
[Sun Aug 02 02:01:54 2026] a plague rat looks courageous.
[Sun Aug 02 02:01:54 2026] a skeletal excavator pet healed a plague rat for 19 hit points by Courage.
[Sun Aug 02 02:01:55 2026] Auto attack is on.
[Sun Aug 02 02:01:55 2026] a skeletal excavator's skin turns hard as wood.
[Sun Aug 02 02:01:55 2026] You have become better at Backstab! (9)
[Sun Aug 02 02:01:55 2026] You try to backstab a sturdy skeleton, but miss!
[Sun Aug 02 02:01:55 2026] You bash a sturdy skeleton for 10 points of damage. (Critical)
[Sun Aug 02 02:01:55 2026] You hurt yourself for 1 points.
[Sun Aug 02 02:01:55 2026] You frenzy on a sturdy skeleton for 50 points of damage. (Critical)
[Sun Aug 02 02:01:55 2026] You kick a sturdy skeleton for 7 points of damage.
[Sun Aug 02 02:01:55 2026] You have become better at Kick! (30)
[Sun Aug 02 02:01:55 2026] You smite a sturdy skeleton for 28 points of damage.
[Sun Aug 02 02:01:55 2026] You hit a sturdy skeleton for 39 points of magic damage by Smiting Strike.
[Sun Aug 02 02:01:55 2026] A sturdy skeleton staggers.
[Sun Aug 02 02:01:55 2026] You slash a sturdy skeleton for 61 points of damage.
[Sun Aug 02 02:01:55 2026] A skeletal excavator pet begins casting Courage.
[Sun Aug 02 02:01:55 2026] A sturdy skeleton begins casting Furor.
[Sun Aug 02 02:01:56 2026] A cracked skeleton punches YOU for 1 point of damage.
[Sun Aug 02 02:01:56 2026] A cracked skeleton tries to cleave YOU, but misses!
[Sun Aug 02 02:01:56 2026] You try to slash a sturdy skeleton, but miss!
[Sun Aug 02 02:01:56 2026] a cracked skeleton is surrounded by a brief lupine aura.
[Sun Aug 02 02:01:57 2026] You slash a sturdy skeleton for 83 points of damage.
[Sun Aug 02 02:01:57 2026] a sturdy skeleton hit you for 33 points of magic damage by Furor.
[Sun Aug 02 02:01:57 2026] You are struck by a sudden burst of force.
[Sun Aug 02 02:01:57 2026] A sturdy skeleton punches YOU for 1 point of damage.
[Sun Aug 02 02:01:57 2026] A sturdy skeleton tries to cleave YOU, but misses!
[Sun Aug 02 02:01:57 2026] A sturdy skeleton tries to bash YOU, but misses!
[Sun Aug 02 02:01:57 2026] a skeletal excavator looks courageous.
[Sun Aug 02 02:01:57 2026] a skeletal excavator pet healed a skeletal excavator for 1 (19) hit points by Courage.
[Sun Aug 02 02:01:57 2026] A sturdy skeleton tries to kick YOU, but misses!
[Sun Aug 02 02:01:58 2026] You try to slash a sturdy skeleton, but miss!
[Sun Aug 02 02:01:58 2026] You have become better at 1H Piercing! (5)
[Sun Aug 02 02:01:58 2026] You try to pierce a sturdy skeleton, but miss!
[Sun Aug 02 02:01:58 2026] A cracked skeleton punches YOU for 1 point of damage.
[Sun Aug 02 02:01:58 2026] You bash a sturdy skeleton for 1 point of damage.
[Sun Aug 02 02:01:58 2026] You try to kick a sturdy skeleton, but a sturdy skeleton parries!
[Sun Aug 02 02:01:59 2026] A sturdy skeleton tries to punch YOU, but misses! (Riposte)
[Sun Aug 02 02:01:59 2026] You have become better at Backstab! (10)
[Sun Aug 02 02:01:59 2026] You slash a sturdy skeleton for 76 points of damage.
[Sun Aug 02 02:01:59 2026] You pierce a sturdy skeleton for 14 points of damage.
[Sun Aug 02 02:01:59 2026] You gain experience! (1.594%)
[Sun Aug 02 02:01:59 2026] You receive 4 silver from the corpse.
[Sun Aug 02 02:01:59 2026] You have slain a sturdy skeleton!
[Sun Aug 02 02:01:59 2026] You must first click on the being you wish to attack!
[Sun Aug 02 02:02:00 2026] You try to slash a cracked skeleton, but a cracked skeleton dodges!
[Sun Aug 02 02:02:00 2026] A cracked skeleton punches YOU for 8 points of damage.
[Sun Aug 02 02:02:00 2026] A cracked skeleton punches YOU for 1 point of damage.
[Sun Aug 02 02:02:01 2026] You hurt yourself for 1 points.
[Sun Aug 02 02:02:01 2026] You frenzy on a cracked skeleton for 43 points of damage. (Critical)
[Sun Aug 02 02:02:01 2026] You have become better at Frenzy! (35)
[Sun Aug 02 02:02:01 2026] You hurt yourself for 1 points.
[Sun Aug 02 02:02:01 2026] You frenzy on a cracked skeleton for 25 points of damage.
[Sun Aug 02 02:02:01 2026] You try to smite a cracked skeleton, but miss!
[Sun Aug 02 02:02:01 2026] You slash a cracked skeleton for 61 points of damage.
[Sun Aug 02 02:02:01 2026] You bash a cracked skeleton for 1 point of damage.
[Sun Aug 02 02:02:01 2026] You try to kick a cracked skeleton, but miss!
[Sun Aug 02 02:02:02 2026] A skeletal excavator begins casting Skin like Wood.
[Sun Aug 02 02:02:02 2026] You slash a cracked skeleton for 61 points of damage.
[Sun Aug 02 02:02:02 2026] You hurt yourself for 4 points.
[Sun Aug 02 02:02:02 2026] You backstab a cracked skeleton for 49 points of damage.
[Sun Aug 02 02:02:02 2026] You gain experience! (0.841%)
[Sun Aug 02 02:02:02 2026] You receive 4 copper from the corpse.
[Sun Aug 02 02:02:02 2026] You have slain a cracked skeleton!
[Sun Aug 02 02:02:05 2026] a skeletal excavator's skin turns hard as wood.
[Sun Aug 02 02:02:05 2026] A skeletal excavator pet begins casting Courage.
[Sun Aug 02 02:02:06 2026] You looted a Wooden Shield +4 from a cracked skeleton's corpse and sold it for 6 gold, 4 silver and 3 copper.
[Sun Aug 02 02:02:07 2026] a skeletal excavator looks courageous.
[Sun Aug 02 02:02:07 2026] a skeletal excavator pet healed a skeletal excavator for 1 (19) hit points by Courage.
[Sun Aug 02 02:02:08 2026] A skeletal excavator begins casting Chaotic Feedback.
[Sun Aug 02 02:02:08 2026] A skeletal excavator pet tries to pierce YOU, but misses!
[Sun Aug 02 02:02:08 2026] A skeletal excavator pet kicks YOU for 1 point of damage.
[Sun Aug 02 02:02:08 2026] A skeletal excavator pet tries to bash YOU, but misses!
[Sun Aug 02 02:02:10 2026] Auto attack is on.
[Sun Aug 02 02:02:10 2026] a skeletal excavator hit you for 34 points of magic damage by Chaotic Feedback.
[Sun Aug 02 02:02:10 2026] Your brain begins to smolder.
[Sun Aug 02 02:02:10 2026] A skeletal excavator tries to crush YOU, but misses!
[Sun Aug 02 02:02:10 2026] A skeletal excavator tries to cleave YOU, but misses!
[Sun Aug 02 02:02:10 2026] A skeletal excavator tries to bash YOU, but misses!
[Sun Aug 02 02:02:10 2026] You hurt yourself for 2 points.
[Sun Aug 02 02:02:10 2026] YOU are pierced by a skeletal excavator's thorns for 6 points of non-melee damage!
[Sun Aug 02 02:02:10 2026] You backstab a skeletal excavator for 35 points of damage.
[Sun Aug 02 02:02:10 2026] You have become better at Backstab! (11)
[Sun Aug 02 02:02:10 2026] YOU are pierced by a skeletal excavator's thorns for 6 points of non-melee damage!
[Sun Aug 02 02:02:10 2026] You bash a skeletal excavator for 1 point of damage.
[Sun Aug 02 02:02:10 2026] You have become better at Frenzy! (36)
[Sun Aug 02 02:02:10 2026] You try to frenzy on a skeletal excavator, but miss!
[Sun Aug 02 02:02:10 2026] A skeletal excavator tries to crush YOU, but misses! (Riposte)
[Sun Aug 02 02:02:10 2026] YOU are pierced by a skeletal excavator's thorns for 6 points of non-melee damage!
[Sun Aug 02 02:02:10 2026] You smite a skeletal excavator for 24 points of damage.
[Sun Aug 02 02:02:10 2026] You hit a skeletal excavator for 39 points of magic damage by Smiting Strike.
[Sun Aug 02 02:02:10 2026] A skeletal excavator staggers.
[Sun Aug 02 02:02:10 2026] YOU are pierced by a skeletal excavator's thorns for 6 points of non-melee damage!
[Sun Aug 02 02:02:10 2026] You pierce a skeletal excavator for 30 points of damage.
[Sun Aug 02 02:02:10 2026] You have become better at 1H Piercing! (6)
[Sun Aug 02 02:02:10 2026] YOU are pierced by a skeletal excavator's thorns for 6 points of non-melee damage!
[Sun Aug 02 02:02:10 2026] You slash a skeletal excavator for 61 points of damage.
[Sun Aug 02 02:02:10 2026] A skeletal excavator kicks YOU for 2 points of damage.
[Sun Aug 02 02:02:10 2026] A skeletal excavator tries to pierce YOU, but misses!
[Sun Aug 02 02:02:10 2026] A skeletal excavator tries to cleave YOU, but misses!
[Sun Aug 02 02:02:10 2026] A skeletal excavator kicks YOU for 1 point of damage.
[Sun Aug 02 02:02:11 2026] A skeletal excavator bashes YOU for 1 point of damage.
[Sun Aug 02 02:02:11 2026] A skeletal excavator pet tries to pierce YOU, but misses!
[Sun Aug 02 02:02:11 2026] YOU are pierced by a skeletal excavator's thorns for 6 points of non-melee damage!
[Sun Aug 02 02:02:11 2026] You slash a skeletal excavator for 68 points of damage.
[Sun Aug 02 02:02:11 2026] A skeletal excavator pet begins casting Cease.
[Sun Aug 02 02:02:11 2026] A skeletal excavator begins casting Tangling Weeds.
[Sun Aug 02 02:02:12 2026] You resist a skeletal excavator's Tangling Weeds!
[Sun Aug 02 02:02:12 2026] YOU are pierced by a skeletal excavator's thorns for 6 points of non-melee damage!
[Sun Aug 02 02:02:12 2026] You slash a skeletal excavator for 66 points of damage.
[Sun Aug 02 02:02:13 2026] A skeletal excavator crushes YOU for 12 points of damage.
[Sun Aug 02 02:02:13 2026] You are stunned!
[Sun Aug 02 02:02:13 2026] You are struck by a sudden force.
[Sun Aug 02 02:02:13 2026] A skeletal excavator tries to pierce YOU, but misses!
[Sun Aug 02 02:02:13 2026] A skeletal excavator pet pierces YOU for 1 point of damage.
[Sun Aug 02 02:02:14 2026] You are no longer stunned.
[Sun Aug 02 02:02:14 2026] You try to slash a skeletal excavator, but a skeletal excavator dodges!
[Sun Aug 02 02:02:14 2026] You have become better at Backstab! (12)
[Sun Aug 02 02:02:14 2026] You try to backstab a skeletal excavator, but miss!
[Sun Aug 02 02:02:14 2026] YOU are pierced by a skeletal excavator's thorns for 6 points of non-melee damage!
[Sun Aug 02 02:02:14 2026] You bash a skeletal excavator for 1 point of damage.
[Sun Aug 02 02:02:14 2026] YOU are pierced by a skeletal excavator's thorns for 6 points of non-melee damage!
[Sun Aug 02 02:02:14 2026] You kick a skeletal excavator for 2 points of damage.
[Sun Aug 02 02:02:14 2026] YOU are pierced by a skeletal excavator's thorns for 6 points of non-melee damage!
[Sun Aug 02 02:02:14 2026] You slash a skeletal excavator for 40 points of damage.
[Sun Aug 02 02:02:14 2026] Your faction standing with Befallen Inhabitants has been adjusted by -2.
[Sun Aug 02 02:02:14 2026] You gain experience! (1.594%)
[Sun Aug 02 02:02:14 2026] You receive 3 silver and 5 copper from the corpse.
[Sun Aug 02 02:02:14 2026] You have slain a skeletal excavator!
[Sun Aug 02 02:02:14 2026] You looted a Rusty Mining Pick +4 from a skeletal excavator's corpse and sold it for 7 copper.
[Sun Aug 02 02:02:15 2026] The thaumaturgist begins casting Spirit of Wolf.
[Sun Aug 02 02:02:15 2026] You must first click on the being you wish to attack!
[Sun Aug 02 02:02:15 2026] You have become better at 1H Piercing! (7)
[Sun Aug 02 02:02:15 2026] You try to pierce a skeletal excavator, but miss!
[Sun Aug 02 02:02:15 2026] You try to slash a skeletal excavator, but miss!
[Sun Aug 02 02:02:15 2026] A skeletal excavator tries to pierce YOU, but misses!
[Sun Aug 02 02:02:16 2026] You hurt yourself for 1 points.
[Sun Aug 02 02:02:16 2026] YOU are pierced by a skeletal excavator's thorns for 6 points of non-melee damage!
[Sun Aug 02 02:02:16 2026] You frenzy on a skeletal excavator for 18 points of damage.
[Sun Aug 02 02:02:16 2026] YOU are pierced by a skeletal excavator's thorns for 6 points of non-melee damage!
[Sun Aug 02 02:02:16 2026] You smite a skeletal excavator for 24 points of damage.
[Sun Aug 02 02:02:16 2026] You hit a skeletal excavator for 39 points of magic damage by Smiting Strike.
[Sun Aug 02 02:02:16 2026] A skeletal excavator staggers.
[Sun Aug 02 02:02:16 2026] You try to slash a skeletal excavator, but miss!
[Sun Aug 02 02:02:17 2026] YOU are pierced by a skeletal excavator's thorns for 6 points of non-melee damage!
[Sun Aug 02 02:02:17 2026] You slash a skeletal excavator for 21 points of damage.
[Sun Aug 02 02:02:17 2026] A skeletal excavator tries to kick YOU, but misses!
[Sun Aug 02 02:02:17 2026] YOU are pierced by a skeletal excavator's thorns for 6 points of non-melee damage!
[Sun Aug 02 02:02:17 2026] You bash a skeletal excavator for 1 point of damage.
[Sun Aug 02 02:02:17 2026] YOU are pierced by a skeletal excavator's thorns for 6 points of non-melee damage!
[Sun Aug 02 02:02:17 2026] You kick a skeletal excavator for 7 points of damage.
[Sun Aug 02 02:02:17 2026] A skeletal excavator tries to bash YOU, but misses!
[Sun Aug 02 02:02:18 2026] YOU are pierced by a skeletal excavator's thorns for 6 points of non-melee damage!
[Sun Aug 02 02:02:18 2026] You slash a skeletal excavator for 86 points of damage.
[Sun Aug 02 02:02:18 2026] A skeletal excavator pierces YOU for 8 points of damage.
[Sun Aug 02 02:02:18 2026] You have become better at Backstab! (13)
[Sun Aug 02 02:02:18 2026] You try to backstab a skeletal excavator, but miss!
[Sun Aug 02 02:02:19 2026] YOU are pierced by a skeletal excavator's thorns for 6 points of non-melee damage!
[Sun Aug 02 02:02:19 2026] You slash a skeletal excavator for 58 points of damage.
[Sun Aug 02 02:02:20 2026] YOU are pierced by a skeletal excavator's thorns for 6 points of non-melee damage!
[Sun Aug 02 02:02:20 2026] You slash a skeletal excavator for 61 points of damage.
[Sun Aug 02 02:02:20 2026] YOU are pierced by a skeletal excavator's thorns for 6 points of non-melee damage!
[Sun Aug 02 02:02:20 2026] You bash a skeletal excavator for 32 points of damage. (Slay Undead)
[Sun Aug 02 02:02:20 2026] Your faction standing with Befallen Inhabitants has been adjusted by -2.
[Sun Aug 02 02:02:20 2026] You gain experience! (1.594%)
[Sun Aug 02 02:02:20 2026] You receive 3 silver and 3 copper from the corpse.
[Sun Aug 02 02:02:20 2026] You have slain a skeletal excavator!
[Sun Aug 02 02:02:20 2026] You looted a Rusty Mace +4 from a skeletal excavator's corpse and sold it for 7 silver and 1 copper.
[Sun Aug 02 02:02:20 2026] You looted a Leather Boots +4 from a skeletal excavator's corpse and sold it for 1 platinum, 2 gold, 8 silver and 6 copper.
[Sun Aug 02 02:02:20 2026] You looted a Rusty Mining Pick +4 from a skeletal excavator's corpse and sold it for 7 copper.
[Sun Aug 02 02:02:21 2026] a lesser mummy's skin turns hard as stone.
[Sun Aug 02 02:02:21 2026] the thaumaturgist healed a lesser mummy for 32 (50) hit points by Skin like Rock.
[Sun Aug 02 02:02:22 2026] Auto attack is on.
[Sun Aug 02 02:02:23 2026] You cannot see your target.
[Sun Aug 02 02:02:23 2026] You pierce skeleton L`rodd for 12 points of damage.
[Sun Aug 02 02:02:23 2026] You have become better at 1H Piercing! (8)
[Sun Aug 02 02:02:23 2026] You slash skeleton L`rodd for 80 points of damage.
[Sun Aug 02 02:02:23 2026] Skeleton L`rodd crushes YOU for 1 point of damage.
[Sun Aug 02 02:02:23 2026] Skeleton L`rodd frenzies on YOU for 1 point of damage.
[Sun Aug 02 02:02:23 2026] Skeleton L`rodd cleaves YOU for 1 point of damage.
[Sun Aug 02 02:02:23 2026] Skeleton L`rodd tries to bash YOU, but misses!
[Sun Aug 02 02:02:23 2026] Skeleton L`rodd tries to kick YOU, but misses!
[Sun Aug 02 02:02:24 2026] You try to bash skeleton L`rodd, but miss!
[Sun Aug 02 02:02:24 2026] You kick skeleton L`rodd for 2 points of damage.
[Sun Aug 02 02:02:24 2026] You have become better at 1H Piercing! (9)
[Sun Aug 02 02:02:24 2026] You try to pierce skeleton L`rodd, but miss!
[Sun Aug 02 02:02:24 2026] You try to slash skeleton L`rodd, but miss!
[Sun Aug 02 02:02:25 2026] You slash skeleton L`rodd for 44 points of damage.
[Sun Aug 02 02:02:25 2026] The thaumaturgist begins casting Spirit of Wolf.
[Sun Aug 02 02:02:25 2026] Skeleton L`rodd crushes YOU for 10 points of damage.
[Sun Aug 02 02:02:26 2026] You slash skeleton L`rodd for 112 points of damage. (Critical)
[Sun Aug 02 02:02:26 2026] You hurt yourself for 5 points.
[Sun Aug 02 02:02:26 2026] You backstab skeleton L`rodd for 76 points of damage.
[Sun Aug 02 02:02:26 2026] You have become better at Backstab! (14)
[Sun Aug 02 02:02:27 2026] You slash skeleton L`rodd for 52 points of damage.
[Sun Aug 02 02:02:27 2026] You bash skeleton L`rodd for 1 point of damage.
[Sun Aug 02 02:02:27 2026] You kick skeleton L`rodd for 6 points of damage.
[Sun Aug 02 02:02:27 2026] Skeleton L`rodd crushes YOU for 1 point of damage.
[Sun Aug 02 02:02:27 2026] Skeleton L`rodd tries to crush YOU, but misses!
[Sun Aug 02 02:02:27 2026] Skeleton L`rodd crushes YOU for 9 points of damage. (Riposte)
[Sun Aug 02 02:02:28 2026] You hurt yourself for 1 points.
[Sun Aug 02 02:02:28 2026] You frenzy on skeleton L`rodd for 25 points of damage.
[Sun Aug 02 02:02:28 2026] You have become better at Frenzy! (37)
[Sun Aug 02 02:02:28 2026] You hurt yourself for 1 points.
[Sun Aug 02 02:02:28 2026] You frenzy on skeleton L`rodd for 25 points of damage.
[Sun Aug 02 02:02:28 2026] You have become better at Frenzy! (38)
[Sun Aug 02 02:02:28 2026] You try to smite skeleton L`rodd, but skeleton L`rodd dodges!
[Sun Aug 02 02:02:28 2026] You try to slash skeleton L`rodd, but miss!
[Sun Aug 02 02:02:29 2026] You have become better at 1H Piercing! (10)
[Sun Aug 02 02:02:29 2026] You try to pierce skeleton L`rodd, but miss!
[Sun Aug 02 02:02:29 2026] You try to slash skeleton L`rodd, but skeleton L`rodd dodges!
[Sun Aug 02 02:02:29 2026] Skeleton L`rodd bashes YOU for 1 point of damage.
[Sun Aug 02 02:02:29 2026] Skeleton L`rodd crushes YOU for 16 points of damage.
[Sun Aug 02 02:02:30 2026] Skeleton L`rodd tries to kick YOU, but misses!
[Sun Aug 02 02:02:30 2026] Skeleton L`rodd kicks YOU for 4 points of damage.
[Sun Aug 02 02:02:30 2026] You bash skeleton L`rodd for 1 point of damage.
[Sun Aug 02 02:02:30 2026] You kick skeleton L`rodd for 8 points of damage.
[Sun Aug 02 02:02:30 2026] You slash skeleton L`rodd for 63 points of damage.
[Sun Aug 02 02:02:30 2026] You have become better at Backstab! (15)
[Sun Aug 02 02:02:30 2026] You try to backstab skeleton L`rodd, but miss!
[Sun Aug 02 02:02:31 2026] You slash skeleton L`rodd for 39 points of damage.
[Sun Aug 02 02:02:31 2026] The thaumaturgist begins casting Spirit of Wolf.
[Sun Aug 02 02:02:32 2026] Skeleton L`rodd crushes YOU for 16 points of damage.
[Sun Aug 02 02:02:32 2026] You slash skeleton L`rodd for 33 points of damage.
[Sun Aug 02 02:02:32 2026] You pierce skeleton L`rodd for 19 points of damage.
[Sun Aug 02 02:02:32 2026] You have become better at 1H Piercing! (11)
[Sun Aug 02 02:02:33 2026] Skeleton L`rodd cleaves YOU for 1 point of damage.
[Sun Aug 02 02:02:33 2026] You bash skeleton L`rodd for 1 point of damage.
[Sun Aug 02 02:02:33 2026] You kick skeleton L`rodd for 5 points of damage.
[Sun Aug 02 02:02:33 2026] You slash skeleton L`rodd for 23 points of damage. (Finishing Blow)
[Sun Aug 02 02:02:33 2026] You have gained 2 ability point(s)!  You now have 3 ability point(s).
[Sun Aug 02 02:02:33 2026] You gain experience! (4.852%)
[Sun Aug 02 02:02:33 2026] You have slain skeleton L`rodd!
[Sun Aug 02 02:02:33 2026] Your Djarn's Amethyst Ring (Exaltation) shimmers briefly.
[Sun Aug 02 02:02:33 2026] You begin casting Light Healing.
[Sun Aug 02 02:02:33 2026] You can't use that command right now...
[Sun Aug 02 02:02:34 2026] Your Idol of the Underking (Exaltation) feels alive with power.
[Sun Aug 02 02:02:34 2026] You feel better.
[Sun Aug 02 02:02:34 2026] You healed Primitive for 78 hit points by Light Healing.
[Sun Aug 02 02:02:35 2026] The thaumaturgist begins casting Skin like Rock.
[Sun Aug 02 02:02:38 2026] a necro apprentice's skin turns hard as stone.
[Sun Aug 02 02:02:38 2026] the thaumaturgist healed a necro apprentice for 32 (50) hit points by Skin like Rock.
[Sun Aug 02 02:02:38 2026] The thaumaturgist begins casting Spirit of Wolf.
[Sun Aug 02 02:02:39 2026] You begin to change your invocation.
[Sun Aug 02 02:02:39 2026] You begin reciting the spellblade invocation.
[Sun Aug 02 02:02:42 2026] You looted a Skeletal Rod +4 from skeleton L`rodd's corpse and sold it for free.
[Sun Aug 02 02:02:45 2026] Auto attack is on.
[Sun Aug 02 02:02:45 2026] You try to backstab a plague rat, but miss!
[Sun Aug 02 02:02:45 2026] You try to bash a plague rat, but miss!
[Sun Aug 02 02:02:45 2026] You hurt yourself for 1 points.
[Sun Aug 02 02:02:45 2026] You frenzy on a plague rat for 25 points of damage.
[Sun Aug 02 02:02:45 2026] You hurt yourself for 1 points.
[Sun Aug 02 02:02:45 2026] You frenzy on a plague rat for 26 points of damage.
[Sun Aug 02 02:02:45 2026] You kick a plague rat for 7 points of damage.
[Sun Aug 02 02:02:45 2026] You smite a plague rat for 26 points of damage.
[Sun Aug 02 02:02:45 2026] You hit a plague rat for 39 points of magic damage by Smiting Strike.
[Sun Aug 02 02:02:45 2026] A plague rat staggers.
[Sun Aug 02 02:02:45 2026] You try to slash a plague rat, but miss!
[Sun Aug 02 02:02:45 2026] A plague rat bites YOU for 2 points of damage.
[Sun Aug 02 02:02:45 2026] A plague rat kicks YOU for 19 points of damage.
[Sun Aug 02 02:02:45 2026] A plague rat tries to cleave YOU, but misses!
[Sun Aug 02 02:02:46 2026] You pierce a plague rat for 37 points of damage. (Critical)
[Sun Aug 02 02:02:46 2026] You gain experience! (0.565%)
[Sun Aug 02 02:02:46 2026] You have slain a plague rat!
[Sun Aug 02 02:02:46 2026] You looted a Rat Whiskers from a plague rat's corpse and sold it for 7 copper.
[Sun Aug 02 02:02:46 2026] You looted a Rat Ears from a plague rat's corpse and sold it for 7 copper.
[Sun Aug 02 02:02:47 2026] A putrid skeleton tries to slash YOU, but misses!
[Sun Aug 02 02:02:47 2026] A putrid skeleton tries to cleave YOU, but misses!
[Sun Aug 02 02:02:47 2026] A putrid skeleton tries to kick YOU, but misses!
[Sun Aug 02 02:02:47 2026] A putrid skeleton bashes YOU for 1 point of damage.
[Sun Aug 02 02:02:47 2026] You slash a putrid skeleton for 93 points of damage.
[Sun Aug 02 02:02:48 2026] Auto attack is off.
[Sun Aug 02 02:02:48 2026] Auto attack is on.
[Sun Aug 02 02:02:49 2026] You try to bash a putrid skeleton, but miss!
[Sun Aug 02 02:02:49 2026] You try to kick a putrid skeleton, but miss!
[Sun Aug 02 02:02:49 2026] You slash a putrid skeleton for 61 points of damage.
[Sun Aug 02 02:02:49 2026] A putrid skeleton tries to slash YOU, but misses!
[Sun Aug 02 02:02:49 2026] You hurt yourself for 4 points.
[Sun Aug 02 02:02:49 2026] You backstab a putrid skeleton for 73 points of damage.
[Sun Aug 02 02:02:49 2026] You have become better at Backstab! (16)
[Sun Aug 02 02:02:49 2026] You slash a putrid skeleton for 25 points of damage.
[Sun Aug 02 02:02:49 2026] You gain experience! (1.182%)
[Sun Aug 02 02:02:49 2026] You receive 3 silver and 9 copper from the corpse.
[Sun Aug 02 02:02:49 2026] You have slain a putrid skeleton!
[Sun Aug 02 02:02:49 2026] You looted a Mead from a putrid skeleton's corpse and sold it for 3 silver and 6 copper.
[Sun Aug 02 02:02:53 2026] Auto attack is on.
[Sun Aug 02 02:02:53 2026] You have become better at Backstab! (17)
[Sun Aug 02 02:02:53 2026] You try to backstab a large plague rat, but miss!
[Sun Aug 02 02:02:53 2026] You try to bash a large plague rat, but miss!
[Sun Aug 02 02:02:53 2026] You hurt yourself for 1 points.
[Sun Aug 02 02:02:53 2026] You frenzy on a large plague rat for 26 points of damage.
[Sun Aug 02 02:02:53 2026] You have become better at Frenzy! (39)
[Sun Aug 02 02:02:53 2026] You try to frenzy on a large plague rat, but miss!
[Sun Aug 02 02:02:53 2026] You kick a large plague rat for 7 points of damage.
[Sun Aug 02 02:02:53 2026] You try to smite a large plague rat, but miss!
[Sun Aug 02 02:02:53 2026] You slash a large plague rat for 70 points of damage.
[Sun Aug 02 02:02:53 2026] A large plague rat tries to bite YOU, but misses!
[Sun Aug 02 02:02:53 2026] A large plague rat tries to cleave YOU, but misses!
[Sun Aug 02 02:02:53 2026] A large plague rat tries to bash YOU, but misses!
[Sun Aug 02 02:02:54 2026] You pierce a large plague rat for 35 points of damage.
[Sun Aug 02 02:02:54 2026] You have become better at 1H Piercing! (12)
[Sun Aug 02 02:02:54 2026] You slash a large plague rat for 151 points of damage. (Critical)
[Sun Aug 02 02:02:55 2026] A putrid skeleton tries to punch YOU, but misses!
[Sun Aug 02 02:02:55 2026] A putrid skeleton cleaves YOU for 1 point of damage.
[Sun Aug 02 02:02:55 2026] You try to slash a large plague rat, but miss!
[Sun Aug 02 02:02:55 2026] A large plague rat bites YOU for 12 points of damage.
[Sun Aug 02 02:02:56 2026] You slash a large plague rat for 61 points of damage.
[Sun Aug 02 02:02:56 2026] You have become better at 1H Piercing! (13)
[Sun Aug 02 02:02:56 2026] You try to pierce a large plague rat, but miss!
[Sun Aug 02 02:02:56 2026] You try to bash a large plague rat, but miss!
[Sun Aug 02 02:02:56 2026] You try to kick a large plague rat, but miss!
[Sun Aug 02 02:02:57 2026] You try to slash a large plague rat, but miss!
[Sun Aug 02 02:02:57 2026] You have become better at Backstab! (18)
[Sun Aug 02 02:02:57 2026] You try to backstab a large plague rat, but miss!
[Sun Aug 02 02:02:57 2026] A putrid skeleton tries to punch YOU, but misses!
[Sun Aug 02 02:02:57 2026] A putrid skeleton tries to punch YOU, but misses!
[Sun Aug 02 02:02:58 2026] A large plague rat bites YOU for 1 point of damage.
[Sun Aug 02 02:02:58 2026] You try to slash a large plague rat, but miss!
[Sun Aug 02 02:02:58 2026] You have become better at 1H Piercing! (14)
[Sun Aug 02 02:02:58 2026] You try to pierce a large plague rat, but miss!
[Sun Aug 02 02:02:59 2026] You slash a large plague rat for 44 points of damage.
[Sun Aug 02 02:02:59 2026] You gain experience! (2.078%)
[Sun Aug 02 02:02:59 2026] You have slain a large plague rat!
[Sun Aug 02 02:02:59 2026] You looted 2 Rat Whiskers from a large plague rat's corpse and sold it for 1 silver and 4 copper.
[Sun Aug 02 02:02:59 2026] You must first click on the being you wish to attack!
[Sun Aug 02 02:03:00 2026] A putrid skeleton tries to punch YOU, but misses!
[Sun Aug 02 02:03:00 2026] You try to bash a putrid skeleton, but miss!
[Sun Aug 02 02:03:00 2026] You try to kick a putrid skeleton, but miss!
[Sun Aug 02 02:03:00 2026] You slash a putrid skeleton for 197 points of damage. (Slay Undead)
[Sun Aug 02 02:03:00 2026] You gain experience! (0.841%)
[Sun Aug 02 02:03:00 2026] You receive 2 silver and 7 copper from the corpse.
[Sun Aug 02 02:03:00 2026] You have slain a putrid skeleton!
[Sun Aug 02 02:03:02 2026] Auto attack is on.
[Sun Aug 02 02:03:02 2026] You try to backstab a plague rat, but a plague rat dodges!
[Sun Aug 02 02:03:02 2026] You slash a plague rat for 61 points of damage.
[Sun Aug 02 02:03:02 2026] A plague rat bites YOU for 1 point of damage.
[Sun Aug 02 02:03:02 2026] A plague rat tries to cleave YOU, but misses!
[Sun Aug 02 02:03:03 2026] You bash a plague rat for 1 point of damage.
[Sun Aug 02 02:03:03 2026] You kick a plague rat for 5 points of damage.
[Sun Aug 02 02:03:03 2026] You pierce a plague rat for 18 points of damage.
[Sun Aug 02 02:03:03 2026] You slash a plague rat for 61 points of damage.
[Sun Aug 02 02:03:05 2026] You try to frenzy on a plague rat, but miss!
[Sun Aug 02 02:03:05 2026] You try to smite a plague rat, but miss!
[Sun Aug 02 02:03:05 2026] You slash a plague rat for 33 points of damage. (Critical)
[Sun Aug 02 02:03:05 2026] You gain experience! (0.565%)
[Sun Aug 02 02:03:05 2026] You have slain a plague rat!
[Sun Aug 02 02:03:11 2026] A necro neophyte begins casting Lifespike.
[Sun Aug 02 02:03:12 2026] Auto attack is on.
[Sun Aug 02 02:03:12 2026] You hurt yourself for 3 points.
[Sun Aug 02 02:03:12 2026] You backstab a necro neophyte pet for 72 points of damage.
[Sun Aug 02 02:03:12 2026] You bash a necro neophyte pet for 1 point of damage.
[Sun Aug 02 02:03:12 2026] You try to kick a necro neophyte pet, but a necro neophyte pet blocks!
[Sun Aug 02 02:03:12 2026] You slash a necro neophyte pet for 44 points of damage. (Critical)
[Sun Aug 02 02:03:12 2026] You have slain a necro neophyte pet!
[Sun Aug 02 02:03:12 2026] a necro neophyte hit you for 9 points of magic damage by Lifespike.
[Sun Aug 02 02:03:12 2026] You feel your life force drain away.
[Sun Aug 02 02:03:12 2026] a necro neophyte healed herself for 0 (9) hit points by Lifespike.
[Sun Aug 02 02:03:12 2026] A necro neophyte tries to punch YOU, but misses!
[Sun Aug 02 02:03:14 2026] You regain your concentration and continue your casting.
[Sun Aug 02 02:03:14 2026] Your Polished Mithril Mask (Exaltation) feels alive with power.
[Sun Aug 02 02:03:14 2026] You hit a necro neophyte for 34 points of magic damage by Furor.
[Sun Aug 02 02:03:14 2026] A necro neophyte is struck by a sudden burst of force.
[Sun Aug 02 02:03:14 2026] You slash a necro neophyte for 65 points of damage.
[Sun Aug 02 02:03:14 2026] A necro neophyte punches YOU for 1 point of damage.
[Sun Aug 02 02:03:14 2026] A necro neophyte begins casting Disease Cloud.
[Sun Aug 02 02:03:16 2026] You frenzy on a necro neophyte for 20 points of damage.
[Sun Aug 02 02:03:16 2026] You have become better at Frenzy! (40)
[Sun Aug 02 02:03:16 2026] You smite a necro neophyte for 29 points of damage.
[Sun Aug 02 02:03:16 2026] You hit a necro neophyte for 39 points of magic damage by Smiting Strike.
[Sun Aug 02 02:03:16 2026] A necro neophyte staggers.
[Sun Aug 02 02:03:16 2026] You slash a necro neophyte for 60 points of damage.
[Sun Aug 02 02:03:16 2026] Your faction standing with Burning Dead has been adjusted by -2.
[Sun Aug 02 02:03:16 2026] You gain experience! (1.594%)
[Sun Aug 02 02:03:16 2026] You receive 5 silver and 1 copper from the corpse.
[Sun Aug 02 02:03:16 2026] You have slain a necro neophyte!
[Sun Aug 02 02:03:18 2026] Auto attack is on.
[Sun Aug 02 02:03:18 2026] You bash a plague rat pet for 1 point of damage.
[Sun Aug 02 02:03:18 2026] You kick a plague rat pet for 4 points of damage.
[Sun Aug 02 02:03:18 2026] You pierce a plague rat pet for 24 points of damage.
[Sun Aug 02 02:03:18 2026] You slash a plague rat pet for 93 points of damage.
[Sun Aug 02 02:03:18 2026] A plague rat begins casting Minor Healing.
[Sun Aug 02 02:03:20 2026] You try to backstab a plague rat pet, but miss!
[Sun Aug 02 02:03:20 2026] a plague rat pet feels a little better.
[Sun Aug 02 02:03:20 2026] a plague rat healed a plague rat pet for 20 hit points by Minor Healing.
[Sun Aug 02 02:03:20 2026] A plague rat tries to bite YOU, but misses!
[Sun Aug 02 02:03:20 2026] A plague rat cleaves YOU for 1 point of damage.
[Sun Aug 02 02:03:20 2026] A plague rat tries to cleave YOU, but misses!
[Sun Aug 02 02:03:20 2026] You slash a plague rat pet for 93 points of damage.
[Sun Aug 02 02:03:20 2026] A plague rat pet tries to bite YOU, but misses!
[Sun Aug 02 02:03:22 2026] You slash a plague rat pet for 29 points of damage.
[Sun Aug 02 02:03:22 2026] You have slain a plague rat pet!
[Sun Aug 02 02:03:22 2026] You must first click on the being you wish to attack!
[Sun Aug 02 02:03:22 2026] A plague rat tries to bite YOU, but misses!
[Sun Aug 02 02:03:22 2026] A plague rat tries to bite YOU, but misses!
[Sun Aug 02 02:03:24 2026] You slash a plague rat for 42 points of damage.
[Sun Aug 02 02:03:24 2026] You pierce a plague rat for 30 points of damage.
[Sun Aug 02 02:03:24 2026] A plague rat tries to bite YOU, but misses!
[Sun Aug 02 02:03:24 2026] You bash a plague rat for 1 point of damage.
[Sun Aug 02 02:03:24 2026] You kick a plague rat for 6 points of damage.
[Sun Aug 02 02:03:25 2026] You slash a plague rat for 81 points of damage. (Critical)
[Sun Aug 02 02:03:25 2026] You gain experience! (0.565%)
[Sun Aug 02 02:03:25 2026] You have slain a plague rat!
[Sun Aug 02 02:03:27 2026] Auto attack is on.
[Sun Aug 02 02:03:27 2026] You hurt yourself for 3 points.
[Sun Aug 02 02:03:27 2026] You backstab a cracked skeleton for 72 points of damage.
[Sun Aug 02 02:03:27 2026] You try to frenzy on a cracked skeleton, but miss!
[Sun Aug 02 02:03:27 2026] You frenzy on a cracked skeleton for 23 points of damage.
[Sun Aug 02 02:03:27 2026] You try to smite a cracked skeleton, but miss!
[Sun Aug 02 02:03:27 2026] You try to pierce a cracked skeleton, but miss!
[Sun Aug 02 02:03:27 2026] Your will is not sufficient to command this weapon.
[Sun Aug 02 02:03:27 2026] You try to slash a cracked skeleton, but a cracked skeleton dodges!
[Sun Aug 02 02:03:27 2026] A cracked skeleton begins casting Disease Cloud.
[Sun Aug 02 02:03:28 2026] You pierce a cracked skeleton for 59 points of damage. (Critical)
[Sun Aug 02 02:03:29 2026] a cracked skeleton's Disease Cloud spell is interrupted.
[Sun Aug 02 02:03:29 2026] A cracked skeleton tries to punch YOU, but misses!
[Sun Aug 02 02:03:29 2026] A cracked skeleton cleaves YOU for 1 point of damage.
[Sun Aug 02 02:03:29 2026] A cracked skeleton begins casting Harm Touch.
[Sun Aug 02 02:03:29 2026] a cracked skeleton hit you for 62 points of magic damage by Harm Touch.
[Sun Aug 02 02:03:29 2026] You writhe in the grip of agony.
[Sun Aug 02 02:03:29 2026] You try to slash a cracked skeleton, but miss!
[Sun Aug 02 02:03:30 2026] You bash a cracked skeleton for 1 point of damage.
[Sun Aug 02 02:03:30 2026] You try to kick a cracked skeleton, but miss!
[Sun Aug 02 02:03:31 2026] You slash a cracked skeleton for 5 points of damage.
[Sun Aug 02 02:03:31 2026] You gain experience! (0.565%)
[Sun Aug 02 02:03:31 2026] You receive 4 silver and 1 copper from the corpse.
[Sun Aug 02 02:03:31 2026] You have slain a cracked skeleton!
[Sun Aug 02 02:03:31 2026] --You have looted 2 Bone Chips from a cracked skeleton's corpse.--
[Sun Aug 02 02:03:34 2026] A shadowknight begins casting Lifetap.
[Sun Aug 02 02:03:35 2026] Auto attack is on.
[Sun Aug 02 02:03:35 2026] You hurt yourself for 3 points.
[Sun Aug 02 02:03:35 2026] You backstab a shadowknight for 76 points of damage.
[Sun Aug 02 02:03:35 2026] You have become better at Backstab! (19)
[Sun Aug 02 02:03:35 2026] You slash a shadowknight for 61 points of damage.
[Sun Aug 02 02:03:35 2026] A shadowknight pet bites YOU for 6 points of damage.
[Sun Aug 02 02:03:35 2026] a shadowknight hit you for 4 points of magic damage by Lifetap.
[Sun Aug 02 02:03:35 2026] You feel your life force drain away.
[Sun Aug 02 02:03:35 2026] a shadowknight healed himself for 4 hit points by Lifetap.
[Sun Aug 02 02:03:35 2026] A shadowknight slashes YOU for 1 point of damage.
[Sun Aug 02 02:03:35 2026] A shadowknight bashes YOU for 1 point of damage.
[Sun Aug 02 02:03:35 2026] A shadowknight bashes YOU for 1 point of damage.
[Sun Aug 02 02:03:36 2026] You bash a shadowknight for 1 point of damage.
[Sun Aug 02 02:03:36 2026] You kick a shadowknight for 6 points of damage.
[Sun Aug 02 02:03:37 2026] You slash a shadowknight for 112 points of damage. (Critical)
[Sun Aug 02 02:03:38 2026] A shadowknight pet tries to bite YOU, but misses!
[Sun Aug 02 02:03:38 2026] A shadowknight slashes YOU for 7 points of damage.
[Sun Aug 02 02:03:39 2026] You have become better at Frenzy! (41)
[Sun Aug 02 02:03:39 2026] You try to frenzy on a shadowknight, but miss!
[Sun Aug 02 02:03:39 2026] You try to frenzy on a shadowknight, but miss!
[Sun Aug 02 02:03:39 2026] You try to smite a shadowknight, but miss!
[Sun Aug 02 02:03:39 2026] You slash a shadowknight for 30 points of damage.
[Sun Aug 02 02:03:40 2026] A shadowknight tries to slash YOU, but misses!
[Sun Aug 02 02:03:40 2026] A shadowknight pet tries to bite YOU, but misses!
[Sun Aug 02 02:03:41 2026] You try to slash a shadowknight, but miss!
[Sun Aug 02 02:03:42 2026] A shadowknight slashes YOU for 1 point of damage.
[Sun Aug 02 02:03:42 2026] A shadowknight begins casting Harm Touch.
[Sun Aug 02 02:03:42 2026] a shadowknight hit you for 14 points of magic damage by Harm Touch.
[Sun Aug 02 02:03:42 2026] You writhe in the grip of agony.
[Sun Aug 02 02:03:42 2026] You try to bash a shadowknight, but miss!
[Sun Aug 02 02:03:42 2026] You kick a shadowknight for 7 points of damage.
[Sun Aug 02 02:03:42 2026] A shadowknight tries to bash YOU, but misses!
[Sun Aug 02 02:03:43 2026] You backstab a shadowknight for 38 points of damage.
[Sun Aug 02 02:03:43 2026] You have become better at Backstab! (20)
[Sun Aug 02 02:03:43 2026] You try to slash a shadowknight, but miss!
[Sun Aug 02 02:03:43 2026] A shadowknight pet tries to bite YOU, but misses!
[Sun Aug 02 02:03:43 2026] You pierce a shadowknight for 21 points of damage.
[Sun Aug 02 02:03:43 2026] You have become better at 1H Piercing! (15)
[Sun Aug 02 02:03:44 2026] A shadowknight slashes YOU for 12 points of damage.
[Sun Aug 02 02:03:45 2026] You try to slash a shadowknight, but miss!
[Sun Aug 02 02:03:45 2026] A shadowknight pet tries to bite YOU, but misses!
[Sun Aug 02 02:03:46 2026] A shadowknight begins casting Lifetap.
[Sun Aug 02 02:03:47 2026] You try to slash a shadowknight, but a shadowknight dodges!
[Sun Aug 02 02:03:47 2026] You regain your concentration and continue your casting.
[Sun Aug 02 02:03:47 2026] Your Polished Mithril Mask (Exaltation) feels alive with power.
[Sun Aug 02 02:03:47 2026] You hit a shadowknight for 33 points of magic damage by Furor.
[Sun Aug 02 02:03:47 2026] A shadowknight is struck by a sudden burst of force.
[Sun Aug 02 02:03:47 2026] a shadowknight hit you for 4 points of magic damage by Lifetap.
[Sun Aug 02 02:03:47 2026] You feel your life force drain away.
[Sun Aug 02 02:03:47 2026] a shadowknight healed himself for 4 hit points by Lifetap.
[Sun Aug 02 02:03:47 2026] A shadowknight tries to slash YOU, but misses!
[Sun Aug 02 02:03:48 2026] A shadowknight pet bites YOU for 2 points of damage.
[Sun Aug 02 02:03:48 2026] You try to bash a shadowknight, but miss!
[Sun Aug 02 02:03:48 2026] You try to kick a shadowknight, but miss!
[Sun Aug 02 02:03:48 2026] You slash a shadowknight for 47 points of damage.
[Sun Aug 02 02:03:48 2026] Your faction standing with Burning Dead has been adjusted by -5.
[Sun Aug 02 02:03:48 2026] You gain experience! (2.642%)
[Sun Aug 02 02:03:48 2026] You receive 4 silver from the corpse.
[Sun Aug 02 02:03:48 2026] You have slain a shadowknight!
[Sun Aug 02 02:03:48 2026] --You have looted a Splintered Wooden Key from a shadowknight's corpse.--
[Sun Aug 02 02:03:51 2026] Auto attack is on.
[Sun Aug 02 02:03:51 2026] You hurt yourself for 3 points.
[Sun Aug 02 02:03:51 2026] You backstab a plague rat for 91 points of damage.
[Sun Aug 02 02:03:51 2026] You frenzy on a plague rat for 16 points of damage.
[Sun Aug 02 02:03:51 2026] You smite a plague rat for 13 points of damage.
[Sun Aug 02 02:03:51 2026] You hit a plague rat for 39 points of magic damage by Smiting Strike.
[Sun Aug 02 02:03:51 2026] A plague rat staggers.
[Sun Aug 02 02:03:51 2026] You try to slash a plague rat, but miss!
