[Tue Aug 04 17:54:49 2026] Auto attack is on.
[Tue Aug 04 17:54:49 2026] The spirit of travel leaves you.
[Tue Aug 04 17:54:49 2026] Your target is too far away, get closer!
[Tue Aug 04 17:54:50 2026] Your target is too far away, get closer!
[Tue Aug 04 17:54:50 2026] A Disciple of Innoruuk tries to punch YOU, but misses!
[Tue Aug 04 17:54:50 2026] You hurt yourself for 7 points.
[Tue Aug 04 17:54:50 2026] You gain a rune for 26 points of absorption.
[Tue Aug 04 17:54:50 2026] You backstab a Knight of Innoruuk for 177 points of damage. (Critical)
[Tue Aug 04 17:54:50 2026] You try to backstab a Knight of Innoruuk, but miss!
[Tue Aug 04 17:54:50 2026] You try to bash a Knight of Innoruuk, but a Knight of Innoruuk dodges!
[Tue Aug 04 17:54:50 2026] You hurt yourself for 1 points.
[Tue Aug 04 17:54:50 2026] You gain a rune for 7 points of absorption.
[Tue Aug 04 17:54:50 2026] You frenzy on a Knight of Innoruuk for 50 points of damage. (Critical)
[Tue Aug 04 17:54:50 2026] You try to frenzy on a Knight of Innoruuk, but a Knight of Innoruuk dodges!
[Tue Aug 04 17:54:50 2026] You try to frenzy on a Knight of Innoruuk, but miss!
[Tue Aug 04 17:54:50 2026] You frenzy on a Knight of Innoruuk for 6 points of damage.
[Tue Aug 04 17:54:50 2026] You try to kick a Knight of Innoruuk, but miss!
[Tue Aug 04 17:54:50 2026] You smite a Knight of Innoruuk for 36 points of damage.
[Tue Aug 04 17:54:50 2026] You hit a Knight of Innoruuk for 154 points of magic damage by Smiting Strike.
[Tue Aug 04 17:54:50 2026] A Knight of Innoruuk staggers.
[Tue Aug 04 17:54:50 2026] A Knight of Innoruuk tries to punch YOU, but misses!
[Tue Aug 04 17:54:51 2026] You try to slash a Knight of Innoruuk, but a Knight of Innoruuk parries!
[Tue Aug 04 17:54:51 2026] You slash a Knight of Innoruuk for 21 points of damage.
[Tue Aug 04 17:54:51 2026] You gain a rune for 14 points of absorption.
[Tue Aug 04 17:54:51 2026] You pierce a Knight of Innoruuk for 98 points of damage. (Critical)
[Tue Aug 04 17:54:51 2026] You pierce a Knight of Innoruuk for 41 points of damage.
[Tue Aug 04 17:54:51 2026] You slash a Knight of Innoruuk for 35 points of damage.
[Tue Aug 04 17:54:52 2026] A Disciple of Innoruuk tries to punch YOU, but YOU block!
[Tue Aug 04 17:54:52 2026] A Disciple of Innoruuk punches YOU for 41 points of damage.
[Tue Aug 04 17:54:52 2026] A Knight of Innoruuk tries to punch YOU, but YOU parry!
[Tue Aug 04 17:54:52 2026] You try to slash a Knight of Innoruuk, but miss!
[Tue Aug 04 17:54:52 2026] You pierce a Knight of Innoruuk for 64 points of damage.
[Tue Aug 04 17:54:52 2026] You try to bash a Knight of Innoruuk, but miss!
[Tue Aug 04 17:54:52 2026] A Knight of Innoruuk tries to punch YOU, but misses! (Riposte)
[Tue Aug 04 17:54:52 2026] You punch a Knight of Innoruuk for 51 points of damage.
[Tue Aug 04 17:54:52 2026] You hurt yourself for 4 points.
[Tue Aug 04 17:54:52 2026] You kick a Knight of Innoruuk for 73 points of damage.
[Tue Aug 04 17:54:53 2026] A Knight of Innoruuk punches YOU for 28 points of damage. (Riposte)
[Tue Aug 04 17:54:53 2026] You try to slash a Knight of Innoruuk, but miss!
[Tue Aug 04 17:54:53 2026] You gain a rune for 5 points of absorption.
[Tue Aug 04 17:54:53 2026] You pierce a Knight of Innoruuk for 34 points of damage. (Critical)
[Tue Aug 04 17:54:53 2026] You try to pierce a Knight of Innoruuk, but miss!
[Tue Aug 04 17:54:53 2026] You hurt yourself for 12 points.
[Tue Aug 04 17:54:53 2026] You backstab a Knight of Innoruuk for 193 points of damage.
[Tue Aug 04 17:54:53 2026] You hurt yourself for 22 points.
[Tue Aug 04 17:54:53 2026] You backstab a Knight of Innoruuk for 332 points of damage.
[Tue Aug 04 17:54:54 2026] You slash a Knight of Innoruuk for 17 points of damage.
[Tue Aug 04 17:54:54 2026] You try to slash a Knight of Innoruuk, but miss!
[Tue Aug 04 17:54:54 2026] A Disciple of Innoruuk tries to punch YOU, but misses!
[Tue Aug 04 17:54:54 2026] A Disciple of Innoruuk tries to punch YOU, but YOU dodge!
[Tue Aug 04 17:54:54 2026] A Knight of Innoruuk tries to punch YOU, but misses!
[Tue Aug 04 17:54:54 2026] You slash a Knight of Innoruuk for 89 points of damage.
[Tue Aug 04 17:54:55 2026] You try to smite a Knight of Innoruuk, but miss!
[Tue Aug 04 17:54:55 2026] You try to frenzy on a Knight of Innoruuk, but miss!
[Tue Aug 04 17:54:55 2026] You try to frenzy on a Knight of Innoruuk, but miss!
[Tue Aug 04 17:54:55 2026] You hurt yourself for 3 points.
[Tue Aug 04 17:54:55 2026] You frenzy on a Knight of Innoruuk for 57 points of damage.
[Tue Aug 04 17:54:55 2026] You try to frenzy on a Knight of Innoruuk, but miss!
[Tue Aug 04 17:54:55 2026] You try to frenzy on a Knight of Innoruuk, but miss!
[Tue Aug 04 17:54:55 2026] You hurt yourself for 3 points.
[Tue Aug 04 17:54:55 2026] You frenzy on a Knight of Innoruuk for 57 points of damage.
[Tue Aug 04 17:54:55 2026] You try to pierce a Knight of Innoruuk, but miss!
[Tue Aug 04 17:54:55 2026] You try to pierce a Knight of Innoruuk, but miss!
[Tue Aug 04 17:54:55 2026] You try to kick a Knight of Innoruuk, but a Knight of Innoruuk parries!
[Tue Aug 04 17:54:55 2026] You hurt yourself for 3 points.
[Tue Aug 04 17:54:55 2026] You bash a Knight of Innoruuk for 57 points of damage.
[Tue Aug 04 17:54:55 2026] You try to bash a Knight of Innoruuk, but miss!
[Tue Aug 04 17:54:55 2026] This spell only works on the undead.
[Tue Aug 04 17:54:55 2026] You try to slash a Knight of Innoruuk, but miss!
[Tue Aug 04 17:54:56 2026] You try to pierce a Knight of Innoruuk, but miss!
[Tue Aug 04 17:54:56 2026] A Knight of Innoruuk tries to bash YOU, but misses!
[Tue Aug 04 17:54:56 2026] A Disciple of Innoruuk punches YOU for 63 points of damage.
[Tue Aug 04 17:54:56 2026] A Disciple of Innoruuk tries to punch YOU, but YOU block!
[Tue Aug 04 17:54:56 2026] a Knight of Innoruuk's fingers slow down.
[Tue Aug 04 17:54:56 2026] You try to slash a Knight of Innoruuk, but miss!
[Tue Aug 04 17:54:56 2026] A Knight of Innoruuk tries to punch YOU, but YOU block!
[Tue Aug 04 17:54:56 2026] You pierce a Knight of Innoruuk for 23 points of damage.
[Tue Aug 04 17:54:56 2026] You pierce a Knight of Innoruuk for 35 points of damage.
[Tue Aug 04 17:54:57 2026] You hurt yourself for 12 points.
[Tue Aug 04 17:54:57 2026] You backstab a Knight of Innoruuk for 193 points of damage.
[Tue Aug 04 17:54:57 2026] You try to backstab a Knight of Innoruuk, but miss!
[Tue Aug 04 17:54:57 2026] A Knight of Innoruuk resisted your Weakening Strike!
[Tue Aug 04 17:54:57 2026] You slash a Knight of Innoruuk for 70 points of damage.
[Tue Aug 04 17:54:57 2026] You gain a rune for 6 points of absorption.
[Tue Aug 04 17:54:57 2026] You pierce a Knight of Innoruuk for 40 points of damage. (Critical)
[Tue Aug 04 17:54:58 2026] You slash a Knight of Innoruuk for 80 points of damage.
[Tue Aug 04 17:54:58 2026] A Knight of Innoruuk punches YOU for 37 points of damage. (Riposte)
[Tue Aug 04 17:54:58 2026] You try to kick a Knight of Innoruuk, but miss!
[Tue Aug 04 17:54:58 2026] You try to bash a Knight of Innoruuk, but miss!
[Tue Aug 04 17:54:58 2026] You try to pierce a Knight of Innoruuk, but miss!
[Tue Aug 04 17:54:58 2026] A Disciple of Innoruuk tries to punch YOU, but misses!
[Tue Aug 04 17:54:58 2026] A Disciple of Innoruuk punches YOU for 51 points of damage.
[Tue Aug 04 17:54:58 2026] A Knight of Innoruuk punches YOU for 152 points of damage.
[Tue Aug 04 17:54:58 2026] A Knight of Innoruuk punches YOU for 95 points of damage.
[Tue Aug 04 17:54:59 2026] You try to slash a Knight of Innoruuk, but miss!
[Tue Aug 04 17:54:59 2026] You try to slash a Knight of Innoruuk, but miss!
[Tue Aug 04 17:54:59 2026] You gain a rune for 36 points of absorption.
[Tue Aug 04 17:54:59 2026] You slash a Knight of Innoruuk for 242 points of damage. (Critical)
[Tue Aug 04 17:54:59 2026] You hurt yourself for 3 points.
[Tue Aug 04 17:54:59 2026] You frenzy on a Knight of Innoruuk for 55 points of damage.
[Tue Aug 04 17:54:59 2026] You try to frenzy on a Knight of Innoruuk, but miss!
[Tue Aug 04 17:54:59 2026] You hurt yourself for 1 points.
[Tue Aug 04 17:54:59 2026] You frenzy on a Knight of Innoruuk for 22 points of damage.
[Tue Aug 04 17:54:59 2026] You smite a Knight of Innoruuk for 40 points of damage.
[Tue Aug 04 17:54:59 2026] You hit a Knight of Innoruuk for 154 points of magic damage by Smiting Strike.
[Tue Aug 04 17:54:59 2026] A Knight of Innoruuk staggers.
[Tue Aug 04 17:55:00 2026] You try to backstab a Knight of Innoruuk, but a Knight of Innoruuk parries!
[Tue Aug 04 17:55:00 2026] A Disciple of Innoruuk punches YOU for 125 points of damage.
[Tue Aug 04 17:55:00 2026] A Disciple of Innoruuk punches YOU for 77 points of damage.
[Tue Aug 04 17:55:00 2026] A Knight of Innoruuk punches YOU for 18 points of damage. (Riposte)
[Tue Aug 04 17:55:00 2026] You slash a Knight of Innoruuk for 107 points of damage.
[Tue Aug 04 17:55:00 2026] You try to kick a Knight of Innoruuk, but miss!
[Tue Aug 04 17:55:00 2026] A Knight of Innoruuk punches YOU for 38 points of damage.
[Tue Aug 04 17:55:00 2026] A Knight of Innoruuk tries to punch YOU, but misses!
[Tue Aug 04 17:55:00 2026] You hurt yourself for 2 points.
[Tue Aug 04 17:55:00 2026] You gain a rune for 9 points of absorption.
[Tue Aug 04 17:55:00 2026] You bash a Knight of Innoruuk for 63 points of damage. (Critical)
[Tue Aug 04 17:55:00 2026] You hurt yourself for 8 points.
[Tue Aug 04 17:55:00 2026] You bash a Knight of Innoruuk for 121 points of damage.
[Tue Aug 04 17:55:00 2026] You pierce a Knight of Innoruuk for 30 points of damage.
[Tue Aug 04 17:55:00 2026] You pierce a Knight of Innoruuk for 64 points of damage.
[Tue Aug 04 17:55:00 2026] A Knight of Innoruuk begins casting Dooming Darkness.
[Tue Aug 04 17:55:01 2026] a Knight of Innoruuk's fingers slow down.
[Tue Aug 04 17:55:01 2026] You slash a Knight of Innoruuk for 155 points of damage.
[Tue Aug 04 17:55:01 2026] You pierce a Knight of Innoruuk for 64 points of damage.
[Tue Aug 04 17:55:02 2026] You slash a Knight of Innoruuk for 66 points of damage.
[Tue Aug 04 17:55:02 2026] A Disciple of Innoruuk tries to punch YOU, but misses!
[Tue Aug 04 17:55:02 2026] A Disciple of Innoruuk punches YOU for 68 points of damage.
[Tue Aug 04 17:55:02 2026] You try to pierce a Knight of Innoruuk, but miss!
[Tue Aug 04 17:55:02 2026] You slash a Knight of Innoruuk for 97 points of damage.
[Tue Aug 04 17:55:03 2026] You hurt yourself for 2 points.
[Tue Aug 04 17:55:03 2026] You kick a Knight of Innoruuk for 42 points of damage.
[Tue Aug 04 17:55:03 2026] You try to kick a Knight of Innoruuk, but miss!
[Tue Aug 04 17:55:03 2026] You hurt yourself for 10 points.
[Tue Aug 04 17:55:03 2026] You backstab a Knight of Innoruuk for 163 points of damage.
[Tue Aug 04 17:55:03 2026] You hurt yourself for 4 points.
[Tue Aug 04 17:55:03 2026] a Knight of Innoruuk's Dooming Darkness spell is interrupted.
[Tue Aug 04 17:55:03 2026] You bash a Knight of Innoruuk for 73 points of damage.
[Tue Aug 04 17:55:03 2026] You hurt yourself for 5 points.
[Tue Aug 04 17:55:03 2026] You bash a Knight of Innoruuk for 85 points of damage.
[Tue Aug 04 17:55:03 2026] A Knight of Innoruuk tries to punch YOU, but misses!
[Tue Aug 04 17:55:03 2026] A Knight of Innoruuk punches YOU for 152 points of damage.
[Tue Aug 04 17:55:03 2026] You try to slash a Knight of Innoruuk, but miss!
[Tue Aug 04 17:55:03 2026] You slash a Knight of Innoruuk for 80 points of damage.
[Tue Aug 04 17:55:04 2026] You pierce a Knight of Innoruuk for 12 points of damage.
[Tue Aug 04 17:55:04 2026] A Knight of Innoruuk bashes YOU for 33 points of damage.
[Tue Aug 04 17:55:04 2026] A Knight of Innoruuk bashes YOU for 33 points of damage.
[Tue Aug 04 17:55:04 2026] You try to slash a Knight of Innoruuk, but miss!
[Tue Aug 04 17:55:04 2026] You slash a Knight of Innoruuk for 80 points of damage.
[Tue Aug 04 17:55:04 2026] You hurt yourself for 6 points.
[Tue Aug 04 17:55:04 2026] You gain a rune for 25 points of absorption.
[Tue Aug 04 17:55:04 2026] You frenzy on a Knight of Innoruuk for 169 points of damage. (Critical)
[Tue Aug 04 17:55:04 2026] You hurt yourself for 7 points.
[Tue Aug 04 17:55:04 2026] You frenzy on a Knight of Innoruuk for 108 points of damage.
[Tue Aug 04 17:55:04 2026] You try to smite a Knight of Innoruuk, but miss!
[Tue Aug 04 17:55:04 2026] A Disciple of Innoruuk punches YOU for 41 points of damage.
[Tue Aug 04 17:55:05 2026] A Knight of Innoruuk tries to punch YOU, but misses!
[Tue Aug 04 17:55:05 2026] A Knight of Innoruuk tries to punch YOU, but misses!
[Tue Aug 04 17:55:05 2026] A Knight of Innoruuk resisted your Weakening Strike!
[Tue Aug 04 17:55:05 2026] You try to slash a Knight of Innoruuk, but miss!
[Tue Aug 04 17:55:05 2026] A Knight of Innoruuk punches YOU for 60 points of damage. (Riposte)
[Tue Aug 04 17:55:06 2026] You slash a Knight of Innoruuk for 80 points of damage.
[Tue Aug 04 17:55:06 2026] You gain a rune for 11 points of absorption.
[Tue Aug 04 17:55:06 2026] You slash a Knight of Innoruuk for 77 points of damage. (Critical)
[Tue Aug 04 17:55:06 2026] You try to kick a Knight of Innoruuk, but miss!
[Tue Aug 04 17:55:06 2026] You try to bash a Knight of Innoruuk, but miss!
[Tue Aug 04 17:55:06 2026] A Disciple of Innoruuk tries to punch YOU, but misses!
[Tue Aug 04 17:55:06 2026] You try to backstab a Knight of Innoruuk, but a Knight of Innoruuk parries!
[Tue Aug 04 17:55:06 2026] You try to backstab a Knight of Innoruuk, but miss!
[Tue Aug 04 17:55:06 2026] A Knight of Innoruuk tries to punch YOU, but misses! (Riposte)
[Tue Aug 04 17:55:07 2026] A Knight of Innoruuk tries to punch YOU, but misses!
[Tue Aug 04 17:55:07 2026] A Knight of Innoruuk punches YOU for 35 points of damage.
[Tue Aug 04 17:55:07 2026] You gain a rune for 11 points of absorption.
[Tue Aug 04 17:55:07 2026] You pierce a Knight of Innoruuk for 78 points of damage. (Critical)
[Tue Aug 04 17:55:07 2026] You pierce a Knight of Innoruuk for 30 points of damage.
[Tue Aug 04 17:55:07 2026] You slash a Knight of Innoruuk for 73 points of damage.
[Tue Aug 04 17:55:08 2026] You pierce a Knight of Innoruuk for 18 points of damage.
[Tue Aug 04 17:55:08 2026] You try to pierce a Knight of Innoruuk, but miss!
[Tue Aug 04 17:55:08 2026] You try to slash a Knight of Innoruuk, but a Knight of Innoruuk parries!
[Tue Aug 04 17:55:08 2026] A Disciple of Innoruuk tries to punch YOU, but YOU riposte!
[Tue Aug 04 17:55:08 2026] You try to slash a Disciple of Innoruuk, but a Disciple of Innoruuk's magical skin absorbs the blow! (Riposte)
[Tue Aug 04 17:55:08 2026] A Disciple of Innoruuk punches YOU for 92 points of damage.
[Tue Aug 04 17:55:08 2026] You try to kick a Knight of Innoruuk, but a Knight of Innoruuk parries!
[Tue Aug 04 17:55:08 2026] You try to kick a Knight of Innoruuk, but miss!
[Tue Aug 04 17:55:08 2026] You hurt yourself for 2 points.
[Tue Aug 04 17:55:08 2026] You kick a Knight of Innoruuk for 36 points of damage.
[Tue Aug 04 17:55:08 2026] You try to bash a Knight of Innoruuk, but a Knight of Innoruuk parries!
[Tue Aug 04 17:55:09 2026] You try to pierce a Knight of Innoruuk, but miss!
[Tue Aug 04 17:55:09 2026] A Knight of Innoruuk tries to punch YOU, but misses!
[Tue Aug 04 17:55:09 2026] A Knight of Innoruuk punches YOU for 158 points of damage.
[Tue Aug 04 17:55:09 2026] You slash a Knight of Innoruuk for 113 points of damage.
[Tue Aug 04 17:55:09 2026] You try to frenzy on a Knight of Innoruuk, but a Knight of Innoruuk dodges!
[Tue Aug 04 17:55:09 2026] You hurt yourself for 5 points.
[Tue Aug 04 17:55:09 2026] You frenzy on a Knight of Innoruuk for 85 points of damage.
[Tue Aug 04 17:55:09 2026] You smite a Knight of Innoruuk for 52 points of damage. (Critical)
[Tue Aug 04 17:55:09 2026] You hit a Knight of Innoruuk for 154 points of magic damage by Smiting Strike.
[Tue Aug 04 17:55:09 2026] A Knight of Innoruuk staggers.
[Tue Aug 04 17:55:09 2026] You smite a Knight of Innoruuk for 33 points of damage.
[Tue Aug 04 17:55:09 2026] You hit a Knight of Innoruuk for 154 points of magic damage by Smiting Strike.
[Tue Aug 04 17:55:09 2026] A Knight of Innoruuk staggers.
[Tue Aug 04 17:55:10 2026] You try to pierce a Knight of Innoruuk, but miss!
[Tue Aug 04 17:55:10 2026] This spell only works on the undead.
[Tue Aug 04 17:55:10 2026] You try to slash a Knight of Innoruuk, but miss!
[Tue Aug 04 17:55:10 2026] You try to slash a Knight of Innoruuk, but miss!
[Tue Aug 04 17:55:10 2026] You try to backstab a Knight of Innoruuk, but a Knight of Innoruuk parries!
[Tue Aug 04 17:55:10 2026] A Disciple of Innoruuk tries to punch YOU, but misses!
[Tue Aug 04 17:55:10 2026] A Knight of Innoruuk resisted your Stunning Strike!
[Tue Aug 04 17:55:10 2026] You slash a Knight of Innoruuk for 96 points of damage.
[Tue Aug 04 17:55:10 2026] You try to slash a Knight of Innoruuk, but miss!
[Tue Aug 04 17:55:11 2026] A Knight of Innoruuk punches YOU for 101 points of damage.
[Tue Aug 04 17:55:11 2026] A Knight of Innoruuk tries to punch YOU, but YOU riposte!
[Tue Aug 04 17:55:11 2026] You try to slash a Knight of Innoruuk, but miss! (Riposte)
[Tue Aug 04 17:55:11 2026] You hurt yourself for 4 points.
[Tue Aug 04 17:55:11 2026] You bash a Knight of Innoruuk for 63 points of damage.
[Tue Aug 04 17:55:11 2026] You try to kick a Knight of Innoruuk, but miss!
[Tue Aug 04 17:55:11 2026] You pierce a Knight of Innoruuk for 26 points of damage.
[Tue Aug 04 17:55:11 2026] You try to slash a Knight of Innoruuk, but miss!
[Tue Aug 04 17:55:12 2026] A Knight of Innoruuk tries to bash YOU, but misses!
[Tue Aug 04 17:55:12 2026] A Knight of Innoruuk tries to bash YOU, but misses!
[Tue Aug 04 17:55:12 2026] You try to slash a Knight of Innoruuk, but miss!
[Tue Aug 04 17:55:12 2026] You gain a rune for 8 points of absorption.
[Tue Aug 04 17:55:12 2026] You pierce a Knight of Innoruuk for 59 points of damage. (Critical)
[Tue Aug 04 17:55:12 2026] You pierce a Knight of Innoruuk for 20 points of damage.
[Tue Aug 04 17:55:12 2026] A Disciple of Innoruuk punches YOU for 203 points of damage.
[Tue Aug 04 17:55:12 2026] A Disciple of Innoruuk punches YOU for 152 points of damage.
[Tue Aug 04 17:55:13 2026] You pierce a Knight of Innoruuk for 4 points of damage.
[Tue Aug 04 17:55:13 2026] You pierce a Knight of Innoruuk for 5 points of damage.
[Tue Aug 04 17:55:13 2026] You gain a rune for 20 points of absorption.
[Tue Aug 04 17:55:13 2026] You slash a Knight of Innoruuk for 136 points of damage. (Critical)
[Tue Aug 04 17:55:13 2026] A Knight of Innoruuk punches YOU for 98 points of damage.
[Tue Aug 04 17:55:13 2026] A Knight of Innoruuk tries to punch YOU, but misses! (Riposte)
[Tue Aug 04 17:55:14 2026] You begin casting Divine Stun I.
[Tue Aug 04 17:55:14 2026] a Knight of Innoruuk is stunned by Divine Power.
[Tue Aug 04 17:55:14 2026] You hurt yourself for 1 points.
[Tue Aug 04 17:55:14 2026] You bash a Knight of Innoruuk for 17 points of damage.
[Tue Aug 04 17:55:14 2026] You hurt yourself for 6 points.
[Tue Aug 04 17:55:14 2026] You bash a Knight of Innoruuk for 96 points of damage.
[Tue Aug 04 17:55:14 2026] You hurt yourself for 1 points.
[Tue Aug 04 17:55:14 2026] You kick a Knight of Innoruuk for 25 points of damage.
[Tue Aug 04 17:55:14 2026] You hurt yourself for 2 points.
[Tue Aug 04 17:55:14 2026] You kick a Knight of Innoruuk for 40 points of damage.
[Tue Aug 04 17:55:14 2026] You slash a Knight of Innoruuk for 94 points of damage.
[Tue Aug 04 17:55:14 2026] You gain a rune for 33 points of absorption.
[Tue Aug 04 17:55:14 2026] You slash a Knight of Innoruuk for 221 points of damage. (Critical)
[Tue Aug 04 17:55:14 2026] You can use the ability Divine Stun again in 0 minute(s) 30 seconds.
[Tue Aug 04 17:55:14 2026] You smite a Knight of Innoruuk for 6 points of damage.
[Tue Aug 04 17:55:14 2026] You hit a Knight of Innoruuk for 154 points of magic damage by Smiting Strike.
[Tue Aug 04 17:55:14 2026] A Knight of Innoruuk staggers.
[Tue Aug 04 17:55:14 2026] You hurt yourself for 3 points.
[Tue Aug 04 17:55:14 2026] You frenzy on a Knight of Innoruuk for 57 points of damage.
[Tue Aug 04 17:55:14 2026] You try to frenzy on a Knight of Innoruuk, but miss!
[Tue Aug 04 17:55:14 2026] You try to frenzy on a Knight of Innoruuk, but miss!
[Tue Aug 04 17:55:14 2026] You try to frenzy on a Knight of Innoruuk, but miss!
[Tue Aug 04 17:55:14 2026] You can use the ability Divine Stun again in 0 minute(s) 30 seconds.
[Tue Aug 04 17:55:14 2026] Your target is too far away, get closer!
[Tue Aug 04 17:55:14 2026] A Disciple of Innoruuk punches YOU for 176 points of damage.
[Tue Aug 04 17:55:14 2026] A Disciple of Innoruuk tries to punch YOU, but YOU dodge!
[Tue Aug 04 17:55:16 2026] You can't use that command right now...
[Tue Aug 04 17:55:16 2026] Your Djarn's Amethyst Ring (Exaltation) shimmers briefly.
[Tue Aug 04 17:55:16 2026] You begin casting Superior Healing IV.
[Tue Aug 04 17:55:16 2026] You can't use that command right now...
[Tue Aug 04 17:55:16 2026] Your Idol of the Underking (Exaltation) feels alive with power.
[Tue Aug 04 17:55:16 2026] You feel much better.
[Tue Aug 04 17:55:16 2026] You healed Primitive for 861 hit points by Superior Healing.
[Tue Aug 04 17:55:16 2026] Your target is too far away, get closer!
[Tue Aug 04 17:55:16 2026] A Disciple of Innoruuk punches YOU for 203 points of damage.
[Tue Aug 04 17:55:16 2026] Your target is too far away, get closer!
[Tue Aug 04 17:55:17 2026] A Knight of Innoruuk begins casting Negation of Life.
[Tue Aug 04 17:55:17 2026] Your target is too far away, get closer!
[Tue Aug 04 17:55:18 2026] Your target is too far away, get closer!
[Tue Aug 04 17:55:18 2026] Your target is too far away, get closer!
[Tue Aug 04 17:55:19 2026] A Disciple of Innoruuk punches YOU for 161 points of damage.
[Tue Aug 04 17:55:19 2026] A Disciple of Innoruuk punches YOU for 186 points of damage.
[Tue Aug 04 17:55:19 2026] Your target is too far away, get closer!
[Tue Aug 04 17:55:20 2026] Your target is too far away, get closer!
[Tue Aug 04 17:55:20 2026] You are shrouded by anti-life magic.
[Tue Aug 04 17:55:20 2026] You have been summoned!
[Tue Aug 04 17:55:20 2026] A Knight of Innoruuk punches YOU for 108 points of damage.
[Tue Aug 04 17:55:20 2026] You hurt yourself for 4 points.
[Tue Aug 04 17:55:20 2026] You backstab a Knight of Innoruuk for 70 points of damage.
[Tue Aug 04 17:55:20 2026] You hurt yourself for 9 points.
[Tue Aug 04 17:55:20 2026] You backstab a Knight of Innoruuk for 145 points of damage.
[Tue Aug 04 17:55:20 2026] You hurt yourself for 26 points.
[Tue Aug 04 17:55:20 2026] You backstab a Knight of Innoruuk for 392 points of damage.
[Tue Aug 04 17:55:20 2026] A Knight of Innoruuk bashes YOU for 33 points of damage.
[Tue Aug 04 17:55:20 2026] A Knight of Innoruuk bashes YOU for 33 points of damage.
[Tue Aug 04 17:55:20 2026] You try to bash a Knight of Innoruuk, but a Knight of Innoruuk parries!
[Tue Aug 04 17:55:20 2026] You hurt yourself for 2 points.
[Tue Aug 04 17:55:20 2026] You frenzy on a Knight of Innoruuk for 40 points of damage.
[Tue Aug 04 17:55:20 2026] You hurt yourself for 1 points.
[Tue Aug 04 17:55:20 2026] You frenzy on a Knight of Innoruuk for 28 points of damage.
[Tue Aug 04 17:55:20 2026] You frenzy on a Knight of Innoruuk for 5 points of damage.
[Tue Aug 04 17:55:20 2026] You hurt yourself for 6 points.
[Tue Aug 04 17:55:20 2026] You frenzy on a Knight of Innoruuk for 101 points of damage.
[Tue Aug 04 17:55:20 2026] You try to kick a Knight of Innoruuk, but miss!
[Tue Aug 04 17:55:20 2026] You hurt yourself for 2 points.
[Tue Aug 04 17:55:20 2026] You gain a rune for 9 points of absorption.
[Tue Aug 04 17:55:20 2026] You kick a Knight of Innoruuk for 64 points of damage. (Critical)
[Tue Aug 04 17:55:20 2026] You smite a Knight of Innoruuk for 12 points of damage.
[Tue Aug 04 17:55:20 2026] You hit a Knight of Innoruuk for 154 points of magic damage by Smiting Strike.
[Tue Aug 04 17:55:20 2026] A Knight of Innoruuk staggers.
[Tue Aug 04 17:55:20 2026] You smite a Knight of Innoruuk for 49 points of damage. (Critical)
[Tue Aug 04 17:55:20 2026] You hit a Knight of Innoruuk for 154 points of magic damage by Smiting Strike.
[Tue Aug 04 17:55:20 2026] A Knight of Innoruuk staggers.
[Tue Aug 04 17:55:20 2026] You slash a Knight of Innoruuk for 89 points of damage.
[Tue Aug 04 17:55:20 2026] You try to pierce a Knight of Innoruuk, but miss!
[Tue Aug 04 17:55:21 2026] A Disciple of Innoruuk tries to punch YOU, but misses!
[Tue Aug 04 17:55:21 2026] A Disciple of Innoruuk punches YOU for 202 points of damage.
[Tue Aug 04 17:55:21 2026] You slash a Knight of Innoruuk for 62 points of damage.
[Tue Aug 04 17:55:21 2026] You slash a Knight of Innoruuk for 80 points of damage.
[Tue Aug 04 17:55:21 2026] You try to pierce a Knight of Innoruuk, but miss!
[Tue Aug 04 17:55:21 2026] You try to pierce a Knight of Innoruuk, but miss!
[Tue Aug 04 17:55:22 2026] Your target is immune to the stun portion of this effect.
[Tue Aug 04 17:55:22 2026] a Knight of Innoruuk begins to sway!
[Tue Aug 04 17:55:22 2026] You slash a Knight of Innoruuk for 63 points of damage.
[Tue Aug 04 17:55:22 2026] You try to slash a Knight of Innoruuk, but miss!
[Tue Aug 04 17:55:22 2026] A Knight of Innoruuk punches YOU for 76 points of damage.
[Tue Aug 04 17:55:22 2026] You pierce a Knight of Innoruuk for 30 points of damage.
[Tue Aug 04 17:55:22 2026] You gain a rune for 23 points of absorption.
[Tue Aug 04 17:55:22 2026] You slash a Knight of Innoruuk for 158 points of damage. (Critical)
[Tue Aug 04 17:55:22 2026] You try to slash a Knight of Innoruuk, but miss!
[Tue Aug 04 17:55:23 2026] A Disciple of Innoruuk punches YOU for 41 points of damage.
[Tue Aug 04 17:55:23 2026] A Disciple of Innoruuk tries to punch YOU, but misses!
[Tue Aug 04 17:55:23 2026] You hurt yourself for 1 points.
[Tue Aug 04 17:55:23 2026] You bash a Knight of Innoruuk for 28 points of damage.
[Tue Aug 04 17:55:23 2026] You hurt yourself for 4 points.
[Tue Aug 04 17:55:23 2026] You gain a rune for 16 points of absorption.
[Tue Aug 04 17:55:23 2026] You kick a Knight of Innoruuk for 111 points of damage. (Critical)
[Tue Aug 04 17:55:23 2026] You hurt yourself for 3 points.
[Tue Aug 04 17:55:23 2026] You kick a Knight of Innoruuk for 58 points of damage.
[Tue Aug 04 17:55:23 2026] You slash a Knight of Innoruuk for 55 points of damage.
[Tue Aug 04 17:55:23 2026] You try to backstab a Knight of Innoruuk, but miss!
[Tue Aug 04 17:55:23 2026] A Knight of Innoruuk tries to punch YOU, but misses! (Riposte)
[Tue Aug 04 17:55:24 2026] You slash a Knight of Innoruuk for 80 points of damage.
[Tue Aug 04 17:55:24 2026] You try to slash a Knight of Innoruuk, but miss!
[Tue Aug 04 17:55:24 2026] A Knight of Innoruuk tries to punch YOU, but misses!
[Tue Aug 04 17:55:24 2026] A Knight of Innoruuk punches YOU for 28 points of damage.
[Tue Aug 04 17:55:25 2026] A Disciple of Innoruuk tries to punch YOU, but YOU block!
[Tue Aug 04 17:55:25 2026] A Disciple of Innoruuk punches YOU for 93 points of damage.
[Tue Aug 04 17:55:25 2026] You have taken 20 damage from Negation of Life by a Knight of Innoruuk.
[Tue Aug 04 17:55:25 2026] You slash a Knight of Innoruuk for 87 points of damage.
[Tue Aug 04 17:55:25 2026] You slash a Knight of Innoruuk for 46 points of damage.
[Tue Aug 04 17:55:25 2026] You try to slash a Knight of Innoruuk, but miss!
[Tue Aug 04 17:55:25 2026] You try to frenzy on a Knight of Innoruuk, but miss!
[Tue Aug 04 17:55:25 2026] You hurt yourself for 3 points.
[Tue Aug 04 17:55:25 2026] You frenzy on a Knight of Innoruuk for 53 points of damage.
[Tue Aug 04 17:55:25 2026] You hurt yourself for 3 points.
[Tue Aug 04 17:55:25 2026] You gain a rune for 14 points of absorption.
[Tue Aug 04 17:55:25 2026] You frenzy on a Knight of Innoruuk for 97 points of damage. (Critical)
[Tue Aug 04 17:55:25 2026] You try to frenzy on a Knight of Innoruuk, but miss!
[Tue Aug 04 17:55:25 2026] You try to smite a Knight of Innoruuk, but miss!
[Tue Aug 04 17:55:25 2026] You try to smite a Knight of Innoruuk, but miss!
[Tue Aug 04 17:55:25 2026] You bash a Knight of Innoruuk for 11 points of damage.
[Tue Aug 04 17:55:25 2026] You hurt yourself for 1 points.
[Tue Aug 04 17:55:25 2026] You bash a Knight of Innoruuk for 17 points of damage.
[Tue Aug 04 17:55:25 2026] You try to kick a Knight of Innoruuk, but miss!
[Tue Aug 04 17:55:25 2026] You try to pierce a Knight of Innoruuk, but miss!
[Tue Aug 04 17:55:25 2026] You pierce a Knight of Innoruuk for 24 points of damage.
[Tue Aug 04 17:55:26 2026] a Knight of Innoruuk's limbs move slower!
[Tue Aug 04 17:55:26 2026] You slash a Knight of Innoruuk for 73 points of damage.
[Tue Aug 04 17:55:26 2026] You try to slash a Knight of Innoruuk, but miss!
[Tue Aug 04 17:55:26 2026] You pierce a Knight of Innoruuk for 30 points of damage.
[Tue Aug 04 17:55:26 2026] You try to pierce a Knight of Innoruuk, but a Knight of Innoruuk parries!
[Tue Aug 04 17:55:27 2026] You try to slash a Knight of Innoruuk, but miss!
[Tue Aug 04 17:55:27 2026] You try to slash a Knight of Innoruuk, but a Knight of Innoruuk parries!
[Tue Aug 04 17:55:27 2026] You hurt yourself for 12 points.
[Tue Aug 04 17:55:27 2026] You backstab a Knight of Innoruuk for 182 points of damage.
[Tue Aug 04 17:55:27 2026] A Disciple of Innoruuk tries to punch YOU, but YOU block!
[Tue Aug 04 17:55:27 2026] A Disciple of Innoruuk tries to punch YOU, but misses!
[Tue Aug 04 17:55:27 2026] You pierce a Knight of Innoruuk for 30 points of damage.
[Tue Aug 04 17:55:27 2026] You try to pierce a Knight of Innoruuk, but miss!
[Tue Aug 04 17:55:27 2026] You try to slash a Knight of Innoruuk, but a Knight of Innoruuk parries!
[Tue Aug 04 17:55:27 2026] A Knight of Innoruuk tries to punch YOU, but misses!
[Tue Aug 04 17:55:27 2026] A Knight of Innoruuk tries to punch YOU, but misses!
[Tue Aug 04 17:55:27 2026] You begin casting Lay on Hands X.
[Tue Aug 04 17:55:27 2026] You feel a healing touch.
[Tue Aug 04 17:55:27 2026] You healed Primitive for 3238 (11545) hit points by Lay on Hands X.
[Tue Aug 04 17:55:28 2026] You hit a Knight of Innoruuk for 17 points of poison damage by Cobra Venom Strike.
[Tue Aug 04 17:55:28 2026] A Knight of Innoruuk screams as poison burns their veins!
[Tue Aug 04 17:55:28 2026] You pierce a Knight of Innoruuk for 30 points of damage.
[Tue Aug 04 17:55:28 2026] You gain a rune for 6 points of absorption.
[Tue Aug 04 17:55:28 2026] You pierce a Knight of Innoruuk for 44 points of damage. (Critical)
[Tue Aug 04 17:55:28 2026] You hurt yourself for 3 points.
[Tue Aug 04 17:55:28 2026] You bash a Knight of Innoruuk for 57 points of damage.
[Tue Aug 04 17:55:28 2026] You try to bash a Knight of Innoruuk, but miss!
[Tue Aug 04 17:55:28 2026] You try to kick a Knight of Innoruuk, but a Knight of Innoruuk parries!
[Tue Aug 04 17:55:28 2026] You hurt yourself for 2 points.
[Tue Aug 04 17:55:28 2026] You kick a Knight of Innoruuk for 42 points of damage.
[Tue Aug 04 17:55:28 2026] a Knight of Innoruuk's fingers slow down.
[Tue Aug 04 17:55:28 2026] You gain a rune for 34 points of absorption.
[Tue Aug 04 17:55:28 2026] You slash a Knight of Innoruuk for 233 points of damage. (Critical)
[Tue Aug 04 17:55:28 2026] A Knight of Innoruuk tries to punch YOU, but misses! (Riposte)
[Tue Aug 04 17:55:28 2026] A Knight of Innoruuk tries to bash YOU, but misses!
[Tue Aug 04 17:55:29 2026] You try to pierce a Knight of Innoruuk, but miss!
[Tue Aug 04 17:55:29 2026] You slash a Knight of Innoruuk for 55 points of damage.
[Tue Aug 04 17:55:29 2026] You slash a Knight of Innoruuk for 121 points of damage.
[Tue Aug 04 17:55:29 2026] A Disciple of Innoruuk punches YOU for 50 points of damage.
[Tue Aug 04 17:55:29 2026] A Disciple of Innoruuk tries to punch YOU, but YOU block!
[Tue Aug 04 17:55:30 2026] You try to pierce a Disciple of Innoruuk, but a Disciple of Innoruuk's magical skin absorbs the blow!
[Tue Aug 04 17:55:30 2026] You gain a rune for 14 points of absorption.
[Tue Aug 04 17:55:30 2026] You try to slash a Disciple of Innoruuk, but a Disciple of Innoruuk's magical skin absorbs the blow!
[Tue Aug 04 17:55:30 2026] You try to frenzy on a Disciple of Innoruuk, but miss!
[Tue Aug 04 17:55:30 2026] A Disciple of Innoruuk punches YOU for 64 points of damage. (Riposte)
[Tue Aug 04 17:55:30 2026] You try to punch a Disciple of Innoruuk, but miss!
[Tue Aug 04 17:55:30 2026] You try to smite a Disciple of Innoruuk, but miss!
[Tue Aug 04 17:55:30 2026] You try to backstab a Disciple of Innoruuk, but miss!
[Tue Aug 04 17:55:30 2026] You gain a rune for 5 points of absorption.
[Tue Aug 04 17:55:30 2026] You try to pierce a Disciple of Innoruuk, but a Disciple of Innoruuk's magical skin absorbs the blow!
[Tue Aug 04 17:55:30 2026] You try to slash a Disciple of Innoruuk, but miss!
[Tue Aug 04 17:55:31 2026] A Knight of Innoruuk tries to punch YOU, but misses!
[Tue Aug 04 17:55:31 2026] A Knight of Innoruuk tries to punch YOU, but YOU block!
[Tue Aug 04 17:55:31 2026] A Disciple of Innoruuk punches YOU for 29 points of damage. (Riposte)
[Tue Aug 04 17:55:31 2026] You try to punch a Disciple of Innoruuk, but miss!
[Tue Aug 04 17:55:31 2026] You try to kick a Disciple of Innoruuk, but miss!
