[Mon Aug 03 01:29:51 2026] Auto attack is on.
[Mon Aug 03 01:29:51 2026] Your target is too far away, get closer!
[Mon Aug 03 01:29:52 2026] An elemental channeler tries to hit YOU, but YOU dodge!
[Mon Aug 03 01:29:52 2026] An elemental channeler hits YOU for 15 points of damage.
[Mon Aug 03 01:29:52 2026] An elemental channeler tries to bash YOU, but misses!
[Mon Aug 03 01:29:52 2026] You slash an elemental channeler for 52 points of damage.
[Mon Aug 03 01:29:52 2026] You try to slash an elemental channeler, but miss!
[Mon Aug 03 01:29:52 2026] You try to pierce an elemental channeler, but miss!
[Mon Aug 03 01:29:52 2026] You try to pierce an elemental channeler, but miss!
[Mon Aug 03 01:29:53 2026] Your will is not sufficient to command this weapon.
[Mon Aug 03 01:29:53 2026] You try to slash an elemental channeler, but miss!
[Mon Aug 03 01:29:53 2026] You slash an elemental channeler for 35 points of damage.
[Mon Aug 03 01:29:53 2026] You pierce an elemental channeler for 62 points of damage.
[Mon Aug 03 01:29:54 2026] An elemental channeler hits YOU for 15 points of damage.
[Mon Aug 03 01:29:54 2026] You try to slash an elemental channeler, but an elemental channeler dodges!
[Mon Aug 03 01:29:54 2026] You try to slash an elemental channeler, but miss!
[Mon Aug 03 01:29:54 2026] You hurt yourself for 2 points.
[Mon Aug 03 01:29:54 2026] You gain a rune for 9 points of absorption.
[Mon Aug 03 01:29:54 2026] You bash an elemental channeler for 64 points of damage. (Critical)
[Mon Aug 03 01:29:54 2026] You hurt yourself for 2 points.
[Mon Aug 03 01:29:54 2026] You bash an elemental channeler for 38 points of damage.
[Mon Aug 03 01:29:54 2026] You try to kick an elemental channeler, but miss!
[Mon Aug 03 01:29:54 2026] You hurt yourself for 2 points.
[Mon Aug 03 01:29:54 2026] You kick an elemental channeler for 35 points of damage.
[Mon Aug 03 01:29:55 2026] You try to slash an elemental channeler, but miss!
[Mon Aug 03 01:29:55 2026] You pierce an elemental channeler for 30 points of damage.
[Mon Aug 03 01:29:55 2026] You try to pierce an elemental channeler, but miss!
[Mon Aug 03 01:29:55 2026] You hurt yourself for 3 points.
[Mon Aug 03 01:29:55 2026] You backstab an elemental channeler for 55 points of damage.
[Mon Aug 03 01:29:55 2026] You try to backstab an elemental channeler, but miss!
[Mon Aug 03 01:29:56 2026] You slash an elemental channeler for 77 points of damage.
[Mon Aug 03 01:29:56 2026] You gain a rune for 19 points of absorption.
[Mon Aug 03 01:29:56 2026] You slash an elemental channeler for 128 points of damage. (Critical)
[Mon Aug 03 01:29:57 2026] An elemental channeler hits YOU for 40 points of damage.
[Mon Aug 03 01:29:57 2026] You slash an elemental channeler for 77 points of damage.
[Mon Aug 03 01:29:57 2026] You try to frenzy on an elemental channeler, but miss!
[Mon Aug 03 01:29:57 2026] You hurt yourself for 1 points.
[Mon Aug 03 01:29:57 2026] You gain a rune for 7 points of absorption.
[Mon Aug 03 01:29:57 2026] You frenzy on an elemental channeler for 52 points of damage. (Critical)
[Mon Aug 03 01:29:57 2026] You frenzy on an elemental channeler for 11 points of damage.
[Mon Aug 03 01:29:57 2026] You hurt yourself for 1 points.
[Mon Aug 03 01:29:57 2026] You frenzy on an elemental channeler for 15 points of damage.
[Mon Aug 03 01:29:57 2026] You smite an elemental channeler for 71 points of damage. (Critical)
[Mon Aug 03 01:29:57 2026] You hit an elemental channeler for 119 points of magic damage by Smiting Strike.
[Mon Aug 03 01:29:57 2026] An elemental channeler staggers.
[Mon Aug 03 01:29:57 2026] You hurt yourself for 1 points.
[Mon Aug 03 01:29:57 2026] You gain a rune for 7 points of absorption.
[Mon Aug 03 01:29:57 2026] You bash an elemental channeler for 50 points of damage. (Critical)
[Mon Aug 03 01:29:57 2026] You hurt yourself for 6 points.
[Mon Aug 03 01:29:57 2026] You bash an elemental channeler for 90 points of damage.
[Mon Aug 03 01:29:57 2026] You hurt yourself for 3 points.
[Mon Aug 03 01:29:57 2026] You kick an elemental channeler for 47 points of damage.
[Mon Aug 03 01:29:58 2026] An elemental capturer tries to hit YOU, but misses!
[Mon Aug 03 01:29:58 2026] An elemental capturer backstabs YOU for 345 points of damage.
[Mon Aug 03 01:29:58 2026] An elemental capturer backstabs YOU for 59 points of damage.
[Mon Aug 03 01:29:58 2026] You slash an elemental channeler for 49 points of damage.
[Mon Aug 03 01:29:58 2026] You pierce an elemental channeler for 18 points of damage.
[Mon Aug 03 01:29:59 2026] an elemental channeler stumbles, clutching their head!
[Mon Aug 03 01:29:59 2026] You slash an elemental channeler for 28 points of damage.
[Mon Aug 03 01:29:59 2026] You slash an elemental channeler for 131 points of damage.
[Mon Aug 03 01:29:59 2026] You try to backstab an elemental channeler, but miss!
[Mon Aug 03 01:29:59 2026] You try to pierce an elemental channeler, but miss!
[Mon Aug 03 01:29:59 2026] You pierce an elemental channeler for 27 points of damage.
[Mon Aug 03 01:30:00 2026] An elemental channeler tries to hit YOU, but misses!
[Mon Aug 03 01:30:00 2026] An elemental channeler hits YOU for 20 points of damage.
[Mon Aug 03 01:30:00 2026] An elemental channeler bashes YOU for 12 points of damage.
[Mon Aug 03 01:30:00 2026] An elemental channeler tries to bash YOU, but misses!
[Mon Aug 03 01:30:00 2026] You try to slash an elemental channeler, but miss!
[Mon Aug 03 01:30:00 2026] An elemental capturer hits YOU for 71 points of damage.
[Mon Aug 03 01:30:00 2026] You pierce an elemental channeler for 20 points of damage.
[Mon Aug 03 01:30:01 2026] You hurt yourself for 2 points.
[Mon Aug 03 01:30:01 2026] You bash an elemental channeler for 33 points of damage.
[Mon Aug 03 01:30:01 2026] You hurt yourself for 4 points.
[Mon Aug 03 01:30:01 2026] You bash an elemental channeler for 71 points of damage.
[Mon Aug 03 01:30:01 2026] You hurt yourself for 1 points.
[Mon Aug 03 01:30:01 2026] You kick an elemental channeler for 21 points of damage.
[Mon Aug 03 01:30:01 2026] An elemental channeler tries to hit YOU, but misses! (Riposte)
[Mon Aug 03 01:30:01 2026] You slash an elemental channeler for 78 points of damage.
[Mon Aug 03 01:30:01 2026] You try to slash an elemental channeler, but miss!
[Mon Aug 03 01:30:01 2026] an elemental channeler's limbs move slower!
[Mon Aug 03 01:30:01 2026] You pierce an elemental channeler for 64 points of damage.
[Mon Aug 03 01:30:01 2026] You try to pierce an elemental channeler, but miss!
[Mon Aug 03 01:30:01 2026] A rock golem hits YOU for 109 points of damage.
[Mon Aug 03 01:30:01 2026] A rock golem hits YOU for 55 points of damage.
[Mon Aug 03 01:30:01 2026] A rock golem cleaves YOU for 117 points of damage.
[Mon Aug 03 01:30:01 2026] A rock golem bashes YOU for 33 points of damage.
[Mon Aug 03 01:30:01 2026] A rock golem kicks YOU for 43 points of damage.
[Mon Aug 03 01:30:01 2026] A rock golem kicks YOU for 34 points of damage.
[Mon Aug 03 01:30:02 2026] an elemental channeler begins to bleed profusely!
[Mon Aug 03 01:30:02 2026] You try to slash an elemental channeler, but miss!
[Mon Aug 03 01:30:02 2026] You slash an elemental channeler for 77 points of damage.
[Mon Aug 03 01:30:02 2026] You pierce an elemental channeler for 19 points of damage.
[Mon Aug 03 01:30:02 2026] You try to pierce an elemental channeler, but miss!
[Mon Aug 03 01:30:02 2026] An elemental capturer tries to hit YOU, but misses!
[Mon Aug 03 01:30:02 2026] You try to slash an elemental channeler, but miss!
[Mon Aug 03 01:30:02 2026] You try to slash an elemental channeler, but miss!
[Mon Aug 03 01:30:03 2026] You try to frenzy on an elemental channeler, but miss!
[Mon Aug 03 01:30:03 2026] You try to frenzy on an elemental channeler, but miss!
[Mon Aug 03 01:30:03 2026] You try to frenzy on an elemental channeler, but miss!
[Mon Aug 03 01:30:03 2026] You smite an elemental channeler for 24 points of damage.
[Mon Aug 03 01:30:03 2026] You hit an elemental channeler for 119 points of magic damage by Smiting Strike.
[Mon Aug 03 01:30:03 2026] An elemental channeler staggers.
[Mon Aug 03 01:30:03 2026] An elemental channeler tries to hit YOU, but misses!
[Mon Aug 03 01:30:03 2026] You hurt yourself for 12 points.
[Mon Aug 03 01:30:03 2026] You backstab an elemental channeler for 185 points of damage.
[Mon Aug 03 01:30:03 2026] You hurt yourself for 12 points.
[Mon Aug 03 01:30:03 2026] You backstab an elemental channeler for 185 points of damage.
[Mon Aug 03 01:30:03 2026] You hit an elemental channeler for 53 points of poison damage by Asp Venom Strike.
[Mon Aug 03 01:30:03 2026] An elemental channeler screams as poison burns their veins!
[Mon Aug 03 01:30:03 2026] You pierce an elemental channeler for 64 points of damage.
[Mon Aug 03 01:30:03 2026] You pierce an elemental channeler for 54 points of damage.
[Mon Aug 03 01:30:04 2026] You try to slash an elemental channeler, but miss!
[Mon Aug 03 01:30:04 2026] An elemental channeler has taken 47 damage from your Blood Siphon Strike.
[Mon Aug 03 01:30:04 2026] You healed Primitive for 47 hit points by Blood Siphon Strike.
[Mon Aug 03 01:30:04 2026] You try to bash an elemental channeler, but miss!
[Mon Aug 03 01:30:04 2026] You gain a rune for 6 points of absorption.
[Mon Aug 03 01:30:04 2026] You bash an elemental channeler for 42 points of damage. (Critical)
[Mon Aug 03 01:30:04 2026] You hurt yourself for 2 points.
[Mon Aug 03 01:30:04 2026] You kick an elemental channeler for 35 points of damage.
[Mon Aug 03 01:30:04 2026] You pierce an elemental channeler for 30 points of damage.
[Mon Aug 03 01:30:04 2026] A rock golem hits YOU for 103 points of damage.
[Mon Aug 03 01:30:04 2026] A rock golem tries to hit YOU, but misses!
[Mon Aug 03 01:30:04 2026] You try to slash an elemental channeler, but miss!
[Mon Aug 03 01:30:04 2026] You slash an elemental channeler for 78 points of damage.
[Mon Aug 03 01:30:05 2026] An elemental capturer hits YOU for 103 points of damage.
[Mon Aug 03 01:30:05 2026] An elemental capturer tries to hit YOU, but misses!
[Mon Aug 03 01:30:05 2026] You pierce an elemental channeler for 33 points of damage.
[Mon Aug 03 01:30:05 2026] You pierce an elemental channeler for 61 points of damage.
[Mon Aug 03 01:30:05 2026] You slash an elemental channeler for 152 points of damage.
[Mon Aug 03 01:30:05 2026] An elemental channeler hits YOU for 9 points of damage. (Riposte)
[Mon Aug 03 01:30:05 2026] You begin casting Rampage I.
[Mon Aug 03 01:30:05 2026] You slash a rock golem for 42 points of damage.
[Mon Aug 03 01:30:05 2026] You try to slash a rock golem, but miss!
[Mon Aug 03 01:30:05 2026] You try to slash an elemental capturer, but miss!
[Mon Aug 03 01:30:05 2026] Your will is not sufficient to command this weapon.
[Mon Aug 03 01:30:05 2026] You slash an elemental channeler for 77 points of damage.
[Mon Aug 03 01:30:06 2026] An elemental channeler begins casting Superior Healing.
[Mon Aug 03 01:30:06 2026] You slash an elemental channeler for 77 points of damage.
[Mon Aug 03 01:30:07 2026] A rock golem hits YOU for 94 points of damage.
[Mon Aug 03 01:30:07 2026] You hurt yourself for 9 points.
[Mon Aug 03 01:30:07 2026] You backstab an elemental channeler for 148 points of damage.
[Mon Aug 03 01:30:07 2026] You try to bash an elemental channeler, but miss!
[Mon Aug 03 01:30:07 2026] You hurt yourself for 3 points.
[Mon Aug 03 01:30:07 2026] an elemental channeler's Superior Healing spell is interrupted.
[Mon Aug 03 01:30:07 2026] You bash an elemental channeler for 47 points of damage.
[Mon Aug 03 01:30:07 2026] You try to kick an elemental channeler, but miss!
[Mon Aug 03 01:30:07 2026] You hurt yourself for 3 points.
[Mon Aug 03 01:30:07 2026] You kick an elemental channeler for 45 points of damage.
[Mon Aug 03 01:30:07 2026] An elemental channeler tries to hit YOU, but misses!
[Mon Aug 03 01:30:07 2026] An elemental capturer hits YOU for 18 points of damage.
[Mon Aug 03 01:30:07 2026] an elemental channeler's limbs move slower!
[Mon Aug 03 01:30:07 2026] You try to slash an elemental channeler, but miss!
[Mon Aug 03 01:30:07 2026] You try to slash an elemental channeler, but miss!
[Mon Aug 03 01:30:08 2026] An elemental channeler tries to bash YOU, but misses!
[Mon Aug 03 01:30:08 2026] An elemental channeler bashes YOU for 12 points of damage.
[Mon Aug 03 01:30:08 2026] You hurt yourself for 1 points.
[Mon Aug 03 01:30:08 2026] You frenzy on an elemental channeler for 27 points of damage.
[Mon Aug 03 01:30:08 2026] You hurt yourself for 1 points.
[Mon Aug 03 01:30:08 2026] You frenzy on an elemental channeler for 22 points of damage.
[Mon Aug 03 01:30:08 2026] You hurt yourself for 5 points.
[Mon Aug 03 01:30:08 2026] You frenzy on an elemental channeler for 80 points of damage.
[Mon Aug 03 01:30:08 2026] You hurt yourself for 7 points.
[Mon Aug 03 01:30:08 2026] You frenzy on an elemental channeler for 116 points of damage.
[Mon Aug 03 01:30:08 2026] You hurt yourself for 3 points.
[Mon Aug 03 01:30:08 2026] You frenzy on an elemental channeler for 57 points of damage.
[Mon Aug 03 01:30:08 2026] You smite an elemental channeler for 40 points of damage.
[Mon Aug 03 01:30:08 2026] You hit an elemental channeler for 119 points of magic damage by Smiting Strike.
[Mon Aug 03 01:30:08 2026] An elemental channeler staggers.
[Mon Aug 03 01:30:08 2026] You slash an elemental channeler for 59 points of damage.
[Mon Aug 03 01:30:08 2026] Your faction standing with Minions of Underfoot could not possibly get any worse.
[Mon Aug 03 01:30:08 2026] You gain experience! (1.255%)
[Mon Aug 03 01:30:08 2026] You receive 1 platinum, 6 silver and 5 copper from the corpse.
[Mon Aug 03 01:30:08 2026] You have slain an elemental channeler!
[Mon Aug 03 01:30:09 2026] You must first click on the being you wish to attack!
[Mon Aug 03 01:30:09 2026] A rock golem hits YOU for 109 points of damage.
[Mon Aug 03 01:30:09 2026] A rock golem hits YOU for 40 points of damage.
[Mon Aug 03 01:30:09 2026] A rock golem kicks YOU for 51 points of damage.
[Mon Aug 03 01:30:09 2026] A rock golem bashes YOU for 33 points of damage.
[Mon Aug 03 01:30:10 2026] a rock golem begins to bleed profusely!
[Mon Aug 03 01:30:10 2026] You try to pierce a rock golem, but miss!
[Mon Aug 03 01:30:10 2026] You try to pierce a rock golem, but miss!
[Mon Aug 03 01:30:10 2026] A rock golem hits YOU for 16 points of damage. (Riposte)
[Mon Aug 03 01:30:10 2026] You try to slash a rock golem, but miss!
[Mon Aug 03 01:30:10 2026] A rock golem has taken 47 damage from your Blood Siphon Strike.
[Mon Aug 03 01:30:10 2026] You healed Primitive for 47 hit points by Blood Siphon Strike.
[Mon Aug 03 01:30:10 2026] An elemental capturer hits YOU for 18 points of damage.
[Mon Aug 03 01:30:10 2026] You hurt yourself for 2 points.
[Mon Aug 03 01:30:10 2026] You kick a rock golem for 35 points of damage.
[Mon Aug 03 01:30:10 2026] You try to kick a rock golem, but miss!
[Mon Aug 03 01:30:10 2026] You try to pierce a rock golem, but miss!
[Mon Aug 03 01:30:10 2026] You gain a rune for 8 points of absorption.
[Mon Aug 03 01:30:10 2026] You pierce a rock golem for 59 points of damage. (Critical)
[Mon Aug 03 01:30:10 2026] You hurt yourself for 1 points.
[Mon Aug 03 01:30:10 2026] You bash a rock golem for 21 points of damage.
[Mon Aug 03 01:30:10 2026] You try to slash a rock golem, but miss!
[Mon Aug 03 01:30:10 2026] You try to slash a rock golem, but miss!
[Mon Aug 03 01:30:11 2026] You hurt yourself for 3 points.
[Mon Aug 03 01:30:11 2026] You backstab a rock golem for 51 points of damage.
[Mon Aug 03 01:30:11 2026] You pierce a rock golem for 20 points of damage.
[Mon Aug 03 01:30:11 2026] A rock golem hits YOU for 8 points of damage. (Riposte)
[Mon Aug 03 01:30:11 2026] You try to slash a rock golem, but miss!
[Mon Aug 03 01:30:12 2026] You pierce a rock golem for 30 points of damage.
[Mon Aug 03 01:30:12 2026] You pierce a rock golem for 48 points of damage.
[Mon Aug 03 01:30:12 2026] You slash a rock golem for 28 points of damage.
[Mon Aug 03 01:30:12 2026] A rock golem hits YOU for 186 points of damage.
[Mon Aug 03 01:30:12 2026] A rock golem tries to hit YOU, but misses!
[Mon Aug 03 01:30:12 2026] An elemental capturer hits YOU for 61 points of damage.
[Mon Aug 03 01:30:13 2026] You kick a rock golem for 12 points of damage.
[Mon Aug 03 01:30:13 2026] You kick a rock golem for 1 point of damage.
[Mon Aug 03 01:30:13 2026] You slash a rock golem for 39 points of damage.
[Mon Aug 03 01:30:13 2026] You try to bash a rock golem, but miss!
[Mon Aug 03 01:30:13 2026] A rock golem cleaves YOU for 101 points of damage.
[Mon Aug 03 01:30:14 2026] You try to pierce a rock golem, but a rock golem parries!
[Mon Aug 03 01:30:14 2026] You hurt yourself for 3 points.
[Mon Aug 03 01:30:14 2026] You frenzy on a rock golem for 57 points of damage.
[Mon Aug 03 01:30:14 2026] You try to frenzy on a rock golem, but a rock golem parries!
[Mon Aug 03 01:30:14 2026] You try to smite a rock golem, but miss!
[Mon Aug 03 01:30:14 2026] a rock golem's limbs move slower!
[Mon Aug 03 01:30:14 2026] You try to slash a rock golem, but miss!
[Mon Aug 03 01:30:15 2026] You hurt yourself for 9 points.
[Mon Aug 03 01:30:15 2026] You backstab a rock golem for 148 points of damage.
[Mon Aug 03 01:30:15 2026] An elemental capturer tries to hit YOU, but misses!
[Mon Aug 03 01:30:15 2026] You pierce a rock golem for 20 points of damage.
[Mon Aug 03 01:30:15 2026] You pierce a rock golem for 36 points of damage.
[Mon Aug 03 01:30:15 2026] You slash a rock golem for 117 points of damage.
[Mon Aug 03 01:30:16 2026] You try to pierce a rock golem, but miss!
[Mon Aug 03 01:30:16 2026] A rock golem has taken 47 damage from your Blood Siphon Strike.
[Mon Aug 03 01:30:16 2026] You healed Primitive for 47 hit points by Blood Siphon Strike.
[Mon Aug 03 01:30:16 2026] You try to slash a rock golem, but miss!
[Mon Aug 03 01:30:16 2026] You slash a rock golem for 77 points of damage.
[Mon Aug 03 01:30:16 2026] You can't use that command right now...
[Mon Aug 03 01:30:16 2026] Your Djarn's Amethyst Ring (Exaltation) shimmers briefly.
[Mon Aug 03 01:30:16 2026] You begin casting Greater Healing.
[Mon Aug 03 01:30:16 2026] You can't use that command right now...
[Mon Aug 03 01:30:16 2026] A rock golem tries to hit YOU, but misses!
[Mon Aug 03 01:30:16 2026] A rock golem hits YOU for 163 points of damage.
[Mon Aug 03 01:30:17 2026] You regain your concentration and continue your casting.
[Mon Aug 03 01:30:17 2026] Your Idol of the Underking (Exaltation) feels alive with power.
[Mon Aug 03 01:30:17 2026] You feel much better.
[Mon Aug 03 01:30:17 2026] You healed Primitive for 445 hit points by Greater Healing.
[Mon Aug 03 01:30:17 2026] You pierce a rock golem for 42 points of damage.
[Mon Aug 03 01:30:17 2026] You pierce a rock golem for 18 points of damage.
[Mon Aug 03 01:30:17 2026] You slash a rock golem for 74 points of damage.
[Mon Aug 03 01:30:17 2026] You slash a rock golem for 120 points of damage.
[Mon Aug 03 01:30:17 2026] You hurt yourself for 3 points.
[Mon Aug 03 01:30:17 2026] You bash a rock golem for 50 points of damage.
[Mon Aug 03 01:30:17 2026] You hurt yourself for 4 points.
[Mon Aug 03 01:30:17 2026] You kick a rock golem for 65 points of damage.
[Mon Aug 03 01:30:17 2026] You try to kick a rock golem, but miss!
[Mon Aug 03 01:30:17 2026] An elemental capturer tries to hit YOU, but misses!
[Mon Aug 03 01:30:17 2026] A rock golem tries to kick YOU, but YOU parry!
[Mon Aug 03 01:30:17 2026] A rock golem kicks YOU for 34 points of damage.
[Mon Aug 03 01:30:17 2026] A rock golem bashes YOU for 33 points of damage.
[Mon Aug 03 01:30:17 2026] A rock golem bashes YOU for 33 points of damage.
[Mon Aug 03 01:30:18 2026] You pierce a rock golem for 34 points of damage.
[Mon Aug 03 01:30:18 2026] You slash a rock golem for 60 points of damage.
[Mon Aug 03 01:30:18 2026] You slash a rock golem for 77 points of damage.
[Mon Aug 03 01:30:18 2026] You try to backstab an elemental capturer, but miss!
[Mon Aug 03 01:30:18 2026] You try to backstab an elemental capturer, but miss!
[Mon Aug 03 01:30:19 2026] You pierce an elemental capturer for 45 points of damage.
[Mon Aug 03 01:30:19 2026] You try to pierce an elemental capturer, but miss!
[Mon Aug 03 01:30:19 2026] You try to slash an elemental capturer, but miss!
[Mon Aug 03 01:30:19 2026] You try to frenzy on an elemental capturer, but miss!
[Mon Aug 03 01:30:19 2026] You hurt yourself for 1 points.
[Mon Aug 03 01:30:19 2026] You frenzy on an elemental capturer for 26 points of damage.
[Mon Aug 03 01:30:19 2026] An elemental capturer hits YOU for 7 points of damage. (Riposte)
[Mon Aug 03 01:30:19 2026] You hurt yourself for 1 points.
[Mon Aug 03 01:30:19 2026] You frenzy on an elemental capturer for 25 points of damage.
[Mon Aug 03 01:30:20 2026] An elemental capturer hits YOU for 18 points of damage.
[Mon Aug 03 01:30:20 2026] You smite an elemental capturer for 32 points of damage.
[Mon Aug 03 01:30:20 2026] You hit an elemental capturer for 119 points of magic damage by Smiting Strike.
[Mon Aug 03 01:30:20 2026] An elemental capturer staggers.
[Mon Aug 03 01:30:20 2026] You smite an elemental capturer for 23 points of damage.
[Mon Aug 03 01:30:20 2026] You hit an elemental capturer for 119 points of magic damage by Smiting Strike.
[Mon Aug 03 01:30:20 2026] An elemental capturer staggers.
[Mon Aug 03 01:30:20 2026] You slash an elemental capturer for 77 points of damage.
[Mon Aug 03 01:30:20 2026] You try to bash an elemental capturer, but miss!
[Mon Aug 03 01:30:20 2026] You hurt yourself for 2 points.
[Mon Aug 03 01:30:20 2026] You kick an elemental capturer for 35 points of damage.
[Mon Aug 03 01:30:20 2026] A rock golem tries to hit YOU, but YOU parry!
[Mon Aug 03 01:30:21 2026] You slash an elemental capturer for 70 points of damage.
[Mon Aug 03 01:30:22 2026] You try to slash an elemental capturer, but miss!
[Mon Aug 03 01:30:22 2026] You try to slash an elemental capturer, but miss!
[Mon Aug 03 01:30:22 2026] A rock golem has taken 47 damage from your Blood Siphon Strike.
[Mon Aug 03 01:30:22 2026] You healed Primitive for 47 hit points by Blood Siphon Strike.
[Mon Aug 03 01:30:22 2026] An elemental capturer hits YOU for 50 points of damage.
[Mon Aug 03 01:30:22 2026] An elemental capturer hits YOU for 103 points of damage.
[Mon Aug 03 01:30:22 2026] You try to backstab an elemental capturer, but an elemental capturer dodges!
[Mon Aug 03 01:30:22 2026] You can't use that command right now...
[Mon Aug 03 01:30:22 2026] You can't use that command right now...
[Mon Aug 03 01:30:22 2026] Your Djarn's Amethyst Ring (Exaltation) shimmers briefly.
[Mon Aug 03 01:30:22 2026] You begin casting Greater Healing.
[Mon Aug 03 01:30:23 2026] You regain your concentration and continue your casting.
[Mon Aug 03 01:30:23 2026] Your Idol of the Underking (Exaltation) feels alive with power.
[Mon Aug 03 01:30:23 2026] You feel much better.
[Mon Aug 03 01:30:23 2026] You healed Primitive for 422 hit points by Greater Healing.
[Mon Aug 03 01:30:23 2026] You slash an elemental capturer for 110 points of damage.
[Mon Aug 03 01:30:23 2026] You hurt yourself for 1 points.
[Mon Aug 03 01:30:23 2026] You bash an elemental capturer for 26 points of damage.
[Mon Aug 03 01:30:23 2026] You hurt yourself for 1 points.
[Mon Aug 03 01:30:23 2026] You kick an elemental capturer for 25 points of damage.
[Mon Aug 03 01:30:23 2026] An elemental capturer hits YOU for 11 points of damage. (Riposte)
[Mon Aug 03 01:30:23 2026] You slash an elemental capturer for 77 points of damage.
[Mon Aug 03 01:30:23 2026] You pierce an elemental capturer for 62 points of damage.
[Mon Aug 03 01:30:24 2026] You slash an elemental capturer for 77 points of damage.
[Mon Aug 03 01:30:24 2026] You try to slash an elemental capturer, but miss!
[Mon Aug 03 01:30:24 2026] An elemental capturer tries to hit YOU, but misses!
[Mon Aug 03 01:30:24 2026] A rock golem hits YOU for 63 points of damage.
[Mon Aug 03 01:30:24 2026] A rock golem hits YOU for 171 points of damage.
[Mon Aug 03 01:30:25 2026] You try to pierce an elemental capturer, but miss!
[Mon Aug 03 01:30:25 2026] You gain a rune for 12 points of absorption.
[Mon Aug 03 01:30:25 2026] You pierce an elemental capturer for 86 points of damage. (Critical)
[Mon Aug 03 01:30:25 2026] You frenzy on an elemental capturer for 5 points of damage.
[Mon Aug 03 01:30:25 2026] You smite an elemental capturer for 19 points of damage.
[Mon Aug 03 01:30:25 2026] You hit an elemental capturer for 119 points of magic damage by Smiting Strike.
[Mon Aug 03 01:30:25 2026] An elemental capturer staggers.
[Mon Aug 03 01:30:25 2026] You slash an elemental capturer for 42 points of damage.
[Mon Aug 03 01:30:25 2026] A rock golem cleaves YOU for 91 points of damage.
[Mon Aug 03 01:30:26 2026] You try to pierce an elemental capturer, but miss!
[Mon Aug 03 01:30:26 2026] An elemental capturer tries to hit YOU, but misses! (Riposte)
[Mon Aug 03 01:30:26 2026] You slash an elemental capturer for 22 points of damage.
[Mon Aug 03 01:30:26 2026] You try to bash an elemental capturer, but an elemental capturer dodges!
[Mon Aug 03 01:30:26 2026] You kick an elemental capturer for 8 points of damage.
[Mon Aug 03 01:30:26 2026] You gain a rune for 6 points of absorption.
[Mon Aug 03 01:30:26 2026] You pierce an elemental capturer for 40 points of damage. (Critical)
[Mon Aug 03 01:30:26 2026] You pierce an elemental capturer for 3 points of damage.
[Mon Aug 03 01:30:27 2026] An elemental capturer hits YOU for 49 points of damage.
[Mon Aug 03 01:30:27 2026] An elemental capturer hits YOU for 82 points of damage.
[Mon Aug 03 01:30:27 2026] You can't use that command right now...
[Mon Aug 03 01:30:27 2026] Your Djarn's Amethyst Ring (Exaltation) shimmers briefly.
[Mon Aug 03 01:30:27 2026] You begin casting Greater Healing.
[Mon Aug 03 01:30:27 2026] You can't use that command right now...
[Mon Aug 03 01:30:28 2026] A rock golem has taken 47 damage from your Blood Siphon Strike.
[Mon Aug 03 01:30:28 2026] You healed Primitive for 47 hit points by Blood Siphon Strike.
[Mon Aug 03 01:30:28 2026] Your Idol of the Underking (Exaltation) feels alive with power.
[Mon Aug 03 01:30:28 2026] You feel much better.
[Mon Aug 03 01:30:28 2026] You healed Primitive for 426 hit points by Greater Healing.
[Mon Aug 03 01:30:28 2026] You gain a rune for 8 points of absorption.
[Mon Aug 03 01:30:28 2026] You pierce an elemental capturer for 59 points of damage. (Critical)
[Mon Aug 03 01:30:28 2026] You gain a rune for 5 points of absorption.
[Mon Aug 03 01:30:28 2026] You pierce an elemental capturer for 39 points of damage. (Critical)
[Mon Aug 03 01:30:28 2026] You slash an elemental capturer for 77 points of damage.
[Mon Aug 03 01:30:28 2026] You slash an elemental capturer for 152 points of damage.
[Mon Aug 03 01:30:28 2026] You try to slash an elemental capturer, but miss!
[Mon Aug 03 01:30:28 2026] You gain a rune for 8 points of absorption.
[Mon Aug 03 01:30:28 2026] You pierce an elemental capturer for 57 points of damage. (Critical)
[Mon Aug 03 01:30:28 2026] A rock golem hits YOU for 45 points of damage.
[Mon Aug 03 01:30:29 2026] You try to slash an elemental capturer, but an elemental capturer parries!
[Mon Aug 03 01:30:29 2026] You slash an elemental capturer for 28 points of damage.
[Mon Aug 03 01:30:29 2026] An elemental capturer hits YOU for 18 points of damage.
[Mon Aug 03 01:30:29 2026] An elemental capturer tries to hit YOU, but misses!
[Mon Aug 03 01:30:30 2026] You hurt yourself for 2 points.
[Mon Aug 03 01:30:30 2026] You kick an elemental capturer for 30 points of damage.
[Mon Aug 03 01:30:30 2026] You hurt yourself for 4 points.
[Mon Aug 03 01:30:30 2026] You bash an elemental capturer for 71 points of damage.
[Mon Aug 03 01:30:30 2026] You hurt yourself for 7 points.
[Mon Aug 03 01:30:30 2026] You backstab an elemental capturer for 115 points of damage.
[Mon Aug 03 01:30:30 2026] You hurt yourself for 24 points.
[Mon Aug 03 01:30:30 2026] You backstab an elemental capturer for 370 points of damage.
[Mon Aug 03 01:30:30 2026] A rock golem kicks YOU for 38 points of damage.
[Mon Aug 03 01:30:30 2026] A rock golem tries to kick YOU, but YOU riposte!
[Mon Aug 03 01:30:30 2026] You cannot see your target.
[Mon Aug 03 01:30:30 2026] You slash an elemental capturer for 77 points of damage.
[Mon Aug 03 01:30:30 2026] A rock golem bashes YOU for 33 points of damage.
[Mon Aug 03 01:30:30 2026] A rock golem tries to bash YOU, but misses!
[Mon Aug 03 01:30:30 2026] You pierce an elemental capturer for 52 points of damage.
[Mon Aug 03 01:30:30 2026] You try to pierce an elemental capturer, but miss!
[Mon Aug 03 01:30:31 2026] You hurt yourself for 3 points.
[Mon Aug 03 01:30:31 2026] You frenzy on an elemental capturer for 57 points of damage.
[Mon Aug 03 01:30:31 2026] You try to frenzy on an elemental capturer, but an elemental capturer dodges!
[Mon Aug 03 01:30:31 2026] You try to frenzy on an elemental capturer, but miss!
[Mon Aug 03 01:30:31 2026] You hurt yourself for 2 points.
[Mon Aug 03 01:30:31 2026] You frenzy on an elemental capturer for 33 points of damage.
[Mon Aug 03 01:30:31 2026] You try to smite an elemental capturer, but miss!
[Mon Aug 03 01:30:31 2026] You gain a rune for 17 points of absorption.
[Mon Aug 03 01:30:31 2026] You slash an elemental capturer for 116 points of damage. (Critical)
[Mon Aug 03 01:30:31 2026] You slash an elemental capturer for 77 points of damage.
[Mon Aug 03 01:30:31 2026] You pierce an elemental capturer for 25 points of damage.
[Mon Aug 03 01:30:31 2026] You try to pierce an elemental capturer, but miss!
[Mon Aug 03 01:30:32 2026] An elemental capturer hits YOU for 56 points of damage.
[Mon Aug 03 01:30:32 2026] You slash an elemental capturer for 137 points of damage.
[Mon Aug 03 01:30:32 2026] You try to slash an elemental capturer, but miss!
[Mon Aug 03 01:30:32 2026] You pierce an elemental capturer for 30 points of damage.
[Mon Aug 03 01:30:32 2026] You pierce an elemental capturer for 11 points of damage.
[Mon Aug 03 01:30:33 2026] You try to bash an elemental capturer, but miss!
[Mon Aug 03 01:30:33 2026] You try to kick an elemental capturer, but miss!
[Mon Aug 03 01:30:33 2026] You hurt yourself for 3 points.
[Mon Aug 03 01:30:33 2026] You kick an elemental capturer for 58 points of damage.
[Mon Aug 03 01:30:33 2026] A rock golem hits YOU for 40 points of damage.
[Mon Aug 03 01:30:33 2026] You slash an elemental capturer for 45 points of damage.
[Mon Aug 03 01:30:33 2026] You try to slash an elemental capturer, but miss!
[Mon Aug 03 01:30:33 2026] You pierce an elemental capturer for 42 points of damage.
[Mon Aug 03 01:30:34 2026] You try to backstab an elemental capturer, but miss!
[Mon Aug 03 01:30:34 2026] You hurt yourself for 12 points.
[Mon Aug 03 01:30:34 2026] You backstab an elemental capturer for 185 points of damage.
[Mon Aug 03 01:30:34 2026] Your will is not sufficient to command this weapon.
[Mon Aug 03 01:30:34 2026] You slash an elemental capturer for 77 points of damage.
[Mon Aug 03 01:30:34 2026] A rock golem has taken 47 damage from your Blood Siphon Strike.
[Mon Aug 03 01:30:34 2026] You healed Primitive for 47 hit points by Blood Siphon Strike.
[Mon Aug 03 01:30:34 2026] An elemental capturer tries to hit YOU, but misses!
[Mon Aug 03 01:30:34 2026] An elemental capturer hits YOU for 55 points of damage.
[Mon Aug 03 01:30:34 2026] You try to pierce an elemental capturer, but miss!
[Mon Aug 03 01:30:34 2026] You can't use that command right now...
[Mon Aug 03 01:30:34 2026] You can't use that command right now...
[Mon Aug 03 01:30:34 2026] Your Djarn's Amethyst Ring (Exaltation) shimmers briefly.
[Mon Aug 03 01:30:34 2026] You begin casting Greater Healing.
[Mon Aug 03 01:30:35 2026] You regain your concentration and continue your casting.
[Mon Aug 03 01:30:35 2026] Your Idol of the Underking (Exaltation) feels alive with power.
[Mon Aug 03 01:30:35 2026] You feel much better.
[Mon Aug 03 01:30:35 2026] You healed Primitive for 460 hit points by Greater Healing.
[Mon Aug 03 01:30:35 2026] You try to slash an elemental capturer, but an elemental capturer parries!
[Mon Aug 03 01:30:35 2026] You try to slash an elemental capturer, but miss!
[Mon Aug 03 01:30:35 2026] You pierce an elemental capturer for 37 points of damage.
[Mon Aug 03 01:30:36 2026] You slash an elemental capturer for 11 points of damage.
[Mon Aug 03 01:30:36 2026] You slash an elemental capturer for 37 points of damage.
[Mon Aug 03 01:30:36 2026] You hurt yourself for 3 points.
[Mon Aug 03 01:30:36 2026] You bash an elemental capturer for 55 points of damage.
[Mon Aug 03 01:30:36 2026] You try to bash an elemental capturer, but miss!
[Mon Aug 03 01:30:36 2026] You try to kick an elemental capturer, but miss!
[Mon Aug 03 01:30:36 2026] You try to pierce an elemental capturer, but miss!
[Mon Aug 03 01:30:36 2026] You try to pierce an elemental capturer, but an elemental capturer parries!
[Mon Aug 03 01:30:36 2026] You try to frenzy on an elemental capturer, but miss!
[Mon Aug 03 01:30:36 2026] You try to frenzy on an elemental capturer, but miss!
[Mon Aug 03 01:30:36 2026] You try to frenzy on an elemental capturer, but miss!
[Mon Aug 03 01:30:37 2026] You slash an elemental capturer for 77 points of damage.
[Mon Aug 03 01:30:37 2026] You slash an elemental capturer for 73 points of damage.
[Mon Aug 03 01:30:37 2026] An elemental capturer tries to hit YOU, but misses!
[Mon Aug 03 01:30:37 2026] An elemental capturer tries to hit YOU, but misses!
[Mon Aug 03 01:30:37 2026] You smite an elemental capturer for 49 points of damage. (Critical)
[Mon Aug 03 01:30:37 2026] You hit an elemental capturer for 119 points of magic damage by Smiting Strike.
[Mon Aug 03 01:30:37 2026] An elemental capturer staggers.
[Mon Aug 03 01:30:37 2026] You try to smite an elemental capturer, but miss!
[Mon Aug 03 01:30:37 2026] A rock golem hits YOU for 186 points of damage.
[Mon Aug 03 01:30:37 2026] A rock golem hits YOU for 40 points of damage.
[Mon Aug 03 01:30:37 2026] You try to pierce an elemental capturer, but miss!
[Mon Aug 03 01:30:37 2026] You try to pierce an elemental capturer, but miss!
[Mon Aug 03 01:30:37 2026] You try to backstab an elemental capturer, but miss!
[Mon Aug 03 01:30:37 2026] You try to backstab an elemental capturer, but miss!
[Mon Aug 03 01:30:37 2026] You try to slash an elemental capturer, but miss!
[Mon Aug 03 01:30:37 2026] You slash an elemental capturer for 36 points of damage.
[Mon Aug 03 01:30:38 2026] You try to pierce an elemental capturer, but miss!
[Mon Aug 03 01:30:38 2026] You pierce an elemental capturer for 24 points of damage.
[Mon Aug 03 01:30:39 2026] You slash an elemental capturer for 138 points of damage.
[Mon Aug 03 01:30:39 2026] An elemental capturer begins to use a rock golem as a living shield!
[Mon Aug 03 01:30:39 2026] You try to bash an elemental capturer, but miss!
[Mon Aug 03 01:30:39 2026] You try to kick an elemental capturer, but an elemental capturer parries!
[Mon Aug 03 01:30:39 2026] An elemental capturer hits YOU for 18 points of damage.
[Mon Aug 03 01:30:39 2026] You slash a rock golem for 24 points of damage.
[Mon Aug 03 01:30:39 2026] You slash an elemental capturer for 24 points of damage.
[Mon Aug 03 01:30:40 2026] A rock golem has taken 47 damage from your Blood Siphon Strike.
[Mon Aug 03 01:30:40 2026] You healed Primitive for 47 hit points by Blood Siphon Strike.
[Mon Aug 03 01:30:40 2026] You pierce a rock golem for 4 points of damage.
[Mon Aug 03 01:30:40 2026] You pierce an elemental capturer for 4 points of damage.
[Mon Aug 03 01:30:40 2026] an elemental capturer's limbs move slower!
[Mon Aug 03 01:30:40 2026] You try to slash an elemental capturer, but miss!
[Mon Aug 03 01:30:41 2026] A rock golem hits YOU for 71 points of damage.
[Mon Aug 03 01:30:41 2026] You hit an elemental capturer for 53 points of poison damage by Asp Venom Strike.
[Mon Aug 03 01:30:41 2026] An elemental capturer screams as poison burns their veins!
[Mon Aug 03 01:30:41 2026] You pierce a rock golem for 11 points of damage.
[Mon Aug 03 01:30:41 2026] You pierce an elemental capturer for 11 points of damage.
[Mon Aug 03 01:30:41 2026] You pierce a rock golem for 11 points of damage.
[Mon Aug 03 01:30:41 2026] You pierce an elemental capturer for 11 points of damage.
[Mon Aug 03 01:30:41 2026] You try to backstab an elemental capturer, but an elemental capturer parries!
[Mon Aug 03 01:30:41 2026] You slash a rock golem for 33 points of damage.
[Mon Aug 03 01:30:41 2026] You slash an elemental capturer for 33 points of damage.
[Mon Aug 03 01:30:41 2026] You slash a rock golem for 38 points of damage.
[Mon Aug 03 01:30:41 2026] You slash an elemental capturer for 38 points of damage.
[Mon Aug 03 01:30:42 2026] You hurt yourself for 3 points.
[Mon Aug 03 01:30:42 2026] You bash a rock golem for 23 points of damage.
[Mon Aug 03 01:30:42 2026] You bash an elemental capturer for 23 points of damage.
[Mon Aug 03 01:30:42 2026] You try to bash an elemental capturer, but miss!
[Mon Aug 03 01:30:42 2026] You try to kick an elemental capturer, but miss!
[Mon Aug 03 01:30:42 2026] An elemental capturer tries to hit YOU, but YOU dodge!
[Mon Aug 03 01:30:42 2026] You try to frenzy on an elemental capturer, but miss!
[Mon Aug 03 01:30:42 2026] You try to frenzy on an elemental capturer, but miss!
[Mon Aug 03 01:30:42 2026] You gain a rune for 8 points of absorption.
[Mon Aug 03 01:30:42 2026] You pierce a rock golem for 29 points of damage.
[Mon Aug 03 01:30:42 2026] You pierce an elemental capturer for 29 points of damage. (Critical)
[Mon Aug 03 01:30:42 2026] You pierce a rock golem for 12 points of damage.
[Mon Aug 03 01:30:42 2026] You pierce an elemental capturer for 12 points of damage.
[Mon Aug 03 01:30:42 2026] A rock golem tries to kick YOU, but misses!
[Mon Aug 03 01:30:42 2026] A rock golem kicks YOU for 49 points of damage.
[Mon Aug 03 01:30:42 2026] You slash a rock golem for 38 points of damage.
[Mon Aug 03 01:30:42 2026] You slash an elemental capturer for 38 points of damage.
[Mon Aug 03 01:30:42 2026] You try to smite an elemental capturer, but miss!
[Mon Aug 03 01:30:42 2026] You smite a rock golem for 21 points of damage.
[Mon Aug 03 01:30:42 2026] You smite an elemental capturer for 21 points of damage.
[Mon Aug 03 01:30:42 2026] You hit an elemental capturer for 119 points of magic damage by Smiting Strike.
[Mon Aug 03 01:30:42 2026] An elemental capturer staggers.
[Mon Aug 03 01:30:42 2026] A rock golem bashes YOU for 33 points of damage.
[Mon Aug 03 01:30:43 2026] An elemental capturer tries to hit YOU, but misses!
[Mon Aug 03 01:30:43 2026] You try to pierce an elemental capturer, but miss!
[Mon Aug 03 01:30:43 2026] You try to pierce an elemental capturer, but miss!
[Mon Aug 03 01:30:43 2026] You try to slash an elemental capturer, but an elemental capturer dodges!
[Mon Aug 03 01:30:43 2026] You slash a rock golem for 38 points of damage.
[Mon Aug 03 01:30:43 2026] You slash an elemental capturer for 38 points of damage.
[Mon Aug 03 01:30:44 2026] A rock golem cleaves YOU for 71 points of damage.
[Mon Aug 03 01:30:44 2026] You pierce a rock golem for 31 points of damage.
[Mon Aug 03 01:30:44 2026] You pierce an elemental capturer for 31 points of damage.
[Mon Aug 03 01:30:44 2026] You try to pierce an elemental capturer, but miss!
[Mon Aug 03 01:30:44 2026] You slash a rock golem for 53 points of damage.
[Mon Aug 03 01:30:44 2026] You slash an elemental capturer for 53 points of damage.
[Mon Aug 03 01:30:45 2026] You hurt yourself for 3 points.
[Mon Aug 03 01:30:45 2026] You bash a rock golem for 27 points of damage.
[Mon Aug 03 01:30:45 2026] You bash an elemental capturer for 27 points of damage.
[Mon Aug 03 01:30:45 2026] You hurt yourself for 8 points.
[Mon Aug 03 01:30:45 2026] You backstab a rock golem for 60 points of damage.
[Mon Aug 03 01:30:45 2026] You backstab an elemental capturer for 60 points of damage.
[Mon Aug 03 01:30:45 2026] You hurt yourself for 6 points.
[Mon Aug 03 01:30:45 2026] You backstab a rock golem for 51 points of damage.
[Mon Aug 03 01:30:45 2026] You backstab an elemental capturer for 51 points of damage.
[Mon Aug 03 01:30:45 2026] You hurt yourself for 2 points.
[Mon Aug 03 01:30:45 2026] You kick a rock golem for 17 points of damage.
[Mon Aug 03 01:30:45 2026] You kick an elemental capturer for 17 points of damage.
[Mon Aug 03 01:30:45 2026] You try to pierce an elemental capturer, but miss!
[Mon Aug 03 01:30:45 2026] You try to pierce an elemental capturer, but miss!
[Mon Aug 03 01:30:45 2026] You slash a rock golem for 76 points of damage.
[Mon Aug 03 01:30:45 2026] You slash an elemental capturer for 76 points of damage.
[Mon Aug 03 01:30:45 2026] You try to slash an elemental capturer, but miss!
[Mon Aug 03 01:30:45 2026] A rock golem tries to hit YOU, but misses!
[Mon Aug 03 01:30:45 2026] A rock golem hits YOU for 117 points of damage.
[Mon Aug 03 01:30:46 2026] A rock golem has taken 47 damage from your Blood Siphon Strike.
[Mon Aug 03 01:30:46 2026] You healed Primitive for 47 hit points by Blood Siphon Strike.
[Mon Aug 03 01:30:46 2026] You slash a rock golem for 38 points of damage.
[Mon Aug 03 01:30:46 2026] You slash an elemental capturer for 38 points of damage.
[Mon Aug 03 01:30:46 2026] You try to pierce an elemental capturer, but miss!
[Mon Aug 03 01:30:47 2026] An elemental capturer tries to hit YOU, but misses!
[Mon Aug 03 01:30:47 2026] An elemental capturer tries to hit YOU, but misses!
[Mon Aug 03 01:30:47 2026] You try to slash an elemental capturer, but an elemental capturer parries!
[Mon Aug 03 01:30:47 2026] You pierce a rock golem for 18 points of damage.
[Mon Aug 03 01:30:47 2026] You pierce an elemental capturer for 18 points of damage.
[Mon Aug 03 01:30:48 2026] You hurt yourself for 3 points.
[Mon Aug 03 01:30:48 2026] You frenzy on a rock golem for 24 points of damage.
[Mon Aug 03 01:30:48 2026] You frenzy on an elemental capturer for 24 points of damage.
[Mon Aug 03 01:30:48 2026] You try to frenzy on an elemental capturer, but miss!
[Mon Aug 03 01:30:48 2026] You try to frenzy on an elemental capturer, but miss!
[Mon Aug 03 01:30:48 2026] You hurt yourself for 3 points.
[Mon Aug 03 01:30:48 2026] You gain a rune for 14 points of absorption.
[Mon Aug 03 01:30:48 2026] You frenzy on a rock golem for 48 points of damage.
[Mon Aug 03 01:30:48 2026] You frenzy on an elemental capturer for 48 points of damage. (Critical)
[Mon Aug 03 01:30:48 2026] You try to frenzy on an elemental capturer, but an elemental capturer parries!
[Mon Aug 03 01:30:48 2026] You try to slash an elemental capturer, but miss!
[Mon Aug 03 01:30:48 2026] You slash a rock golem for 47 points of damage.
[Mon Aug 03 01:30:48 2026] You slash an elemental capturer for 47 points of damage.
[Mon Aug 03 01:30:48 2026] You try to smite an elemental capturer, but miss!
[Mon Aug 03 01:30:48 2026] You try to smite an elemental capturer, but an elemental capturer dodges!
[Mon Aug 03 01:30:48 2026] You gain a rune for 11 points of absorption.
[Mon Aug 03 01:30:48 2026] You pierce a rock golem for 39 points of damage.
[Mon Aug 03 01:30:48 2026] You pierce an elemental capturer for 39 points of damage. (Critical)
[Mon Aug 03 01:30:48 2026] You pierce a rock golem for 15 points of damage.
[Mon Aug 03 01:30:48 2026] You pierce an elemental capturer for 15 points of damage.
[Mon Aug 03 01:30:48 2026] An elemental capturer hits YOU for 20 points of damage. (Riposte)
[Mon Aug 03 01:30:48 2026] You try to kick an elemental capturer, but miss!
[Mon Aug 03 01:30:48 2026] You hurt yourself for 2 points.
[Mon Aug 03 01:30:48 2026] You kick a rock golem for 17 points of damage.
[Mon Aug 03 01:30:48 2026] You kick an elemental capturer for 17 points of damage.
[Mon Aug 03 01:30:49 2026] an elemental capturer begins to bleed profusely!
[Mon Aug 03 01:30:49 2026] You slash a rock golem for 24 points of damage.
[Mon Aug 03 01:30:49 2026] You slash an elemental capturer for 24 points of damage.
[Mon Aug 03 01:30:49 2026] You hurt yourself for 12 points.
[Mon Aug 03 01:30:49 2026] You backstab a rock golem for 92 points of damage.
[Mon Aug 03 01:30:49 2026] You backstab an elemental capturer for 92 points of damage.
[Mon Aug 03 01:30:49 2026] You hurt yourself for 4 points.
[Mon Aug 03 01:30:49 2026] You backstab a rock golem for 32 points of damage.
[Mon Aug 03 01:30:49 2026] You backstab an elemental capturer for 32 points of damage.
[Mon Aug 03 01:30:49 2026] an elemental capturer begins to bleed profusely!
[Mon Aug 03 01:30:49 2026] A rock golem hits YOU for 71 points of damage.
[Mon Aug 03 01:30:50 2026] You try to slash an elemental capturer, but miss!
[Mon Aug 03 01:30:50 2026] You slash a rock golem for 55 points of damage.
[Mon Aug 03 01:30:50 2026] You slash an elemental capturer for 55 points of damage.
[Mon Aug 03 01:30:50 2026] You try to pierce an elemental capturer, but miss!
[Mon Aug 03 01:30:50 2026] A rock golem ceases protecting an elemental capturer.
[Mon Aug 03 01:30:50 2026] An elemental capturer hits YOU for 18 points of damage.
[Mon Aug 03 01:30:50 2026] An elemental capturer hits YOU for 82 points of damage.
[Mon Aug 03 01:30:51 2026] Your will is not sufficient to command this weapon.
[Mon Aug 03 01:30:51 2026] You slash an elemental capturer for 39 points of damage.
[Mon Aug 03 01:30:51 2026] You pierce an elemental capturer for 58 points of damage.
[Mon Aug 03 01:30:51 2026] You hurt yourself for 3 points.
[Mon Aug 03 01:30:51 2026] You bash an elemental capturer for 45 points of damage.
[Mon Aug 03 01:30:51 2026] You hurt yourself for 3 points.
[Mon Aug 03 01:30:51 2026] You bash an elemental capturer for 47 points of damage.
[Mon Aug 03 01:30:51 2026] You try to kick an elemental capturer, but an elemental capturer parries!
[Mon Aug 03 01:30:51 2026] You hurt yourself for 2 points.
[Mon Aug 03 01:30:51 2026] You kick an elemental capturer for 35 points of damage.
[Mon Aug 03 01:30:52 2026] You slash an elemental capturer for 138 points of damage.
[Mon Aug 03 01:30:52 2026] A rock golem has taken 47 damage from your Blood Siphon Strike.
[Mon Aug 03 01:30:52 2026] You healed Primitive for 47 hit points by Blood Siphon Strike.
[Mon Aug 03 01:30:52 2026] An elemental capturer has taken 47 damage from your Blood Siphon Strike.
[Mon Aug 03 01:30:52 2026] You healed Primitive for 47 hit points by Blood Siphon Strike.
[Mon Aug 03 01:30:53 2026] Your will is not sufficient to command this weapon.
[Mon Aug 03 01:30:53 2026] You try to slash an elemental capturer, but miss!
[Mon Aug 03 01:30:53 2026] You hurt yourself for 4 points.
[Mon Aug 03 01:30:53 2026] You backstab an elemental capturer for 31 points of damage.
[Mon Aug 03 01:30:53 2026] Your faction standing with Minions of Underfoot could not possibly get any worse.
[Mon Aug 03 01:30:53 2026] You have gained 2 ability point(s)!  You now have 3 ability point(s).
[Mon Aug 03 01:30:53 2026] You gain experience! (1.955%)
[Mon Aug 03 01:30:53 2026] You receive 5 platinum, 4 gold and 3 copper from the corpse.
[Mon Aug 03 01:30:53 2026] You have slain an elemental capturer!
