[Tue Aug 04 00:25:25 2026] Master of Spite tries to slash YOU, but misses!
[Tue Aug 04 00:25:25 2026] You pierce Master of Spite for 23 points of damage.
[Tue Aug 04 00:25:25 2026] Master of Spite tries to slash YOU, but YOU block!
[Tue Aug 04 00:25:25 2026] You hurt yourself for 4 points.
[Tue Aug 04 00:25:25 2026] You backstab Master of Spite for 67 points of damage.
[Tue Aug 04 00:25:25 2026] You try to backstab Master of Spite, but miss!
[Tue Aug 04 00:25:26 2026] You have gained the ability "Burst of Power" at a cost of 3 ability points.
[Tue Aug 04 00:25:26 2026] You have improved Burst of Power 2 at a cost of 6 ability points.
[Tue Aug 04 00:25:26 2026] Master of Spite kicks YOU for 104 points of damage.
[Tue Aug 04 00:25:26 2026] Master of Spite kicks YOU for 139 points of damage.
[Tue Aug 04 00:25:26 2026] You try to slash Master of Spite, but miss!
[Tue Aug 04 00:25:26 2026] You try to bash Master of Spite, but Master of Spite dodges!
[Tue Aug 04 00:25:26 2026] You smite Master of Spite for 24 points of damage.
[Tue Aug 04 00:25:26 2026] You hit Master of Spite for 151 points of magic damage by Smiting Strike.
[Tue Aug 04 00:25:26 2026] Master of Spite staggers.
[Tue Aug 04 00:25:26 2026] You try to smite Master of Spite, but miss!
[Tue Aug 04 00:25:26 2026] You try to pierce Master of Spite, but miss!
[Tue Aug 04 00:25:26 2026] You pierce Master of Spite for 23 points of damage.
[Tue Aug 04 00:25:27 2026] You kick Master of Spite for 3 points of damage.
[Tue Aug 04 00:25:27 2026] You hurt yourself for 4 points.
[Tue Aug 04 00:25:27 2026] You frenzy on Master of Spite for 73 points of damage.
[Tue Aug 04 00:25:27 2026] You try to frenzy on Master of Spite, but miss!
[Tue Aug 04 00:25:27 2026] You hurt yourself for 3 points.
[Tue Aug 04 00:25:27 2026] You frenzy on Master of Spite for 57 points of damage.
[Tue Aug 04 00:25:27 2026] You try to frenzy on Master of Spite, but miss!
[Tue Aug 04 00:25:27 2026] You try to frenzy on Master of Spite, but miss!
[Tue Aug 04 00:25:27 2026] You hurt yourself for 2 points.
[Tue Aug 04 00:25:27 2026] You frenzy on Master of Spite for 40 points of damage.
[Tue Aug 04 00:25:27 2026] You try to slash Master of Spite, but miss!
[Tue Aug 04 00:25:27 2026] You slash Master of Spite for 113 points of damage.
[Tue Aug 04 00:25:27 2026] You try to pierce Master of Spite, but Master of Spite blocks!
[Tue Aug 04 00:25:28 2026] You gain a rune for 16 points of absorption.
[Tue Aug 04 00:25:28 2026] You slash Master of Spite for 113 points of damage. (Critical)
[Tue Aug 04 00:25:28 2026] You slash Master of Spite for 153 points of damage.
[Tue Aug 04 00:25:28 2026] Master of Spite slashes YOU for 170 points of damage.
[Tue Aug 04 00:25:28 2026] Master of Spite slashes YOU for 104 points of damage.
[Tue Aug 04 00:25:28 2026] You slash Master of Spite for 138 points of damage.
[Tue Aug 04 00:25:28 2026] You try to slash Master of Spite, but Master of Spite dodges!
[Tue Aug 04 00:25:29 2026] You try to backstab Master of Spite, but miss!
[Tue Aug 04 00:25:29 2026] Master of Spite slashes YOU for 49 points of damage. (Riposte)
[Tue Aug 04 00:25:29 2026] You hurt yourself for 3 points.
[Tue Aug 04 00:25:29 2026] You bash Master of Spite for 45 points of damage.
[Tue Aug 04 00:25:29 2026] You slash Master of Spite for 80 points of damage.
[Tue Aug 04 00:25:29 2026] You slash Master of Spite for 17 points of damage.
[Tue Aug 04 00:25:29 2026] You try to kick Master of Spite, but miss!
[Tue Aug 04 00:25:29 2026] You pierce Master of Spite for 59 points of damage.
[Tue Aug 04 00:25:29 2026] You gain a rune for 9 points of absorption.
[Tue Aug 04 00:25:29 2026] You pierce Master of Spite for 62 points of damage. (Critical)
[Tue Aug 04 00:25:30 2026] You slash Master of Spite for 99 points of damage.
[Tue Aug 04 00:25:30 2026] Master of Spite has taken 82 damage from your Blood Draw Strike.
[Tue Aug 04 00:25:30 2026] You healed Primitive for 82 hit points by Blood Draw Strike.
[Tue Aug 04 00:25:31 2026] You slash Master of Spite for 31 points of damage.
[Tue Aug 04 00:25:31 2026] You try to slash Master of Spite, but miss!
[Tue Aug 04 00:25:31 2026] You smite Master of Spite for 1 point of damage.
[Tue Aug 04 00:25:31 2026] You hit Master of Spite for 151 points of magic damage by Smiting Strike.
[Tue Aug 04 00:25:31 2026] Master of Spite staggers.
[Tue Aug 04 00:25:31 2026] Master of Spite tries to slash YOU, but misses!
[Tue Aug 04 00:25:31 2026] You try to pierce Master of Spite, but miss!
[Tue Aug 04 00:25:31 2026] You bash Master of Spite for 5 points of damage.
[Tue Aug 04 00:25:31 2026] You slash Master of Spite for 51 points of damage.
[Tue Aug 04 00:25:31 2026] You slash Master of Spite for 59 points of damage.
[Tue Aug 04 00:25:32 2026] You try to frenzy on Master of Spite, but Master of Spite blocks!
[Tue Aug 04 00:25:32 2026] You try to pierce Master of Spite, but Master of Spite dodges!
[Tue Aug 04 00:25:32 2026] You try to backstab Master of Spite, but miss!
[Tue Aug 04 00:25:32 2026] You try to backstab Master of Spite, but miss!
[Tue Aug 04 00:25:32 2026] You kick Master of Spite for 7 points of damage.
[Tue Aug 04 00:25:32 2026] You slash Master of Spite for 155 points of damage.
[Tue Aug 04 00:25:33 2026] You try to pierce Master of Spite, but Master of Spite dodges!
[Tue Aug 04 00:25:33 2026] You try to slash Master of Spite, but Master of Spite blocks!
[Tue Aug 04 00:25:33 2026] You slash Master of Spite for 106 points of damage.
[Tue Aug 04 00:25:34 2026] You pierce Master of Spite for 21 points of damage.
[Tue Aug 04 00:25:34 2026] Master of Spite tries to slash YOU, but misses!
[Tue Aug 04 00:25:34 2026] Master of Spite tries to slash YOU, but YOU block!
[Tue Aug 04 00:25:34 2026] You slash Master of Spite for 59 points of damage.
[Tue Aug 04 00:25:34 2026] You gain a rune for 6 points of absorption.
[Tue Aug 04 00:25:34 2026] You bash Master of Spite for 45 points of damage. (Critical)
[Tue Aug 04 00:25:34 2026] You hurt yourself for 3 points.
[Tue Aug 04 00:25:34 2026] You gain a rune for 14 points of absorption.
[Tue Aug 04 00:25:34 2026] You bash Master of Spite for 99 points of damage. (Critical)
[Tue Aug 04 00:25:34 2026] You gain a rune for 7 points of absorption.
[Tue Aug 04 00:25:34 2026] You pierce Master of Spite for 49 points of damage. (Critical)
[Tue Aug 04 00:25:34 2026] You pierce Master of Spite for 30 points of damage.
[Tue Aug 04 00:25:35 2026] You try to slash Master of Spite, but Master of Spite blocks!
[Tue Aug 04 00:25:35 2026] You slash Master of Spite for 14 points of damage.
[Tue Aug 04 00:25:35 2026] You gain a rune for 11 points of absorption.
[Tue Aug 04 00:25:35 2026] You slash Master of Spite for 77 points of damage. (Critical)
[Tue Aug 04 00:25:35 2026] You slash Master of Spite for 155 points of damage. (Flurry)
[Tue Aug 04 00:25:35 2026] You slash Master of Spite for 14 points of damage. (Flurry)
[Tue Aug 04 00:25:35 2026] You kick Master of Spite for 6 points of damage.
[Tue Aug 04 00:25:35 2026] You kick Master of Spite for 12 points of damage.
[Tue Aug 04 00:25:35 2026] You try to pierce Master of Spite, but miss!
[Tue Aug 04 00:25:35 2026] You try to pierce Master of Spite, but miss!
[Tue Aug 04 00:25:35 2026] You hurt yourself for 3 points.
[Tue Aug 04 00:25:35 2026] You backstab Master of Spite for 58 points of damage.
[Tue Aug 04 00:25:35 2026] You slash Master of Spite for 80 points of damage.
[Tue Aug 04 00:25:36 2026] You smite Master of Spite for 2 points of damage.
[Tue Aug 04 00:25:36 2026] You hit Master of Spite for 151 points of magic damage by Smiting Strike.
[Tue Aug 04 00:25:36 2026] Master of Spite staggers.
[Tue Aug 04 00:25:36 2026] You pierce Master of Spite for 12 points of damage.
[Tue Aug 04 00:25:36 2026] This spell only works on the undead.
[Tue Aug 04 00:25:36 2026] You try to slash Master of Spite, but miss!
[Tue Aug 04 00:25:36 2026] Master of Spite has taken 82 damage from your Blood Draw Strike.
[Tue Aug 04 00:25:36 2026] You healed Primitive for 82 hit points by Blood Draw Strike.
[Tue Aug 04 00:25:37 2026] You try to frenzy on Master of Spite, but miss!
[Tue Aug 04 00:25:37 2026] You try to frenzy on Master of Spite, but miss!
[Tue Aug 04 00:25:37 2026] You try to frenzy on Master of Spite, but Master of Spite blocks!
[Tue Aug 04 00:25:37 2026] You hurt yourself for 4 points.
[Tue Aug 04 00:25:37 2026] You frenzy on Master of Spite for 68 points of damage.
[Tue Aug 04 00:25:37 2026] You hurt yourself for 3 points.
[Tue Aug 04 00:25:37 2026] You bash Master of Spite for 55 points of damage.
[Tue Aug 04 00:25:37 2026] Master of Spite slashes YOU for 119 points of damage.
[Tue Aug 04 00:25:37 2026] Master of Spite tries to slash YOU, but misses!
[Tue Aug 04 00:25:37 2026] You gain a rune for 11 points of absorption.
[Tue Aug 04 00:25:37 2026] You slash Master of Spite for 77 points of damage. (Critical)
[Tue Aug 04 00:25:38 2026] You try to kick Master of Spite, but miss!
[Tue Aug 04 00:25:38 2026] You try to kick Master of Spite, but miss!
[Tue Aug 04 00:25:38 2026] You try to pierce Master of Spite, but miss!
[Tue Aug 04 00:25:38 2026] You gain a rune for 20 points of absorption.
[Tue Aug 04 00:25:38 2026] You slash Master of Spite for 136 points of damage. (Critical)
[Tue Aug 04 00:25:38 2026] You slash Master of Spite for 59 points of damage.
[Tue Aug 04 00:25:38 2026] Master of Spite kicks YOU for 120 points of damage.
[Tue Aug 04 00:25:38 2026] Master of Spite kicks YOU for 135 points of damage.
[Tue Aug 04 00:25:39 2026] You try to pierce Master of Spite, but miss!
[Tue Aug 04 00:25:39 2026] You try to slash Master of Spite, but Master of Spite blocks!
[Tue Aug 04 00:25:39 2026] You try to backstab Master of Spite, but miss!
[Tue Aug 04 00:25:39 2026] You hurt yourself for 3 points.
[Tue Aug 04 00:25:39 2026] You gain a rune for 22 points of absorption.
[Tue Aug 04 00:25:39 2026] You backstab Master of Spite for 148 points of damage. (Critical)
[Tue Aug 04 00:25:39 2026] You hurt yourself for 1 points.
[Tue Aug 04 00:25:39 2026] You gain a rune for 7 points of absorption.
[Tue Aug 04 00:25:39 2026] You bash Master of Spite for 52 points of damage. (Critical)
[Tue Aug 04 00:25:39 2026] You pierce Master of Spite for 15 points of damage.
[Tue Aug 04 00:25:40 2026] You gain a rune for 19 points of absorption.
[Tue Aug 04 00:25:40 2026] You slash Master of Spite for 131 points of damage. (Critical)
[Tue Aug 04 00:25:40 2026] Master of Spite slashes YOU for 145 points of damage.
[Tue Aug 04 00:25:40 2026] Master of Spite tries to slash YOU, but misses!
[Tue Aug 04 00:25:40 2026] You hurt yourself for 1 points.
[Tue Aug 04 00:25:40 2026] You gain a rune for 6 points of absorption.
[Tue Aug 04 00:25:40 2026] You kick Master of Spite for 40 points of damage. (Critical)
[Tue Aug 04 00:25:40 2026] You gain a rune for 11 points of absorption.
[Tue Aug 04 00:25:40 2026] You slash Master of Spite for 77 points of damage. (Critical)
[Tue Aug 04 00:25:41 2026] You try to smite Master of Spite, but Master of Spite dodges!
[Tue Aug 04 00:25:41 2026] You try to smite Master of Spite, but miss!
[Tue Aug 04 00:25:41 2026] You slash Master of Spite for 35 points of damage.
[Tue Aug 04 00:25:41 2026] You slash Master of Spite for 80 points of damage.
[Tue Aug 04 00:25:41 2026] You try to frenzy on Master of Spite, but Master of Spite dodges!
[Tue Aug 04 00:25:41 2026] You try to frenzy on Master of Spite, but miss!
[Tue Aug 04 00:25:41 2026] You hurt yourself for 2 points.
[Tue Aug 04 00:25:41 2026] You frenzy on Master of Spite for 41 points of damage.
[Tue Aug 04 00:25:41 2026] You try to frenzy on Master of Spite, but miss!
[Tue Aug 04 00:25:42 2026] You hurt yourself for 6 points.
[Tue Aug 04 00:25:42 2026] You bash Master of Spite for 97 points of damage.
[Tue Aug 04 00:25:42 2026] You slash Master of Spite for 80 points of damage.
[Tue Aug 04 00:25:42 2026] You try to slash Master of Spite, but miss!
[Tue Aug 04 00:25:42 2026] You hurt yourself for 9 points.
[Tue Aug 04 00:25:42 2026] You backstab Master of Spite for 135 points of damage.
[Tue Aug 04 00:25:43 2026] Master of Spite has taken 82 damage from your Blood Draw Strike.
[Tue Aug 04 00:25:43 2026] You healed Primitive for 82 hit points by Blood Draw Strike.
[Tue Aug 04 00:25:43 2026] Master of Spite slashes YOU for 196 points of damage.
[Tue Aug 04 00:25:43 2026] Your target is immune to the stun portion of this effect.
[Tue Aug 04 00:25:43 2026] Master of Spite begins to sway!
[Tue Aug 04 00:25:43 2026] You try to pierce Master of Spite, but miss!
[Tue Aug 04 00:25:43 2026] You try to slash Master of Spite, but miss!
[Tue Aug 04 00:25:43 2026] You try to kick Master of Spite, but miss!
[Tue Aug 04 00:25:43 2026] You try to kick Master of Spite, but miss!
[Tue Aug 04 00:25:44 2026] You gain a rune for 25 points of absorption.
[Tue Aug 04 00:25:44 2026] You slash Master of Spite for 167 points of damage. (Critical)
[Tue Aug 04 00:25:44 2026] You slash Master of Spite for 77 points of damage.
[Tue Aug 04 00:25:44 2026] You pierce Master of Spite for 6 points of damage.
[Tue Aug 04 00:25:44 2026] You pierce Master of Spite for 8 points of damage.
[Tue Aug 04 00:25:44 2026] You gain a rune for 31 points of absorption.
[Tue Aug 04 00:25:44 2026] You slash Master of Spite for 209 points of damage. (Critical)
[Tue Aug 04 00:25:44 2026] You try to slash Master of Spite, but miss!
[Tue Aug 04 00:25:44 2026] You try to pierce Master of Spite, but miss!
[Tue Aug 04 00:25:44 2026] You try to pierce Master of Spite, but miss!
[Tue Aug 04 00:25:45 2026] You hurt yourself for 3 points.
[Tue Aug 04 00:25:45 2026] You bash Master of Spite for 52 points of damage.
[Tue Aug 04 00:25:45 2026] Your target is too far away, get closer!
[Tue Aug 04 00:25:45 2026] Your target is too far away, get closer!
[Tue Aug 04 00:25:46 2026] You gain a rune for 21 points of absorption.
[Tue Aug 04 00:25:46 2026] You slash Master of Spite for 141 points of damage. (Critical)
[Tue Aug 04 00:25:46 2026] You pierce Master of Spite for 26 points of damage.
[Tue Aug 04 00:25:46 2026] You try to backstab Master of Spite, but miss!
[Tue Aug 04 00:25:46 2026] You try to kick Master of Spite, but miss!
[Tue Aug 04 00:25:46 2026] You hurt yourself for 1 points.
[Tue Aug 04 00:25:46 2026] You kick Master of Spite for 18 points of damage.
[Tue Aug 04 00:25:46 2026] You smite Master of Spite for 24 points of damage.
[Tue Aug 04 00:25:46 2026] You hit Master of Spite for 151 points of magic damage by Smiting Strike.
[Tue Aug 04 00:25:46 2026] Master of Spite staggers.
[Tue Aug 04 00:25:46 2026] You frenzy on Master of Spite for 6 points of damage.
[Tue Aug 04 00:25:46 2026] You hurt yourself for 6 points.
[Tue Aug 04 00:25:46 2026] You frenzy on Master of Spite for 98 points of damage.
[Tue Aug 04 00:25:46 2026] You hurt yourself for 3 points.
[Tue Aug 04 00:25:46 2026] You gain a rune for 13 points of absorption.
[Tue Aug 04 00:25:46 2026] You frenzy on Master of Spite for 88 points of damage. (Critical)
[Tue Aug 04 00:25:46 2026] You hurt yourself for 3 points.
[Tue Aug 04 00:25:46 2026] You frenzy on Master of Spite for 57 points of damage.
[Tue Aug 04 00:25:46 2026] You try to frenzy on Master of Spite, but miss!
[Tue Aug 04 00:25:46 2026] You try to frenzy on Master of Spite, but miss!
[Tue Aug 04 00:25:47 2026] You try to slash Master of Spite, but miss!
[Tue Aug 04 00:25:47 2026] You slash Master of Spite for 45 points of damage.
[Tue Aug 04 00:25:47 2026] You try to pierce Master of Spite, but miss!
[Tue Aug 04 00:25:47 2026] You hurt yourself for 2 points.
[Tue Aug 04 00:25:47 2026] You bash Master of Spite for 36 points of damage.
[Tue Aug 04 00:25:47 2026] You hurt yourself for 3 points.
[Tue Aug 04 00:25:47 2026] You bash Master of Spite for 55 points of damage.
[Tue Aug 04 00:25:47 2026] You slash Master of Spite for 45 points of damage.
[Tue Aug 04 00:25:48 2026] You slash Master of Spite for 80 points of damage.
[Tue Aug 04 00:25:48 2026] You pierce Master of Spite for 30 points of damage.
[Tue Aug 04 00:25:48 2026] You pierce Master of Spite for 30 points of damage.
[Tue Aug 04 00:25:49 2026] Master of Spite has taken 82 damage from your Blood Draw Strike.
[Tue Aug 04 00:25:49 2026] You healed Primitive for 82 hit points by Blood Draw Strike.
[Tue Aug 04 00:25:49 2026] You hurt yourself for 2 points.
[Tue Aug 04 00:25:49 2026] You kick Master of Spite for 30 points of damage.
[Tue Aug 04 00:25:49 2026] You hurt yourself for 1 points.
[Tue Aug 04 00:25:49 2026] You gain a rune for 7 points of absorption.
[Tue Aug 04 00:25:49 2026] You kick Master of Spite for 52 points of damage. (Critical)
[Tue Aug 04 00:25:49 2026] Master of Spite's fingers slow down.
[Tue Aug 04 00:25:49 2026] You slash Master of Spite for 97 points of damage.
[Tue Aug 04 00:25:49 2026] You hurt yourself for 5 points.
[Tue Aug 04 00:25:49 2026] You backstab Master of Spite for 77 points of damage.
[Tue Aug 04 00:25:49 2026] You hurt yourself for 5 points.
[Tue Aug 04 00:25:49 2026] You backstab Master of Spite for 86 points of damage.
[Tue Aug 04 00:25:50 2026] You hurt yourself for 3 points.
[Tue Aug 04 00:25:50 2026] You bash Master of Spite for 55 points of damage.
[Tue Aug 04 00:25:50 2026] You try to bash Master of Spite, but miss!
[Tue Aug 04 00:25:50 2026] Master of Spite's fingers slow down.
[Tue Aug 04 00:25:50 2026] You slash Master of Spite for 155 points of damage.
[Tue Aug 04 00:25:51 2026] You slash Master of Spite for 122 points of damage.
[Tue Aug 04 00:25:51 2026] You slash Master of Spite for 55 points of damage.
[Tue Aug 04 00:25:51 2026] You smite Master of Spite for 38 points of damage.
[Tue Aug 04 00:25:51 2026] You hit Master of Spite for 151 points of magic damage by Smiting Strike.
[Tue Aug 04 00:25:51 2026] Master of Spite staggers.
[Tue Aug 04 00:25:51 2026] You try to smite Master of Spite, but miss!
[Tue Aug 04 00:25:51 2026] You try to pierce Master of Spite, but miss!
[Tue Aug 04 00:25:51 2026] You gain a rune for 8 points of absorption.
[Tue Aug 04 00:25:51 2026] You pierce Master of Spite for 59 points of damage. (Critical)
[Tue Aug 04 00:25:51 2026] You hurt yourself for 3 points.
[Tue Aug 04 00:25:51 2026] You frenzy on Master of Spite for 57 points of damage.
[Tue Aug 04 00:25:51 2026] You try to frenzy on Master of Spite, but miss!
[Tue Aug 04 00:25:51 2026] You hurt yourself for 3 points.
[Tue Aug 04 00:25:51 2026] You gain a rune for 14 points of absorption.
[Tue Aug 04 00:25:51 2026] You frenzy on Master of Spite for 97 points of damage. (Critical)
[Tue Aug 04 00:25:51 2026] You hurt yourself for 2 points.
[Tue Aug 04 00:25:51 2026] You kick Master of Spite for 33 points of damage.
[Tue Aug 04 00:25:51 2026] You kick Master of Spite for 11 points of damage.
[Tue Aug 04 00:25:51 2026] You slash Master of Spite for 102 points of damage.
[Tue Aug 04 00:25:51 2026] You gain a rune for 18 points of absorption.
[Tue Aug 04 00:25:51 2026] You slash Master of Spite for 123 points of damage. (Critical)
[Tue Aug 04 00:25:52 2026] You pierce Master of Spite for 30 points of damage.
[Tue Aug 04 00:25:52 2026] You pierce Master of Spite for 42 points of damage.
[Tue Aug 04 00:25:52 2026] You hit Master of Spite for 144 points of poison damage by Blood Draw Strike. (Critical)
[Tue Aug 04 00:25:52 2026] Master of Spite begins to bleed profusely!
[Tue Aug 04 00:25:52 2026] You slash Master of Spite for 29 points of damage.
[Tue Aug 04 00:25:52 2026] Your faction standing with Inhabitants of Hate could not possibly get any worse.
[Tue Aug 04 00:25:52 2026] You gain experience! (1.880%)
[Tue Aug 04 00:25:52 2026] You receive 7 platinum and 7 silver from the corpse.
[Tue Aug 04 00:25:52 2026] You have slain Master of Spite!
[Tue Aug 04 00:25:52 2026] You looted a Rune Etched Greaves from Master of Spite's corpse and sold it for free.
[Tue Aug 04 00:25:52 2026] You looted a Rune Etched Boots from Master of Spite's corpse and sold it for free.
[Tue Aug 04 00:25:54 2026] Your vulnerability fades.
[Tue Aug 04 00:26:06 2026] You looted a Gardash from Master of Spite's corpse and sold it for free.
[Tue Aug 04 00:26:13 2026] Your Djarn's Amethyst Ring (Exaltation) shimmers briefly.
[Tue Aug 04 00:26:13 2026] You begin casting Superior Healing IV.
[Tue Aug 04 00:26:13 2026] Your Idol of the Underking (Exaltation) feels alive with power.
[Tue Aug 04 00:26:13 2026] You feel much better.
[Tue Aug 04 00:26:13 2026] You healed Primitive for 1660 (1751) hit points by Superior Healing. (Critical)
[Tue Aug 04 00:26:23 2026] You begin casting Ethereal Cleansing.
[Tue Aug 04 00:26:23 2026] Ethereal light pumps through your body.
[Tue Aug 04 00:26:24 2026] Auto attack is on.
[Tue Aug 04 00:26:24 2026] Your target is too far away, get closer!
[Tue Aug 04 00:26:25 2026] Your target is too far away, get closer!
[Tue Aug 04 00:26:26 2026] You slash Grandmaster R`tal for 88 points of damage.
[Tue Aug 04 00:26:26 2026] Grandmaster R`tal punches YOU for 131 points of damage.
[Tue Aug 04 00:26:26 2026] Grandmaster R`tal tries to punch YOU, but misses!
[Tue Aug 04 00:26:26 2026] Grandmaster R`tal kicks YOU for 115 points of damage.
[Tue Aug 04 00:26:26 2026] Grandmaster R`tal tries to kick YOU, but misses!
[Tue Aug 04 00:26:26 2026] You pierce Grandmaster R`tal for 30 points of damage.
[Tue Aug 04 00:26:26 2026] You try to pierce Grandmaster R`tal, but miss!
[Tue Aug 04 00:26:27 2026] You slash Grandmaster R`tal for 15 points of damage.
[Tue Aug 04 00:26:27 2026] You try to pierce Grandmaster R`tal, but miss!
[Tue Aug 04 00:26:28 2026] You try to slash Grandmaster R`tal, but miss!
[Tue Aug 04 00:26:28 2026] You try to pierce Grandmaster R`tal, but miss!
[Tue Aug 04 00:26:28 2026] You try to pierce Grandmaster R`tal, but miss!
[Tue Aug 04 00:26:28 2026] You try to bash Grandmaster R`tal, but miss!
[Tue Aug 04 00:26:28 2026] You try to kick Grandmaster R`tal, but Grandmaster R`tal blocks!
[Tue Aug 04 00:26:28 2026] You hurt yourself for 2 points.
[Tue Aug 04 00:26:28 2026] You gain a rune for 11 points of absorption.
[Tue Aug 04 00:26:28 2026] You kick Grandmaster R`tal for 74 points of damage. (Critical)
[Tue Aug 04 00:26:28 2026] Grandmaster R`tal punches YOU for 165 points of damage.
[Tue Aug 04 00:26:28 2026] Grandmaster R`tal punches YOU for 140 points of damage.
[Tue Aug 04 00:26:28 2026] Grandmaster R`tal punches YOU for 39 points of damage. (Riposte)
[Tue Aug 04 00:26:28 2026] You hit Grandmaster R`tal for 243 points of magic damage by Condemnation of Nife.
[Tue Aug 04 00:26:28 2026] Grandmaster R`tal is tortured by the condemnation of Rodcet Nife.
[Tue Aug 04 00:26:28 2026] You slash Grandmaster R`tal for 14 points of damage.
[Tue Aug 04 00:26:28 2026] Grandmaster R`tal punches YOU for 28 points of damage. (Riposte)
[Tue Aug 04 00:26:29 2026] You try to pierce Grandmaster R`tal, but Grandmaster R`tal dodges!
[Tue Aug 04 00:26:29 2026] You gain a rune for 14 points of absorption.
[Tue Aug 04 00:26:29 2026] You pierce Grandmaster R`tal for 95 points of damage. (Critical)
[Tue Aug 04 00:26:29 2026] You try to slash Grandmaster R`tal, but miss!
[Tue Aug 04 00:26:29 2026] You slash Grandmaster R`tal for 109 points of damage.
[Tue Aug 04 00:26:30 2026] You healed Primitive over time for 102 hit points by Ethereal Cleansing.
[Tue Aug 04 00:26:30 2026] Grandmaster R`tal punches YOU for 104 points of damage.
[Tue Aug 04 00:26:30 2026] You hurt yourself for 3 points.
[Tue Aug 04 00:26:30 2026] You frenzy on Grandmaster R`tal for 46 points of damage.
[Tue Aug 04 00:26:30 2026] You hurt yourself for 2 points.
[Tue Aug 04 00:26:30 2026] You frenzy on Grandmaster R`tal for 43 points of damage.
[Tue Aug 04 00:26:30 2026] You try to frenzy on Grandmaster R`tal, but miss!
[Tue Aug 04 00:26:30 2026] You try to smite Grandmaster R`tal, but miss!
[Tue Aug 04 00:26:30 2026] You smite Grandmaster R`tal for 19 points of damage.
[Tue Aug 04 00:26:30 2026] You hit Grandmaster R`tal for 151 points of magic damage by Smiting Strike.
[Tue Aug 04 00:26:30 2026] Grandmaster R`tal staggers.
[Tue Aug 04 00:26:30 2026] You slash Grandmaster R`tal for 42 points of damage.
[Tue Aug 04 00:26:30 2026] You pierce Grandmaster R`tal for 4 points of damage.
[Tue Aug 04 00:26:30 2026] You pierce Grandmaster R`tal for 21 points of damage.
[Tue Aug 04 00:26:31 2026] You try to kick Grandmaster R`tal, but Grandmaster R`tal blocks!
[Tue Aug 04 00:26:31 2026] You try to kick Grandmaster R`tal, but miss!
[Tue Aug 04 00:26:31 2026] You hurt yourself for 2 points.
[Tue Aug 04 00:26:31 2026] You gain a rune for 9 points of absorption.
[Tue Aug 04 00:26:31 2026] You bash Grandmaster R`tal for 66 points of damage. (Critical)
[Tue Aug 04 00:26:31 2026] You bash Grandmaster R`tal for 2 points of damage.
[Tue Aug 04 00:26:31 2026] You try to slash Grandmaster R`tal, but miss!
[Tue Aug 04 00:26:31 2026] You pierce Grandmaster R`tal for 20 points of damage.
[Tue Aug 04 00:26:31 2026] You pierce Grandmaster R`tal for 35 points of damage.
[Tue Aug 04 00:26:32 2026] You slash Grandmaster R`tal for 21 points of damage.
[Tue Aug 04 00:26:32 2026] You hurt yourself for 3 points.
[Tue Aug 04 00:26:32 2026] You backstab Grandmaster R`tal for 1022 points of damage. (Slay Undead)
[Tue Aug 04 00:26:32 2026] You hurt yourself for 10 points.
[Tue Aug 04 00:26:32 2026] You backstab Grandmaster R`tal for 155 points of damage.
[Tue Aug 04 00:26:32 2026] Grandmaster R`tal punches YOU for 210 points of damage.
[Tue Aug 04 00:26:32 2026] You pierce Grandmaster R`tal for 8 points of damage.
[Tue Aug 04 00:26:32 2026] You pierce Grandmaster R`tal for 250 points of damage. (Slay Undead)
[Tue Aug 04 00:26:33 2026] You slash Grandmaster R`tal for 80 points of damage.
[Tue Aug 04 00:26:33 2026] You try to pierce Grandmaster R`tal, but miss!
[Tue Aug 04 00:26:33 2026] You pierce Grandmaster R`tal for 6 points of damage.
[Tue Aug 04 00:26:33 2026] You try to kick Grandmaster R`tal, but Grandmaster R`tal dodges!
[Tue Aug 04 00:26:33 2026] You try to bash Grandmaster R`tal, but miss!
[Tue Aug 04 00:26:33 2026] You try to bash Grandmaster R`tal, but miss!
[Tue Aug 04 00:26:33 2026] You try to slash Grandmaster R`tal, but Grandmaster R`tal dodges!
[Tue Aug 04 00:26:33 2026] You slash Grandmaster R`tal for 498 points of damage. (Slay Undead)
[Tue Aug 04 00:26:34 2026] You pierce Grandmaster R`tal for 2 points of damage.
[Tue Aug 04 00:26:34 2026] You try to pierce Grandmaster R`tal, but miss!
[Tue Aug 04 00:26:34 2026] Grandmaster R`tal tries to punch YOU, but YOU dodge!
[Tue Aug 04 00:26:34 2026] Grandmaster R`tal tries to punch YOU, but misses!
[Tue Aug 04 00:26:34 2026] You try to slash Grandmaster R`tal, but miss!
[Tue Aug 04 00:26:35 2026] You pierce Grandmaster R`tal for 35 points of damage.
[Tue Aug 04 00:26:35 2026] Grandmaster R`tal kicks YOU for 134 points of damage.
[Tue Aug 04 00:26:35 2026] Grandmaster R`tal kicks YOU for 123 points of damage.
[Tue Aug 04 00:26:35 2026] You hurt yourself for 3 points.
[Tue Aug 04 00:26:35 2026] You frenzy on Grandmaster R`tal for 57 points of damage.
[Tue Aug 04 00:26:35 2026] You try to smite Grandmaster R`tal, but miss!
[Tue Aug 04 00:26:35 2026] You smite Grandmaster R`tal for 7 points of damage.
[Tue Aug 04 00:26:35 2026] You hit Grandmaster R`tal for 151 points of magic damage by Smiting Strike.
[Tue Aug 04 00:26:35 2026] Grandmaster R`tal staggers.
[Tue Aug 04 00:26:35 2026] You slash Grandmaster R`tal for 134 points of damage.
[Tue Aug 04 00:26:35 2026] You try to slash Grandmaster R`tal, but miss!
[Tue Aug 04 00:26:35 2026] You try to backstab Grandmaster R`tal, but Grandmaster R`tal dodges!
[Tue Aug 04 00:26:36 2026] Grandmaster R`tal tries to punch YOU, but YOU block!
[Tue Aug 04 00:26:36 2026] Grandmaster R`tal punches YOU for 158 points of damage.
[Tue Aug 04 00:26:36 2026] You try to slash Grandmaster R`tal, but miss!
[Tue Aug 04 00:26:36 2026] You hurt yourself for 5 points.
[Tue Aug 04 00:26:36 2026] You kick Grandmaster R`tal for 82 points of damage.
[Tue Aug 04 00:26:36 2026] You try to bash Grandmaster R`tal, but miss!
[Tue Aug 04 00:26:36 2026] You hurt yourself for 1 points.
[Tue Aug 04 00:26:36 2026] You bash Grandmaster R`tal for 26 points of damage.
[Tue Aug 04 00:26:36 2026] You healed Primitive over time for 102 hit points by Ethereal Cleansing.
[Tue Aug 04 00:26:36 2026] Grandmaster R`tal tries to punch YOU, but misses! (Riposte)
[Tue Aug 04 00:26:36 2026] You try to pierce Grandmaster R`tal, but miss!
[Tue Aug 04 00:26:37 2026] Grandmaster R`tal tries to punch YOU, but misses! (Riposte)
[Tue Aug 04 00:26:37 2026] You slash Grandmaster R`tal for 97 points of damage.
[Tue Aug 04 00:26:38 2026] Grandmaster R`tal punches YOU for 149 points of damage.
[Tue Aug 04 00:26:38 2026] You pierce Grandmaster R`tal for 29 points of damage.
[Tue Aug 04 00:26:38 2026] You gain a rune for 5 points of absorption.
[Tue Aug 04 00:26:38 2026] You pierce Grandmaster R`tal for 37 points of damage. (Critical)
[Tue Aug 04 00:26:38 2026] You try to slash Grandmaster R`tal, but Grandmaster R`tal blocks!
[Tue Aug 04 00:26:38 2026] You try to backstab Grandmaster R`tal, but Grandmaster R`tal blocks!
[Tue Aug 04 00:26:39 2026] You try to kick Grandmaster R`tal, but miss!
[Tue Aug 04 00:26:39 2026] You hurt yourself for 2 points.
[Tue Aug 04 00:26:39 2026] You kick Grandmaster R`tal for 38 points of damage.
[Tue Aug 04 00:26:39 2026] You hurt yourself for 2 points.
[Tue Aug 04 00:26:39 2026] You bash Grandmaster R`tal for 32 points of damage.
[Tue Aug 04 00:26:39 2026] You hurt yourself for 7 points.
[Tue Aug 04 00:26:39 2026] You bash Grandmaster R`tal for 111 points of damage.
[Tue Aug 04 00:26:39 2026] You pierce Grandmaster R`tal for 30 points of damage.
[Tue Aug 04 00:26:39 2026] Grandmaster R`tal resisted your Weakening Strike!
[Tue Aug 04 00:26:39 2026] You slash Grandmaster R`tal for 80 points of damage.
[Tue Aug 04 00:26:40 2026] You pierce Grandmaster R`tal for 30 points of damage.
[Tue Aug 04 00:26:40 2026] You pierce Grandmaster R`tal for 26 points of damage.
[Tue Aug 04 00:26:40 2026] Grandmaster R`tal tries to punch YOU, but misses!
[Tue Aug 04 00:26:40 2026] You try to smite Grandmaster R`tal, but miss!
[Tue Aug 04 00:26:40 2026] You try to smite Grandmaster R`tal, but Grandmaster R`tal dodges!
[Tue Aug 04 00:26:40 2026] You hurt yourself for 3 points.
[Tue Aug 04 00:26:40 2026] You gain a rune for 13 points of absorption.
[Tue Aug 04 00:26:40 2026] You frenzy on Grandmaster R`tal for 93 points of damage. (Critical)
[Tue Aug 04 00:26:40 2026] You slash Grandmaster R`tal for 67 points of damage.
[Tue Aug 04 00:26:40 2026] You try to pierce Grandmaster R`tal, but miss!
[Tue Aug 04 00:26:40 2026] You pierce Grandmaster R`tal for 21 points of damage.
[Tue Aug 04 00:26:40 2026] You try to slash Grandmaster R`tal, but Grandmaster R`tal dodges!
[Tue Aug 04 00:26:40 2026] You gain a rune for 39 points of absorption.
[Tue Aug 04 00:26:40 2026] You slash Grandmaster R`tal for 264 points of damage. (Critical)
[Tue Aug 04 00:26:41 2026] You gain a rune for 5 points of absorption.
[Tue Aug 04 00:26:41 2026] You kick Grandmaster R`tal for 38 points of damage. (Critical)
[Tue Aug 04 00:26:41 2026] You gain a rune for 5 points of absorption.
[Tue Aug 04 00:26:41 2026] You kick Grandmaster R`tal for 37 points of damage. (Critical)
[Tue Aug 04 00:26:41 2026] You try to pierce Grandmaster R`tal, but Grandmaster R`tal dodges!
[Tue Aug 04 00:26:41 2026] You try to pierce Grandmaster R`tal, but Grandmaster R`tal blocks!
[Tue Aug 04 00:26:41 2026] You try to bash Grandmaster R`tal, but miss!
[Tue Aug 04 00:26:41 2026] Grandmaster R`tal resisted your Stunning Strike!
[Tue Aug 04 00:26:41 2026] You try to slash Grandmaster R`tal, but miss!
[Tue Aug 04 00:26:41 2026] You slash Grandmaster R`tal for 52 points of damage.
[Tue Aug 04 00:26:41 2026] Grandmaster R`tal punches YOU for 262 points of damage.
[Tue Aug 04 00:26:42 2026] You try to backstab Grandmaster R`tal, but miss!
[Tue Aug 04 00:26:42 2026] You try to pierce Grandmaster R`tal, but miss!
[Tue Aug 04 00:26:42 2026] You try to pierce Grandmaster R`tal, but Grandmaster R`tal dodges!
[Tue Aug 04 00:26:42 2026] You healed Primitive over time for 102 hit points by Ethereal Cleansing.
[Tue Aug 04 00:26:42 2026] You slash Grandmaster R`tal for 14 points of damage.
[Tue Aug 04 00:26:42 2026] You slash Grandmaster R`tal for 80 points of damage.
[Tue Aug 04 00:26:43 2026] You pierce Grandmaster R`tal for 29 points of damage.
[Tue Aug 04 00:26:43 2026] You slash Grandmaster R`tal for 31 points of damage.
[Tue Aug 04 00:26:43 2026] You try to slash Grandmaster R`tal, but miss!
[Tue Aug 04 00:26:43 2026] Grandmaster R`tal tries to kick YOU, but misses!
[Tue Aug 04 00:26:43 2026] Grandmaster R`tal kicks YOU for 108 points of damage.
[Tue Aug 04 00:26:43 2026] Grandmaster R`tal punches YOU for 114 points of damage.
[Tue Aug 04 00:26:44 2026] You pierce Grandmaster R`tal for 12 points of damage.
[Tue Aug 04 00:26:44 2026] You try to kick Grandmaster R`tal, but miss!
[Tue Aug 04 00:26:44 2026] You hurt yourself for 2 points.
[Tue Aug 04 00:26:44 2026] You kick Grandmaster R`tal for 40 points of damage.
[Tue Aug 04 00:26:44 2026] You slash Grandmaster R`tal for 64 points of damage.
[Tue Aug 04 00:26:44 2026] You slash Grandmaster R`tal for 59 points of damage.
[Tue Aug 04 00:26:44 2026] You hurt yourself for 7 points.
[Tue Aug 04 00:26:44 2026] You bash Grandmaster R`tal for 115 points of damage.
[Tue Aug 04 00:26:44 2026] You try to smite Grandmaster R`tal, but miss!
[Tue Aug 04 00:26:44 2026] Grandmaster R`tal tries to punch YOU, but YOU parry!
[Tue Aug 04 00:26:44 2026] You punch Grandmaster R`tal for 55 points of damage.
[Tue Aug 04 00:26:44 2026] You try to frenzy on Grandmaster R`tal, but miss!
[Tue Aug 04 00:26:44 2026] You try to frenzy on Grandmaster R`tal, but miss!
[Tue Aug 04 00:26:44 2026] You try to frenzy on Grandmaster R`tal, but Grandmaster R`tal blocks!
[Tue Aug 04 00:26:45 2026] You pierce Grandmaster R`tal for 43 points of damage.
[Tue Aug 04 00:26:45 2026] You try to slash Grandmaster R`tal, but miss!
[Tue Aug 04 00:26:45 2026] You try to backstab Grandmaster R`tal, but Grandmaster R`tal blocks!
[Tue Aug 04 00:26:45 2026] You try to backstab Grandmaster R`tal, but miss!
[Tue Aug 04 00:26:45 2026] Grandmaster R`tal punches YOU for 114 points of damage.
[Tue Aug 04 00:26:45 2026] Grandmaster R`tal tries to punch YOU, but misses!
[Tue Aug 04 00:26:45 2026] You slash Grandmaster R`tal for 14 points of damage.
[Tue Aug 04 00:26:45 2026] You gain a rune for 11 points of absorption.
[Tue Aug 04 00:26:45 2026] You slash Grandmaster R`tal for 77 points of damage. (Critical)
[Tue Aug 04 00:26:46 2026] You gain a rune for 7 points of absorption.
[Tue Aug 04 00:26:46 2026] You pierce Grandmaster R`tal for 49 points of damage. (Critical)
[Tue Aug 04 00:26:46 2026] You pierce Grandmaster R`tal for 9 points of damage.
[Tue Aug 04 00:26:46 2026] You slash Grandmaster R`tal for 62 points of damage.
[Tue Aug 04 00:26:46 2026] You try to slash Grandmaster R`tal, but miss!
[Tue Aug 04 00:26:46 2026] You try to kick Grandmaster R`tal, but Grandmaster R`tal dodges!
[Tue Aug 04 00:26:47 2026] You hurt yourself for 3 points.
[Tue Aug 04 00:26:47 2026] You bash Grandmaster R`tal for 55 points of damage.
[Tue Aug 04 00:26:47 2026] You try to slash Grandmaster R`tal, but miss!
[Tue Aug 04 00:26:47 2026] Grandmaster R`tal punches YOU for 218 points of damage.
[Tue Aug 04 00:26:48 2026] You slash Grandmaster R`tal for 68 points of damage.
[Tue Aug 04 00:26:48 2026] You healed Primitive over time for 102 hit points by Ethereal Cleansing.
[Tue Aug 04 00:26:48 2026] You try to backstab Grandmaster R`tal, but Grandmaster R`tal blocks!
[Tue Aug 04 00:26:49 2026] You try to slash Grandmaster R`tal, but miss!
[Tue Aug 04 00:26:49 2026] You try to slash Grandmaster R`tal, but miss!
[Tue Aug 04 00:26:49 2026] You pierce Grandmaster R`tal for 15 points of damage.
[Tue Aug 04 00:26:49 2026] You gain a rune for 9 points of absorption.
[Tue Aug 04 00:26:49 2026] You pierce Grandmaster R`tal for 61 points of damage. (Critical)
[Tue Aug 04 00:26:49 2026] Grandmaster R`tal tries to punch YOU, but misses!
[Tue Aug 04 00:26:49 2026] You gain a rune for 5 points of absorption.
[Tue Aug 04 00:26:49 2026] You kick Grandmaster R`tal for 39 points of damage. (Critical)
[Tue Aug 04 00:26:49 2026] You try to bash Grandmaster R`tal, but miss!
[Tue Aug 04 00:26:49 2026] You hurt yourself for 3 points.
[Tue Aug 04 00:26:49 2026] You bash Grandmaster R`tal for 55 points of damage.
[Tue Aug 04 00:26:49 2026] You try to slash Grandmaster R`tal, but miss!
[Tue Aug 04 00:26:49 2026] You slash Grandmaster R`tal for 80 points of damage.
[Tue Aug 04 00:26:49 2026] You smite Grandmaster R`tal for 7 points of damage.
[Tue Aug 04 00:26:49 2026] You hit Grandmaster R`tal for 151 points of magic damage by Smiting Strike.
[Tue Aug 04 00:26:49 2026] Grandmaster R`tal staggers.
[Tue Aug 04 00:26:49 2026] You smite Grandmaster R`tal for 25 points of damage.
[Tue Aug 04 00:26:49 2026] You hit Grandmaster R`tal for 151 points of magic damage by Smiting Strike.
[Tue Aug 04 00:26:49 2026] Grandmaster R`tal staggers.
[Tue Aug 04 00:26:49 2026] You try to frenzy on Grandmaster R`tal, but miss!
[Tue Aug 04 00:26:49 2026] You hurt yourself for 1 points.
[Tue Aug 04 00:26:49 2026] You frenzy on Grandmaster R`tal for 17 points of damage.
[Tue Aug 04 00:26:49 2026] You hurt yourself for 1 points.
[Tue Aug 04 00:26:49 2026] You frenzy on Grandmaster R`tal for 22 points of damage.
[Tue Aug 04 00:26:49 2026] You hurt yourself for 4 points.
[Tue Aug 04 00:26:49 2026] You gain a rune for 18 points of absorption.
[Tue Aug 04 00:26:49 2026] You frenzy on Grandmaster R`tal for 122 points of damage. (Critical)
[Tue Aug 04 00:26:49 2026] You hurt yourself for 2 points.
[Tue Aug 04 00:26:49 2026] You frenzy on Grandmaster R`tal for 31 points of damage.
[Tue Aug 04 00:26:49 2026] You hurt yourself for 1 points.
[Tue Aug 04 00:26:49 2026] You frenzy on Grandmaster R`tal for 26 points of damage.
[Tue Aug 04 00:26:50 2026] You slash Grandmaster R`tal for 120 points of damage.
[Tue Aug 04 00:26:50 2026] You try to slash Grandmaster R`tal, but miss!
[Tue Aug 04 00:26:50 2026] You try to pierce Grandmaster R`tal, but miss!
[Tue Aug 04 00:26:50 2026] You pierce Grandmaster R`tal for 14 points of damage.
[Tue Aug 04 00:26:51 2026] You try to slash Grandmaster R`tal, but miss!
[Tue Aug 04 00:26:51 2026] Grandmaster R`tal punches YOU for 104 points of damage.
[Tue Aug 04 00:26:51 2026] Grandmaster R`tal tries to punch YOU, but misses!
[Tue Aug 04 00:26:51 2026] You pierce Grandmaster R`tal for 2 points of damage.
[Tue Aug 04 00:26:51 2026] You pierce Grandmaster R`tal for 30 points of damage.
[Tue Aug 04 00:26:52 2026] You try to slash Grandmaster R`tal, but miss!
[Tue Aug 04 00:26:52 2026] You try to backstab Grandmaster R`tal, but miss!
[Tue Aug 04 00:26:52 2026] You hurt yourself for 3 points.
[Tue Aug 04 00:26:52 2026] You backstab Grandmaster R`tal for 58 points of damage.
[Tue Aug 04 00:26:52 2026] Grandmaster R`tal tries to kick YOU, but YOU block!
[Tue Aug 04 00:26:52 2026] You try to kick Grandmaster R`tal, but miss!
[Tue Aug 04 00:26:52 2026] You try to bash Grandmaster R`tal, but miss!
[Tue Aug 04 00:26:52 2026] You try to bash Grandmaster R`tal, but miss!
[Tue Aug 04 00:26:52 2026] You try to pierce Grandmaster R`tal, but miss!
[Tue Aug 04 00:26:52 2026] You pierce Grandmaster R`tal for 41 points of damage.
[Tue Aug 04 00:26:52 2026] You hit Grandmaster R`tal for 82 points of poison damage by Cobra Venom Strike.
[Tue Aug 04 00:26:52 2026] Grandmaster R`tal screams as poison burns their veins!
[Tue Aug 04 00:26:52 2026] You try to slash Grandmaster R`tal, but miss!
[Tue Aug 04 00:26:52 2026] You try to slash Grandmaster R`tal, but miss!
[Tue Aug 04 00:26:53 2026] You hit Grandmaster R`tal for 243 points of magic damage by Condemnation of Nife.
[Tue Aug 04 00:26:53 2026] Grandmaster R`tal is tortured by the condemnation of Rodcet Nife.
[Tue Aug 04 00:26:53 2026] You try to pierce Grandmaster R`tal, but miss!
[Tue Aug 04 00:26:53 2026] Grandmaster R`tal punches YOU for 193 points of damage.
[Tue Aug 04 00:26:53 2026] You try to slash Grandmaster R`tal, but miss!
[Tue Aug 04 00:26:53 2026] You try to slash Grandmaster R`tal, but miss!
[Tue Aug 04 00:26:53 2026] You try to slash Grandmaster R`tal, but miss!
[Tue Aug 04 00:26:53 2026] You try to slash Grandmaster R`tal, but miss! (Flurry)
[Tue Aug 04 00:26:54 2026] You try to pierce Grandmaster R`tal, but miss!
[Tue Aug 04 00:26:54 2026] You slash Grandmaster R`tal for 59 points of damage.
[Tue Aug 04 00:26:54 2026] You try to slash Grandmaster R`tal, but miss!
[Tue Aug 04 00:26:54 2026] You hurt yourself for 3 points.
[Tue Aug 04 00:26:54 2026] You frenzy on Grandmaster R`tal for 51 points of damage.
[Tue Aug 04 00:26:54 2026] You hurt yourself for 4 points.
[Tue Aug 04 00:26:54 2026] You frenzy on Grandmaster R`tal for 67 points of damage.
[Tue Aug 04 00:26:54 2026] You hurt yourself for 2 points.
[Tue Aug 04 00:26:54 2026] You frenzy on Grandmaster R`tal for 38 points of damage.
[Tue Aug 04 00:26:54 2026] You smite Grandmaster R`tal for 12 points of damage.
[Tue Aug 04 00:26:54 2026] You hit Grandmaster R`tal for 151 points of magic damage by Smiting Strike.
[Tue Aug 04 00:26:54 2026] Grandmaster R`tal staggers.
[Tue Aug 04 00:26:54 2026] You healed Primitive over time for 102 hit points by Ethereal Cleansing.
[Tue Aug 04 00:26:55 2026] You try to kick Grandmaster R`tal, but miss!
[Tue Aug 04 00:26:55 2026] You try to bash Grandmaster R`tal, but Grandmaster R`tal blocks!
[Tue Aug 04 00:26:55 2026] Grandmaster R`tal punches YOU for 167 points of damage.
[Tue Aug 04 00:26:55 2026] Grandmaster R`tal punches YOU for 114 points of damage.
[Tue Aug 04 00:26:55 2026] You try to slash Grandmaster R`tal, but miss!
[Tue Aug 04 00:26:55 2026] You try to slash Grandmaster R`tal, but miss!
[Tue Aug 04 00:26:55 2026] You try to backstab Grandmaster R`tal, but miss!
[Tue Aug 04 00:26:55 2026] You try to pierce Grandmaster R`tal, but miss!
[Tue Aug 04 00:26:56 2026] You try to slash Grandmaster R`tal, but miss!
[Tue Aug 04 00:26:56 2026] You try to slash Grandmaster R`tal, but miss!
[Tue Aug 04 00:26:56 2026] You try to pierce Grandmaster R`tal, but miss!
[Tue Aug 04 00:26:56 2026] You try to pierce Grandmaster R`tal, but miss!
[Tue Aug 04 00:26:57 2026] You try to slash Grandmaster R`tal, but Grandmaster R`tal blocks!
[Tue Aug 04 00:26:57 2026] Grandmaster R`tal tries to punch YOU, but YOU dodge!
[Tue Aug 04 00:26:57 2026] You try to kick Grandmaster R`tal, but miss!
[Tue Aug 04 00:26:57 2026] You try to kick Grandmaster R`tal, but miss!
[Tue Aug 04 00:26:57 2026] You try to slash Grandmaster R`tal, but miss!
[Tue Aug 04 00:26:57 2026] You try to slash Grandmaster R`tal, but miss!
[Tue Aug 04 00:26:57 2026] You hurt yourself for 3 points.
[Tue Aug 04 00:26:57 2026] You bash Grandmaster R`tal for 57 points of damage.
[Tue Aug 04 00:26:57 2026] You bash Grandmaster R`tal for 2 points of damage.
[Tue Aug 04 00:26:57 2026] You try to bash Grandmaster R`tal, but miss!
[Tue Aug 04 00:26:58 2026] You gain a rune for 5 points of absorption.
[Tue Aug 04 00:26:58 2026] You pierce Grandmaster R`tal for 35 points of damage. (Critical)
[Tue Aug 04 00:26:58 2026] You hit Grandmaster R`tal for 82 points of poison damage by Cobra Venom Strike.
