[Wed Aug 05 17:05:51 2026] A gust of wind told you, 'Attacking an essence tamer Master.'
[Wed Aug 05 17:05:51 2026] You try to claw an essence tamer, but miss!
[Wed Aug 05 17:05:51 2026] You try to claw an essence tamer, but miss!
[Wed Aug 05 17:05:51 2026] A gust of wind tries to slash an essence tamer, but misses!
[Wed Aug 05 17:05:51 2026] A gust of wind slashes an essence tamer for 145 points of damage.
[Wed Aug 05 17:05:51 2026] A gust of wind crushes an essence tamer for 245 points of damage.
[Wed Aug 05 17:05:51 2026] A gust of wind crushes an essence tamer for 55 points of damage.
[Wed Aug 05 17:05:52 2026] You strike an essence tamer for 32 points of damage.
[Wed Aug 05 17:05:52 2026] An essence tamer tries to bite YOU, but YOU dodge!
[Wed Aug 05 17:05:52 2026] An essence tamer bites YOU for 76 points of damage.
[Wed Aug 05 17:05:52 2026] You try to slash an essence tamer, but miss!
[Wed Aug 05 17:05:52 2026] You try to bash an essence tamer, but miss!
[Wed Aug 05 17:05:52 2026] A gust of wind slashes an essence tamer for 245 points of damage.
[Wed Aug 05 17:05:52 2026] A gust of wind tries to crush an essence tamer, but an essence tamer dodges!
[Wed Aug 05 17:05:52 2026] A gust of wind crushes an essence tamer for 115 points of damage.
[Wed Aug 05 17:05:52 2026] A gust of wind bashes an essence tamer for 46 points of damage.
[Wed Aug 05 17:05:53 2026] You try to claw an essence tamer, but miss!
[Wed Aug 05 17:05:53 2026] You claw an essence tamer for 59 points of damage.
[Wed Aug 05 17:05:53 2026] You smite an essence tamer for 19 points of damage.
[Wed Aug 05 17:05:53 2026] You hit an essence tamer for 259 points of magic damage by Smiting Strike.
[Wed Aug 05 17:05:53 2026] An essence tamer staggers.
[Wed Aug 05 17:05:53 2026] A gust of wind kicks an essence tamer for 46 points of damage.
[Wed Aug 05 17:05:53 2026] You kick an essence tamer for 99 points of damage.
[Wed Aug 05 17:05:53 2026] You try to kick an essence tamer, but miss!
[Wed Aug 05 17:05:54 2026] A gust of wind slashes an essence tamer for 185 points of damage.
[Wed Aug 05 17:05:54 2026] You slash an essence tamer for 67 points of damage.
[Wed Aug 05 17:05:54 2026] You claw an essence tamer for 38 points of damage.
[Wed Aug 05 17:05:55 2026] A gust of wind tries to slash an essence tamer, but misses!
[Wed Aug 05 17:05:55 2026] A gust of wind slashes an essence tamer for 85 points of damage.
[Wed Aug 05 17:05:55 2026] A gust of wind crushes an essence tamer for 215 points of damage.
[Wed Aug 05 17:05:55 2026] A gust of wind crushes an essence tamer for 165 points of damage.
[Wed Aug 05 17:05:55 2026] Your protection fades.
[Wed Aug 05 17:05:55 2026] You strike an essence tamer for 29 points of damage.
[Wed Aug 05 17:05:55 2026] You slash an essence tamer for 152 points of damage.
[Wed Aug 05 17:05:55 2026] A gust of wind tries to cleave an essence tamer, but misses!
[Wed Aug 05 17:05:56 2026] A gust of wind slashes an essence tamer for 245 points of damage.
[Wed Aug 05 17:05:56 2026] A gust of wind slashes an essence tamer for 105 points of damage.
[Wed Aug 05 17:05:56 2026] An essence tamer tries to cleave YOU, but misses!
[Wed Aug 05 17:05:56 2026] An essence tamer tries to cleave YOU, but YOU dodge!
[Wed Aug 05 17:05:56 2026] An essence tamer bites YOU for 37 points of damage.
[Wed Aug 05 17:05:56 2026] An essence tamer tries to bite YOU, but misses!
[Wed Aug 05 17:05:57 2026] You try to slash an essence tamer, but miss!
[Wed Aug 05 17:05:57 2026] You try to slash an essence tamer, but miss!
[Wed Aug 05 17:05:57 2026] A gust of wind tries to slash an essence tamer, but misses!
[Wed Aug 05 17:05:57 2026] A gust of wind bashes an essence tamer for 46 points of damage.
[Wed Aug 05 17:05:57 2026] You bash an essence tamer for 43 points of damage.
[Wed Aug 05 17:05:57 2026] You bash an essence tamer for 38 points of damage.
[Wed Aug 05 17:05:57 2026] You try to claw an essence tamer, but miss!
[Wed Aug 05 17:05:57 2026] You claw an essence tamer for 42 points of damage. (Critical)
[Wed Aug 05 17:05:57 2026] A gust of wind tries to kick an essence tamer, but misses!
[Wed Aug 05 17:05:57 2026] A gust of wind kicks an essence tamer for 69 points of damage.
[Wed Aug 05 17:05:58 2026] You try to kick an essence tamer, but an essence tamer parries!
[Wed Aug 05 17:05:58 2026] A gust of wind slashes an essence tamer for 125 points of damage.
[Wed Aug 05 17:05:58 2026] A gust of wind slashes an essence tamer for 135 points of damage.
[Wed Aug 05 17:05:58 2026] A gust of wind tries to crush an essence tamer, but misses!
[Wed Aug 05 17:05:58 2026] You try to slash an essence tamer, but miss!
[Wed Aug 05 17:05:58 2026] You try to slash an essence tamer, but miss!
[Wed Aug 05 17:05:59 2026] You claw an essence tamer for 89 points of damage.
[Wed Aug 05 17:05:59 2026] You strike an essence tamer for 29 points of damage.
[Wed Aug 05 17:05:59 2026] You strike an essence tamer for 19 points of damage.
[Wed Aug 05 17:05:59 2026] A gust of wind slashes an essence tamer for 95 points of damage.
[Wed Aug 05 17:05:59 2026] A gust of wind slashes an essence tamer for 165 points of damage.
[Wed Aug 05 17:05:59 2026] A gust of wind tries to crush an essence tamer, but an essence tamer dodges!
[Wed Aug 05 17:05:59 2026] A gust of wind tries to crush an essence tamer, but misses!
[Wed Aug 05 17:05:59 2026] You slash an essence tamer for 47 points of damage.
[Wed Aug 05 17:05:59 2026] You slash an essence tamer for 61 points of damage.
[Wed Aug 05 17:06:00 2026] A gust of wind tries to slash an essence tamer, but misses!
[Wed Aug 05 17:06:00 2026] A gust of wind tries to slash an essence tamer, but an essence tamer parries!
[Wed Aug 05 17:06:00 2026] A gust of wind tries to crush an essence tamer, but an essence tamer parries!
[Wed Aug 05 17:06:00 2026] An essence tamer bites YOU for 102 points of damage.
[Wed Aug 05 17:06:00 2026] You claw an essence tamer for 40 points of damage.
[Wed Aug 05 17:06:00 2026] You try to claw an essence tamer, but miss!
[Wed Aug 05 17:06:01 2026] This spell only works on constructs or elementals.
[Wed Aug 05 17:06:01 2026] You slash an essence tamer for 72 points of damage.
[Wed Aug 05 17:06:01 2026] You try to slash an essence tamer, but miss!
[Wed Aug 05 17:06:01 2026] You try to smite an essence tamer, but miss!
[Wed Aug 05 17:06:01 2026] A gust of wind slashes an essence tamer for 125 points of damage.
[Wed Aug 05 17:06:01 2026] A gust of wind slashes an essence tamer for 185 points of damage.
[Wed Aug 05 17:06:01 2026] A gust of wind crushes an essence tamer for 115 points of damage.
[Wed Aug 05 17:06:01 2026] A gust of wind tries to crush an essence tamer, but misses!
[Wed Aug 05 17:06:02 2026] A gust of wind tries to bash an essence tamer, but misses!
[Wed Aug 05 17:06:02 2026] You try to bash an essence tamer, but miss!
[Wed Aug 05 17:06:02 2026] You try to claw an essence tamer, but miss!
[Wed Aug 05 17:06:02 2026] You claw an essence tamer for 11 points of damage.
[Wed Aug 05 17:06:02 2026] A gust of wind tries to cleave an essence tamer, but misses!
[Wed Aug 05 17:06:02 2026] A gust of wind slashes an essence tamer for 85 points of damage.
[Wed Aug 05 17:06:02 2026] A gust of wind tries to crush an essence tamer, but misses!
[Wed Aug 05 17:06:02 2026] A gust of wind tries to crush an essence tamer, but an essence tamer parries!
[Wed Aug 05 17:06:02 2026] You try to slash an essence tamer, but miss!
[Wed Aug 05 17:06:02 2026] You slash an essence tamer for 154 points of damage.
[Wed Aug 05 17:06:02 2026] You try to slash an essence tamer, but miss!
[Wed Aug 05 17:06:02 2026] You strike an essence tamer for 22 points of damage.
[Wed Aug 05 17:06:02 2026] You try to strike an essence tamer, but miss!
[Wed Aug 05 17:06:02 2026] A gust of wind tries to kick an essence tamer, but misses!
[Wed Aug 05 17:06:02 2026] A gust of wind kicks an essence tamer for 46 points of damage.
[Wed Aug 05 17:06:03 2026] You try to kick an essence tamer, but miss!
[Wed Aug 05 17:06:03 2026] A gust of wind tries to slash an essence tamer, but an essence tamer dodges!
[Wed Aug 05 17:06:03 2026] A gust of wind crushes an essence tamer for 155 points of damage.
[Wed Aug 05 17:06:03 2026] You claw an essence tamer for 38 points of damage.
[Wed Aug 05 17:06:03 2026] You try to claw an essence tamer, but miss!
[Wed Aug 05 17:06:04 2026] You try to slash an essence tamer, but an essence tamer parries!
[Wed Aug 05 17:06:04 2026] An essence tamer tries to bite YOU, but misses!
[Wed Aug 05 17:06:04 2026] A gust of wind tries to slash an essence tamer, but misses!
[Wed Aug 05 17:06:04 2026] A gust of wind tries to slash an essence tamer, but misses!
[Wed Aug 05 17:06:04 2026] A gust of wind crushes an essence tamer for 185 points of damage.
[Wed Aug 05 17:06:04 2026] A gust of wind tries to crush an essence tamer, but misses!
[Wed Aug 05 17:06:05 2026] You claw an essence tamer for 73 points of damage.
[Wed Aug 05 17:06:05 2026] You try to slash an essence tamer, but miss!
[Wed Aug 05 17:06:05 2026] You try to slash an essence tamer, but miss!
[Wed Aug 05 17:06:05 2026] A gust of wind slashes an essence tamer for 135 points of damage.
[Wed Aug 05 17:06:05 2026] A gust of wind slashes an essence tamer for 115 points of damage.
[Wed Aug 05 17:06:05 2026] A gust of wind tries to crush an essence tamer, but misses!
[Wed Aug 05 17:06:05 2026] A gust of wind tries to crush an essence tamer, but misses!
[Wed Aug 05 17:06:06 2026] An essence tamer tries to bash YOU, but misses!
[Wed Aug 05 17:06:06 2026] An essence tamer bashes YOU for 31 points of damage.
[Wed Aug 05 17:06:06 2026] You strike an essence tamer for 7 points of damage.
[Wed Aug 05 17:06:06 2026] An essence tamer tries to bite YOU, but misses! (Riposte)
[Wed Aug 05 17:06:06 2026] A gust of wind tries to bash an essence tamer, but misses!
[Wed Aug 05 17:06:06 2026] A gust of wind bashes an essence tamer for 46 points of damage.
[Wed Aug 05 17:06:06 2026] You bash an essence tamer for 30 points of damage.
[Wed Aug 05 17:06:06 2026] You claw an essence tamer for 10 points of damage.
[Wed Aug 05 17:06:06 2026] You claw an essence tamer for 124 points of damage. (Critical)
[Wed Aug 05 17:06:07 2026] You slash an essence tamer for 66 points of damage.
[Wed Aug 05 17:06:07 2026] A gust of wind tries to slash an essence tamer, but misses!
[Wed Aug 05 17:06:07 2026] A gust of wind crushes an essence tamer for 115 points of damage.
[Wed Aug 05 17:06:07 2026] An essence tamer tries to kick YOU, but misses!
[Wed Aug 05 17:06:07 2026] You kick an essence tamer for 57 points of damage. (Critical)
[Wed Aug 05 17:06:07 2026] A gust of wind kicks an essence tamer for 46 points of damage.
[Wed Aug 05 17:06:07 2026] A gust of wind slashes an essence tamer for 225 points of damage.
[Wed Aug 05 17:06:07 2026] A gust of wind slashes an essence tamer for 145 points of damage.
[Wed Aug 05 17:06:08 2026] You try to claw an essence tamer, but miss!
[Wed Aug 05 17:06:08 2026] You try to slash an essence tamer, but miss!
[Wed Aug 05 17:06:08 2026] You try to slash an essence tamer, but miss!
[Wed Aug 05 17:06:08 2026] You try to slash an essence tamer, but miss!
[Wed Aug 05 17:06:08 2026] An essence tamer tries to bite YOU, but misses!
[Wed Aug 05 17:06:08 2026] An essence tamer tries to bite YOU, but misses!
[Wed Aug 05 17:06:08 2026] Your Mesmerization spell has worn off of an essence carrier.
[Wed Aug 05 17:06:08 2026] An essence carrier bites YOU for 61 points of damage.
[Wed Aug 05 17:06:08 2026] An essence carrier tries to bite YOU, but YOU block!
[Wed Aug 05 17:06:08 2026] An essence carrier tries to cleave YOU, but misses!
[Wed Aug 05 17:06:08 2026] An essence carrier cleaves YOU for 61 points of damage.
[Wed Aug 05 17:06:08 2026] An essence carrier tries to bash YOU, but misses!
[Wed Aug 05 17:06:09 2026] An essence carrier kicks YOU for 26 points of damage.
[Wed Aug 05 17:06:09 2026] A gust of wind slashes an essence tamer for 145 points of damage.
[Wed Aug 05 17:06:09 2026] A gust of wind tries to crush an essence tamer, but misses!
[Wed Aug 05 17:06:09 2026] A gust of wind crushes an essence tamer for 235 points of damage.
[Wed Aug 05 17:06:09 2026] A gust of wind cleaves an essence tamer for 215 points of damage.
[Wed Aug 05 17:06:09 2026] A gust of wind cleaves an essence carrier for 245 points of damage.
[Wed Aug 05 17:06:09 2026] This spell only works on constructs or elementals.
[Wed Aug 05 17:06:09 2026] You slash an essence tamer for 16 points of damage.
[Wed Aug 05 17:06:09 2026] An essence tamer bites YOU for 29 points of damage. (Riposte)
[Wed Aug 05 17:06:09 2026] You hit an essence tamer for 31 points of magic damage by Lifetap Strike.
[Wed Aug 05 17:06:09 2026] An essence tamer staggers.
[Wed Aug 05 17:06:09 2026] You healed Primitive for 32 hit points by Lifetap Strike.
[Wed Aug 05 17:06:09 2026] You try to claw an essence tamer, but miss!
[Wed Aug 05 17:06:09 2026] You claw an essence tamer for 67 points of damage.
[Wed Aug 05 17:06:10 2026] You smite an essence tamer for 8 points of damage.
[Wed Aug 05 17:06:10 2026] You hit an essence tamer for 259 points of magic damage by Smiting Strike.
[Wed Aug 05 17:06:10 2026] An essence tamer staggers.
[Wed Aug 05 17:06:10 2026] A gust of wind tries to slash an essence tamer, but misses!
[Wed Aug 05 17:06:10 2026] A gust of wind crushes an essence tamer for 165 points of damage.
[Wed Aug 05 17:06:10 2026] A gust of wind crushes an essence tamer for 245 points of damage.
[Wed Aug 05 17:06:10 2026] You strike an essence tamer for 71 points of damage.
[Wed Aug 05 17:06:10 2026] You strike an essence carrier for 5 points of damage.
[Wed Aug 05 17:06:10 2026] An essence carrier tries to bite YOU, but YOU block!
[Wed Aug 05 17:06:10 2026] An essence carrier bites YOU for 145 points of damage.
[Wed Aug 05 17:06:11 2026] A gust of wind tries to bash an essence tamer, but an essence tamer dodges!
[Wed Aug 05 17:06:11 2026] A gust of wind tries to bash an essence tamer, but misses!
[Wed Aug 05 17:06:11 2026] You slash an essence tamer for 61 points of damage.
[Wed Aug 05 17:06:11 2026] A gust of wind tries to slash an essence tamer, but misses!
[Wed Aug 05 17:06:11 2026] A gust of wind slashes an essence tamer for 125 points of damage.
[Wed Aug 05 17:06:11 2026] You bash an essence tamer for 4 points of damage.
[Wed Aug 05 17:06:11 2026] You try to claw an essence tamer, but miss!
[Wed Aug 05 17:06:11 2026] You try to claw an essence tamer, but miss!
[Wed Aug 05 17:06:12 2026] An essence carrier tries to bite YOU, but misses!
[Wed Aug 05 17:06:12 2026] A gust of wind slashes an essence tamer for 245 points of damage.
[Wed Aug 05 17:06:12 2026] You try to kick an essence tamer, but an essence tamer dodges!
[Wed Aug 05 17:06:12 2026] You hit an essence tamer for 95 points of magic damage by Lifetap Strike. (Critical)
[Wed Aug 05 17:06:12 2026] An essence tamer staggers.
[Wed Aug 05 17:06:12 2026] You healed Primitive for 100 hit points by Lifetap Strike.
[Wed Aug 05 17:06:12 2026] You slash an essence tamer for 82 points of damage.
[Wed Aug 05 17:06:12 2026] You try to slash an essence tamer, but miss!
[Wed Aug 05 17:06:12 2026] An essence tamer tries to bite YOU, but misses!
[Wed Aug 05 17:06:12 2026] An essence tamer bites YOU for 76 points of damage.
[Wed Aug 05 17:06:12 2026] You try to claw an essence tamer, but miss!
[Wed Aug 05 17:06:12 2026] An essence tamer tries to bite YOU, but misses! (Riposte)
[Wed Aug 05 17:06:13 2026] A gust of wind tries to slash an essence tamer, but misses!
[Wed Aug 05 17:06:13 2026] A gust of wind tries to crush an essence tamer, but misses!
[Wed Aug 05 17:06:14 2026] You try to strike an essence tamer, but miss!
[Wed Aug 05 17:06:14 2026] You try to strike an essence carrier, but miss!
[Wed Aug 05 17:06:14 2026] You try to slash an essence tamer, but an essence tamer parries!
[Wed Aug 05 17:06:14 2026] An essence carrier bites YOU for 43 points of damage.
[Wed Aug 05 17:06:14 2026] You claw an essence tamer for 34 points of damage.
[Wed Aug 05 17:06:14 2026] You claw an essence tamer for 49 points of damage.
[Wed Aug 05 17:06:14 2026] A gust of wind slashes an essence tamer for 105 points of damage.
[Wed Aug 05 17:06:14 2026] A gust of wind slashes an essence tamer for 155 points of damage.
[Wed Aug 05 17:06:14 2026] A gust of wind tries to crush an essence tamer, but misses!
[Wed Aug 05 17:06:14 2026] A gust of wind crushes an essence tamer for 135 points of damage.
[Wed Aug 05 17:06:15 2026] You slash an essence tamer for 78 points of damage.
[Wed Aug 05 17:06:15 2026] You slash an essence tamer for 252 points of damage. (Critical)
[Wed Aug 05 17:06:15 2026] A gust of wind tries to slash an essence tamer, but misses!
[Wed Aug 05 17:06:15 2026] A gust of wind bashes an essence tamer for 46 points of damage.
[Wed Aug 05 17:06:15 2026] A gust of wind cleaves an essence tamer for 135 points of damage.
[Wed Aug 05 17:06:15 2026] A gust of wind tries to cleave an essence carrier, but misses!
[Wed Aug 05 17:06:15 2026] You bash an essence tamer for 36 points of damage.
[Wed Aug 05 17:06:15 2026] You claw an essence tamer for 136 points of damage. (Critical)
[Wed Aug 05 17:06:15 2026] You claw an essence tamer for 159 points of damage. (Critical)
[Wed Aug 05 17:06:15 2026] An essence carrier tries to bite YOU, but misses!
[Wed Aug 05 17:06:19 2026] You claw an essence tamer for 27 points of damage.
[Wed Aug 05 17:06:19 2026] You try to slash an essence tamer, but miss!
[Wed Aug 05 17:06:19 2026] An essence tamer bites YOU for 76 points of damage.
[Wed Aug 05 17:06:19 2026] An essence tamer bites YOU for 128 points of damage.
[Wed Aug 05 17:06:19 2026] An essence carrier tries to bite YOU, but YOU block!
[Wed Aug 05 17:06:19 2026] An essence carrier tries to bite YOU, but misses!
[Wed Aug 05 17:06:19 2026] An essence carrier kicks YOU for 26 points of damage.
[Wed Aug 05 17:06:19 2026] An essence carrier tries to kick YOU, but misses!
[Wed Aug 05 17:06:19 2026] A gust of wind tries to slash an essence tamer, but misses!
[Wed Aug 05 17:06:19 2026] A gust of wind crushes an essence tamer for 215 points of damage.
[Wed Aug 05 17:06:19 2026] A gust of wind tries to kick an essence tamer, but misses!
[Wed Aug 05 17:06:19 2026] A gust of wind kicks an essence tamer for 46 points of damage.
[Wed Aug 05 17:06:19 2026] You try to strike an essence tamer, but an essence tamer parries!
[Wed Aug 05 17:06:19 2026] You strike an essence tamer for 6 points of damage.
[Wed Aug 05 17:06:19 2026] You try to strike an essence carrier, but miss!
[Wed Aug 05 17:06:19 2026] You try to kick an essence tamer, but miss!
[Wed Aug 05 17:06:19 2026] You kick an essence tamer for 41 points of damage.
[Wed Aug 05 17:06:19 2026] You smite an essence tamer for 1 point of damage.
[Wed Aug 05 17:06:19 2026] You hit an essence tamer for 259 points of magic damage by Smiting Strike.
[Wed Aug 05 17:06:19 2026] An essence tamer staggers.
[Wed Aug 05 17:06:19 2026] You smite an essence tamer for 24 points of damage.
[Wed Aug 05 17:06:19 2026] You hit an essence tamer for 259 points of magic damage by Smiting Strike.
[Wed Aug 05 17:06:19 2026] An essence tamer staggers.
[Wed Aug 05 17:06:21 2026] You try to claw an essence tamer, but miss!
[Wed Aug 05 17:06:21 2026] You hit an essence tamer for 31 points of magic damage by Lifetap Strike.
[Wed Aug 05 17:06:21 2026] An essence tamer staggers.
[Wed Aug 05 17:06:21 2026] You healed Primitive for 32 hit points by Lifetap Strike.
[Wed Aug 05 17:06:21 2026] You try to slash an essence tamer, but miss!
[Wed Aug 05 17:06:21 2026] You slash an essence tamer for 50 points of damage.
[Wed Aug 05 17:06:21 2026] An essence tamer bites YOU for 89 points of damage.
[Wed Aug 05 17:06:21 2026] An essence tamer tries to bite YOU, but YOU dodge!
[Wed Aug 05 17:06:21 2026] An essence carrier cleaves YOU for 31 points of damage.
[Wed Aug 05 17:06:21 2026] An essence carrier cleaves YOU for 115 points of damage.
[Wed Aug 05 17:06:21 2026] A gust of wind slashes an essence tamer for 55 points of damage.
[Wed Aug 05 17:06:21 2026] A gust of wind slashes an essence tamer for 85 points of damage.
[Wed Aug 05 17:06:21 2026] A gust of wind crushes an essence tamer for 115 points of damage.
[Wed Aug 05 17:06:21 2026] A gust of wind crushes an essence tamer for 235 points of damage.
[Wed Aug 05 17:06:21 2026] A gust of wind bashes an essence tamer for 46 points of damage.
[Wed Aug 05 17:06:21 2026] You try to bash an essence tamer, but miss!
[Wed Aug 05 17:06:21 2026] You try to bash an essence tamer, but miss!
[Wed Aug 05 17:06:25 2026] You claw an essence tamer for 77 points of damage.
[Wed Aug 05 17:06:25 2026] You try to claw an essence tamer, but miss!
[Wed Aug 05 17:06:25 2026] You try to slash an essence tamer, but an essence tamer parries!
[Wed Aug 05 17:06:25 2026] An essence tamer bites YOU for 69 points of damage.
[Wed Aug 05 17:06:25 2026] An essence tamer bites YOU for 69 points of damage.
[Wed Aug 05 17:06:25 2026] An essence tamer cleaves YOU for 50 points of damage.
[Wed Aug 05 17:06:25 2026] An essence tamer tries to kick YOU, but misses!
[Wed Aug 05 17:06:25 2026] An essence carrier tries to bite YOU, but misses!
[Wed Aug 05 17:06:25 2026] An essence carrier tries to bite YOU, but misses!
[Wed Aug 05 17:06:25 2026] An essence carrier tries to bash YOU, but misses!
[Wed Aug 05 17:06:25 2026] A gust of wind slashes an essence tamer for 55 points of damage.
[Wed Aug 05 17:06:25 2026] A gust of wind slashes an essence tamer for 235 points of damage.
[Wed Aug 05 17:06:25 2026] A gust of wind crushes an essence tamer for 245 points of damage.
[Wed Aug 05 17:06:25 2026] A gust of wind cleaves an essence tamer for 65 points of damage.
[Wed Aug 05 17:06:25 2026] A gust of wind cleaves an essence tamer for 155 points of damage.
[Wed Aug 05 17:06:25 2026] A gust of wind cleaves an essence carrier for 65 points of damage.
[Wed Aug 05 17:06:26 2026] You kick an essence tamer for 31 points of damage.
[Wed Aug 05 17:06:26 2026] You try to strike an essence tamer, but miss!
[Wed Aug 05 17:06:26 2026] You strike an essence carrier for 30 points of damage.
[Wed Aug 05 17:06:35 2026] You claw an essence tamer for 30 points of damage.
[Wed Aug 05 17:06:35 2026] You gain experience!
[Wed Aug 05 17:06:35 2026] You have slain an essence tamer!
[Wed Aug 05 17:06:35 2026] An essence carrier tries to bite YOU, but misses!
[Wed Aug 05 17:06:35 2026] An essence carrier cleaves YOU for 145 points of damage.
[Wed Aug 05 17:06:35 2026] An essence carrier bashes YOU for 26 points of damage.
[Wed Aug 05 17:06:35 2026] An essence carrier tries to bash YOU, but YOU block!
[Wed Aug 05 17:06:35 2026] A gust of wind slashes an essence carrier for 245 points of damage.
[Wed Aug 05 17:06:35 2026] A gust of wind tries to crush an essence carrier, but misses!
[Wed Aug 05 17:06:35 2026] A gust of wind cleaves an essence carrier for 225 points of damage.
[Wed Aug 05 17:06:35 2026] A gust of wind tries to kick an essence carrier, but misses!
[Wed Aug 05 17:06:42 2026] An essence carrier tries to bite YOU, but YOU block!
[Wed Aug 05 17:06:42 2026] A gust of wind slashes an essence carrier for 225 points of damage.
[Wed Aug 05 17:06:42 2026] A gust of wind slashes an essence carrier for 245 points of damage.
[Wed Aug 05 17:06:42 2026] A gust of wind crushes an essence carrier for 55 points of damage.
[Wed Aug 05 17:06:42 2026] A gust of wind crushes an essence carrier for 195 points of damage.
[Wed Aug 05 17:06:42 2026] A gust of wind cleaves an essence carrier for 145 points of damage.
[Wed Aug 05 17:06:42 2026] A gust of wind bashes an essence carrier for 46 points of damage.
[Wed Aug 05 17:06:42 2026] A gust of wind tries to bash an essence carrier, but misses!
[Wed Aug 05 17:06:42 2026] You try to bash an essence carrier, but miss!
[Wed Aug 05 17:06:42 2026] You try to bash an essence carrier, but miss!
[Wed Aug 05 17:06:42 2026] You try to kick an essence carrier, but miss!
[Wed Aug 05 17:06:42 2026] You have improved Rapid Feign 2 at a cost of 6 ability points.
[Wed Aug 05 17:06:42 2026] You strike an essence carrier for 19 points of damage.
[Wed Aug 05 17:06:42 2026] You strike an essence carrier for 32 points of damage.
[Wed Aug 05 17:06:42 2026] You looted a Wind Rune Kala from an essence tamer's corpse and stored it in your currency
[Wed Aug 05 17:06:47 2026] You can't use that command right now...
[Wed Aug 05 17:06:47 2026] You can't use that command right now...
[Wed Aug 05 17:06:52 2026] You claw an essence carrier for 33 points of damage.
[Wed Aug 05 17:06:52 2026] You claw an essence carrier for 40 points of damage.
[Wed Aug 05 17:06:52 2026] You try to slash an essence carrier, but miss!
[Wed Aug 05 17:06:52 2026] An essence carrier tries to bite YOU, but YOU dodge!
[Wed Aug 05 17:06:52 2026] An essence carrier tries to bite YOU, but misses!
[Wed Aug 05 17:06:52 2026] An essence carrier cleaves YOU for 91 points of damage.
[Wed Aug 05 17:06:52 2026] An essence carrier tries to cleave YOU, but YOU block!
[Wed Aug 05 17:06:52 2026] An essence carrier tries to bash YOU, but misses!
[Wed Aug 05 17:06:52 2026] An essence carrier tries to bash YOU, but misses!
[Wed Aug 05 17:06:52 2026] A gust of wind slashes an essence carrier for 245 points of damage.
[Wed Aug 05 17:06:52 2026] A gust of wind crushes an essence carrier for 205 points of damage.
[Wed Aug 05 17:06:52 2026] A gust of wind tries to crush an essence carrier, but misses!
[Wed Aug 05 17:06:52 2026] A gust of wind cleaves an essence carrier for 245 points of damage.
[Wed Aug 05 17:06:52 2026] A gust of wind cleaves an essence carrier for 245 points of damage.
[Wed Aug 05 17:06:52 2026] A gust of wind tries to kick an essence carrier, but misses!
[Wed Aug 05 17:06:52 2026] A gust of wind tries to kick an essence carrier, but misses!
[Wed Aug 05 17:06:52 2026] You try to smite an essence carrier, but miss!
[Wed Aug 05 17:06:52 2026] You smite an essence carrier for 22 points of damage.
[Wed Aug 05 17:06:52 2026] You hit an essence carrier for 259 points of magic damage by Smiting Strike.
[Wed Aug 05 17:06:52 2026] An essence carrier staggers.
[Wed Aug 05 17:06:52 2026] You strike an essence carrier for 29 points of damage.
[Wed Aug 05 17:06:52 2026] You try to bash an essence carrier, but miss!
[Wed Aug 05 17:06:52 2026] You try to bash an essence carrier, but miss!
[Wed Aug 05 17:06:52 2026] You try to kick an essence carrier, but miss!
[Wed Aug 05 17:06:52 2026] You kick an essence carrier for 42 points of damage.
[Wed Aug 05 17:06:52 2026] Your Djarn's Amethyst Ring (Exaltation) shimmers briefly.
[Wed Aug 05 17:06:52 2026] You begin casting Shiftless Deeds IV.
[Wed Aug 05 17:07:04 2026] an essence carrier slows down.
[Wed Aug 05 17:07:04 2026] You slash an essence carrier for 61 points of damage.
[Wed Aug 05 17:07:04 2026] You try to slash an essence carrier, but miss!
[Wed Aug 05 17:07:04 2026] An essence carrier tries to bite YOU, but YOU block!
[Wed Aug 05 17:07:04 2026] An essence carrier cleaves YOU for 85 points of damage.
[Wed Aug 05 17:07:04 2026] An essence carrier tries to cleave YOU, but misses!
[Wed Aug 05 17:07:04 2026] An essence carrier tries to bash YOU, but misses!
[Wed Aug 05 17:07:04 2026] A gust of wind slashes an essence carrier for 245 points of damage.
[Wed Aug 05 17:07:04 2026] A gust of wind crushes an essence carrier for 125 points of damage.
[Wed Aug 05 17:07:04 2026] A gust of wind tries to crush an essence carrier, but an essence carrier dodges!
[Wed Aug 05 17:07:04 2026] A gust of wind tries to cleave an essence carrier, but misses!
[Wed Aug 05 17:07:04 2026] A gust of wind bashes an essence carrier for 46 points of damage.
[Wed Aug 05 17:07:04 2026] A gust of wind tries to bash an essence carrier, but misses!
[Wed Aug 05 17:07:33 2026] You claw an essence carrier for 2 points of damage.
[Wed Aug 05 17:07:33 2026] You claw an essence carrier for 159 points of damage. (Critical)
[Wed Aug 05 17:07:33 2026] You try to slash an essence carrier, but miss!
[Wed Aug 05 17:07:33 2026] You try to slash an essence carrier, but miss!
[Wed Aug 05 17:07:33 2026] An essence carrier tries to bite YOU, but misses!
[Wed Aug 05 17:07:33 2026] An essence carrier tries to cleave YOU, but misses!
[Wed Aug 05 17:07:33 2026] An essence carrier tries to kick YOU, but misses!
[Wed Aug 05 17:07:33 2026] An essence carrier tries to kick YOU, but misses!
[Wed Aug 05 17:07:33 2026] A gust of wind slashes an essence carrier for 165 points of damage.
[Wed Aug 05 17:07:33 2026] A gust of wind slashes an essence carrier for 115 points of damage.
[Wed Aug 05 17:07:33 2026] A gust of wind cleaves an essence carrier for 225 points of damage.
[Wed Aug 05 17:07:33 2026] A gust of wind tries to bash an essence carrier, but misses!
[Wed Aug 05 17:07:34 2026] You try to bash an essence carrier, but miss!
[Wed Aug 05 17:07:34 2026] You bash an essence carrier for 73 points of damage. (Critical)
[Wed Aug 05 17:07:34 2026] You smite an essence carrier for 18 points of damage.
[Wed Aug 05 17:07:34 2026] You hit an essence carrier for 259 points of magic damage by Smiting Strike.
[Wed Aug 05 17:07:34 2026] An essence carrier staggers.
[Wed Aug 05 17:07:34 2026] You kick an essence carrier for 76 points of damage.
[Wed Aug 05 17:07:34 2026] You try to strike an essence carrier, but miss!
[Wed Aug 05 17:07:34 2026] You try to strike an essence carrier, but miss!
[Wed Aug 05 17:07:34 2026] An essence carrier bashes YOU for 26 points of damage.
[Wed Aug 05 17:07:34 2026] An essence carrier bashes YOU for 26 points of damage.
[Wed Aug 05 17:07:35 2026] A gust of wind tries to slash an essence carrier, but an essence carrier dodges!
[Wed Aug 05 17:07:35 2026] A gust of wind tries to crush an essence carrier, but misses!
[Wed Aug 05 17:07:35 2026] A gust of wind crushes an essence carrier for 85 points of damage.
[Wed Aug 05 17:07:35 2026] A gust of wind kicks an essence carrier for 69 points of damage.
[Wed Aug 05 17:07:35 2026] A gust of wind tries to kick an essence carrier, but misses!
[Wed Aug 05 17:07:35 2026] You try to slash an essence carrier, but miss!
[Wed Aug 05 17:07:35 2026] You claw an essence carrier for 63 points of damage.
[Wed Aug 05 17:07:40 2026] You try to claw an essence carrier, but miss!
[Wed Aug 05 17:07:40 2026] You try to claw an essence carrier, but an essence carrier dodges!
[Wed Aug 05 17:07:40 2026] You try to slash an essence carrier, but miss!
[Wed Aug 05 17:07:40 2026] You try to slash an essence carrier, but miss!
[Wed Aug 05 17:07:40 2026] An essence carrier tries to bite YOU, but misses!
[Wed Aug 05 17:07:40 2026] An essence carrier bites YOU for 121 points of damage.
[Wed Aug 05 17:07:40 2026] A gust of wind slashes an essence carrier for 175 points of damage.
[Wed Aug 05 17:07:40 2026] A gust of wind slashes an essence carrier for 185 points of damage.
[Wed Aug 05 17:07:40 2026] A gust of wind crushes an essence carrier for 185 points of damage.
[Wed Aug 05 17:07:40 2026] A gust of wind tries to crush an essence carrier, but an essence carrier parries!
[Wed Aug 05 17:07:40 2026] A gust of wind tries to cleave an essence carrier, but an essence carrier dodges!
[Wed Aug 05 17:07:40 2026] A gust of wind tries to cleave an essence carrier, but misses!
[Wed Aug 05 17:07:40 2026] A gust of wind tries to bash an essence carrier, but misses!
[Wed Aug 05 17:07:41 2026] You try to strike an essence carrier, but miss!
[Wed Aug 05 17:07:41 2026] You try to strike an essence carrier, but miss!
[Wed Aug 05 17:07:41 2026] You bash an essence carrier for 90 points of damage. (Critical)
[Wed Aug 05 17:07:41 2026] You kick an essence carrier for 59 points of damage.
[Wed Aug 05 17:07:41 2026] You kick an essence carrier for 75 points of damage.
[Wed Aug 05 17:07:45 2026] You try to claw an essence carrier, but miss!
[Wed Aug 05 17:07:45 2026] You slash an essence carrier for 82 points of damage.
[Wed Aug 05 17:07:45 2026] You slash an essence carrier for 146 points of damage.
[Wed Aug 05 17:07:45 2026] An essence carrier bites YOU for 133 points of damage.
[Wed Aug 05 17:07:45 2026] A gust of wind tries to slash an essence carrier, but misses!
[Wed Aug 05 17:07:45 2026] A gust of wind slashes an essence carrier for 145 points of damage.
[Wed Aug 05 17:07:45 2026] A gust of wind tries to crush an essence carrier, but misses!
[Wed Aug 05 17:07:45 2026] A gust of wind bashes an essence carrier for 46 points of damage.
[Wed Aug 05 17:07:45 2026] A gust of wind tries to bash an essence carrier, but an essence carrier parries!
[Wed Aug 05 17:07:45 2026] You try to smite an essence carrier, but miss!
[Wed Aug 05 17:07:45 2026] You kick an essence carrier for 122 points of damage.
[Wed Aug 05 17:07:45 2026] You try to kick an essence carrier, but miss!
[Wed Aug 05 17:07:45 2026] You try to kick an essence carrier, but miss!
[Wed Aug 05 17:07:45 2026] You strike an essence carrier for 4 points of damage.
[Wed Aug 05 17:07:45 2026] You try to strike an essence carrier, but miss!
[Wed Aug 05 17:07:45 2026] You try to bash an essence carrier, but miss!
[Wed Aug 05 17:07:45 2026] You try to bash an essence carrier, but miss!
[Wed Aug 05 17:07:50 2026] You claw an essence carrier for 24 points of damage.
[Wed Aug 05 17:07:50 2026] You claw an essence carrier for 125 points of damage. (Critical)
[Wed Aug 05 17:07:50 2026] You slash an essence carrier for 30 points of damage.
[Wed Aug 05 17:07:50 2026] An essence carrier tries to bite YOU, but YOU dodge!
[Wed Aug 05 17:07:50 2026] A gust of wind tries to slash an essence carrier, but misses!
[Wed Aug 05 17:07:50 2026] A gust of wind tries to slash an essence carrier, but an essence carrier dodges!
[Wed Aug 05 17:07:50 2026] A gust of wind cleaves an essence carrier for 95 points of damage.
[Wed Aug 05 17:07:50 2026] A gust of wind tries to bash an essence carrier, but misses!
[Wed Aug 05 17:07:50 2026] A gust of wind tries to bash an essence carrier, but misses!
[Wed Aug 05 17:07:50 2026] You try to strike an essence carrier, but miss!
[Wed Aug 05 17:07:50 2026] You try to strike an essence carrier, but miss!
[Wed Aug 05 17:07:50 2026] You bash an essence carrier for 35 points of damage.
[Wed Aug 05 17:07:50 2026] You try to bash an essence carrier, but miss!
[Wed Aug 05 17:07:53 2026] You try to claw an essence carrier, but miss!
[Wed Aug 05 17:07:53 2026] You claw an essence carrier for 6 points of damage.
[Wed Aug 05 17:07:53 2026] You slash an essence carrier for 72 points of damage.
[Wed Aug 05 17:07:53 2026] You slash an essence carrier for 53 points of damage.
[Wed Aug 05 17:07:53 2026] An essence carrier bites YOU for 14 points of damage. (Riposte)
[Wed Aug 05 17:07:53 2026] An essence carrier kicks YOU for 26 points of damage.
[Wed Aug 05 17:07:53 2026] A gust of wind slashes an essence carrier for 135 points of damage.
[Wed Aug 05 17:07:53 2026] A gust of wind tries to slash an essence carrier, but an essence carrier parries!
[Wed Aug 05 17:07:53 2026] A gust of wind crushes an essence carrier for 75 points of damage.
[Wed Aug 05 17:07:53 2026] A gust of wind tries to kick an essence carrier, but misses!
[Wed Aug 05 17:07:53 2026] A gust of wind tries to kick an essence carrier, but misses!
[Wed Aug 05 17:07:53 2026] You try to kick an essence carrier, but miss!
[Wed Aug 05 17:07:54 2026] An essence carrier tries to bash YOU, but misses!
[Wed Aug 05 17:07:54 2026] An essence carrier tries to bash YOU, but YOU riposte!
[Wed Aug 05 17:07:54 2026] You slash an essence carrier for 50 points of damage. (Riposte)
[Wed Aug 05 17:07:54 2026] You try to smite an essence carrier, but miss!
[Wed Aug 05 17:07:54 2026] You try to smite an essence carrier, but miss!
[Wed Aug 05 17:07:54 2026] You try to strike an essence carrier, but miss!
[Wed Aug 05 17:07:54 2026] An essence carrier tries to bite YOU, but misses!
[Wed Aug 05 17:07:54 2026] An essence carrier bites YOU for 85 points of damage.
[Wed Aug 05 17:07:55 2026] A gust of wind slashes an essence carrier for 185 points of damage.
[Wed Aug 05 17:07:55 2026] A gust of wind slashes an essence carrier for 55 points of damage.
[Wed Aug 05 17:07:55 2026] A gust of wind tries to crush an essence carrier, but misses!
[Wed Aug 05 17:07:55 2026] A gust of wind crushes an essence carrier for 175 points of damage.
[Wed Aug 05 17:07:56 2026] You try to claw an essence carrier, but miss!
[Wed Aug 05 17:07:56 2026] You claw an essence carrier for 34 points of damage.
[Wed Aug 05 17:07:56 2026] You try to slash an essence carrier, but miss!
[Wed Aug 05 17:07:56 2026] A gust of wind slashes an essence carrier for 65 points of damage.
[Wed Aug 05 17:07:56 2026] A gust of wind slashes an essence carrier for 85 points of damage.
[Wed Aug 05 17:07:56 2026] A gust of wind tries to bash an essence carrier, but misses!
[Wed Aug 05 17:07:56 2026] A gust of wind bashes an essence carrier for 46 points of damage.
[Wed Aug 05 17:07:56 2026] You bash an essence carrier for 26 points of damage.
[Wed Aug 05 17:07:56 2026] You slash an essence carrier for 228 points of damage. (Critical)
[Wed Aug 05 17:07:56 2026] You slash an essence carrier for 115 points of damage. (Critical)
[Wed Aug 05 17:07:56 2026] You slash an essence carrier for 103 points of damage.
[Wed Aug 05 17:07:57 2026] You try to claw an essence carrier, but miss!
[Wed Aug 05 17:07:57 2026] You claw an essence carrier for 26 points of damage.
[Wed Aug 05 17:07:57 2026] A gust of wind tries to slash an essence carrier, but misses!
[Wed Aug 05 17:07:57 2026] A gust of wind tries to crush an essence carrier, but misses!
[Wed Aug 05 17:07:57 2026] A gust of wind crushes an essence carrier for 205 points of damage.
[Wed Aug 05 17:07:57 2026] A gust of wind cleaves an essence carrier for 155 points of damage.
[Wed Aug 05 17:07:57 2026] You strike an essence carrier for 4 points of damage.
[Wed Aug 05 17:07:58 2026] You hit an essence carrier for 31 points of magic damage by Lifetap Strike.
[Wed Aug 05 17:07:58 2026] An essence carrier staggers.
[Wed Aug 05 17:07:58 2026] You healed Primitive for 32 hit points by Lifetap Strike.
[Wed Aug 05 17:07:58 2026] You try to slash an essence carrier, but miss!
[Wed Aug 05 17:07:58 2026] You slash an essence carrier for 17 points of damage.
[Wed Aug 05 17:07:58 2026] You try to slash an essence carrier, but miss!
[Wed Aug 05 17:07:58 2026] A gust of wind slashes an essence carrier for 55 points of damage.
[Wed Aug 05 17:07:58 2026] A gust of wind slashes an essence carrier for 155 points of damage.
[Wed Aug 05 17:07:58 2026] A gust of wind tries to kick an essence carrier, but misses!
[Wed Aug 05 17:07:58 2026] A gust of wind tries to kick an essence carrier, but an essence carrier parries!
[Wed Aug 05 17:07:58 2026] You claw an essence carrier for 53 points of damage.
[Wed Aug 05 17:07:58 2026] An essence carrier tries to bite YOU, but YOU block!
[Wed Aug 05 17:07:58 2026] You try to kick an essence carrier, but miss!
[Wed Aug 05 17:07:58 2026] An essence carrier tries to bite YOU, but misses!
[Wed Aug 05 17:07:58 2026] An essence carrier tries to bite YOU, but misses!
[Wed Aug 05 17:07:59 2026] A gust of wind tries to slash an essence carrier, but misses!
[Wed Aug 05 17:07:59 2026] A gust of wind tries to slash an essence carrier, but misses!
[Wed Aug 05 17:07:59 2026] A gust of wind crushes an essence carrier for 215 points of damage.
[Wed Aug 05 17:07:59 2026] A gust of wind crushes an essence carrier for 125 points of damage.
[Wed Aug 05 17:07:59 2026] You slash an essence carrier for 82 points of damage.
[Wed Aug 05 17:08:00 2026] You claw an essence carrier for 8 points of damage.
[Wed Aug 05 17:08:00 2026] You try to claw an essence carrier, but miss!
[Wed Aug 05 17:08:00 2026] A gust of wind slashes an essence carrier for 55 points of damage.
[Wed Aug 05 17:08:00 2026] A gust of wind slashes an essence carrier for 125 points of damage.
[Wed Aug 05 17:08:00 2026] A gust of wind tries to bash an essence carrier, but misses!
[Wed Aug 05 17:08:00 2026] An essence carrier tries to bite YOU, but misses! (Riposte)
[Wed Aug 05 17:08:00 2026] You claw an essence carrier for 61 points of damage.
[Wed Aug 05 17:08:00 2026] An essence carrier cleaves YOU for 31 points of damage.
[Wed Aug 05 17:08:01 2026] This spell only works on constructs or elementals.
[Wed Aug 05 17:08:01 2026] You try to slash an essence carrier, but miss!
[Wed Aug 05 17:08:01 2026] You slash an essence carrier for 72 points of damage.
[Wed Aug 05 17:08:01 2026] You strike an essence carrier for 2 points of damage.
[Wed Aug 05 17:08:01 2026] A gust of wind slashes an essence carrier for 245 points of damage.
[Wed Aug 05 17:08:01 2026] A gust of wind crushes an essence carrier for 175 points of damage.
[Wed Aug 05 17:08:01 2026] You claw an essence carrier for 40 points of damage.
[Wed Aug 05 17:08:01 2026] You begin casting Lay on Hands X.
[Wed Aug 05 17:08:01 2026] You feel a healing touch.
[Wed Aug 05 17:08:01 2026] You healed Primitive for 3001 (17226) hit points by Lay on Hands X.
[Wed Aug 05 17:08:01 2026] You have become better at Tiger Claw! (218)
[Wed Aug 05 17:08:02 2026] You try to slash an essence carrier, but miss!
[Wed Aug 05 17:08:02 2026] You try to slash an essence carrier, but an essence carrier parries!
[Wed Aug 05 17:08:02 2026] A gust of wind tries to slash an essence carrier, but misses!
[Wed Aug 05 17:08:02 2026] A gust of wind crushes an essence carrier for 55 points of damage.
[Wed Aug 05 17:08:02 2026] A gust of wind tries to crush an essence carrier, but misses!
[Wed Aug 05 17:08:02 2026] A gust of wind tries to kick an essence carrier, but misses!
[Wed Aug 05 17:08:02 2026] A gust of wind tries to kick an essence carrier, but misses!
[Wed Aug 05 17:08:02 2026] You smite an essence carrier for 19 points of damage.
[Wed Aug 05 17:08:02 2026] You hit an essence carrier for 259 points of magic damage by Smiting Strike.
[Wed Aug 05 17:08:02 2026] An essence carrier staggers.
[Wed Aug 05 17:08:02 2026] You smite an essence carrier for 39 points of damage.
[Wed Aug 05 17:08:02 2026] You hit an essence carrier for 259 points of magic damage by Smiting Strike.
[Wed Aug 05 17:08:02 2026] An essence carrier staggers.
[Wed Aug 05 17:08:02 2026] An essence carrier tries to bite YOU, but misses!
[Wed Aug 05 17:08:02 2026] An essence carrier tries to bite YOU, but YOU parry!
[Wed Aug 05 17:08:02 2026] You try to claw an essence carrier, but miss!
[Wed Aug 05 17:08:02 2026] You claw an essence carrier for 40 points of damage.
[Wed Aug 05 17:08:03 2026] You try to kick an essence carrier, but an essence carrier dodges!
[Wed Aug 05 17:08:03 2026] A gust of wind slashes an essence carrier for 155 points of damage.
[Wed Aug 05 17:08:03 2026] You try to slash an essence carrier, but miss!
[Wed Aug 05 17:08:03 2026] You slash an essence carrier for 47 points of damage.
[Wed Aug 05 17:08:03 2026] A gust of wind tries to cleave an essence carrier, but misses!
[Wed Aug 05 17:08:03 2026] A gust of wind cleaves an essence carrier for 28 points of damage.
[Wed Aug 05 17:08:03 2026] You gain experience!
[Wed Aug 05 17:08:03 2026] An essence carrier has been slain by a gust of wind!
[Wed Aug 05 17:08:03 2026] You looted a Belt of Iniquity from an essence carrier's corpse and sold it for free.
[Wed Aug 05 17:08:03 2026] You looted a Griffenne Blood from an essence carrier's corpse and sold it for 3 gold, 5 silver and 7 copper.
