[Tue Jul 28 13:55:42 2026] You have gained an ability point!  You now have 3 ability points.
[Tue Jul 28 13:56:10 2026] You are filled with the spirit of alternate adventure.
[Tue Jul 28 14:09:44 2026] You have gained a level! Welcome to level 7!
[Tue Jul 28 14:11:26 2026] [7 CLR/BER] Primitive (Froglok)  ZONE: West Commonlands (commons)  
[Tue Jul 28 14:14:48 2026] [7 PAL/ENC] Primitive (Froglok)  ZONE: West Commonlands (commons)  
[Tue Jul 28 14:22:18 2026] You have gained 2 ability point(s)!  You now have 5 ability point(s).
[Tue Jul 28 14:23:06 2026] You have gained the ability "Slay Undead" at a cost of 3 ability points.
[Tue Jul 28 14:36:27 2026] You have gained a level! Welcome to level 8!
[Tue Jul 28 14:44:57 2026] You have gained 2 ability point(s)!  You now have 4 ability point(s).
[Tue Jul 28 14:45:26 2026] You have gained the ability "Healing Adept" at a cost of 2 ability points.
[Tue Jul 28 14:45:37 2026] You have gained the ability "Healing Gift" at a cost of 2 ability points.
[Tue Jul 28 14:59:23 2026] You have gained a level! Welcome to level 9!
[Tue Jul 28 15:05:45 2026] You have gained the ability "Banestrike" at a cost of 0 ability points.
[Tue Jul 28 15:06:23 2026] You have gained 2 ability point(s)!  You now have 2 ability point(s).
[Tue Jul 28 15:22:38 2026] You have gained a level! Welcome to level 10!
[Tue Jul 28 15:24:13 2026] You have gained 2 ability point(s)!  You now have 4 ability point(s).
[Tue Jul 28 15:41:44 2026] You have gained 2 ability point(s)!  You now have 6 ability point(s).
[Tue Jul 28 15:51:40 2026] You have improved Lay on Hands 3 at a cost of 0 ability points.
[Tue Jul 28 15:51:40 2026] You have gained a level! Welcome to level 11!
[Tue Jul 28 15:56:01 2026] You have improved Healing Adept 2 at a cost of 4 ability points.
[Tue Jul 28 15:56:55 2026] You have gained the ability "Companion's Discipline" at a cost of 2 ability points.
[Tue Jul 28 16:28:03 2026] You are filled with the spirit of alternate adventure.
[Tue Jul 28 16:32:12 2026] You have gained 2 ability point(s)!  You now have 2 ability point(s).
[Tue Jul 28 16:46:22 2026] You have gained a level! Welcome to level 11!
[Tue Jul 28 17:10:01 2026] You have gained the ability "Chaotic Stab" at a cost of 0 ability points.
[Tue Jul 28 17:10:01 2026] You have gained the ability "Innate Sneakiness" at a cost of 0 ability points.
[Tue Jul 28 17:25:15 2026] [10 PAL/ROG/ENC] Primitive (Froglok)  ZONE: The Ocean of Tears (oot)  
[Tue Jul 28 17:32:54 2026] You have gained 2 ability point(s)!  You now have 4 ability point(s).
[Tue Jul 28 17:34:06 2026] You have improved Healing Gift 2 at a cost of 4 ability points.
[Tue Jul 28 17:38:04 2026] You have gained the ability "Unbound Clarity" at a cost of 0 ability points.
[Tue Jul 28 17:38:04 2026] You have gained the ability "Unbound Alacrity" at a cost of 0 ability points.
[Tue Jul 28 17:38:04 2026] You have gained the ability "Unbound Life" at a cost of 0 ability points.
[Tue Jul 28 17:38:04 2026] You have gained a level! Welcome to level 12!
[Tue Jul 28 18:05:08 2026] You have gained a level! Welcome to level 13!
[Tue Jul 28 18:21:12 2026] You have gained 2 ability point(s)!  You now have 2 ability point(s).
[Tue Jul 28 18:45:39 2026] You have gained 2 ability point(s)!  You now have 4 ability point(s).
[Tue Jul 28 18:47:35 2026] You have gained a level! Welcome to level 14!
[Tue Jul 28 19:06:36 2026] You have gained 2 ability point(s)!  You now have 6 ability point(s).
[Tue Jul 28 19:10:29 2026] You have gained a level! Welcome to level 15!
[Tue Jul 28 19:34:48 2026] You have gained an ability point!  You now have 7 ability points.
[Tue Jul 28 19:35:05 2026] You have gained the ability "Mnemonic Retention" at a cost of 1 ability points.
[Tue Jul 28 19:35:05 2026] You have improved Mnemonic Retention 2 at a cost of 1 ability point.
[Tue Jul 28 19:35:05 2026] You have improved Mnemonic Retention 3 at a cost of 2 ability points.
[Tue Jul 28 19:35:05 2026] You have improved Mnemonic Retention 4 at a cost of 2 ability points.
